1783784391.4363902 [INFO] [launch]: All log files can be found below /home/sweepi/.ros/log/2026-07-11-21-09-51-434429-sweepi-13352
1783784391.4366300 [INFO] [launch]: Default logging verbosity is set to INFO
1783784393.0228310 [INFO] [component_container_isolated-1]: process started with pid [13389]
1783784393.0233402 [INFO] [coverage_tracker_node.py-2]: process started with pid [13390]
1783784393.0235422 [INFO] [coverage_planner_node.py-3]: process started with pid [13391]
1783784393.0236828 [INFO] [coverage_arm_follow_path_executor_node.py-4]: process started with pid [13392]
1783784393.0238194 [INFO] [coverage_manager_node.py-5]: process started with pid [13393]
1783784396.1933465 [INFO] [launch_ros.actions.load_composable_nodes]: Loaded node '/controller_server' in container '/nav2_container'
1783784396.2793119 [INFO] [launch_ros.actions.load_composable_nodes]: Loaded node '/map_server' in container '/nav2_container'
1783784396.3193929 [INFO] [launch_ros.actions.load_composable_nodes]: Loaded node '/amcl' in container '/nav2_container'
1783784396.4109242 [INFO] [launch_ros.actions.load_composable_nodes]: Loaded node '/smoother_server' in container '/nav2_container'
1783784396.4836693 [INFO] [launch_ros.actions.load_composable_nodes]: Loaded node '/lifecycle_manager_localization' in container '/nav2_container'
1783784396.8563685 [INFO] [launch_ros.actions.load_composable_nodes]: Loaded node '/planner_server' in container '/nav2_container'
1783784396.9883068 [INFO] [launch_ros.actions.load_composable_nodes]: Loaded node '/route_server' in container '/nav2_container'
1783784397.1117005 [INFO] [launch_ros.actions.load_composable_nodes]: Loaded node '/behavior_server' in container '/nav2_container'
1783784397.1959672 [INFO] [launch_ros.actions.load_composable_nodes]: Loaded node '/bt_navigator' in container '/nav2_container'
1783784397.3500206 [INFO] [launch_ros.actions.load_composable_nodes]: Loaded node '/waypoint_follower' in container '/nav2_container'
1783784397.4480767 [INFO] [launch_ros.actions.load_composable_nodes]: Loaded node '/velocity_smoother' in container '/nav2_container'
1783784397.5625520 [INFO] [launch_ros.actions.load_composable_nodes]: Loaded node '/collision_monitor' in container '/nav2_container'
1783784397.7089353 [INFO] [launch_ros.actions.load_composable_nodes]: Loaded node '/docking_server' in container '/nav2_container'
1783784397.8052135 [INFO] [launch_ros.actions.load_composable_nodes]: Loaded node '/lifecycle_manager_navigation' in container '/nav2_container'
1783784452.8614247 [WARNING] [launch]: user interrupted with ctrl-c (SIGINT)
1783784453.9700363 [INFO] [coverage_manager_node.py-5]: process has finished cleanly [pid 13393]
1783784453.9703982 [INFO] [coverage_tracker_node.py-2]: process has finished cleanly [pid 13390]
1783784453.9705479 [INFO] [coverage_planner_node.py-3]: process has finished cleanly [pid 13391]
1783784453.9706652 [INFO] [coverage_arm_follow_path_executor_node.py-4]: process has finished cleanly [pid 13392]
1783784453.9780812 [INFO] [component_container_isolated-1]: sending signal 'SIGINT' to process[component_container_isolated-1]
1783784456.9999881 [ERROR] [component_container_isolated-1]: process has died [pid 13389, exit code -6, cmd '/opt/ros/jazzy/lib/rclcpp_components/component_container_isolated --ros-args --log-level info --ros-args -r __node:=nav2_container --params-file /tmp/launch_params_046grszx --params-file /tmp/launch_params__x82nckn -r /tf:=tf -r /tf_static:=tf_static'].
