[0.026s] Invoking command in '/home/sweepi/SweePi/build_diagnostic/sllidar_ros2': CMAKE_PREFIX_PATH=${CMAKE_PREFIX_PATH}:/home/sweepi/SweePi/install/sweepi_temp_rpi_hardware:/home/sweepi/SweePi/install/sweepi_api_bridge:/home/sweepi/SweePi/install/sweepi_base_driver:/opt/ros/jazzy /usr/bin/cmake /home/sweepi/SweePi/src/sllidar_ros2 -DAMENT_CMAKE_SYMLINK_INSTALL=1 -DCMAKE_INSTALL_PREFIX=/home/sweepi/SweePi/install_diagnostic/sllidar_ros2
[0.645s] -- The C compiler identification is GNU 13.3.0
[1.188s] -- The CXX compiler identification is GNU 13.3.0
[1.234s] -- Detecting C compiler ABI info
[1.509s] -- Detecting C compiler ABI info - done
[1.526s] -- Check for working C compiler: /usr/bin/cc - skipped
[1.531s] -- Detecting C compile features
[1.535s] -- Detecting C compile features - done
[1.554s] -- Detecting CXX compiler ABI info
[1.888s] -- Detecting CXX compiler ABI info - done
[1.918s] -- Check for working CXX compiler: /usr/bin/c++ - skipped
[1.921s] -- Detecting CXX compile features
[1.921s] -- Detecting CXX compile features - done
[1.931s] -- Found ament_cmake: 2.5.6 (/opt/ros/jazzy/share/ament_cmake/cmake)
[2.369s] -- Found Python3: /usr/bin/python3 (found version "3.12.3") found components: Interpreter 
[2.660s] -- Override CMake install command with custom implementation using symlinks instead of copying resources
[2.850s] -- Found rclcpp: 28.1.21 (/opt/ros/jazzy/share/rclcpp/cmake)
[3.022s] -- Found rosidl_generator_c: 4.6.9 (/opt/ros/jazzy/share/rosidl_generator_c/cmake)
[3.106s] -- Found rosidl_generator_cpp: 4.6.9 (/opt/ros/jazzy/share/rosidl_generator_cpp/cmake)
[3.178s] -- Using all available rosidl_typesupport_c: rosidl_typesupport_fastrtps_c;rosidl_typesupport_introspection_c
[3.258s] -- Using all available rosidl_typesupport_cpp: rosidl_typesupport_fastrtps_cpp;rosidl_typesupport_introspection_cpp
[3.553s] -- Found rmw_implementation_cmake: 7.3.3 (/opt/ros/jazzy/share/rmw_implementation_cmake/cmake)
[3.569s] -- Found rmw_fastrtps_cpp: 8.4.4 (/opt/ros/jazzy/share/rmw_fastrtps_cpp/cmake)
[3.855s] -- Found OpenSSL: /usr/lib/aarch64-linux-gnu/libcrypto.so (found version "3.0.13")  
[3.901s] -- Found FastRTPS: /opt/ros/jazzy/include (Required is at least version "2.13") 
[3.970s] -- Using RMW implementation 'rmw_fastrtps_cpp' as default
[4.233s] -- Found sensor_msgs: 5.3.8 (/opt/ros/jazzy/share/sensor_msgs/cmake)
[4.437s] -- Found std_srvs: 5.3.8 (/opt/ros/jazzy/share/std_srvs/cmake)
[4.768s] -- Configuring done (4.6s)
[4.843s] -- Generating done (0.1s)
[4.864s] -- Build files have been written to: /home/sweepi/SweePi/build_diagnostic/sllidar_ros2
[4.901s] Invoked command in '/home/sweepi/SweePi/build_diagnostic/sllidar_ros2' returned '0': CMAKE_PREFIX_PATH=${CMAKE_PREFIX_PATH}:/home/sweepi/SweePi/install/sweepi_temp_rpi_hardware:/home/sweepi/SweePi/install/sweepi_api_bridge:/home/sweepi/SweePi/install/sweepi_base_driver:/opt/ros/jazzy /usr/bin/cmake /home/sweepi/SweePi/src/sllidar_ros2 -DAMENT_CMAKE_SYMLINK_INSTALL=1 -DCMAKE_INSTALL_PREFIX=/home/sweepi/SweePi/install_diagnostic/sllidar_ros2
[4.901s] Invoking command in '/home/sweepi/SweePi/build_diagnostic/sllidar_ros2': CMAKE_PREFIX_PATH=${CMAKE_PREFIX_PATH}:/home/sweepi/SweePi/install/sweepi_temp_rpi_hardware:/home/sweepi/SweePi/install/sweepi_api_bridge:/home/sweepi/SweePi/install/sweepi_base_driver:/opt/ros/jazzy /usr/bin/cmake --build /home/sweepi/SweePi/build_diagnostic/sllidar_ros2 -- -j4 -l4
[5.028s] [  5%] Building CXX object CMakeFiles/sllidar_node.dir/src/sllidar_node.cpp.o
[12.338s] In file included from /home/sweepi/SweePi/src/sllidar_ros2/./sdk/include/sl_lidar_cmd.h:41,
[12.339s]                  from /home/sweepi/SweePi/src/sllidar_ros2/./sdk/include/sl_lidar_driver.h:54,
[12.339s]                  from /home/sweepi/SweePi/src/sllidar_ros2/./sdk/include/sl_lidar.h:36,
[12.339s]                  from /home/sweepi/SweePi/src/sllidar_ros2/src/sllidar_node.cpp:38:
[12.341s] /home/sweepi/SweePi/src/sllidar_ros2/./sdk/include/sl_lidar_protocol.h:66:16: warning: ISO C++ forbids zero-size array ‘data’ [-Wpedantic]
[12.342s]    66 |     sl_u8 data[0];
[12.342s]       |                ^
[12.344s] /home/sweepi/SweePi/src/sllidar_ros2/./sdk/include/sl_lidar_cmd.h:324:20: warning: ISO C++ forbids zero-size array ‘payload’ [-Wpedantic]
[12.345s]   324 |     sl_u8  payload[0];
[12.345s]       |                    ^
[21.241s] [ 10%] Building CXX object CMakeFiles/sllidar_node.dir/sdk/src/arch/linux/net_socket.cpp.o
[21.920s] In file included from /home/sweepi/SweePi/src/sllidar_ros2/./sdk/include/rplidar_protocol.h:36,
[21.920s]                  from /home/sweepi/SweePi/src/sllidar_ros2/./sdk/include/rplidar.h:39,
[21.920s]                  from /home/sweepi/SweePi/src/sllidar_ros2/./sdk/src/sdkcommon.h:49,
[21.920s]                  from /home/sweepi/SweePi/src/sllidar_ros2/sdk/src/arch/linux/net_socket.cpp:10:
[21.920s] /home/sweepi/SweePi/src/sllidar_ros2/./sdk/include/sl_lidar_protocol.h:66:16: warning: ISO C++ forbids zero-size array ‘data’ [-Wpedantic]
[21.920s]    66 |     sl_u8 data[0];
[21.921s]       |                ^
[21.921s] In file included from /home/sweepi/SweePi/src/sllidar_ros2/./sdk/include/rplidar_cmd.h:36,
[21.922s]                  from /home/sweepi/SweePi/src/sllidar_ros2/./sdk/include/rplidar.h:40:
[21.922s] /home/sweepi/SweePi/src/sllidar_ros2/./sdk/include/sl_lidar_cmd.h:324:20: warning: ISO C++ forbids zero-size array ‘payload’ [-Wpedantic]
[21.922s]   324 |     sl_u8  payload[0];
[21.923s]       |                    ^
[21.979s] In file included from /home/sweepi/SweePi/src/sllidar_ros2/./sdk/src/arch/linux/arch_linux.h:42,
[21.979s]                  from /home/sweepi/SweePi/src/sllidar_ros2/./sdk/src/sdkcommon.h:41:
[21.980s] /home/sweepi/SweePi/src/sllidar_ros2/sdk/src/arch/linux/net_socket.cpp: In member function ‘virtual u_result rp::arch::net::DGramSocketImpl::sendTo(const rp::net::SocketAddress*, const void*, size_t)’:
[21.980s] /home/sweepi/SweePi/src/sllidar_ros2/sdk/src/arch/linux/net_socket.cpp:733:24: warning: comparison of integer expressions of different signedness: ‘int’ and ‘size_t’ {aka ‘long unsigned int’} [-Wsign-compare]
[21.980s]   733 |             assert(ans == len);
[21.980s]       |                    ~~~~^~~~~~
[22.233s] [ 15%] Building CXX object CMakeFiles/sllidar_node.dir/sdk/src/arch/linux/timer.cpp.o
[22.904s] [ 20%] Building CXX object CMakeFiles/sllidar_node.dir/sdk/src/dataunpacker/dataunpacker.cpp.o
[23.520s] In file included from /home/sweepi/SweePi/src/sllidar_ros2/./sdk/include/rplidar_protocol.h:36,
[23.520s]                  from /home/sweepi/SweePi/src/sllidar_ros2/./sdk/include/rplidar.h:39,
[23.520s]                  from /home/sweepi/SweePi/src/sllidar_ros2/./sdk/src/sdkcommon.h:49,
[23.520s]                  from /home/sweepi/SweePi/src/sllidar_ros2/sdk/src/dataunpacker/dataunnpacker_commondef.h:41,
[23.520s]                  from /home/sweepi/SweePi/src/sllidar_ros2/sdk/src/dataunpacker/dataunpacker.cpp:39:
[23.520s] /home/sweepi/SweePi/src/sllidar_ros2/./sdk/include/sl_lidar_protocol.h:66:16: warning: ISO C++ forbids zero-size array ‘data’ [-Wpedantic]
[23.520s]    66 |     sl_u8 data[0];
[23.520s]       |                ^
[23.522s] In file included from /home/sweepi/SweePi/src/sllidar_ros2/./sdk/include/rplidar_cmd.h:36,
[23.522s]                  from /home/sweepi/SweePi/src/sllidar_ros2/./sdk/include/rplidar.h:40:
[23.522s] /home/sweepi/SweePi/src/sllidar_ros2/./sdk/include/sl_lidar_cmd.h:324:20: warning: ISO C++ forbids zero-size array ‘payload’ [-Wpedantic]
[23.522s]   324 |     sl_u8  payload[0];
[23.522s]       |                    ^
[23.652s] In file included from /home/sweepi/SweePi/src/sllidar_ros2/sdk/src/dataunpacker/dataunpacker.cpp:40:
[23.653s] /home/sweepi/SweePi/src/sllidar_ros2/sdk/src/dataunpacker/dataunpacker.h: In member function ‘virtual void sl::internal::LIDARSampleDataListener::onCustomSampleDataDecoded(_u8, _u32, const void*, size_t)’:
[23.653s] /home/sweepi/SweePi/src/sllidar_ros2/sdk/src/dataunpacker/dataunpacker.h:54:52: warning: unused parameter ‘ansType’ [-Wunused-parameter]
[23.653s]    54 |         virtual void onCustomSampleDataDecoded(_u8 ansType, _u32 customCode, const void* data, size_t size) {}
[23.653s]       |                                                ~~~~^~~~~~~
[23.653s] /home/sweepi/SweePi/src/sllidar_ros2/sdk/src/dataunpacker/dataunpacker.h:54:66: warning: unused parameter ‘customCode’ [-Wunused-parameter]
[23.653s]    54 |         virtual void onCustomSampleDataDecoded(_u8 ansType, _u32 customCode, const void* data, size_t size) {}
[23.653s]       |                                                             ~~~~~^~~~~~~~~~
[23.653s] /home/sweepi/SweePi/src/sllidar_ros2/sdk/src/dataunpacker/dataunpacker.h:54:90: warning: unused parameter ‘data’ [-Wunused-parameter]
[23.654s]    54 |         virtual void onCustomSampleDataDecoded(_u8 ansType, _u32 customCode, const void* data, size_t size) {}
[23.654s]       |                                                                              ~~~~~~~~~~~~^~~~
[23.654s] /home/sweepi/SweePi/src/sllidar_ros2/sdk/src/dataunpacker/dataunpacker.h:54:103: warning: unused parameter ‘size’ [-Wunused-parameter]
[23.654s]    54 |         virtual void onCustomSampleDataDecoded(_u8 ansType, _u32 customCode, const void* data, size_t size) {}
[23.654s]       |                                                                                                ~~~~~~~^~~~
[23.654s] /home/sweepi/SweePi/src/sllidar_ros2/sdk/src/dataunpacker/dataunpacker.h: In member function ‘virtual void sl::internal::LIDARSampleDataListener::onDecodingError(int, _u8, const void*, size_t)’:
[23.654s] /home/sweepi/SweePi/src/sllidar_ros2/sdk/src/dataunpacker/dataunpacker.h:56:42: warning: unused parameter ‘errMsg’ [-Wunused-parameter]
[23.654s]    56 |         virtual void onDecodingError(int errMsg, _u8 ansType, const void* payload, size_t size) {}
[23.654s]       |                                      ~~~~^~~~~~
[23.654s] /home/sweepi/SweePi/src/sllidar_ros2/sdk/src/dataunpacker/dataunpacker.h:56:54: warning: unused parameter ‘ansType’ [-Wunused-parameter]
[23.654s]    56 |         virtual void onDecodingError(int errMsg, _u8 ansType, const void* payload, size_t size) {}
[23.655s]       |                                                  ~~~~^~~~~~~
[23.655s] /home/sweepi/SweePi/src/sllidar_ros2/sdk/src/dataunpacker/dataunpacker.h:56:75: warning: unused parameter ‘payload’ [-Wunused-parameter]
[23.655s]    56 |         virtual void onDecodingError(int errMsg, _u8 ansType, const void* payload, size_t size) {}
[23.655s]       |                                                               ~~~~~~~~~~~~^~~~~~~
[23.655s] /home/sweepi/SweePi/src/sllidar_ros2/sdk/src/dataunpacker/dataunpacker.h:56:91: warning: unused parameter ‘size’ [-Wunused-parameter]
[23.655s]    56 |         virtual void onDecodingError(int errMsg, _u8 ansType, const void* payload, size_t size) {}
[23.655s]       |                                                                                    ~~~~~~~^~~~
[24.007s] [ 25%] Building CXX object CMakeFiles/sllidar_node.dir/sdk/src/dataunpacker/unpacker/handler_capsules.cpp.o
[24.627s] In file included from /home/sweepi/SweePi/src/sllidar_ros2/./sdk/include/rplidar_protocol.h:36,
[24.627s]                  from /home/sweepi/SweePi/src/sllidar_ros2/./sdk/include/rplidar.h:39,
[24.627s]                  from /home/sweepi/SweePi/src/sllidar_ros2/./sdk/src/sdkcommon.h:49,
[24.627s]                  from /home/sweepi/SweePi/src/sllidar_ros2/sdk/src/dataunpacker/unpacker/../dataunnpacker_commondef.h:41,
[24.628s]                  from /home/sweepi/SweePi/src/sllidar_ros2/sdk/src/dataunpacker/unpacker/handler_capsules.cpp:39:
[24.628s] /home/sweepi/SweePi/src/sllidar_ros2/./sdk/include/sl_lidar_protocol.h:66:16: warning: ISO C++ forbids zero-size array ‘data’ [-Wpedantic]
[24.628s]    66 |     sl_u8 data[0];
[24.628s]       |                ^
[24.628s] In file included from /home/sweepi/SweePi/src/sllidar_ros2/./sdk/include/rplidar_cmd.h:36,
[24.629s]                  from /home/sweepi/SweePi/src/sllidar_ros2/./sdk/include/rplidar.h:40:
[24.629s] /home/sweepi/SweePi/src/sllidar_ros2/./sdk/include/sl_lidar_cmd.h:324:20: warning: ISO C++ forbids zero-size array ‘payload’ [-Wpedantic]
[24.629s]   324 |     sl_u8  payload[0];
[24.630s]       |                    ^
[24.761s] In file included from /home/sweepi/SweePi/src/sllidar_ros2/sdk/src/dataunpacker/unpacker/handler_capsules.cpp:40:
[24.761s] /home/sweepi/SweePi/src/sllidar_ros2/sdk/src/dataunpacker/unpacker/../dataunpacker.h: In member function ‘virtual void sl::internal::LIDARSampleDataListener::onCustomSampleDataDecoded(_u8, _u32, const void*, size_t)’:
[24.762s] /home/sweepi/SweePi/src/sllidar_ros2/sdk/src/dataunpacker/unpacker/../dataunpacker.h:54:52: warning: unused parameter ‘ansType’ [-Wunused-parameter]
[24.762s]    54 |         virtual void onCustomSampleDataDecoded(_u8 ansType, _u32 customCode, const void* data, size_t size) {}
[24.762s]       |                                                ~~~~^~~~~~~
[24.762s] /home/sweepi/SweePi/src/sllidar_ros2/sdk/src/dataunpacker/unpacker/../dataunpacker.h:54:66: warning: unused parameter ‘customCode’ [-Wunused-parameter]
[24.762s]    54 |         virtual void onCustomSampleDataDecoded(_u8 ansType, _u32 customCode, const void* data, size_t size) {}
[24.762s]       |                                                             ~~~~~^~~~~~~~~~
[24.763s] /home/sweepi/SweePi/src/sllidar_ros2/sdk/src/dataunpacker/unpacker/../dataunpacker.h:54:90: warning: unused parameter ‘data’ [-Wunused-parameter]
[24.763s]    54 |         virtual void onCustomSampleDataDecoded(_u8 ansType, _u32 customCode, const void* data, size_t size) {}
[24.763s]       |                                                                              ~~~~~~~~~~~~^~~~
[24.763s] /home/sweepi/SweePi/src/sllidar_ros2/sdk/src/dataunpacker/unpacker/../dataunpacker.h:54:103: warning: unused parameter ‘size’ [-Wunused-parameter]
[24.763s]    54 |         virtual void onCustomSampleDataDecoded(_u8 ansType, _u32 customCode, const void* data, size_t size) {}
[24.763s]       |                                                                                                ~~~~~~~^~~~
[24.763s] /home/sweepi/SweePi/src/sllidar_ros2/sdk/src/dataunpacker/unpacker/../dataunpacker.h: In member function ‘virtual void sl::internal::LIDARSampleDataListener::onDecodingError(int, _u8, const void*, size_t)’:
[24.763s] /home/sweepi/SweePi/src/sllidar_ros2/sdk/src/dataunpacker/unpacker/../dataunpacker.h:56:42: warning: unused parameter ‘errMsg’ [-Wunused-parameter]
[24.763s]    56 |         virtual void onDecodingError(int errMsg, _u8 ansType, const void* payload, size_t size) {}
[24.764s]       |                                      ~~~~^~~~~~
[24.764s] /home/sweepi/SweePi/src/sllidar_ros2/sdk/src/dataunpacker/unpacker/../dataunpacker.h:56:54: warning: unused parameter ‘ansType’ [-Wunused-parameter]
[24.764s]    56 |         virtual void onDecodingError(int errMsg, _u8 ansType, const void* payload, size_t size) {}
[24.764s]       |                                                  ~~~~^~~~~~~
[24.764s] /home/sweepi/SweePi/src/sllidar_ros2/sdk/src/dataunpacker/unpacker/../dataunpacker.h:56:75: warning: unused parameter ‘payload’ [-Wunused-parameter]
[24.764s]    56 |         virtual void onDecodingError(int errMsg, _u8 ansType, const void* payload, size_t size) {}
[24.765s]       |                                                               ~~~~~~~~~~~~^~~~~~~
[24.765s] /home/sweepi/SweePi/src/sllidar_ros2/sdk/src/dataunpacker/unpacker/../dataunpacker.h:56:91: warning: unused parameter ‘size’ [-Wunused-parameter]
[24.765s]    56 |         virtual void onDecodingError(int errMsg, _u8 ansType, const void* payload, size_t size) {}
[24.765s]       |                                                                                    ~~~~~~~^~~~
[24.777s] /home/sweepi/SweePi/src/sllidar_ros2/sdk/src/dataunpacker/unpacker/handler_capsules.cpp: In member function ‘void sl::internal::unpacker::UnpackerHandler_DenseCapsuleNode::_onScanNodeDenseCapsuleData(rplidar_response_dense_capsule_measurement_nodes_t&, sl::internal::LIDARSampleDataUnpackerInner*)’:
[24.778s] /home/sweepi/SweePi/src/sllidar_ros2/sdk/src/dataunpacker/unpacker/handler_capsules.cpp:763:30: warning: type qualifiers ignored on cast result type [-Wignored-qualifiers]
[24.778s]   763 |             const int dist = static_cast<const int>(_cached_previous_dense_capsuledata.cabins[pos].distance);
[24.778s]       |                              ^~~~~~~~~~~~~~~~~~~~~~~~~~~~~~~~~~~~~~~~~~~~~~~~~~~~~~~~~~~~~~~~~~~~~~~~~~~~~~~
[25.019s] [ 30%] Building CXX object CMakeFiles/sllidar_node.dir/sdk/src/dataunpacker/unpacker/handler_hqnode.cpp.o
[25.642s] In file included from /home/sweepi/SweePi/src/sllidar_ros2/./sdk/include/rplidar_protocol.h:36,
[25.642s]                  from /home/sweepi/SweePi/src/sllidar_ros2/./sdk/include/rplidar.h:39,
[25.642s]                  from /home/sweepi/SweePi/src/sllidar_ros2/./sdk/src/sdkcommon.h:49,
[25.642s]                  from /home/sweepi/SweePi/src/sllidar_ros2/sdk/src/dataunpacker/unpacker/../dataunnpacker_commondef.h:41,
[25.642s]                  from /home/sweepi/SweePi/src/sllidar_ros2/sdk/src/dataunpacker/unpacker/handler_hqnode.cpp:39:
[25.642s] /home/sweepi/SweePi/src/sllidar_ros2/./sdk/include/sl_lidar_protocol.h:66:16: warning: ISO C++ forbids zero-size array ‘data’ [-Wpedantic]
[25.642s]    66 |     sl_u8 data[0];
[25.642s]       |                ^
[25.643s] In file included from /home/sweepi/SweePi/src/sllidar_ros2/./sdk/include/rplidar_cmd.h:36,
[25.643s]                  from /home/sweepi/SweePi/src/sllidar_ros2/./sdk/include/rplidar.h:40:
[25.644s] /home/sweepi/SweePi/src/sllidar_ros2/./sdk/include/sl_lidar_cmd.h:324:20: warning: ISO C++ forbids zero-size array ‘payload’ [-Wpedantic]
[25.644s]   324 |     sl_u8  payload[0];
[25.644s]       |                    ^
[25.774s] In file included from /home/sweepi/SweePi/src/sllidar_ros2/sdk/src/dataunpacker/unpacker/handler_hqnode.cpp:40:
[25.775s] /home/sweepi/SweePi/src/sllidar_ros2/sdk/src/dataunpacker/unpacker/../dataunpacker.h: In member function ‘virtual void sl::internal::LIDARSampleDataListener::onCustomSampleDataDecoded(_u8, _u32, const void*, size_t)’:
[25.775s] /home/sweepi/SweePi/src/sllidar_ros2/sdk/src/dataunpacker/unpacker/../dataunpacker.h:54:52: warning: unused parameter ‘ansType’ [-Wunused-parameter]
[25.775s]    54 |         virtual void onCustomSampleDataDecoded(_u8 ansType, _u32 customCode, const void* data, size_t size) {}
[25.775s]       |                                                ~~~~^~~~~~~
[25.775s] /home/sweepi/SweePi/src/sllidar_ros2/sdk/src/dataunpacker/unpacker/../dataunpacker.h:54:66: warning: unused parameter ‘customCode’ [-Wunused-parameter]
[25.775s]    54 |         virtual void onCustomSampleDataDecoded(_u8 ansType, _u32 customCode, const void* data, size_t size) {}
[25.775s]       |                                                             ~~~~~^~~~~~~~~~
[25.775s] /home/sweepi/SweePi/src/sllidar_ros2/sdk/src/dataunpacker/unpacker/../dataunpacker.h:54:90: warning: unused parameter ‘data’ [-Wunused-parameter]
[25.775s]    54 |         virtual void onCustomSampleDataDecoded(_u8 ansType, _u32 customCode, const void* data, size_t size) {}
[25.775s]       |                                                                              ~~~~~~~~~~~~^~~~
[25.776s] /home/sweepi/SweePi/src/sllidar_ros2/sdk/src/dataunpacker/unpacker/../dataunpacker.h:54:103: warning: unused parameter ‘size’ [-Wunused-parameter]
[25.776s]    54 |         virtual void onCustomSampleDataDecoded(_u8 ansType, _u32 customCode, const void* data, size_t size) {}
[25.776s]       |                                                                                                ~~~~~~~^~~~
[25.776s] /home/sweepi/SweePi/src/sllidar_ros2/sdk/src/dataunpacker/unpacker/../dataunpacker.h: In member function ‘virtual void sl::internal::LIDARSampleDataListener::onDecodingError(int, _u8, const void*, size_t)’:
[25.776s] /home/sweepi/SweePi/src/sllidar_ros2/sdk/src/dataunpacker/unpacker/../dataunpacker.h:56:42: warning: unused parameter ‘errMsg’ [-Wunused-parameter]
[25.776s]    56 |         virtual void onDecodingError(int errMsg, _u8 ansType, const void* payload, size_t size) {}
[25.776s]       |                                      ~~~~^~~~~~
[25.776s] /home/sweepi/SweePi/src/sllidar_ros2/sdk/src/dataunpacker/unpacker/../dataunpacker.h:56:54: warning: unused parameter ‘ansType’ [-Wunused-parameter]
[25.776s]    56 |         virtual void onDecodingError(int errMsg, _u8 ansType, const void* payload, size_t size) {}
[25.776s]       |                                                  ~~~~^~~~~~~
[25.776s] /home/sweepi/SweePi/src/sllidar_ros2/sdk/src/dataunpacker/unpacker/../dataunpacker.h:56:75: warning: unused parameter ‘payload’ [-Wunused-parameter]
[25.776s]    56 |         virtual void onDecodingError(int errMsg, _u8 ansType, const void* payload, size_t size) {}
[25.777s]       |                                                               ~~~~~~~~~~~~^~~~~~~
[25.777s] /home/sweepi/SweePi/src/sllidar_ros2/sdk/src/dataunpacker/unpacker/../dataunpacker.h:56:91: warning: unused parameter ‘size’ [-Wunused-parameter]
[25.777s]    56 |         virtual void onDecodingError(int errMsg, _u8 ansType, const void* payload, size_t size) {}
[25.777s]       |                                                                                    ~~~~~~~^~~~
[25.972s] [ 35%] Building CXX object CMakeFiles/sllidar_node.dir/sdk/src/dataunpacker/unpacker/handler_normalnode.cpp.o
[26.641s] In file included from /home/sweepi/SweePi/src/sllidar_ros2/./sdk/include/rplidar_protocol.h:36,
[26.641s]                  from /home/sweepi/SweePi/src/sllidar_ros2/./sdk/include/rplidar.h:39,
[26.641s]                  from /home/sweepi/SweePi/src/sllidar_ros2/./sdk/src/sdkcommon.h:49,
[26.641s]                  from /home/sweepi/SweePi/src/sllidar_ros2/sdk/src/dataunpacker/unpacker/../dataunnpacker_commondef.h:41,
[26.641s]                  from /home/sweepi/SweePi/src/sllidar_ros2/sdk/src/dataunpacker/unpacker/handler_normalnode.cpp:39:
[26.641s] /home/sweepi/SweePi/src/sllidar_ros2/./sdk/include/sl_lidar_protocol.h:66:16: warning: ISO C++ forbids zero-size array ‘data’ [-Wpedantic]
[26.642s]    66 |     sl_u8 data[0];
[26.642s]       |                ^
[26.644s] In file included from /home/sweepi/SweePi/src/sllidar_ros2/./sdk/include/rplidar_cmd.h:36,
[26.644s]                  from /home/sweepi/SweePi/src/sllidar_ros2/./sdk/include/rplidar.h:40:
[26.644s] /home/sweepi/SweePi/src/sllidar_ros2/./sdk/include/sl_lidar_cmd.h:324:20: warning: ISO C++ forbids zero-size array ‘payload’ [-Wpedantic]
[26.644s]   324 |     sl_u8  payload[0];
[26.644s]       |                    ^
[26.779s] In file included from /home/sweepi/SweePi/src/sllidar_ros2/sdk/src/dataunpacker/unpacker/handler_normalnode.cpp:40:
[26.780s] /home/sweepi/SweePi/src/sllidar_ros2/sdk/src/dataunpacker/unpacker/../dataunpacker.h: In member function ‘virtual void sl::internal::LIDARSampleDataListener::onCustomSampleDataDecoded(_u8, _u32, const void*, size_t)’:
[26.780s] /home/sweepi/SweePi/src/sllidar_ros2/sdk/src/dataunpacker/unpacker/../dataunpacker.h:54:52: warning: unused parameter ‘ansType’ [-Wunused-parameter]
[26.780s]    54 |         virtual void onCustomSampleDataDecoded(_u8 ansType, _u32 customCode, const void* data, size_t size) {}
[26.780s]       |                                                ~~~~^~~~~~~
[26.780s] /home/sweepi/SweePi/src/sllidar_ros2/sdk/src/dataunpacker/unpacker/../dataunpacker.h:54:66: warning: unused parameter ‘customCode’ [-Wunused-parameter]
[26.781s]    54 |         virtual void onCustomSampleDataDecoded(_u8 ansType, _u32 customCode, const void* data, size_t size) {}
[26.781s]       |                                                             ~~~~~^~~~~~~~~~
[26.781s] /home/sweepi/SweePi/src/sllidar_ros2/sdk/src/dataunpacker/unpacker/../dataunpacker.h:54:90: warning: unused parameter ‘data’ [-Wunused-parameter]
[26.781s]    54 |         virtual void onCustomSampleDataDecoded(_u8 ansType, _u32 customCode, const void* data, size_t size) {}
[26.781s]       |                                                                              ~~~~~~~~~~~~^~~~
[26.781s] /home/sweepi/SweePi/src/sllidar_ros2/sdk/src/dataunpacker/unpacker/../dataunpacker.h:54:103: warning: unused parameter ‘size’ [-Wunused-parameter]
[26.781s]    54 |         virtual void onCustomSampleDataDecoded(_u8 ansType, _u32 customCode, const void* data, size_t size) {}
[26.781s]       |                                                                                                ~~~~~~~^~~~
[26.781s] /home/sweepi/SweePi/src/sllidar_ros2/sdk/src/dataunpacker/unpacker/../dataunpacker.h: In member function ‘virtual void sl::internal::LIDARSampleDataListener::onDecodingError(int, _u8, const void*, size_t)’:
[26.781s] /home/sweepi/SweePi/src/sllidar_ros2/sdk/src/dataunpacker/unpacker/../dataunpacker.h:56:42: warning: unused parameter ‘errMsg’ [-Wunused-parameter]
[26.781s]    56 |         virtual void onDecodingError(int errMsg, _u8 ansType, const void* payload, size_t size) {}
[26.782s]       |                                      ~~~~^~~~~~
[26.782s] /home/sweepi/SweePi/src/sllidar_ros2/sdk/src/dataunpacker/unpacker/../dataunpacker.h:56:54: warning: unused parameter ‘ansType’ [-Wunused-parameter]
[26.782s]    56 |         virtual void onDecodingError(int errMsg, _u8 ansType, const void* payload, size_t size) {}
[26.783s]       |                                                  ~~~~^~~~~~~
[26.784s] /home/sweepi/SweePi/src/sllidar_ros2/sdk/src/dataunpacker/unpacker/../dataunpacker.h:56:75: warning: unused parameter ‘payload’ [-Wunused-parameter]
[26.784s]    56 |         virtual void onDecodingError(int errMsg, _u8 ansType, const void* payload, size_t size) {}
[26.784s]       |                                                               ~~~~~~~~~~~~^~~~~~~
[26.784s] /home/sweepi/SweePi/src/sllidar_ros2/sdk/src/dataunpacker/unpacker/../dataunpacker.h:56:91: warning: unused parameter ‘size’ [-Wunused-parameter]
[26.784s]    56 |         virtual void onDecodingError(int errMsg, _u8 ansType, const void* payload, size_t size) {}
[26.784s]       |                                                                                    ~~~~~~~^~~~
[26.951s] [ 40%] Building CXX object CMakeFiles/sllidar_node.dir/sdk/src/hal/thread.cpp.o
[27.563s] In file included from /home/sweepi/SweePi/src/sllidar_ros2/./sdk/include/rplidar_protocol.h:36,
[27.563s]                  from /home/sweepi/SweePi/src/sllidar_ros2/./sdk/include/rplidar.h:39,
[27.563s]                  from /home/sweepi/SweePi/src/sllidar_ros2/./sdk/src/sdkcommon.h:49,
[27.563s]                  from /home/sweepi/SweePi/src/sllidar_ros2/sdk/src/hal/thread.cpp:35:
[27.563s] /home/sweepi/SweePi/src/sllidar_ros2/./sdk/include/sl_lidar_protocol.h:66:16: warning: ISO C++ forbids zero-size array ‘data’ [-Wpedantic]
[27.563s]    66 |     sl_u8 data[0];
[27.563s]       |                ^
[27.564s] In file included from /home/sweepi/SweePi/src/sllidar_ros2/./sdk/include/rplidar_cmd.h:36,
[27.564s]                  from /home/sweepi/SweePi/src/sllidar_ros2/./sdk/include/rplidar.h:40:
[27.564s] /home/sweepi/SweePi/src/sllidar_ros2/./sdk/include/sl_lidar_cmd.h:324:20: warning: ISO C++ forbids zero-size array ‘payload’ [-Wpedantic]
[27.565s]   324 |     sl_u8  payload[0];
[27.565s]       |                    ^
[27.603s] In file included from /home/sweepi/SweePi/src/sllidar_ros2/sdk/src/hal/thread.cpp:43:
[27.604s] /home/sweepi/SweePi/src/sllidar_ros2/./sdk/src/arch/linux/thread.hpp: In static member function ‘static rp::hal::Thread rp::hal::Thread::create(thread_proc_t, void*)’:
[27.604s] /home/sweepi/SweePi/src/sllidar_ros2/./sdk/src/arch/linux/thread.hpp:52:57: warning: cast between incompatible function types from ‘thread_proc_t’ {aka ‘long unsigned int (*)(void*)’} to ‘void* (*)(void*)’ [-Wcast-function-type]
[27.604s]    52 |     pthread_create((pthread_t *)&newborn._handle, NULL, (void * (*)(void *))proc, data);
[27.604s]       |                                                         ^~~~~~~~~~~~~~~~~~~~~~~~
[27.605s] /home/sweepi/SweePi/src/sllidar_ros2/./sdk/src/arch/linux/thread.hpp: In member function ‘u_result rp::hal::Thread::join(long unsigned int)’:
[27.605s] /home/sweepi/SweePi/src/sllidar_ros2/./sdk/src/arch/linux/thread.hpp:176:37: warning: unused parameter ‘timeout’ [-Wunused-parameter]
[27.605s]   176 | u_result Thread::join(unsigned long timeout)
[27.605s]       |                       ~~~~~~~~~~~~~~^~~~~~~
[27.741s] [ 45%] Building CXX object CMakeFiles/sllidar_node.dir/sdk/src/rplidar_driver.cpp.o
[28.357s] In file included from /home/sweepi/SweePi/src/sllidar_ros2/./sdk/include/rplidar_protocol.h:36,
[28.357s]                  from /home/sweepi/SweePi/src/sllidar_ros2/./sdk/include/rplidar.h:39,
[28.357s]                  from /home/sweepi/SweePi/src/sllidar_ros2/sdk/src/sdkcommon.h:49,
[28.357s]                  from /home/sweepi/SweePi/src/sllidar_ros2/sdk/src/rplidar_driver.cpp:33:
[28.357s] /home/sweepi/SweePi/src/sllidar_ros2/./sdk/include/sl_lidar_protocol.h:66:16: warning: ISO C++ forbids zero-size array ‘data’ [-Wpedantic]
[28.357s]    66 |     sl_u8 data[0];
[28.357s]       |                ^
[28.358s] In file included from /home/sweepi/SweePi/src/sllidar_ros2/./sdk/include/rplidar_cmd.h:36,
[28.358s]                  from /home/sweepi/SweePi/src/sllidar_ros2/./sdk/include/rplidar.h:40:
[28.358s] /home/sweepi/SweePi/src/sllidar_ros2/./sdk/include/sl_lidar_cmd.h:324:20: warning: ISO C++ forbids zero-size array ‘payload’ [-Wpedantic]
[28.358s]   324 |     sl_u8  payload[0];
[28.358s]       |                    ^
[28.431s] /home/sweepi/SweePi/src/sllidar_ros2/sdk/src/rplidar_driver.cpp: In member function ‘u_result rp::standalone::rplidar::RPlidarDriver::connect(const char*, _u32, _u32)’:
[28.431s] /home/sweepi/SweePi/src/sllidar_ros2/sdk/src/rplidar_driver.cpp:67:77: warning: unused parameter ‘flag’ [-Wunused-parameter]
[28.431s]    67 |     u_result RPlidarDriver::connect(const char *path, _u32 portOrBaud, _u32 flag)
[28.432s]       |                                                                        ~~~~~^~~~
[28.433s] /home/sweepi/SweePi/src/sllidar_ros2/sdk/src/rplidar_driver.cpp: In member function ‘u_result rp::standalone::rplidar::RPlidarDriver::reset(_u32)’:
[28.433s] /home/sweepi/SweePi/src/sllidar_ros2/sdk/src/rplidar_driver.cpp:101:40: warning: unused parameter ‘timeout’ [-Wunused-parameter]
[28.433s]   101 |     u_result RPlidarDriver::reset(_u32 timeout)
[28.433s]       |                                   ~~~~~^~~~~~~
[28.433s] /home/sweepi/SweePi/src/sllidar_ros2/sdk/src/rplidar_driver.cpp: In member function ‘u_result rp::standalone::rplidar::RPlidarDriver::getScanDataWithInterval(rplidar_response_measurement_node_t*, size_t&)’:
[28.433s] /home/sweepi/SweePi/src/sllidar_ros2/sdk/src/rplidar_driver.cpp:180:91: warning: unused parameter ‘nodebuffer’ [-Wunused-parameter]
[28.433s]   180 |     u_result RPlidarDriver::getScanDataWithInterval(rplidar_response_measurement_node_t * nodebuffer, size_t & count)
[28.434s]       |                                                     ~~~~~~~~~~~~~~~~~~~~~~~~~~~~~~~~~~~~~~^~~~~~~~~~
[28.434s] /home/sweepi/SweePi/src/sllidar_ros2/sdk/src/rplidar_driver.cpp:180:112: warning: unused parameter ‘count’ [-Wunused-parameter]
[28.434s]   180 |     u_result RPlidarDriver::getScanDataWithInterval(rplidar_response_measurement_node_t * nodebuffer, size_t & count)
[28.434s]       |                                                                                                       ~~~~~~~~~^~~~~
[28.594s] [ 50%] Building CXX object CMakeFiles/sllidar_node.dir/sdk/src/sl_async_transceiver.cpp.o
[29.238s] In file included from /home/sweepi/SweePi/src/sllidar_ros2/./sdk/include/rplidar_protocol.h:36,
[29.238s]                  from /home/sweepi/SweePi/src/sllidar_ros2/./sdk/include/rplidar.h:39,
[29.238s]                  from /home/sweepi/SweePi/src/sllidar_ros2/sdk/src/sdkcommon.h:49,
[29.238s]                  from /home/sweepi/SweePi/src/sllidar_ros2/sdk/src/sl_async_transceiver.cpp:35:
[29.239s] /home/sweepi/SweePi/src/sllidar_ros2/./sdk/include/sl_lidar_protocol.h:66:16: warning: ISO C++ forbids zero-size array ‘data’ [-Wpedantic]
[29.239s]    66 |     sl_u8 data[0];
[29.239s]       |                ^
[29.239s] In file included from /home/sweepi/SweePi/src/sllidar_ros2/./sdk/include/rplidar_cmd.h:36,
[29.239s]                  from /home/sweepi/SweePi/src/sllidar_ros2/./sdk/include/rplidar.h:40:
[29.239s] /home/sweepi/SweePi/src/sllidar_ros2/./sdk/include/sl_lidar_cmd.h:324:20: warning: ISO C++ forbids zero-size array ‘payload’ [-Wpedantic]
[29.239s]   324 |     sl_u8  payload[0];
[29.239s]       |                    ^
[29.362s] In file included from /home/sweepi/SweePi/src/sllidar_ros2/sdk/src/sl_async_transceiver.cpp:44:
[29.362s] /home/sweepi/SweePi/src/sllidar_ros2/sdk/src/sl_async_transceiver.h: In member function ‘virtual void sl::internal::IAsyncProtocolCodec::onChannelError(u_result)’:
[29.363s] /home/sweepi/SweePi/src/sllidar_ros2/sdk/src/sl_async_transceiver.h:90:48: warning: unused parameter ‘errCode’ [-Wunused-parameter]
[29.363s]    90 |         virtual void   onChannelError(u_result errCode) {}
[29.363s]       |                                       ~~~~~~~~~^~~~~~~
[29.593s] [ 55%] Building CXX object CMakeFiles/sllidar_node.dir/sdk/src/sl_crc.cpp.o
[29.627s] In file included from /home/sweepi/SweePi/src/sllidar_ros2/./sdk/include/sl_lidar_cmd.h:41,
[29.627s]                  from /home/sweepi/SweePi/src/sllidar_ros2/./sdk/include/sl_crc.h:36,
[29.627s]                  from /home/sweepi/SweePi/src/sllidar_ros2/sdk/src/sl_crc.cpp:33:
[29.627s] /home/sweepi/SweePi/src/sllidar_ros2/./sdk/include/sl_lidar_protocol.h:66:16: warning: ISO C++ forbids zero-size array ‘data’ [-Wpedantic]
[29.628s]    66 |     sl_u8 data[0];
[29.628s]       |                ^
[29.628s] /home/sweepi/SweePi/src/sllidar_ros2/./sdk/include/sl_lidar_cmd.h:324:20: warning: ISO C++ forbids zero-size array ‘payload’ [-Wpedantic]
[29.628s]   324 |     sl_u8  payload[0];
[29.628s]       |                    ^
[29.665s] [ 60%] Building CXX object CMakeFiles/sllidar_node.dir/sdk/src/sl_lidar_driver.cpp.o
[30.488s] In file included from /home/sweepi/SweePi/src/sllidar_ros2/./sdk/include/rplidar_protocol.h:36,
[30.488s]                  from /home/sweepi/SweePi/src/sllidar_ros2/./sdk/include/rplidar.h:39,
[30.488s]                  from /home/sweepi/SweePi/src/sllidar_ros2/sdk/src/sdkcommon.h:49,
[30.489s]                  from /home/sweepi/SweePi/src/sllidar_ros2/sdk/src/sl_lidar_driver.cpp:33:
[30.489s] /home/sweepi/SweePi/src/sllidar_ros2/./sdk/include/sl_lidar_protocol.h:66:16: warning: ISO C++ forbids zero-size array ‘data’ [-Wpedantic]
[30.489s]    66 |     sl_u8 data[0];
[30.489s]       |                ^
[30.489s] In file included from /home/sweepi/SweePi/src/sllidar_ros2/./sdk/include/rplidar_cmd.h:36,
[30.489s]                  from /home/sweepi/SweePi/src/sllidar_ros2/./sdk/include/rplidar.h:40:
[30.489s] /home/sweepi/SweePi/src/sllidar_ros2/./sdk/include/sl_lidar_cmd.h:324:20: warning: ISO C++ forbids zero-size array ‘payload’ [-Wpedantic]
[30.489s]   324 |     sl_u8  payload[0];
[30.489s]       |                    ^
[30.498s] In file included from /home/sweepi/SweePi/src/sllidar_ros2/sdk/src/sl_lidar_driver.cpp:50:
[30.498s] /home/sweepi/SweePi/src/sllidar_ros2/sdk/src/dataunpacker/dataunpacker.h: In member function ‘virtual void sl::internal::LIDARSampleDataListener::onCustomSampleDataDecoded(_u8, _u32, const void*, size_t)’:
[30.498s] /home/sweepi/SweePi/src/sllidar_ros2/sdk/src/dataunpacker/dataunpacker.h:54:52: warning: unused parameter ‘ansType’ [-Wunused-parameter]
[30.498s]    54 |         virtual void onCustomSampleDataDecoded(_u8 ansType, _u32 customCode, const void* data, size_t size) {}
[30.498s]       |                                                ~~~~^~~~~~~
[30.498s] /home/sweepi/SweePi/src/sllidar_ros2/sdk/src/dataunpacker/dataunpacker.h:54:66: warning: unused parameter ‘customCode’ [-Wunused-parameter]
[30.498s]    54 |         virtual void onCustomSampleDataDecoded(_u8 ansType, _u32 customCode, const void* data, size_t size) {}
[30.498s]       |                                                             ~~~~~^~~~~~~~~~
[30.499s] /home/sweepi/SweePi/src/sllidar_ros2/sdk/src/dataunpacker/dataunpacker.h:54:90: warning: unused parameter ‘data’ [-Wunused-parameter]
[30.499s]    54 |         virtual void onCustomSampleDataDecoded(_u8 ansType, _u32 customCode, const void* data, size_t size) {}
[30.499s]       |                                                                              ~~~~~~~~~~~~^~~~
[30.499s] /home/sweepi/SweePi/src/sllidar_ros2/sdk/src/dataunpacker/dataunpacker.h:54:103: warning: unused parameter ‘size’ [-Wunused-parameter]
[30.499s]    54 |         virtual void onCustomSampleDataDecoded(_u8 ansType, _u32 customCode, const void* data, size_t size) {}
[30.499s]       |                                                                                                ~~~~~~~^~~~
[30.499s] /home/sweepi/SweePi/src/sllidar_ros2/sdk/src/dataunpacker/dataunpacker.h: In member function ‘virtual void sl::internal::LIDARSampleDataListener::onDecodingError(int, _u8, const void*, size_t)’:
[30.499s] /home/sweepi/SweePi/src/sllidar_ros2/sdk/src/dataunpacker/dataunpacker.h:56:42: warning: unused parameter ‘errMsg’ [-Wunused-parameter]
[30.500s]    56 |         virtual void onDecodingError(int errMsg, _u8 ansType, const void* payload, size_t size) {}
[30.500s]       |                                      ~~~~^~~~~~
[30.500s] /home/sweepi/SweePi/src/sllidar_ros2/sdk/src/dataunpacker/dataunpacker.h:56:54: warning: unused parameter ‘ansType’ [-Wunused-parameter]
[30.500s]    56 |         virtual void onDecodingError(int errMsg, _u8 ansType, const void* payload, size_t size) {}
[30.500s]       |                                                  ~~~~^~~~~~~
[30.500s] /home/sweepi/SweePi/src/sllidar_ros2/sdk/src/dataunpacker/dataunpacker.h:56:75: warning: unused parameter ‘payload’ [-Wunused-parameter]
[30.500s]    56 |         virtual void onDecodingError(int errMsg, _u8 ansType, const void* payload, size_t size) {}
[30.500s]       |                                                               ~~~~~~~~~~~~^~~~~~~
[30.501s] /home/sweepi/SweePi/src/sllidar_ros2/sdk/src/dataunpacker/dataunpacker.h:56:91: warning: unused parameter ‘size’ [-Wunused-parameter]
[30.501s]    56 |         virtual void onDecodingError(int errMsg, _u8 ansType, const void* payload, size_t size) {}
[30.501s]       |                                                                                    ~~~~~~~^~~~
[30.513s] In file included from /home/sweepi/SweePi/src/sllidar_ros2/sdk/src/sl_lidar_driver.cpp:51:
[30.513s] /home/sweepi/SweePi/src/sllidar_ros2/sdk/src/sl_async_transceiver.h: In member function ‘virtual void sl::internal::IAsyncProtocolCodec::onChannelError(u_result)’:
[30.513s] /home/sweepi/SweePi/src/sllidar_ros2/sdk/src/sl_async_transceiver.h:90:48: warning: unused parameter ‘errCode’ [-Wunused-parameter]
[30.513s]    90 |         virtual void   onChannelError(u_result errCode) {}
[30.513s]       |                                       ~~~~~~~~~^~~~~~~
[30.551s] /home/sweepi/SweePi/src/sllidar_ros2/sdk/src/sl_lidar_driver.cpp: In member function ‘virtual sl_result sl::SlamtecLidarDriver::reset(sl_u32)’:
[30.551s] /home/sweepi/SweePi/src/sllidar_ros2/sdk/src/sl_lidar_driver.cpp:511:32: warning: unused parameter ‘timeoutInMs’ [-Wunused-parameter]
[30.551s]   511 |         sl_result reset(sl_u32 timeoutInMs = DEFAULT_TIMEOUT)
[30.551s]       |                         ~~~~~~~^~~~~~~~~~~~~~~~~~~~~~~~~~~~~
[30.556s] /home/sweepi/SweePi/src/sllidar_ros2/sdk/src/sl_lidar_driver.cpp: In member function ‘virtual sl_result sl::SlamtecLidarDriver::startScan(bool, bool, sl_u32, sl::LidarScanMode*)’:
[30.557s] /home/sweepi/SweePi/src/sllidar_ros2/sdk/src/sl_lidar_driver.cpp:586:69: warning: unused parameter ‘options’ [-Wunused-parameter]
[30.557s]   586 |         sl_result startScan(bool force, bool useTypicalScan, sl_u32 options = 0, LidarScanMode* outUsedScanMode = nullptr)
[30.557s]       |                                                              ~~~~~~~^~~~~~~~~~~
[30.560s] /home/sweepi/SweePi/src/sllidar_ros2/sdk/src/sl_lidar_driver.cpp: In member function ‘virtual sl_result sl::SlamtecLidarDriver::stop(sl_u32)’:
[30.560s] /home/sweepi/SweePi/src/sllidar_ros2/sdk/src/sl_lidar_driver.cpp:763:31: warning: unused parameter ‘timeout’ [-Wunused-parameter]
[30.560s]   763 |         sl_result stop(sl_u32 timeout = DEFAULT_TIMEOUT)
[30.560s]       |                        ~~~~~~~^~~~~~~~~~~~~~~~~~~~~~~~~
[30.563s] /home/sweepi/SweePi/src/sllidar_ros2/sdk/src/sl_lidar_driver.cpp: In member function ‘virtual sl_result sl::SlamtecLidarDriver::getFrequency(const sl::LidarScanMode&, const sl_lidar_response_measurement_node_hq_t*, size_t, float&)’:
[30.563s] /home/sweepi/SweePi/src/sllidar_ros2/sdk/src/sl_lidar_driver.cpp:880:110: warning: unused parameter ‘nodes’ [-Wunused-parameter]
[30.563s]   880 |         sl_result getFrequency(const LidarScanMode& scanMode, const sl_lidar_response_measurement_node_hq_t* nodes, size_t count, float& frequency)
[30.564s]       |                                                               ~~~~~~~~~~~~~~~~~~~~~~~~~~~~~~~~~~~~~~~~~~~~~~~^~~~~
[30.567s] /home/sweepi/SweePi/src/sllidar_ros2/sdk/src/sl_lidar_driver.cpp: In member function ‘virtual sl_result sl::SlamtecLidarDriver::getMotorInfo(sl::LidarMotorInfo&, sl_u32)’:
[30.567s] /home/sweepi/SweePi/src/sllidar_ros2/sdk/src/sl_lidar_driver.cpp:1023:66: warning: unused parameter ‘timeoutInMs’ [-Wunused-parameter]
[30.568s]  1023 |         sl_result getMotorInfo(LidarMotorInfo &motorInfo, sl_u32 timeoutInMs)
[30.568s]       |                                                           ~~~~~~~^~~~~~~~~~~
[30.569s] /home/sweepi/SweePi/src/sllidar_ros2/sdk/src/sl_lidar_driver.cpp: In member function ‘u_result sl::SlamtecLidarDriver::getScanModeCount(sl_u16&, sl_u32)’:
[30.569s] /home/sweepi/SweePi/src/sllidar_ros2/sdk/src/sl_lidar_driver.cpp:1199:61: warning: unused parameter ‘timeoutInMs’ [-Wunused-parameter]
[30.570s]  1199 |         u_result getScanModeCount(sl_u16& modeCount, sl_u32 timeoutInMs = DEFAULT_TIMEOUT)
[30.570s]       |                                                      ~~~~~~~^~~~~~~~~~~~~~~~~~~~~~~~~~~~~
[30.631s] /home/sweepi/SweePi/src/sllidar_ros2/sdk/src/sl_lidar_driver.cpp: In instantiation of ‘void sl::RawSampleNodeHolder<T>::pushNode(_u64, const T*) [with T = sl_lidar_response_measurement_node_hq_t; _u64 = long unsigned int]’:
[30.632s] /home/sweepi/SweePi/src/sllidar_ros2/sdk/src/sl_lidar_driver.cpp:1648:42:   required from here
[30.632s] /home/sweepi/SweePi/src/sllidar_ros2/sdk/src/sl_lidar_driver.cpp:202:28: warning: unused parameter ‘timestamp_uS’ [-Wunused-parameter]
[30.633s]   202 |         void pushNode(_u64 timestamp_uS, const T* node)
[30.633s]       |                       ~~~~~^~~~~~~~~~~~
[30.786s] /home/sweepi/SweePi/src/sllidar_ros2/sdk/src/sl_lidar_driver.cpp: At global scope:
[30.786s] /home/sweepi/SweePi/src/sllidar_ros2/sdk/src/sl_lidar_driver.cpp:83:17: warning: ‘void sl::convert(const sl_lidar_response_measurement_node_hq_t&, sl_lidar_response_measurement_node_t&)’ defined but not used [-Wunused-function]
[30.786s]    83 |     static void convert(const sl_lidar_response_measurement_node_hq_t& from, sl_lidar_response_measurement_node_t& to)
[30.786s]       |                 ^~~~~~~
[30.786s] /home/sweepi/SweePi/src/sllidar_ros2/sdk/src/sl_lidar_driver.cpp:75:17: warning: ‘void sl::convert(const sl_lidar_response_measurement_node_t&, sl_lidar_response_measurement_node_hq_t&)’ defined but not used [-Wunused-function]
[30.786s]    75 |     static void convert(const sl_lidar_response_measurement_node_t& from, sl_lidar_response_measurement_node_hq_t& to)
[30.786s]       |                 ^~~~~~~
[30.787s] /home/sweepi/SweePi/src/sllidar_ros2/sdk/src/sl_lidar_driver.cpp:70:17: warning: ‘void sl::printDeprecationWarn(const char*, const char*)’ defined but not used [-Wunused-function]
[30.787s]    70 |     static void printDeprecationWarn(const char* fn, const char* replacement)
[30.787s]       |                 ^~~~~~~~~~~~~~~~~~~~
[31.360s] [ 65%] Building CXX object CMakeFiles/sllidar_node.dir/sdk/src/sl_lidarprotocol_codec.cpp.o
[31.975s] In file included from /home/sweepi/SweePi/src/sllidar_ros2/./sdk/include/rplidar_protocol.h:36,
[31.975s]                  from /home/sweepi/SweePi/src/sllidar_ros2/./sdk/include/rplidar.h:39,
[31.975s]                  from /home/sweepi/SweePi/src/sllidar_ros2/sdk/src/sdkcommon.h:49,
[31.975s]                  from /home/sweepi/SweePi/src/sllidar_ros2/sdk/src/sl_lidarprotocol_codec.cpp:35:
[31.975s] /home/sweepi/SweePi/src/sllidar_ros2/./sdk/include/sl_lidar_protocol.h:66:16: warning: ISO C++ forbids zero-size array ‘data’ [-Wpedantic]
[31.975s]    66 |     sl_u8 data[0];
[31.976s]       |                ^
[31.976s] In file included from /home/sweepi/SweePi/src/sllidar_ros2/./sdk/include/rplidar_cmd.h:36,
[31.976s]                  from /home/sweepi/SweePi/src/sllidar_ros2/./sdk/include/rplidar.h:40:
[31.976s] /home/sweepi/SweePi/src/sllidar_ros2/./sdk/include/sl_lidar_cmd.h:324:20: warning: ISO C++ forbids zero-size array ‘payload’ [-Wpedantic]
[31.976s]   324 |     sl_u8  payload[0];
[31.976s]       |                    ^
[32.136s] In file included from /home/sweepi/SweePi/src/sllidar_ros2/sdk/src/sl_lidarprotocol_codec.cpp:49:
[32.137s] /home/sweepi/SweePi/src/sllidar_ros2/sdk/src/sl_async_transceiver.h: In member function ‘virtual void sl::internal::IAsyncProtocolCodec::onChannelError(u_result)’:
[32.137s] /home/sweepi/SweePi/src/sllidar_ros2/sdk/src/sl_async_transceiver.h:90:48: warning: unused parameter ‘errCode’ [-Wunused-parameter]
[32.137s]    90 |         virtual void   onChannelError(u_result errCode) {}
[32.137s]       |                                       ~~~~~~~~~^~~~~~~
[32.301s] [ 70%] Building CXX object CMakeFiles/sllidar_node.dir/sdk/src/sl_serial_channel.cpp.o
[32.640s] In file included from /home/sweepi/SweePi/src/sllidar_ros2/./sdk/include/sl_lidar_cmd.h:41,
[32.641s]                  from /home/sweepi/SweePi/src/sllidar_ros2/./sdk/include/sl_lidar_driver.h:54,
[32.641s]                  from /home/sweepi/SweePi/src/sllidar_ros2/sdk/src/sl_serial_channel.cpp:33:
[32.641s] /home/sweepi/SweePi/src/sllidar_ros2/./sdk/include/sl_lidar_protocol.h:66:16: warning: ISO C++ forbids zero-size array ‘data’ [-Wpedantic]
[32.641s]    66 |     sl_u8 data[0];
[32.641s]       |                ^
[32.643s] /home/sweepi/SweePi/src/sllidar_ros2/./sdk/include/sl_lidar_cmd.h:324:20: warning: ISO C++ forbids zero-size array ‘payload’ [-Wpedantic]
[32.643s]   324 |     sl_u8  payload[0];
[32.643s]       |                    ^
[32.734s] [ 75%] Building CXX object CMakeFiles/sllidar_node.dir/sdk/src/sl_tcp_channel.cpp.o
[33.086s] In file included from /home/sweepi/SweePi/src/sllidar_ros2/./sdk/include/sl_lidar_cmd.h:41,
[33.086s]                  from /home/sweepi/SweePi/src/sllidar_ros2/./sdk/include/sl_lidar_driver.h:54,
[33.086s]                  from /home/sweepi/SweePi/src/sllidar_ros2/sdk/src/sl_tcp_channel.cpp:33:
[33.087s] /home/sweepi/SweePi/src/sllidar_ros2/./sdk/include/sl_lidar_protocol.h:66:16: warning: ISO C++ forbids zero-size array ‘data’ [-Wpedantic]
[33.087s]    66 |     sl_u8 data[0];
[33.087s]       |                ^
[33.089s] /home/sweepi/SweePi/src/sllidar_ros2/./sdk/include/sl_lidar_cmd.h:324:20: warning: ISO C++ forbids zero-size array ‘payload’ [-Wpedantic]
[33.089s]   324 |     sl_u8  payload[0];
[33.089s]       |                    ^
[33.094s] /home/sweepi/SweePi/src/sllidar_ros2/sdk/src/sl_tcp_channel.cpp: In member function ‘void sl::TcpChannel::setStatus(_u32)’:
[33.095s] /home/sweepi/SweePi/src/sllidar_ros2/sdk/src/sl_tcp_channel.cpp:109:29: warning: unused parameter ‘flag’ [-Wunused-parameter]
[33.095s]   109 |         void setStatus(_u32 flag){}
[33.095s]       |                        ~~~~~^~~~
[33.193s] [ 80%] Building CXX object CMakeFiles/sllidar_node.dir/sdk/src/sl_udp_channel.cpp.o
[33.538s] In file included from /home/sweepi/SweePi/src/sllidar_ros2/./sdk/include/sl_lidar_cmd.h:41,
[33.539s]                  from /home/sweepi/SweePi/src/sllidar_ros2/./sdk/include/sl_lidar_driver.h:54,
[33.539s]                  from /home/sweepi/SweePi/src/sllidar_ros2/sdk/src/sl_udp_channel.cpp:33:
[33.539s] /home/sweepi/SweePi/src/sllidar_ros2/./sdk/include/sl_lidar_protocol.h:66:16: warning: ISO C++ forbids zero-size array ‘data’ [-Wpedantic]
[33.539s]    66 |     sl_u8 data[0];
[33.539s]       |                ^
[33.539s] /home/sweepi/SweePi/src/sllidar_ros2/./sdk/include/sl_lidar_cmd.h:324:20: warning: ISO C++ forbids zero-size array ‘payload’ [-Wpedantic]
[33.539s]   324 |     sl_u8  payload[0];
[33.539s]       |                    ^
[33.545s] /home/sweepi/SweePi/src/sllidar_ros2/sdk/src/sl_udp_channel.cpp: In member function ‘void sl::UdpChannel::setStatus(_u32)’:
[33.545s] /home/sweepi/SweePi/src/sllidar_ros2/sdk/src/sl_udp_channel.cpp:112:29: warning: unused parameter ‘flag’ [-Wunused-parameter]
[33.545s]   112 |         void setStatus(_u32 flag){}
[33.545s]       |                        ~~~~~^~~~
[33.631s] [ 85%] Building CXX object CMakeFiles/sllidar_node.dir/sdk/src/arch/linux/net_serial.cpp.o
[34.179s] /home/sweepi/SweePi/src/sllidar_ros2/sdk/src/arch/linux/net_serial.cpp: In member function ‘bool rp::arch::net::raw_serial::open(const char*, uint32_t, uint32_t)’:
[34.179s] /home/sweepi/SweePi/src/sllidar_ros2/sdk/src/arch/linux/net_serial.cpp:97:74: warning: unused parameter ‘flags’ [-Wunused-parameter]
[34.179s]    97 | bool raw_serial::open(const char * portname, uint32_t baudrate, uint32_t flags)
[34.179s]       |                                                                 ~~~~~~~~~^~~~~
[34.180s] /home/sweepi/SweePi/src/sllidar_ros2/sdk/src/arch/linux/net_serial.cpp: In member function ‘virtual void rp::arch::net::raw_serial::flush(_u32)’:
[34.180s] /home/sweepi/SweePi/src/sllidar_ros2/sdk/src/arch/linux/net_serial.cpp:281:30: warning: unused parameter ‘flags’ [-Wunused-parameter]
[34.180s]   281 | void raw_serial::flush( _u32 flags)
[34.180s]       |                         ~~~~~^~~~~
[34.180s] /home/sweepi/SweePi/src/sllidar_ros2/sdk/src/arch/linux/net_serial.cpp: In member function ‘virtual int rp::arch::net::raw_serial::waitforsent(_u32, size_t*)’:
[34.180s] /home/sweepi/SweePi/src/sllidar_ros2/sdk/src/arch/linux/net_serial.cpp:286:34: warning: unused parameter ‘timeout’ [-Wunused-parameter]
[34.180s]   286 | int raw_serial::waitforsent(_u32 timeout, size_t * returned_size)
[34.180s]       |                             ~~~~~^~~~~~~
[34.181s] /home/sweepi/SweePi/src/sllidar_ros2/sdk/src/arch/linux/net_serial.cpp: In member function ‘virtual int rp::arch::net::raw_serial::waitforrecv(_u32, size_t*)’:
[34.181s] /home/sweepi/SweePi/src/sllidar_ros2/sdk/src/arch/linux/net_serial.cpp:292:34: warning: unused parameter ‘timeout’ [-Wunused-parameter]
[34.181s]   292 | int raw_serial::waitforrecv(_u32 timeout, size_t * returned_size)
[34.181s]       |                             ~~~~~^~~~~~~
[34.182s] /home/sweepi/SweePi/src/sllidar_ros2/sdk/src/arch/linux/net_serial.cpp: In member function ‘virtual void rp::arch::net::raw_serial::cancelOperation()’:
[34.182s] /home/sweepi/SweePi/src/sllidar_ros2/sdk/src/arch/linux/net_serial.cpp:427:5: warning: value computed is not used [-Wunused-value]
[34.182s]   427 |     (int)::write(_selfpipe[1], "x", 1);
[34.182s]       |     ^~~~~~~~~~~~~~~~~~~~~~~~~~~~~~~~~~
[34.327s] [ 90%] Linking CXX executable sllidar_node
[34.912s] [ 90%] Built target sllidar_node
[34.957s] [ 95%] Building CXX object CMakeFiles/sllidar_client.dir/src/sllidar_client.cpp.o
[46.795s] [100%] Linking CXX executable sllidar_client
[47.486s] [100%] Built target sllidar_client
[47.509s] Invoked command in '/home/sweepi/SweePi/build_diagnostic/sllidar_ros2' returned '0': CMAKE_PREFIX_PATH=${CMAKE_PREFIX_PATH}:/home/sweepi/SweePi/install/sweepi_temp_rpi_hardware:/home/sweepi/SweePi/install/sweepi_api_bridge:/home/sweepi/SweePi/install/sweepi_base_driver:/opt/ros/jazzy /usr/bin/cmake --build /home/sweepi/SweePi/build_diagnostic/sllidar_ros2 -- -j4 -l4
[47.511s] Invoking command in '/home/sweepi/SweePi/build_diagnostic/sllidar_ros2': CMAKE_PREFIX_PATH=${CMAKE_PREFIX_PATH}:/home/sweepi/SweePi/install/sweepi_temp_rpi_hardware:/home/sweepi/SweePi/install/sweepi_api_bridge:/home/sweepi/SweePi/install/sweepi_base_driver:/opt/ros/jazzy /usr/bin/cmake --install /home/sweepi/SweePi/build_diagnostic/sllidar_ros2
[47.527s] -- Install configuration: ""
[47.528s] -- Execute custom install script
[47.529s] -- Symlinking: /home/sweepi/SweePi/install_diagnostic/sllidar_ros2/share/sllidar_ros2/launch/sllidar_a1_launch.py
[47.547s] -- Symlinking: /home/sweepi/SweePi/install_diagnostic/sllidar_ros2/share/sllidar_ros2/launch/sllidar_a2m12_launch .py
[47.566s] -- Symlinking: /home/sweepi/SweePi/install_diagnostic/sllidar_ros2/share/sllidar_ros2/launch/sllidar_a2m7_launch.py
[47.585s] -- Symlinking: /home/sweepi/SweePi/install_diagnostic/sllidar_ros2/share/sllidar_ros2/launch/sllidar_a2m8_launch.py
[47.603s] -- Symlinking: /home/sweepi/SweePi/install_diagnostic/sllidar_ros2/share/sllidar_ros2/launch/sllidar_a3_launch.py
[47.622s] -- Symlinking: /home/sweepi/SweePi/install_diagnostic/sllidar_ros2/share/sllidar_ros2/launch/sllidar_c1_launch.py
[47.640s] -- Symlinking: /home/sweepi/SweePi/install_diagnostic/sllidar_ros2/share/sllidar_ros2/launch/sllidar_s1_launch.py
[47.659s] -- Symlinking: /home/sweepi/SweePi/install_diagnostic/sllidar_ros2/share/sllidar_ros2/launch/sllidar_s1_tcp_launch.py
[47.677s] -- Symlinking: /home/sweepi/SweePi/install_diagnostic/sllidar_ros2/share/sllidar_ros2/launch/sllidar_s2_launch.py
[47.695s] -- Symlinking: /home/sweepi/SweePi/install_diagnostic/sllidar_ros2/share/sllidar_ros2/launch/sllidar_s2e_launch.py
[47.714s] -- Symlinking: /home/sweepi/SweePi/install_diagnostic/sllidar_ros2/share/sllidar_ros2/launch/sllidar_s3_launch.py
[47.732s] -- Symlinking: /home/sweepi/SweePi/install_diagnostic/sllidar_ros2/share/sllidar_ros2/launch/sllidar_t1_launch.py
[47.750s] -- Symlinking: /home/sweepi/SweePi/install_diagnostic/sllidar_ros2/share/sllidar_ros2/launch/view_sllidar_a1_launch.py
[47.769s] -- Symlinking: /home/sweepi/SweePi/install_diagnostic/sllidar_ros2/share/sllidar_ros2/launch/view_sllidar_a2m12_launch.py
[47.788s] -- Symlinking: /home/sweepi/SweePi/install_diagnostic/sllidar_ros2/share/sllidar_ros2/launch/view_sllidar_a2m7_launch.py
[47.807s] -- Symlinking: /home/sweepi/SweePi/install_diagnostic/sllidar_ros2/share/sllidar_ros2/launch/view_sllidar_a2m8_launch.py
[47.825s] -- Symlinking: /home/sweepi/SweePi/install_diagnostic/sllidar_ros2/share/sllidar_ros2/launch/view_sllidar_a3_launch.py
[47.843s] -- Symlinking: /home/sweepi/SweePi/install_diagnostic/sllidar_ros2/share/sllidar_ros2/launch/view_sllidar_c1_launch.py
[47.861s] -- Symlinking: /home/sweepi/SweePi/install_diagnostic/sllidar_ros2/share/sllidar_ros2/launch/view_sllidar_s1_launch.py
[47.880s] -- Symlinking: /home/sweepi/SweePi/install_diagnostic/sllidar_ros2/share/sllidar_ros2/launch/view_sllidar_s1_tcp_launch.py
[47.898s] -- Symlinking: /home/sweepi/SweePi/install_diagnostic/sllidar_ros2/share/sllidar_ros2/launch/view_sllidar_s2_launch.py
[47.917s] -- Symlinking: /home/sweepi/SweePi/install_diagnostic/sllidar_ros2/share/sllidar_ros2/launch/view_sllidar_s2e_launch.py
[47.936s] -- Symlinking: /home/sweepi/SweePi/install_diagnostic/sllidar_ros2/share/sllidar_ros2/launch/view_sllidar_s3_launch.py
[47.954s] -- Symlinking: /home/sweepi/SweePi/install_diagnostic/sllidar_ros2/share/sllidar_ros2/launch/view_sllidar_t1_launch.py
[47.974s] -- Symlinking: /home/sweepi/SweePi/install_diagnostic/sllidar_ros2/share/sllidar_ros2/rviz/sllidar_ros2.rviz
[47.993s] -- Symlinking: /home/sweepi/SweePi/install_diagnostic/sllidar_ros2/lib/sllidar_ros2/sllidar_node
[48.011s] -- Symlinking: /home/sweepi/SweePi/install_diagnostic/sllidar_ros2/lib/sllidar_ros2/sllidar_client
[48.031s] -- Symlinking: /home/sweepi/SweePi/install_diagnostic/sllidar_ros2/share/ament_index/resource_index/package_run_dependencies/sllidar_ros2
[48.050s] -- Symlinking: /home/sweepi/SweePi/install_diagnostic/sllidar_ros2/share/ament_index/resource_index/parent_prefix_path/sllidar_ros2
[48.069s] -- Symlinking: /home/sweepi/SweePi/install_diagnostic/sllidar_ros2/share/sllidar_ros2/environment/ament_prefix_path.sh
[48.087s] -- Symlinking: /home/sweepi/SweePi/install_diagnostic/sllidar_ros2/share/sllidar_ros2/environment/ament_prefix_path.dsv
[48.106s] -- Symlinking: /home/sweepi/SweePi/install_diagnostic/sllidar_ros2/share/sllidar_ros2/environment/path.sh
[48.124s] -- Symlinking: /home/sweepi/SweePi/install_diagnostic/sllidar_ros2/share/sllidar_ros2/environment/path.dsv
[48.144s] -- Symlinking: /home/sweepi/SweePi/install_diagnostic/sllidar_ros2/share/sllidar_ros2/local_setup.bash
[48.162s] -- Symlinking: /home/sweepi/SweePi/install_diagnostic/sllidar_ros2/share/sllidar_ros2/local_setup.sh
[48.180s] -- Symlinking: /home/sweepi/SweePi/install_diagnostic/sllidar_ros2/share/sllidar_ros2/local_setup.zsh
[48.198s] -- Symlinking: /home/sweepi/SweePi/install_diagnostic/sllidar_ros2/share/sllidar_ros2/local_setup.dsv
[48.217s] -- Symlinking: /home/sweepi/SweePi/install_diagnostic/sllidar_ros2/share/sllidar_ros2/package.dsv
[48.237s] -- Symlinking: /home/sweepi/SweePi/install_diagnostic/sllidar_ros2/share/ament_index/resource_index/packages/sllidar_ros2
[48.257s] -- Symlinking: /home/sweepi/SweePi/install_diagnostic/sllidar_ros2/share/sllidar_ros2/cmake/ament_cmake_export_dependencies-extras.cmake
[48.275s] -- Symlinking: /home/sweepi/SweePi/install_diagnostic/sllidar_ros2/share/sllidar_ros2/cmake/ament_cmake_export_include_directories-extras.cmake
[48.294s] -- Symlinking: /home/sweepi/SweePi/install_diagnostic/sllidar_ros2/share/sllidar_ros2/cmake/sllidar_ros2Config.cmake
[48.313s] -- Symlinking: /home/sweepi/SweePi/install_diagnostic/sllidar_ros2/share/sllidar_ros2/cmake/sllidar_ros2Config-version.cmake
[48.331s] -- Symlinking: /home/sweepi/SweePi/install_diagnostic/sllidar_ros2/share/sllidar_ros2/package.xml
[48.352s] Invoked command in '/home/sweepi/SweePi/build_diagnostic/sllidar_ros2' returned '0': CMAKE_PREFIX_PATH=${CMAKE_PREFIX_PATH}:/home/sweepi/SweePi/install/sweepi_temp_rpi_hardware:/home/sweepi/SweePi/install/sweepi_api_bridge:/home/sweepi/SweePi/install/sweepi_base_driver:/opt/ros/jazzy /usr/bin/cmake --install /home/sweepi/SweePi/build_diagnostic/sllidar_ros2
