1783787008.2496054 [INFO] [launch]: All log files can be found below /home/sweepi/.ros/log/2026-07-11-21-53-28-248001-sweepi-8390
1783787008.2498996 [INFO] [launch]: Default logging verbosity is set to INFO
1783787009.6431060 [INFO] [component_container_isolated-1]: process started with pid [8426]
1783787009.6436195 [INFO] [coverage_tracker_node.py-2]: process started with pid [8427]
1783787009.6438303 [INFO] [coverage_planner_node.py-3]: process started with pid [8428]
1783787009.6440704 [INFO] [coverage_arm_follow_path_executor_node.py-4]: process started with pid [8429]
1783787009.6442113 [INFO] [coverage_manager_node.py-5]: process started with pid [8430]
1783787013.0102129 [INFO] [launch_ros.actions.load_composable_nodes]: Loaded node '/map_server' in container '/nav2_container'
1783787013.1566789 [INFO] [launch_ros.actions.load_composable_nodes]: Loaded node '/controller_server' in container '/nav2_container'
1783787013.2263260 [INFO] [launch_ros.actions.load_composable_nodes]: Loaded node '/amcl' in container '/nav2_container'
1783787013.3148093 [INFO] [launch_ros.actions.load_composable_nodes]: Loaded node '/smoother_server' in container '/nav2_container'
1783787013.3967838 [INFO] [launch_ros.actions.load_composable_nodes]: Loaded node '/lifecycle_manager_localization' in container '/nav2_container'
1783787013.7359166 [INFO] [launch_ros.actions.load_composable_nodes]: Loaded node '/planner_server' in container '/nav2_container'
1783787014.0208917 [INFO] [launch_ros.actions.load_composable_nodes]: Loaded node '/route_server' in container '/nav2_container'
1783787014.1342676 [INFO] [launch_ros.actions.load_composable_nodes]: Loaded node '/behavior_server' in container '/nav2_container'
1783787014.2434189 [INFO] [launch_ros.actions.load_composable_nodes]: Loaded node '/bt_navigator' in container '/nav2_container'
1783787014.3691688 [INFO] [launch_ros.actions.load_composable_nodes]: Loaded node '/waypoint_follower' in container '/nav2_container'
1783787014.4777243 [INFO] [launch_ros.actions.load_composable_nodes]: Loaded node '/velocity_smoother' in container '/nav2_container'
1783787014.6249659 [INFO] [launch_ros.actions.load_composable_nodes]: Loaded node '/collision_monitor' in container '/nav2_container'
1783787014.7421069 [INFO] [launch_ros.actions.load_composable_nodes]: Loaded node '/docking_server' in container '/nav2_container'
1783787014.8269601 [INFO] [launch_ros.actions.load_composable_nodes]: Loaded node '/lifecycle_manager_navigation' in container '/nav2_container'
1783787061.2797771 [WARNING] [launch]: user interrupted with ctrl-c (SIGINT)
1783787062.0416324 [INFO] [coverage_manager_node.py-5]: sending signal 'SIGINT' to process[coverage_manager_node.py-5]
1783787062.0436957 [INFO] [coverage_tracker_node.py-2]: process has finished cleanly [pid 8427]
1783787062.0444839 [INFO] [coverage_arm_follow_path_executor_node.py-4]: sending signal 'SIGINT' to process[coverage_arm_follow_path_executor_node.py-4]
1783787062.0580554 [INFO] [coverage_planner_node.py-3]: sending signal 'SIGINT' to process[coverage_planner_node.py-3]
1783787062.0651362 [ERROR] [coverage_manager_node.py-5]: process has died [pid 8430, exit code -2, cmd '/home/sweepi/SweePi/install/sweepi_coverage/lib/sweepi_coverage/coverage_manager_node.py --ros-args -r __node:=coverage_manager_node --params-file /home/sweepi/SweePi/install/sweepi_coverage/share/sweepi_coverage/config/coverage_follow_path_params.yaml --params-file /tmp/launch_params_m82821te'].
1783787062.0711441 [INFO] [component_container_isolated-1]: sending signal 'SIGINT' to process[component_container_isolated-1]
1783787062.0910997 [ERROR] [coverage_arm_follow_path_executor_node.py-4]: process has died [pid 8429, exit code -2, cmd '/home/sweepi/SweePi/install/sweepi_coverage/lib/sweepi_coverage/coverage_arm_follow_path_executor_node.py --ros-args -r __node:=coverage_follow_path_executor_node --params-file /home/sweepi/SweePi/install/sweepi_coverage/share/sweepi_coverage/config/coverage_follow_path_params.yaml --params-file /tmp/launch_params_4i6078vq --params-file /tmp/launch_params_srsj49f2'].
1783787062.1180840 [ERROR] [coverage_planner_node.py-3]: process has died [pid 8428, exit code -2, cmd '/home/sweepi/SweePi/install/sweepi_coverage/lib/sweepi_coverage/coverage_planner_node.py --ros-args -r __node:=coverage_planner_node --params-file /home/sweepi/SweePi/install/sweepi_coverage/share/sweepi_coverage/config/coverage_follow_path_params.yaml --params-file /tmp/launch_params_fd0rkgqy'].
1783787064.2520857 [ERROR] [component_container_isolated-1]: process has died [pid 8426, exit code -6, cmd '/opt/ros/jazzy/lib/rclcpp_components/component_container_isolated --ros-args --log-level info --ros-args -r __node:=nav2_container --params-file /tmp/launch_params_wunwjzpv --params-file /tmp/launch_params_t0ao6_7l -r /tf:=tf -r /tf_static:=tf_static'].
