-- The C compiler identification is GNU 13.3.0
-- The CXX compiler identification is GNU 13.3.0
-- Detecting C compiler ABI info
-- Detecting C compiler ABI info - done
-- Check for working C compiler: /usr/bin/cc - skipped
-- Detecting C compile features
-- Detecting C compile features - done
-- Detecting CXX compiler ABI info
-- Detecting CXX compiler ABI info - done
-- Check for working CXX compiler: /usr/bin/c++ - skipped
-- Detecting CXX compile features
-- Detecting CXX compile features - done
-- Found ament_cmake: 2.5.6 (/opt/ros/jazzy/share/ament_cmake/cmake)
-- Found Python3: /usr/bin/python3 (found version "3.12.3") found components: Interpreter 
-- Override CMake install command with custom implementation using symlinks instead of copying resources
-- Configuring done (2.9s)
-- Generating done (0.0s)
-- Build files have been written to: /home/sweepi/SweePi/build_diagnostic/sweepi_slam
-- Install configuration: ""
-- Execute custom install script
-- Symlinking: /home/sweepi/SweePi/install_diagnostic/sweepi_slam/share/sweepi_slam//config/mapper_params_online_async.yaml
-- Symlinking: /home/sweepi/SweePi/install_diagnostic/sweepi_slam/share/sweepi_slam//launch/slam_toolbox.launch.py
-- Symlinking: /home/sweepi/SweePi/install_diagnostic/sweepi_slam/share/sweepi_slam//rviz/slam_config.rviz
-- Symlinking: /home/sweepi/SweePi/install_diagnostic/sweepi_slam/lib/sweepi_slam/save_map.sh
-- Symlinking: /home/sweepi/SweePi/install_diagnostic/sweepi_slam/lib/sweepi_slam/load_map.sh
-- Symlinking: /home/sweepi/SweePi/install_diagnostic/sweepi_slam/share/ament_index/resource_index/package_run_dependencies/sweepi_slam
-- Symlinking: /home/sweepi/SweePi/install_diagnostic/sweepi_slam/share/ament_index/resource_index/parent_prefix_path/sweepi_slam
-- Symlinking: /home/sweepi/SweePi/install_diagnostic/sweepi_slam/share/sweepi_slam/environment/ament_prefix_path.sh
-- Symlinking: /home/sweepi/SweePi/install_diagnostic/sweepi_slam/share/sweepi_slam/environment/ament_prefix_path.dsv
-- Symlinking: /home/sweepi/SweePi/install_diagnostic/sweepi_slam/share/sweepi_slam/environment/path.sh
-- Symlinking: /home/sweepi/SweePi/install_diagnostic/sweepi_slam/share/sweepi_slam/environment/path.dsv
-- Symlinking: /home/sweepi/SweePi/install_diagnostic/sweepi_slam/share/sweepi_slam/local_setup.bash
-- Symlinking: /home/sweepi/SweePi/install_diagnostic/sweepi_slam/share/sweepi_slam/local_setup.sh
-- Symlinking: /home/sweepi/SweePi/install_diagnostic/sweepi_slam/share/sweepi_slam/local_setup.zsh
-- Symlinking: /home/sweepi/SweePi/install_diagnostic/sweepi_slam/share/sweepi_slam/local_setup.dsv
-- Symlinking: /home/sweepi/SweePi/install_diagnostic/sweepi_slam/share/sweepi_slam/package.dsv
-- Symlinking: /home/sweepi/SweePi/install_diagnostic/sweepi_slam/share/ament_index/resource_index/packages/sweepi_slam
-- Symlinking: /home/sweepi/SweePi/install_diagnostic/sweepi_slam/share/sweepi_slam/cmake/sweepi_slamConfig.cmake
-- Symlinking: /home/sweepi/SweePi/install_diagnostic/sweepi_slam/share/sweepi_slam/cmake/sweepi_slamConfig-version.cmake
-- Symlinking: /home/sweepi/SweePi/install_diagnostic/sweepi_slam/share/sweepi_slam/package.xml
