[0.031s] Invoking command in '/home/sweepi/SweePi/build_diagnostic/sweepi_slam': CMAKE_PREFIX_PATH=${CMAKE_PREFIX_PATH}:/home/sweepi/SweePi/install/sweepi_temp_rpi_hardware:/home/sweepi/SweePi/install/sweepi_api_bridge:/home/sweepi/SweePi/install/sweepi_base_driver:/opt/ros/jazzy /usr/bin/cmake /home/sweepi/SweePi/src/sweepi_slam -DAMENT_CMAKE_SYMLINK_INSTALL=1 -DCMAKE_INSTALL_PREFIX=/home/sweepi/SweePi/install_diagnostic/sweepi_slam
[0.647s] -- The C compiler identification is GNU 13.3.0
[1.199s] -- The CXX compiler identification is GNU 13.3.0
[1.242s] -- Detecting C compiler ABI info
[1.519s] -- Detecting C compiler ABI info - done
[1.535s] -- Check for working C compiler: /usr/bin/cc - skipped
[1.539s] -- Detecting C compile features
[1.542s] -- Detecting C compile features - done
[1.564s] -- Detecting CXX compiler ABI info
[1.886s] -- Detecting CXX compiler ABI info - done
[1.902s] -- Check for working CXX compiler: /usr/bin/c++ - skipped
[1.902s] -- Detecting CXX compile features
[1.907s] -- Detecting CXX compile features - done
[1.930s] -- Found ament_cmake: 2.5.6 (/opt/ros/jazzy/share/ament_cmake/cmake)
[2.417s] -- Found Python3: /usr/bin/python3 (found version "3.12.3") found components: Interpreter 
[2.689s] -- Override CMake install command with custom implementation using symlinks instead of copying resources
[3.102s] -- Configuring done (2.9s)
[3.105s] -- Generating done (0.0s)
[3.109s] -- Build files have been written to: /home/sweepi/SweePi/build_diagnostic/sweepi_slam
[3.121s] Invoked command in '/home/sweepi/SweePi/build_diagnostic/sweepi_slam' returned '0': CMAKE_PREFIX_PATH=${CMAKE_PREFIX_PATH}:/home/sweepi/SweePi/install/sweepi_temp_rpi_hardware:/home/sweepi/SweePi/install/sweepi_api_bridge:/home/sweepi/SweePi/install/sweepi_base_driver:/opt/ros/jazzy /usr/bin/cmake /home/sweepi/SweePi/src/sweepi_slam -DAMENT_CMAKE_SYMLINK_INSTALL=1 -DCMAKE_INSTALL_PREFIX=/home/sweepi/SweePi/install_diagnostic/sweepi_slam
[3.122s] Invoking command in '/home/sweepi/SweePi/build_diagnostic/sweepi_slam': CMAKE_PREFIX_PATH=${CMAKE_PREFIX_PATH}:/home/sweepi/SweePi/install/sweepi_temp_rpi_hardware:/home/sweepi/SweePi/install/sweepi_api_bridge:/home/sweepi/SweePi/install/sweepi_base_driver:/opt/ros/jazzy /usr/bin/cmake --build /home/sweepi/SweePi/build_diagnostic/sweepi_slam -- -j4 -l4
[3.212s] Invoked command in '/home/sweepi/SweePi/build_diagnostic/sweepi_slam' returned '0': CMAKE_PREFIX_PATH=${CMAKE_PREFIX_PATH}:/home/sweepi/SweePi/install/sweepi_temp_rpi_hardware:/home/sweepi/SweePi/install/sweepi_api_bridge:/home/sweepi/SweePi/install/sweepi_base_driver:/opt/ros/jazzy /usr/bin/cmake --build /home/sweepi/SweePi/build_diagnostic/sweepi_slam -- -j4 -l4
[3.233s] Invoking command in '/home/sweepi/SweePi/build_diagnostic/sweepi_slam': CMAKE_PREFIX_PATH=${CMAKE_PREFIX_PATH}:/home/sweepi/SweePi/install/sweepi_temp_rpi_hardware:/home/sweepi/SweePi/install/sweepi_api_bridge:/home/sweepi/SweePi/install/sweepi_base_driver:/opt/ros/jazzy /usr/bin/cmake --install /home/sweepi/SweePi/build_diagnostic/sweepi_slam
[3.254s] -- Install configuration: ""
[3.254s] -- Execute custom install script
[3.255s] -- Symlinking: /home/sweepi/SweePi/install_diagnostic/sweepi_slam/share/sweepi_slam//config/mapper_params_online_async.yaml
[3.292s] -- Symlinking: /home/sweepi/SweePi/install_diagnostic/sweepi_slam/share/sweepi_slam//launch/slam_toolbox.launch.py
[3.315s] -- Symlinking: /home/sweepi/SweePi/install_diagnostic/sweepi_slam/share/sweepi_slam//rviz/slam_config.rviz
[3.346s] -- Symlinking: /home/sweepi/SweePi/install_diagnostic/sweepi_slam/lib/sweepi_slam/save_map.sh
[3.372s] -- Symlinking: /home/sweepi/SweePi/install_diagnostic/sweepi_slam/lib/sweepi_slam/load_map.sh
[3.406s] -- Symlinking: /home/sweepi/SweePi/install_diagnostic/sweepi_slam/share/ament_index/resource_index/package_run_dependencies/sweepi_slam
[3.431s] -- Symlinking: /home/sweepi/SweePi/install_diagnostic/sweepi_slam/share/ament_index/resource_index/parent_prefix_path/sweepi_slam
[3.455s] -- Symlinking: /home/sweepi/SweePi/install_diagnostic/sweepi_slam/share/sweepi_slam/environment/ament_prefix_path.sh
[3.480s] -- Symlinking: /home/sweepi/SweePi/install_diagnostic/sweepi_slam/share/sweepi_slam/environment/ament_prefix_path.dsv
[3.504s] -- Symlinking: /home/sweepi/SweePi/install_diagnostic/sweepi_slam/share/sweepi_slam/environment/path.sh
[3.527s] -- Symlinking: /home/sweepi/SweePi/install_diagnostic/sweepi_slam/share/sweepi_slam/environment/path.dsv
[3.548s] -- Symlinking: /home/sweepi/SweePi/install_diagnostic/sweepi_slam/share/sweepi_slam/local_setup.bash
[3.570s] -- Symlinking: /home/sweepi/SweePi/install_diagnostic/sweepi_slam/share/sweepi_slam/local_setup.sh
[3.592s] -- Symlinking: /home/sweepi/SweePi/install_diagnostic/sweepi_slam/share/sweepi_slam/local_setup.zsh
[3.614s] -- Symlinking: /home/sweepi/SweePi/install_diagnostic/sweepi_slam/share/sweepi_slam/local_setup.dsv
[3.636s] -- Symlinking: /home/sweepi/SweePi/install_diagnostic/sweepi_slam/share/sweepi_slam/package.dsv
[3.658s] -- Symlinking: /home/sweepi/SweePi/install_diagnostic/sweepi_slam/share/ament_index/resource_index/packages/sweepi_slam
[3.693s] -- Symlinking: /home/sweepi/SweePi/install_diagnostic/sweepi_slam/share/sweepi_slam/cmake/sweepi_slamConfig.cmake
[3.715s] -- Symlinking: /home/sweepi/SweePi/install_diagnostic/sweepi_slam/share/sweepi_slam/cmake/sweepi_slamConfig-version.cmake
[3.740s] -- Symlinking: /home/sweepi/SweePi/install_diagnostic/sweepi_slam/share/sweepi_slam/package.xml
[3.765s] Invoked command in '/home/sweepi/SweePi/build_diagnostic/sweepi_slam' returned '0': CMAKE_PREFIX_PATH=${CMAKE_PREFIX_PATH}:/home/sweepi/SweePi/install/sweepi_temp_rpi_hardware:/home/sweepi/SweePi/install/sweepi_api_bridge:/home/sweepi/SweePi/install/sweepi_base_driver:/opt/ros/jazzy /usr/bin/cmake --install /home/sweepi/SweePi/build_diagnostic/sweepi_slam
