-- The C compiler identification is GNU 13.3.0
-- The CXX compiler identification is GNU 13.3.0
-- Detecting C compiler ABI info
-- Detecting C compiler ABI info - done
-- Check for working C compiler: /usr/bin/cc - skipped
-- Detecting C compile features
-- Detecting C compile features - done
-- Detecting CXX compiler ABI info
-- Detecting CXX compiler ABI info - done
-- Check for working CXX compiler: /usr/bin/c++ - skipped
-- Detecting CXX compile features
-- Detecting CXX compile features - done
-- Found ament_cmake: 2.5.6 (/opt/ros/jazzy/share/ament_cmake/cmake)
-- Found Python3: /usr/bin/python3 (found version "3.12.3") found components: Interpreter 
-- Override CMake install command with custom implementation using symlinks instead of copying resources
-- Configuring done (2.2s)
-- Generating done (0.0s)
-- Build files have been written to: /home/sweepi/SweePi/build_diagnostic/sweepi_bringup
-- Install configuration: ""
-- Execute custom install script
-- Symlinking: /home/sweepi/SweePi/install_diagnostic/sweepi_bringup/share/sweepi_bringup//launch/gazebo.launch.xml
-- Symlinking: /home/sweepi/SweePi/install_diagnostic/sweepi_bringup/share/sweepi_bringup//launch/rviz.launch.xml
-- Symlinking: /home/sweepi/SweePi/install_diagnostic/sweepi_bringup/share/sweepi_bringup//config/gazebo.bridge.yaml
-- Symlinking: /home/sweepi/SweePi/install_diagnostic/sweepi_bringup/share/sweepi_bringup//config/sweepi_controller.yaml
-- Symlinking: /home/sweepi/SweePi/install_diagnostic/sweepi_bringup/share/sweepi_bringup//config/urdf_config.rviz
-- Symlinking: /home/sweepi/SweePi/install_diagnostic/sweepi_bringup/share/sweepi_bringup//worlds/arm_assist_test.sdf
-- Symlinking: /home/sweepi/SweePi/install_diagnostic/sweepi_bringup/share/sweepi_bringup//worlds/empty.sdf
-- Symlinking: /home/sweepi/SweePi/install_diagnostic/sweepi_bringup/share/sweepi_bringup//worlds/empty.world
-- Symlinking: /home/sweepi/SweePi/install_diagnostic/sweepi_bringup/share/sweepi_bringup//worlds/house.sdf
-- Symlinking: /home/sweepi/SweePi/install_diagnostic/sweepi_bringup/share/sweepi_bringup//worlds/sweepi_world.sdf
-- Symlinking: /home/sweepi/SweePi/install_diagnostic/sweepi_bringup/share/sweepi_bringup//worlds/sweepi_world.world
-- Symlinking: /home/sweepi/SweePi/install_diagnostic/sweepi_bringup/share/sweepi_bringup//worlds/turtlebot3_house.world
-- Symlinking: /home/sweepi/SweePi/install_diagnostic/sweepi_bringup/share/sweepi_bringup//worlds/world2.sdf
-- Symlinking: /home/sweepi/SweePi/install_diagnostic/sweepi_bringup/share/sweepi_bringup//rviz/urdf_config.rviz
-- Symlinking: /home/sweepi/SweePi/install_diagnostic/sweepi_bringup/lib/sweepi_bringup/odom_tf_broadcaster.py
-- Symlinking: /home/sweepi/SweePi/install_diagnostic/sweepi_bringup/lib/sweepi_bringup/front_tof_range_node.py
-- Symlinking: /home/sweepi/SweePi/install_diagnostic/sweepi_bringup/share/ament_index/resource_index/package_run_dependencies/sweepi_bringup
-- Symlinking: /home/sweepi/SweePi/install_diagnostic/sweepi_bringup/share/ament_index/resource_index/parent_prefix_path/sweepi_bringup
-- Symlinking: /home/sweepi/SweePi/install_diagnostic/sweepi_bringup/share/sweepi_bringup/environment/ament_prefix_path.sh
-- Symlinking: /home/sweepi/SweePi/install_diagnostic/sweepi_bringup/share/sweepi_bringup/environment/ament_prefix_path.dsv
-- Symlinking: /home/sweepi/SweePi/install_diagnostic/sweepi_bringup/share/sweepi_bringup/environment/path.sh
-- Symlinking: /home/sweepi/SweePi/install_diagnostic/sweepi_bringup/share/sweepi_bringup/environment/path.dsv
-- Symlinking: /home/sweepi/SweePi/install_diagnostic/sweepi_bringup/share/sweepi_bringup/local_setup.bash
-- Symlinking: /home/sweepi/SweePi/install_diagnostic/sweepi_bringup/share/sweepi_bringup/local_setup.sh
-- Symlinking: /home/sweepi/SweePi/install_diagnostic/sweepi_bringup/share/sweepi_bringup/local_setup.zsh
-- Symlinking: /home/sweepi/SweePi/install_diagnostic/sweepi_bringup/share/sweepi_bringup/local_setup.dsv
-- Symlinking: /home/sweepi/SweePi/install_diagnostic/sweepi_bringup/share/sweepi_bringup/package.dsv
-- Symlinking: /home/sweepi/SweePi/install_diagnostic/sweepi_bringup/share/ament_index/resource_index/packages/sweepi_bringup
-- Symlinking: /home/sweepi/SweePi/install_diagnostic/sweepi_bringup/share/sweepi_bringup/cmake/sweepi_bringupConfig.cmake
-- Symlinking: /home/sweepi/SweePi/install_diagnostic/sweepi_bringup/share/sweepi_bringup/cmake/sweepi_bringupConfig-version.cmake
-- Symlinking: /home/sweepi/SweePi/install_diagnostic/sweepi_bringup/share/sweepi_bringup/package.xml
