[  2%] Built target sweepi_robot_manager_interfaces__rosidl_generator_type_description
[  2%] Built target ament_cmake_python_symlink_sweepi_robot_manager_interfaces
[  5%] Built target sweepi_robot_manager_interfaces__rs
[  8%] Built target sweepi_robot_manager_interfaces__cpp
[ 22%] Built target sweepi_robot_manager_interfaces__rosidl_generator_c
[ 31%] Built target sweepi_robot_manager_interfaces__rosidl_typesupport_introspection_cpp
[ 40%] Built target sweepi_robot_manager_interfaces__rosidl_typesupport_fastrtps_c
[ 48%] Built target sweepi_robot_manager_interfaces__rosidl_typesupport_cpp
[ 57%] Built target sweepi_robot_manager_interfaces__rosidl_typesupport_introspection_c
[ 65%] Built target sweepi_robot_manager_interfaces__rosidl_typesupport_c
[ 74%] Built target sweepi_robot_manager_interfaces__rosidl_typesupport_fastrtps_cpp
[ 74%] Built target sweepi_robot_manager_interfaces
[ 77%] Built target sweepi_robot_manager_interfaces__py
[ 82%] Built target sweepi_robot_manager_interfaces__rosidl_generator_py
[ 88%] Built target sweepi_robot_manager_interfaces_s__rosidl_typesupport_introspection_c
[ 94%] Built target sweepi_robot_manager_interfaces_s__rosidl_typesupport_c
[100%] Built target sweepi_robot_manager_interfaces_s__rosidl_typesupport_fastrtps_c
running egg_info
writing sweepi_robot_manager_interfaces.egg-info/PKG-INFO
writing dependency_links to sweepi_robot_manager_interfaces.egg-info/dependency_links.txt
writing top-level names to sweepi_robot_manager_interfaces.egg-info/top_level.txt
reading manifest file 'sweepi_robot_manager_interfaces.egg-info/SOURCES.txt'
writing manifest file 'sweepi_robot_manager_interfaces.egg-info/SOURCES.txt'
[100%] Built target ament_cmake_python_build_sweepi_robot_manager_interfaces_egg
-- Install configuration: ""
-- Execute custom install script
-- Up-to-date symlink: /home/sweepi/SweePi/install_diagnostic/sweepi_robot_manager_interfaces/share/ament_index/resource_index/rosidl_interfaces/sweepi_robot_manager_interfaces
-- Up-to-date symlink: /home/sweepi/SweePi/install_diagnostic/sweepi_robot_manager_interfaces/share/sweepi_robot_manager_interfaces/srv/StartTask.json
-- Up-to-date symlink: /home/sweepi/SweePi/install_diagnostic/sweepi_robot_manager_interfaces/include/sweepi_robot_manager_interfaces/sweepi_robot_manager_interfaces/msg/rosidl_generator_c__visibility_control.h
-- Up-to-date symlink: /home/sweepi/SweePi/install_diagnostic/sweepi_robot_manager_interfaces/include/sweepi_robot_manager_interfaces/sweepi_robot_manager_interfaces/srv/detail/start_task__functions.h
-- Up-to-date symlink: /home/sweepi/SweePi/install_diagnostic/sweepi_robot_manager_interfaces/include/sweepi_robot_manager_interfaces/sweepi_robot_manager_interfaces/srv/detail/start_task__struct.h
-- Up-to-date symlink: /home/sweepi/SweePi/install_diagnostic/sweepi_robot_manager_interfaces/include/sweepi_robot_manager_interfaces/sweepi_robot_manager_interfaces/srv/detail/start_task__type_support.h
-- Up-to-date symlink: /home/sweepi/SweePi/install_diagnostic/sweepi_robot_manager_interfaces/include/sweepi_robot_manager_interfaces/sweepi_robot_manager_interfaces/srv/start_task.h
-- Up-to-date symlink: /home/sweepi/SweePi/install_diagnostic/sweepi_robot_manager_interfaces/share/sweepi_robot_manager_interfaces/environment/library_path.sh
-- Up-to-date symlink: /home/sweepi/SweePi/install_diagnostic/sweepi_robot_manager_interfaces/share/sweepi_robot_manager_interfaces/environment/library_path.dsv
-- Up-to-date symlink: /home/sweepi/SweePi/install_diagnostic/sweepi_robot_manager_interfaces/include/sweepi_robot_manager_interfaces/sweepi_robot_manager_interfaces/msg/rosidl_typesupport_fastrtps_c__visibility_control.h
-- Up-to-date symlink: /home/sweepi/SweePi/install_diagnostic/sweepi_robot_manager_interfaces/include/sweepi_robot_manager_interfaces/sweepi_robot_manager_interfaces/srv/detail/start_task__rosidl_typesupport_fastrtps_c.h
-- Up-to-date symlink: /home/sweepi/SweePi/install_diagnostic/sweepi_robot_manager_interfaces/include/sweepi_robot_manager_interfaces/sweepi_robot_manager_interfaces/msg/rosidl_typesupport_introspection_c__visibility_control.h
-- Up-to-date symlink: /home/sweepi/SweePi/install_diagnostic/sweepi_robot_manager_interfaces/include/sweepi_robot_manager_interfaces/sweepi_robot_manager_interfaces/srv/detail/start_task__rosidl_typesupport_introspection_c.h
-- Up-to-date symlink: /home/sweepi/SweePi/install_diagnostic/sweepi_robot_manager_interfaces/include/sweepi_robot_manager_interfaces/sweepi_robot_manager_interfaces/msg/rosidl_generator_cpp__visibility_control.hpp
-- Up-to-date symlink: /home/sweepi/SweePi/install_diagnostic/sweepi_robot_manager_interfaces/include/sweepi_robot_manager_interfaces/sweepi_robot_manager_interfaces/srv/detail/start_task__builder.hpp
-- Up-to-date symlink: /home/sweepi/SweePi/install_diagnostic/sweepi_robot_manager_interfaces/include/sweepi_robot_manager_interfaces/sweepi_robot_manager_interfaces/srv/detail/start_task__struct.hpp
-- Up-to-date symlink: /home/sweepi/SweePi/install_diagnostic/sweepi_robot_manager_interfaces/include/sweepi_robot_manager_interfaces/sweepi_robot_manager_interfaces/srv/detail/start_task__traits.hpp
-- Up-to-date symlink: /home/sweepi/SweePi/install_diagnostic/sweepi_robot_manager_interfaces/include/sweepi_robot_manager_interfaces/sweepi_robot_manager_interfaces/srv/detail/start_task__type_support.hpp
-- Up-to-date symlink: /home/sweepi/SweePi/install_diagnostic/sweepi_robot_manager_interfaces/include/sweepi_robot_manager_interfaces/sweepi_robot_manager_interfaces/srv/start_task.hpp
-- Up-to-date symlink: /home/sweepi/SweePi/install_diagnostic/sweepi_robot_manager_interfaces/include/sweepi_robot_manager_interfaces/sweepi_robot_manager_interfaces/msg/rosidl_typesupport_fastrtps_cpp__visibility_control.h
-- Up-to-date symlink: /home/sweepi/SweePi/install_diagnostic/sweepi_robot_manager_interfaces/include/sweepi_robot_manager_interfaces/sweepi_robot_manager_interfaces/srv/detail/start_task__rosidl_typesupport_fastrtps_cpp.hpp
-- Up-to-date symlink: /home/sweepi/SweePi/install_diagnostic/sweepi_robot_manager_interfaces/include/sweepi_robot_manager_interfaces/sweepi_robot_manager_interfaces/srv/detail/start_task__rosidl_typesupport_introspection_cpp.hpp
-- Up-to-date symlink: /home/sweepi/SweePi/install_diagnostic/sweepi_robot_manager_interfaces/share/sweepi_robot_manager_interfaces/environment/pythonpath.sh
-- Up-to-date symlink: /home/sweepi/SweePi/install_diagnostic/sweepi_robot_manager_interfaces/share/sweepi_robot_manager_interfaces/environment/pythonpath.dsv
-- Up-to-date symlink: /home/sweepi/SweePi/install_diagnostic/sweepi_robot_manager_interfaces/lib/python3.12/site-packages/sweepi_robot_manager_interfaces-0.1.0-py3.12.egg-info/PKG-INFO
-- Up-to-date symlink: /home/sweepi/SweePi/install_diagnostic/sweepi_robot_manager_interfaces/lib/python3.12/site-packages/sweepi_robot_manager_interfaces-0.1.0-py3.12.egg-info/SOURCES.txt
-- Up-to-date symlink: /home/sweepi/SweePi/install_diagnostic/sweepi_robot_manager_interfaces/lib/python3.12/site-packages/sweepi_robot_manager_interfaces-0.1.0-py3.12.egg-info/dependency_links.txt
-- Up-to-date symlink: /home/sweepi/SweePi/install_diagnostic/sweepi_robot_manager_interfaces/lib/python3.12/site-packages/sweepi_robot_manager_interfaces-0.1.0-py3.12.egg-info/top_level.txt
-- Up-to-date symlink: /home/sweepi/SweePi/install_diagnostic/sweepi_robot_manager_interfaces/lib/python3.12/site-packages/sweepi_robot_manager_interfaces/__init__.py
-- Up-to-date symlink: /home/sweepi/SweePi/install_diagnostic/sweepi_robot_manager_interfaces/lib/python3.12/site-packages/sweepi_robot_manager_interfaces/_sweepi_robot_manager_interfaces_s.ep.rosidl_typesupport_c.c
-- Up-to-date symlink: /home/sweepi/SweePi/install_diagnostic/sweepi_robot_manager_interfaces/lib/python3.12/site-packages/sweepi_robot_manager_interfaces/_sweepi_robot_manager_interfaces_s.ep.rosidl_typesupport_fastrtps_c.c
-- Up-to-date symlink: /home/sweepi/SweePi/install_diagnostic/sweepi_robot_manager_interfaces/lib/python3.12/site-packages/sweepi_robot_manager_interfaces/_sweepi_robot_manager_interfaces_s.ep.rosidl_typesupport_introspection_c.c
-- Up-to-date symlink: /home/sweepi/SweePi/install_diagnostic/sweepi_robot_manager_interfaces/lib/python3.12/site-packages/sweepi_robot_manager_interfaces/srv/__init__.py
-- Up-to-date symlink: /home/sweepi/SweePi/install_diagnostic/sweepi_robot_manager_interfaces/lib/python3.12/site-packages/sweepi_robot_manager_interfaces/srv/_start_task.py
-- Up-to-date symlink: /home/sweepi/SweePi/install_diagnostic/sweepi_robot_manager_interfaces/lib/python3.12/site-packages/sweepi_robot_manager_interfaces/srv/_start_task_s.c
-- Up-to-date symlink: /home/sweepi/SweePi/install_diagnostic/sweepi_robot_manager_interfaces/lib/python3.12/site-packages/sweepi_robot_manager_interfaces/sweepi_robot_manager_interfaces_s__rosidl_typesupport_c.so
-- Up-to-date symlink: /home/sweepi/SweePi/install_diagnostic/sweepi_robot_manager_interfaces/lib/python3.12/site-packages/sweepi_robot_manager_interfaces/sweepi_robot_manager_interfaces_s__rosidl_typesupport_fastrtps_c.so
-- Up-to-date symlink: /home/sweepi/SweePi/install_diagnostic/sweepi_robot_manager_interfaces/lib/python3.12/site-packages/sweepi_robot_manager_interfaces/sweepi_robot_manager_interfaces_s__rosidl_typesupport_introspection_c.so
-- Up-to-date symlink: /home/sweepi/SweePi/install_diagnostic/sweepi_robot_manager_interfaces/lib/python3.12/site-packages/sweepi_robot_manager_interfaces/sweepi_robot_manager_interfaces_s__rosidl_typesupport_fastrtps_c.so
-- Up-to-date symlink: /home/sweepi/SweePi/install_diagnostic/sweepi_robot_manager_interfaces/lib/python3.12/site-packages/sweepi_robot_manager_interfaces/sweepi_robot_manager_interfaces_s__rosidl_typesupport_introspection_c.so
-- Up-to-date symlink: /home/sweepi/SweePi/install_diagnostic/sweepi_robot_manager_interfaces/lib/python3.12/site-packages/sweepi_robot_manager_interfaces/sweepi_robot_manager_interfaces_s__rosidl_typesupport_c.so
-- Up-to-date symlink: /home/sweepi/SweePi/install_diagnostic/sweepi_robot_manager_interfaces/share/ament_index/resource_index/rust_packages/sweepi_robot_manager_interfaces
-- Up-to-date symlink: /home/sweepi/SweePi/install_diagnostic/sweepi_robot_manager_interfaces/share/sweepi_robot_manager_interfaces/rust/Cargo.toml
-- Up-to-date symlink: /home/sweepi/SweePi/install_diagnostic/sweepi_robot_manager_interfaces/share/sweepi_robot_manager_interfaces/rust/build.rs
-- Up-to-date symlink: /home/sweepi/SweePi/install_diagnostic/sweepi_robot_manager_interfaces/share/sweepi_robot_manager_interfaces/rust/src/lib.rs
-- Up-to-date symlink: /home/sweepi/SweePi/install_diagnostic/sweepi_robot_manager_interfaces/share/sweepi_robot_manager_interfaces/rust/src/srv.rs
-- Up-to-date symlink: /home/sweepi/SweePi/install_diagnostic/sweepi_robot_manager_interfaces/share/sweepi_robot_manager_interfaces/rust/src/srv/rmw.rs
-- Up-to-date symlink: /home/sweepi/SweePi/install_diagnostic/sweepi_robot_manager_interfaces/share/sweepi_robot_manager_interfaces/srv/StartTask.idl
-- Up-to-date symlink: /home/sweepi/SweePi/install_diagnostic/sweepi_robot_manager_interfaces/share/sweepi_robot_manager_interfaces/srv/StartTask.srv
-- Up-to-date symlink: /home/sweepi/SweePi/install_diagnostic/sweepi_robot_manager_interfaces/share/ament_index/resource_index/package_run_dependencies/sweepi_robot_manager_interfaces
-- Up-to-date symlink: /home/sweepi/SweePi/install_diagnostic/sweepi_robot_manager_interfaces/share/ament_index/resource_index/parent_prefix_path/sweepi_robot_manager_interfaces
-- Up-to-date symlink: /home/sweepi/SweePi/install_diagnostic/sweepi_robot_manager_interfaces/share/sweepi_robot_manager_interfaces/environment/ament_prefix_path.sh
-- Up-to-date symlink: /home/sweepi/SweePi/install_diagnostic/sweepi_robot_manager_interfaces/share/sweepi_robot_manager_interfaces/environment/ament_prefix_path.dsv
-- Up-to-date symlink: /home/sweepi/SweePi/install_diagnostic/sweepi_robot_manager_interfaces/share/sweepi_robot_manager_interfaces/environment/path.sh
-- Up-to-date symlink: /home/sweepi/SweePi/install_diagnostic/sweepi_robot_manager_interfaces/share/sweepi_robot_manager_interfaces/environment/path.dsv
-- Up-to-date symlink: /home/sweepi/SweePi/install_diagnostic/sweepi_robot_manager_interfaces/share/sweepi_robot_manager_interfaces/local_setup.bash
-- Up-to-date symlink: /home/sweepi/SweePi/install_diagnostic/sweepi_robot_manager_interfaces/share/sweepi_robot_manager_interfaces/local_setup.sh
-- Up-to-date symlink: /home/sweepi/SweePi/install_diagnostic/sweepi_robot_manager_interfaces/share/sweepi_robot_manager_interfaces/local_setup.zsh
-- Up-to-date symlink: /home/sweepi/SweePi/install_diagnostic/sweepi_robot_manager_interfaces/share/sweepi_robot_manager_interfaces/local_setup.dsv
-- Symlinking: /home/sweepi/SweePi/install_diagnostic/sweepi_robot_manager_interfaces/share/sweepi_robot_manager_interfaces/package.dsv
-- Up-to-date symlink: /home/sweepi/SweePi/install_diagnostic/sweepi_robot_manager_interfaces/share/ament_index/resource_index/packages/sweepi_robot_manager_interfaces
-- Up-to-date symlink: /home/sweepi/SweePi/install_diagnostic/sweepi_robot_manager_interfaces/share/sweepi_robot_manager_interfaces/cmake/rosidl_cmake-extras.cmake
-- Up-to-date symlink: /home/sweepi/SweePi/install_diagnostic/sweepi_robot_manager_interfaces/share/sweepi_robot_manager_interfaces/cmake/ament_cmake_export_dependencies-extras.cmake
-- Up-to-date symlink: /home/sweepi/SweePi/install_diagnostic/sweepi_robot_manager_interfaces/share/sweepi_robot_manager_interfaces/cmake/ament_cmake_export_include_directories-extras.cmake
-- Up-to-date symlink: /home/sweepi/SweePi/install_diagnostic/sweepi_robot_manager_interfaces/share/sweepi_robot_manager_interfaces/cmake/ament_cmake_export_libraries-extras.cmake
-- Up-to-date symlink: /home/sweepi/SweePi/install_diagnostic/sweepi_robot_manager_interfaces/share/sweepi_robot_manager_interfaces/cmake/ament_cmake_export_targets-extras.cmake
-- Up-to-date symlink: /home/sweepi/SweePi/install_diagnostic/sweepi_robot_manager_interfaces/share/sweepi_robot_manager_interfaces/cmake/rosidl_cmake_export_typesupport_targets-extras.cmake
-- Up-to-date symlink: /home/sweepi/SweePi/install_diagnostic/sweepi_robot_manager_interfaces/share/sweepi_robot_manager_interfaces/cmake/rosidl_cmake_export_typesupport_libraries-extras.cmake
-- Up-to-date symlink: /home/sweepi/SweePi/install_diagnostic/sweepi_robot_manager_interfaces/share/sweepi_robot_manager_interfaces/cmake/rosidl_cmake_aggregate_target-extras.cmake
-- Up-to-date symlink: /home/sweepi/SweePi/install_diagnostic/sweepi_robot_manager_interfaces/share/sweepi_robot_manager_interfaces/cmake/sweepi_robot_manager_interfacesConfig.cmake
-- Up-to-date symlink: /home/sweepi/SweePi/install_diagnostic/sweepi_robot_manager_interfaces/share/sweepi_robot_manager_interfaces/cmake/sweepi_robot_manager_interfacesConfig-version.cmake
-- Up-to-date symlink: /home/sweepi/SweePi/install_diagnostic/sweepi_robot_manager_interfaces/share/sweepi_robot_manager_interfaces/package.xml
-- Up-to-date: /home/sweepi/SweePi/install_diagnostic/sweepi_robot_manager_interfaces/lib/libsweepi_robot_manager_interfaces__rosidl_generator_c.so
-- Up-to-date: /home/sweepi/SweePi/install_diagnostic/sweepi_robot_manager_interfaces/lib/libsweepi_robot_manager_interfaces__rosidl_typesupport_fastrtps_c.so
-- Up-to-date: /home/sweepi/SweePi/install_diagnostic/sweepi_robot_manager_interfaces/lib/libsweepi_robot_manager_interfaces__rosidl_typesupport_introspection_c.so
-- Up-to-date: /home/sweepi/SweePi/install_diagnostic/sweepi_robot_manager_interfaces/lib/libsweepi_robot_manager_interfaces__rosidl_typesupport_c.so
-- Up-to-date: /home/sweepi/SweePi/install_diagnostic/sweepi_robot_manager_interfaces/lib/libsweepi_robot_manager_interfaces__rosidl_typesupport_fastrtps_cpp.so
-- Up-to-date: /home/sweepi/SweePi/install_diagnostic/sweepi_robot_manager_interfaces/lib/libsweepi_robot_manager_interfaces__rosidl_typesupport_introspection_cpp.so
-- Up-to-date: /home/sweepi/SweePi/install_diagnostic/sweepi_robot_manager_interfaces/lib/libsweepi_robot_manager_interfaces__rosidl_typesupport_cpp.so
Listing '/home/sweepi/SweePi/install_diagnostic/sweepi_robot_manager_interfaces/lib/python3.12/site-packages/sweepi_robot_manager_interfaces'...
Listing '/home/sweepi/SweePi/install_diagnostic/sweepi_robot_manager_interfaces/lib/python3.12/site-packages/sweepi_robot_manager_interfaces/srv'...
-- Up-to-date: /home/sweepi/SweePi/install_diagnostic/sweepi_robot_manager_interfaces/lib/libsweepi_robot_manager_interfaces__rosidl_generator_py.so
-- Up-to-date: /home/sweepi/SweePi/install_diagnostic/sweepi_robot_manager_interfaces/share/sweepi_robot_manager_interfaces/cmake/export_sweepi_robot_manager_interfaces__rosidl_generator_cExport.cmake
-- Up-to-date: /home/sweepi/SweePi/install_diagnostic/sweepi_robot_manager_interfaces/share/sweepi_robot_manager_interfaces/cmake/export_sweepi_robot_manager_interfaces__rosidl_generator_cExport-noconfig.cmake
-- Up-to-date: /home/sweepi/SweePi/install_diagnostic/sweepi_robot_manager_interfaces/share/sweepi_robot_manager_interfaces/cmake/export_sweepi_robot_manager_interfaces__rosidl_typesupport_fastrtps_cExport.cmake
-- Up-to-date: /home/sweepi/SweePi/install_diagnostic/sweepi_robot_manager_interfaces/share/sweepi_robot_manager_interfaces/cmake/export_sweepi_robot_manager_interfaces__rosidl_typesupport_fastrtps_cExport-noconfig.cmake
-- Up-to-date: /home/sweepi/SweePi/install_diagnostic/sweepi_robot_manager_interfaces/share/sweepi_robot_manager_interfaces/cmake/sweepi_robot_manager_interfaces__rosidl_typesupport_introspection_cExport.cmake
-- Up-to-date: /home/sweepi/SweePi/install_diagnostic/sweepi_robot_manager_interfaces/share/sweepi_robot_manager_interfaces/cmake/sweepi_robot_manager_interfaces__rosidl_typesupport_introspection_cExport-noconfig.cmake
-- Up-to-date: /home/sweepi/SweePi/install_diagnostic/sweepi_robot_manager_interfaces/share/sweepi_robot_manager_interfaces/cmake/sweepi_robot_manager_interfaces__rosidl_typesupport_cExport.cmake
-- Up-to-date: /home/sweepi/SweePi/install_diagnostic/sweepi_robot_manager_interfaces/share/sweepi_robot_manager_interfaces/cmake/sweepi_robot_manager_interfaces__rosidl_typesupport_cExport-noconfig.cmake
-- Up-to-date: /home/sweepi/SweePi/install_diagnostic/sweepi_robot_manager_interfaces/share/sweepi_robot_manager_interfaces/cmake/export_sweepi_robot_manager_interfaces__rosidl_generator_cppExport.cmake
-- Up-to-date: /home/sweepi/SweePi/install_diagnostic/sweepi_robot_manager_interfaces/share/sweepi_robot_manager_interfaces/cmake/export_sweepi_robot_manager_interfaces__rosidl_typesupport_fastrtps_cppExport.cmake
-- Up-to-date: /home/sweepi/SweePi/install_diagnostic/sweepi_robot_manager_interfaces/share/sweepi_robot_manager_interfaces/cmake/export_sweepi_robot_manager_interfaces__rosidl_typesupport_fastrtps_cppExport-noconfig.cmake
-- Up-to-date: /home/sweepi/SweePi/install_diagnostic/sweepi_robot_manager_interfaces/share/sweepi_robot_manager_interfaces/cmake/sweepi_robot_manager_interfaces__rosidl_typesupport_introspection_cppExport.cmake
-- Up-to-date: /home/sweepi/SweePi/install_diagnostic/sweepi_robot_manager_interfaces/share/sweepi_robot_manager_interfaces/cmake/sweepi_robot_manager_interfaces__rosidl_typesupport_introspection_cppExport-noconfig.cmake
-- Up-to-date: /home/sweepi/SweePi/install_diagnostic/sweepi_robot_manager_interfaces/share/sweepi_robot_manager_interfaces/cmake/sweepi_robot_manager_interfaces__rosidl_typesupport_cppExport.cmake
-- Up-to-date: /home/sweepi/SweePi/install_diagnostic/sweepi_robot_manager_interfaces/share/sweepi_robot_manager_interfaces/cmake/sweepi_robot_manager_interfaces__rosidl_typesupport_cppExport-noconfig.cmake
-- Up-to-date: /home/sweepi/SweePi/install_diagnostic/sweepi_robot_manager_interfaces/share/sweepi_robot_manager_interfaces/cmake/export_sweepi_robot_manager_interfaces__rosidl_generator_pyExport.cmake
-- Up-to-date: /home/sweepi/SweePi/install_diagnostic/sweepi_robot_manager_interfaces/share/sweepi_robot_manager_interfaces/cmake/export_sweepi_robot_manager_interfaces__rosidl_generator_pyExport-noconfig.cmake
