[0.030s] Invoking command in '/home/sweepi/SweePi/build_diagnostic/sweepi_coverage': CMAKE_PREFIX_PATH=${CMAKE_PREFIX_PATH}:/home/sweepi/SweePi/install/sweepi_temp_rpi_hardware:/home/sweepi/SweePi/install/sweepi_api_bridge:/home/sweepi/SweePi/install/sweepi_base_driver:/opt/ros/jazzy /usr/bin/cmake --build /home/sweepi/SweePi/build_diagnostic/sweepi_coverage -- -j4 -l4
[0.176s] Built target ament_cmake_python_symlink_sweepi_coverage
[0.702s] running egg_info
[0.745s] writing sweepi_coverage.egg-info/PKG-INFO
[0.752s] writing dependency_links to sweepi_coverage.egg-info/dependency_links.txt
[0.753s] writing top-level names to sweepi_coverage.egg-info/top_level.txt
[0.883s] reading manifest file 'sweepi_coverage.egg-info/SOURCES.txt'
[0.884s] writing manifest file 'sweepi_coverage.egg-info/SOURCES.txt'
[1.359s] Built target ament_cmake_python_build_sweepi_coverage_egg
[1.361s] Invoked command in '/home/sweepi/SweePi/build_diagnostic/sweepi_coverage' returned '0': CMAKE_PREFIX_PATH=${CMAKE_PREFIX_PATH}:/home/sweepi/SweePi/install/sweepi_temp_rpi_hardware:/home/sweepi/SweePi/install/sweepi_api_bridge:/home/sweepi/SweePi/install/sweepi_base_driver:/opt/ros/jazzy /usr/bin/cmake --build /home/sweepi/SweePi/build_diagnostic/sweepi_coverage -- -j4 -l4
[1.361s] Invoking command in '/home/sweepi/SweePi/build_diagnostic/sweepi_coverage': CMAKE_PREFIX_PATH=${CMAKE_PREFIX_PATH}:/home/sweepi/SweePi/install/sweepi_temp_rpi_hardware:/home/sweepi/SweePi/install/sweepi_api_bridge:/home/sweepi/SweePi/install/sweepi_base_driver:/opt/ros/jazzy /usr/bin/cmake --install /home/sweepi/SweePi/build_diagnostic/sweepi_coverage
[1.391s] -- Install configuration: ""
[1.392s] -- Execute custom install script
[1.392s] -- Up-to-date symlink: /home/sweepi/SweePi/install_diagnostic/sweepi_coverage/share/sweepi_coverage/environment/pythonpath.sh
[1.392s] -- Up-to-date symlink: /home/sweepi/SweePi/install_diagnostic/sweepi_coverage/share/sweepi_coverage/environment/pythonpath.dsv
[1.392s] -- Up-to-date symlink: /home/sweepi/SweePi/install_diagnostic/sweepi_coverage/lib/python3.12/site-packages/sweepi_coverage-0.1.0-py3.12.egg-info/PKG-INFO
[1.395s] -- Up-to-date symlink: /home/sweepi/SweePi/install_diagnostic/sweepi_coverage/lib/python3.12/site-packages/sweepi_coverage-0.1.0-py3.12.egg-info/SOURCES.txt
[1.397s] -- Up-to-date symlink: /home/sweepi/SweePi/install_diagnostic/sweepi_coverage/lib/python3.12/site-packages/sweepi_coverage-0.1.0-py3.12.egg-info/dependency_links.txt
[1.398s] -- Up-to-date symlink: /home/sweepi/SweePi/install_diagnostic/sweepi_coverage/lib/python3.12/site-packages/sweepi_coverage-0.1.0-py3.12.egg-info/top_level.txt
[1.400s] -- Up-to-date symlink: /home/sweepi/SweePi/install_diagnostic/sweepi_coverage/lib/python3.12/site-packages/sweepi_coverage/__init__.py
[1.405s] -- Up-to-date symlink: /home/sweepi/SweePi/install_diagnostic/sweepi_coverage/lib/python3.12/site-packages/sweepi_coverage/coverage_arm_follow_path_executor_node.py
[1.407s] -- Up-to-date symlink: /home/sweepi/SweePi/install_diagnostic/sweepi_coverage/lib/python3.12/site-packages/sweepi_coverage/coverage_executor_node.py
[1.408s] -- Up-to-date symlink: /home/sweepi/SweePi/install_diagnostic/sweepi_coverage/lib/python3.12/site-packages/sweepi_coverage/coverage_follow_path_executor_node.py
[1.408s] -- Up-to-date symlink: /home/sweepi/SweePi/install_diagnostic/sweepi_coverage/lib/python3.12/site-packages/sweepi_coverage/coverage_manager_node.py
[1.409s] -- Up-to-date symlink: /home/sweepi/SweePi/install_diagnostic/sweepi_coverage/lib/python3.12/site-packages/sweepi_coverage/coverage_planner_node.py
[1.410s] -- Up-to-date symlink: /home/sweepi/SweePi/install_diagnostic/sweepi_coverage/lib/python3.12/site-packages/sweepi_coverage/coverage_tracker_node.py
[1.416s] -- Up-to-date symlink: /home/sweepi/SweePi/install_diagnostic/sweepi_coverage/lib/python3.12/site-packages/sweepi_coverage/coverage_utils.py
[1.416s] -- Up-to-date symlink: /home/sweepi/SweePi/install_diagnostic/sweepi_coverage/share/sweepi_coverage/launch/coverage_follow_path.launch.py
[1.417s] -- Up-to-date symlink: /home/sweepi/SweePi/install_diagnostic/sweepi_coverage/share/sweepi_coverage/launch/coverage_system.launch.py
[1.418s] -- Up-to-date symlink: /home/sweepi/SweePi/install_diagnostic/sweepi_coverage/share/sweepi_coverage/launch/nav2_bringup.launch.py
[1.418s] -- Up-to-date symlink: /home/sweepi/SweePi/install_diagnostic/sweepi_coverage/share/sweepi_coverage/config/coverage_follow_path_params.yaml
[1.420s] -- Up-to-date symlink: /home/sweepi/SweePi/install_diagnostic/sweepi_coverage/share/sweepi_coverage/config/coverage_params.yaml
[1.424s] -- Up-to-date symlink: /home/sweepi/SweePi/install_diagnostic/sweepi_coverage/share/sweepi_coverage/config/nav2_coverage_params.yaml
[1.425s] -- Up-to-date symlink: /home/sweepi/SweePi/install_diagnostic/sweepi_coverage/lib/sweepi_coverage/coverage_tracker_node.py
[1.426s] -- Up-to-date symlink: /home/sweepi/SweePi/install_diagnostic/sweepi_coverage/lib/sweepi_coverage/coverage_planner_node.py
[1.427s] -- Up-to-date symlink: /home/sweepi/SweePi/install_diagnostic/sweepi_coverage/lib/sweepi_coverage/coverage_executor_node.py
[1.429s] -- Up-to-date symlink: /home/sweepi/SweePi/install_diagnostic/sweepi_coverage/lib/sweepi_coverage/coverage_follow_path_executor_node.py
[1.432s] -- Up-to-date symlink: /home/sweepi/SweePi/install_diagnostic/sweepi_coverage/lib/sweepi_coverage/coverage_arm_follow_path_executor_node.py
[1.434s] -- Up-to-date symlink: /home/sweepi/SweePi/install_diagnostic/sweepi_coverage/lib/sweepi_coverage/coverage_manager_node.py
[1.436s] -- Up-to-date symlink: /home/sweepi/SweePi/install_diagnostic/sweepi_coverage/share/ament_index/resource_index/package_run_dependencies/sweepi_coverage
[1.436s] -- Up-to-date symlink: /home/sweepi/SweePi/install_diagnostic/sweepi_coverage/share/ament_index/resource_index/parent_prefix_path/sweepi_coverage
[1.436s] -- Up-to-date symlink: /home/sweepi/SweePi/install_diagnostic/sweepi_coverage/share/sweepi_coverage/environment/ament_prefix_path.sh
[1.437s] -- Up-to-date symlink: /home/sweepi/SweePi/install_diagnostic/sweepi_coverage/share/sweepi_coverage/environment/ament_prefix_path.dsv
[1.437s] -- Up-to-date symlink: /home/sweepi/SweePi/install_diagnostic/sweepi_coverage/share/sweepi_coverage/environment/path.sh
[1.437s] -- Up-to-date symlink: /home/sweepi/SweePi/install_diagnostic/sweepi_coverage/share/sweepi_coverage/environment/path.dsv
[1.437s] -- Up-to-date symlink: /home/sweepi/SweePi/install_diagnostic/sweepi_coverage/share/sweepi_coverage/local_setup.bash
[1.439s] -- Up-to-date symlink: /home/sweepi/SweePi/install_diagnostic/sweepi_coverage/share/sweepi_coverage/local_setup.sh
[1.439s] -- Up-to-date symlink: /home/sweepi/SweePi/install_diagnostic/sweepi_coverage/share/sweepi_coverage/local_setup.zsh
[1.439s] -- Up-to-date symlink: /home/sweepi/SweePi/install_diagnostic/sweepi_coverage/share/sweepi_coverage/local_setup.dsv
[1.440s] -- Symlinking: /home/sweepi/SweePi/install_diagnostic/sweepi_coverage/share/sweepi_coverage/package.dsv
[1.440s] -- Up-to-date symlink: /home/sweepi/SweePi/install_diagnostic/sweepi_coverage/share/ament_index/resource_index/packages/sweepi_coverage
[1.440s] -- Up-to-date symlink: /home/sweepi/SweePi/install_diagnostic/sweepi_coverage/share/sweepi_coverage/cmake/sweepi_coverageConfig.cmake
[1.440s] -- Up-to-date symlink: /home/sweepi/SweePi/install_diagnostic/sweepi_coverage/share/sweepi_coverage/cmake/sweepi_coverageConfig-version.cmake
[1.440s] -- Up-to-date symlink: /home/sweepi/SweePi/install_diagnostic/sweepi_coverage/share/sweepi_coverage/package.xml
[1.523s] Listing '/home/sweepi/SweePi/install_diagnostic/sweepi_coverage/lib/python3.12/site-packages/sweepi_coverage'...
[1.552s] Invoked command in '/home/sweepi/SweePi/build_diagnostic/sweepi_coverage' returned '0': CMAKE_PREFIX_PATH=${CMAKE_PREFIX_PATH}:/home/sweepi/SweePi/install/sweepi_temp_rpi_hardware:/home/sweepi/SweePi/install/sweepi_api_bridge:/home/sweepi/SweePi/install/sweepi_base_driver:/opt/ros/jazzy /usr/bin/cmake --install /home/sweepi/SweePi/build_diagnostic/sweepi_coverage
