1783789379.8967240 [INFO] [launch]: All log files can be found below /home/sweepi/.ros/log/2026-07-11-22-32-59-895227-sweepi-5391
1783789379.8969512 [INFO] [launch]: Default logging verbosity is set to INFO
1783789380.2260828 [INFO] [base_driver_node-1]: process started with pid [5404]
1783789380.2279272 [INFO] [ekf_node-2]: process started with pid [5405]
1783789380.2287674 [INFO] [sllidar_node-3]: process started with pid [5406]
1783789380.2297013 [INFO] [robot_state_publisher-4]: process started with pid [5407]
1783789380.2299855 [INFO] [rviz2-5]: process started with pid [5408]
1783789380.2308662 [INFO] [sweepi_robot_manager_node.py-6]: process started with pid [5409]
1783789380.2316375 [INFO] [api_bridge_node-7]: process started with pid [5410]
1783789449.1802077 [WARNING] [launch]: user interrupted with ctrl-c (SIGINT)
1783789449.6600063 [INFO] [ekf_node-2]: process has finished cleanly [pid 5405]
1783789450.0155563 [INFO] [sllidar_node-3]: process has finished cleanly [pid 5406]
1783789450.0422766 [INFO] [robot_state_publisher-4]: process has finished cleanly [pid 5407]
1783789450.1614327 [ERROR] [base_driver_node-1]: process has died [pid 5404, exit code 1, cmd '/home/sweepi/SweePi/install/sweepi_base_driver/lib/sweepi_base_driver/base_driver_node --ros-args -r __node:=base_driver_node --params-file /home/sweepi/SweePi/install/sweepi_base_driver/share/sweepi_base_driver/config/base_driver_params.yaml --params-file /tmp/launch_params_k40p_yhr'].
1783789450.2517152 [WARNING] [launch]: user interrupted with ctrl-c (SIGINT) again, ignoring...
1783789450.2769961 [ERROR] [api_bridge_node-7]: process has died [pid 5410, exit code -2, cmd '/home/sweepi/SweePi/install/sweepi_api_bridge/lib/sweepi_api_bridge/api_bridge_node --ros-args -r __node:=sweepi_api_bridge --params-file /tmp/launch_params_1r0objax'].
1783789450.3027894 [ERROR] [rviz2-5]: process has died [pid 5408, exit code -2, cmd '/opt/ros/jazzy/lib/rviz2/rviz2 -d /home/sweepi/SweePi/install/sweepi_bringup/share/sweepi_bringup/rviz/urdf_config.rviz --ros-args -r __node:=rviz2 --params-file /tmp/launch_params_ss042rvu'].
1783789450.4636598 [WARNING] [launch]: user interrupted with ctrl-c (SIGINT) again, ignoring...
1783789450.6808968 [WARNING] [launch]: user interrupted with ctrl-c (SIGINT) again, ignoring...
1783789450.6965287 [ERROR] [sweepi_robot_manager_node.py-6]: process has died [pid 5409, exit code -2, cmd '/home/sweepi/SweePi/install/sweepi_robot_manager/lib/sweepi_robot_manager/sweepi_robot_manager_node.py --ros-args -r __node:=sweepi_robot_manager --params-file /tmp/launch_params_9veymxzh'].
