-- The C compiler identification is GNU 13.3.0
-- The CXX compiler identification is GNU 13.3.0
-- Detecting C compiler ABI info
-- Detecting C compiler ABI info - done
-- Check for working C compiler: /usr/bin/cc - skipped
-- Detecting C compile features
-- Detecting C compile features - done
-- Detecting CXX compiler ABI info
-- Detecting CXX compiler ABI info - done
-- Check for working CXX compiler: /usr/bin/c++ - skipped
-- Detecting CXX compile features
-- Detecting CXX compile features - done
-- Found ament_cmake: 2.5.6 (/opt/ros/jazzy/share/ament_cmake/cmake)
-- Found Python3: /usr/bin/python3 (found version "3.12.3") found components: Interpreter 
-- Override CMake install command with custom implementation using symlinks instead of copying resources
-- Found rclpy: 7.1.11 (/opt/ros/jazzy/share/rclpy/cmake)
-- Configuring done (1.6s)
-- Generating done (0.0s)
-- Build files have been written to: /home/sweepi/SweePi/build_diagnostic/sweepi_robot_manager
Built target ament_cmake_python_symlink_sweepi_robot_manager
running egg_info
creating sweepi_robot_manager.egg-info
writing sweepi_robot_manager.egg-info/PKG-INFO
writing dependency_links to sweepi_robot_manager.egg-info/dependency_links.txt
writing top-level names to sweepi_robot_manager.egg-info/top_level.txt
writing manifest file 'sweepi_robot_manager.egg-info/SOURCES.txt'
reading manifest file 'sweepi_robot_manager.egg-info/SOURCES.txt'
writing manifest file 'sweepi_robot_manager.egg-info/SOURCES.txt'
Built target ament_cmake_python_build_sweepi_robot_manager_egg
-- Install configuration: ""
-- Execute custom install script
-- Symlinking: /home/sweepi/SweePi/install_diagnostic/sweepi_robot_manager/share/sweepi_robot_manager/environment/pythonpath.sh
-- Symlinking: /home/sweepi/SweePi/install_diagnostic/sweepi_robot_manager/share/sweepi_robot_manager/environment/pythonpath.dsv
-- Symlinking: /home/sweepi/SweePi/install_diagnostic/sweepi_robot_manager/lib/python3.12/site-packages/sweepi_robot_manager-0.1.0-py3.12.egg-info/PKG-INFO
-- Symlinking: /home/sweepi/SweePi/install_diagnostic/sweepi_robot_manager/lib/python3.12/site-packages/sweepi_robot_manager-0.1.0-py3.12.egg-info/SOURCES.txt
-- Symlinking: /home/sweepi/SweePi/install_diagnostic/sweepi_robot_manager/lib/python3.12/site-packages/sweepi_robot_manager-0.1.0-py3.12.egg-info/dependency_links.txt
-- Symlinking: /home/sweepi/SweePi/install_diagnostic/sweepi_robot_manager/lib/python3.12/site-packages/sweepi_robot_manager-0.1.0-py3.12.egg-info/top_level.txt
-- Symlinking: /home/sweepi/SweePi/install_diagnostic/sweepi_robot_manager/lib/python3.12/site-packages/sweepi_robot_manager/__init__.py
-- Symlinking: /home/sweepi/SweePi/install_diagnostic/sweepi_robot_manager/lib/python3.12/site-packages/sweepi_robot_manager/sweepi_robot_manager_node.py
-- Symlinking: /home/sweepi/SweePi/install_diagnostic/sweepi_robot_manager/share/sweepi_robot_manager/launch/coverage_task.launch.py
-- Symlinking: /home/sweepi/SweePi/install_diagnostic/sweepi_robot_manager/share/sweepi_robot_manager/launch/exploration_task.launch.py
-- Symlinking: /home/sweepi/SweePi/install_diagnostic/sweepi_robot_manager/share/sweepi_robot_manager/launch/master.launch.py
-- Symlinking: /home/sweepi/SweePi/install_diagnostic/sweepi_robot_manager/lib/sweepi_robot_manager/sweepi_robot_manager_node.py
-- Symlinking: /home/sweepi/SweePi/install_diagnostic/sweepi_robot_manager/share/ament_index/resource_index/package_run_dependencies/sweepi_robot_manager
-- Symlinking: /home/sweepi/SweePi/install_diagnostic/sweepi_robot_manager/share/ament_index/resource_index/parent_prefix_path/sweepi_robot_manager
-- Symlinking: /home/sweepi/SweePi/install_diagnostic/sweepi_robot_manager/share/sweepi_robot_manager/environment/ament_prefix_path.sh
-- Symlinking: /home/sweepi/SweePi/install_diagnostic/sweepi_robot_manager/share/sweepi_robot_manager/environment/ament_prefix_path.dsv
-- Symlinking: /home/sweepi/SweePi/install_diagnostic/sweepi_robot_manager/share/sweepi_robot_manager/environment/path.sh
-- Symlinking: /home/sweepi/SweePi/install_diagnostic/sweepi_robot_manager/share/sweepi_robot_manager/environment/path.dsv
-- Symlinking: /home/sweepi/SweePi/install_diagnostic/sweepi_robot_manager/share/sweepi_robot_manager/local_setup.bash
-- Symlinking: /home/sweepi/SweePi/install_diagnostic/sweepi_robot_manager/share/sweepi_robot_manager/local_setup.sh
-- Symlinking: /home/sweepi/SweePi/install_diagnostic/sweepi_robot_manager/share/sweepi_robot_manager/local_setup.zsh
-- Symlinking: /home/sweepi/SweePi/install_diagnostic/sweepi_robot_manager/share/sweepi_robot_manager/local_setup.dsv
-- Symlinking: /home/sweepi/SweePi/install_diagnostic/sweepi_robot_manager/share/sweepi_robot_manager/package.dsv
-- Symlinking: /home/sweepi/SweePi/install_diagnostic/sweepi_robot_manager/share/ament_index/resource_index/packages/sweepi_robot_manager
-- Symlinking: /home/sweepi/SweePi/install_diagnostic/sweepi_robot_manager/share/sweepi_robot_manager/cmake/sweepi_robot_managerConfig.cmake
-- Symlinking: /home/sweepi/SweePi/install_diagnostic/sweepi_robot_manager/share/sweepi_robot_manager/cmake/sweepi_robot_managerConfig-version.cmake
-- Symlinking: /home/sweepi/SweePi/install_diagnostic/sweepi_robot_manager/share/sweepi_robot_manager/package.xml
Listing '/home/sweepi/SweePi/install_diagnostic/sweepi_robot_manager/lib/python3.12/site-packages/sweepi_robot_manager'...
Compiling '/home/sweepi/SweePi/install_diagnostic/sweepi_robot_manager/lib/python3.12/site-packages/sweepi_robot_manager/__init__.py'...
Compiling '/home/sweepi/SweePi/install_diagnostic/sweepi_robot_manager/lib/python3.12/site-packages/sweepi_robot_manager/sweepi_robot_manager_node.py'...
