===== api_path_signature_source =====
$ bash -lc sed -n "1450,1575p" src/sweepi_api_bridge/sweepi_api_bridge/api_bridge_node.py; sed -n "2410,2475p" src/sweepi_api_bridge/sweepi_api_bridge/api_bridge_node.py
            initial_pose=None,
            initial_pose_required=True,
            progress_percent=0.0,
            coverage_map_id=coverage_map_id,
            next_steps=[
                'Set initial pose from RViz or POST /api/localization/initial-pose.',
                'Call POST /api/cleaning/validate.',
                'Call POST /api/cleaning/start-motion.',
            ],
        )

    def _api_validate_cleaning(self):
        ready = self._cleaning_preconditions(require_path=True)
        if not ready['accepted']:
            return self._error(
                ready['message'],
                'INVALID_STATE',
                accepted=False,
                completed=False,
                task_finished=False,
                command='validate_cleaning',
                state=ready.get('state', 'validation_blocked'),
            )
        path_state = self._current_coverage_path_state()
        if not path_state['available']:
            return self._error(
                'Coverage path is not available yet.',
                'INVALID_STATE',
                accepted=False,
                completed=False,
                task_finished=False,
                command='validate_cleaning',
                state='coverage_path_unavailable',
            )
        result = self._call_trigger('/validate_coverage_follow_path')
        if result['success']:
            self.validated_for_current_path = True
            self.validated_coverage_path_signature = path_state['signature']
            self.state.update(coverage_validated=True, robot_state='coverage_validated', task_phase='coverage_validated')
            return self._success(
                'Coverage validation completed successfully.',
                command='validate_cleaning',
                accepted=True,
                completed=True,
                task_finished=False,
                state='coverage_validated',
                task_id=self.state.snapshot().get('active_task_id'),
                map_id=self.state.snapshot().get('active_map_id'),
                coverage_map_id=self.state.snapshot().get('active_coverage_map_id'),
                path_pose_count=path_state['pose_count'],
                path_signature=path_state['signature'],
                next_steps=['Call POST /api/cleaning/start-motion.'],
            )
        self.validated_for_current_path = False
        self.validated_coverage_path_signature = None
        self.state.update(coverage_validated=False, task_phase='coverage_validation_failed')
        return self._error(
            'Coverage validation failed.',
            'COVERAGE_VALIDATION_FAILED',
            {'reason': result.get('message', 'Service call failed')},
            accepted=result.get('accepted', True),
            completed=False,
            task_finished=False,
            command='validate_cleaning',
            state='coverage_validation_failed',
            task_id=self.state.snapshot().get('active_task_id'),
            map_id=self.state.snapshot().get('active_map_id'),
            coverage_map_id=self.state.snapshot().get('active_coverage_map_id'),
        )

    def _api_start_cleaning_motion(self):
        ready = self._cleaning_preconditions(require_path=True)
        if not ready['accepted']:
            return self._error(
                ready['message'],
                'INVALID_STATE',
                accepted=False,
                completed=False,
                task_finished=False,
                command='start_cleaning_motion',
                state=ready.get('state', 'start_blocked'),
            )
        snapshot = self.state.snapshot()
        path_state = self._current_coverage_path_state()
        path_changed_after_validation = (
            self.validated_coverage_path_signature is None
            or path_state['signature'] != self.validated_coverage_path_signature
        )
        if (
            not path_state['available']
            or not snapshot.get('coverage_validated')
            or path_changed_after_validation
        ):
            return self._error(
                'Coverage validation is required before starting motion.',
                'VALIDATION_REQUIRED',
                accepted=False,
                completed=False,
                task_finished=False,
                command='start_cleaning_motion',
                state='validation_required',
                task_id=snapshot.get('active_task_id'),
                map_id=snapshot.get('active_map_id'),
                coverage_map_id=snapshot.get('active_coverage_map_id'),
                path_available=path_state['available'],
                path_pose_count=path_state['pose_count'],
            )
        result = self._call_trigger('/start_coverage_follow_path')
        if result['success']:
            self.state.update(robot_state='cleaning', cleaning_paused=False, task_phase='cleaning')
            return self._success(
                'Cleaning motion started.',
                command='start_cleaning_motion',
                accepted=True,
                completed=True,
                task_finished=False,
                state='cleaning',
                task_id=self.state.snapshot().get('active_task_id'),
                map_id=self.state.snapshot().get('active_map_id'),
                coverage_map_id=self.state.snapshot().get('active_coverage_map_id'),
            )
        return self._error(
            'Cleaning motion failed to start.',
            'CLEANING_START_FAILED',
            {'reason': result.get('message', 'Service call failed')},
            accepted=result.get('accepted', True),
    def _coverage_map_callback(self, msg):
        available = bool(msg.info.width and msg.info.height and msg.data)
        with self.data_lock:
            self.coverage_map = msg if available else None
        self.state.update(coverage_map_available=available)

    def _coverage_path_callback(self, msg):
        available = bool(msg.poses)
        new_signature = self._coverage_path_signature(msg) if available else None
        path_changed = new_signature != self.coverage_path_signature
        with self.data_lock:
            self.coverage_path = msg if available else None
            self.coverage_path_signature = new_signature
        updates = {'coverage_path_available': available}
        if not available or path_changed:
            self.validated_for_current_path = False
            self.validated_coverage_path_signature = None
            updates['coverage_validated'] = False
        self.state.update(**updates)

    def _coverage_path_signature(self, msg):
        poses = list(msg.poses or [])
        if not poses:
            return None
        first = poses[0].pose.position
        middle = poses[len(poses) // 2].pose.position
        last = poses[-1].pose.position
        stamp = msg.header.stamp
        return (
            len(poses),
            msg.header.frame_id or '',
            int(stamp.sec),
            int(stamp.nanosec),
            round(float(first.x), 3),
            round(float(first.y), 3),
            round(float(middle.x), 3),
            round(float(middle.y), 3),
            round(float(last.x), 3),
            round(float(last.y), 3),
        )

    def _current_coverage_path_state(self):
        with self.data_lock:
            path = self.coverage_path
            signature = self.coverage_path_signature
        pose_count = len(path.poses) if path is not None else 0
        return {
            'available': path is not None and pose_count > 0 and signature is not None,
            'pose_count': pose_count,
            'signature': signature,
        }

    def _coverage_percentage_callback(self, msg):
        self.coverage_percentage = float(msg.data)

    def _coverage_stats_callback(self, msg):
        self.coverage_stats = str(msg.data or '')

    def _coverage_execution_status_callback(self, msg):
        status = str(msg.data or '').strip()
        if status:
            self.coverage_execution_status = status
        if status == 'PAUSED':
            self.state.update(robot_state='paused', cleaning_paused=True)
        elif status in ('FOLLOWING_PATH', 'RUNNING'):
            self.state.update(
exit=0
