===== api_stop_reset_source =====
$ bash -lc rg -n "def _api_.*cleaning|stop_cleaning|reset_cleaning|coverage_path_available|task_finished|_reset|clear" src/sweepi_api_bridge/sweepi_api_bridge/api_bridge_node.py src/sweepi_api_bridge/sweepi_api_bridge/runtime_state.py -S | head -n 250; sed -n "1500,1635p" src/sweepi_api_bridge/sweepi_api_bridge/api_bridge_node.py; sed -n "2220,2355p" src/sweepi_api_bridge/sweepi_api_bridge/api_bridge_node.py; sed -n "1,130p" src/sweepi_api_bridge/sweepi_api_bridge/runtime_state.py
src/sweepi_api_bridge/sweepi_api_bridge/runtime_state.py:29:    coverage_path_available: bool = False
src/sweepi_api_bridge/sweepi_api_bridge/runtime_state.py:33:    task_finished: bool = False
src/sweepi_api_bridge/sweepi_api_bridge/runtime_state.py:61:    def reset_cleaning(self):
src/sweepi_api_bridge/sweepi_api_bridge/runtime_state.py:70:            self._state.coverage_path_available = False
src/sweepi_api_bridge/sweepi_api_bridge/runtime_state.py:77:            self._state.task_finished = False
src/sweepi_api_bridge/sweepi_api_bridge/runtime_state.py:100:            self._state.task_finished = False
src/sweepi_api_bridge/sweepi_api_bridge/api_bridge_node.py:308:        task_finished=None,
src/sweepi_api_bridge/sweepi_api_bridge/api_bridge_node.py:325:        if task_finished is not None:
src/sweepi_api_bridge/sweepi_api_bridge/api_bridge_node.py:326:            payload['task_finished'] = bool(task_finished)
src/sweepi_api_bridge/sweepi_api_bridge/api_bridge_node.py:340:        task_finished=None,
src/sweepi_api_bridge/sweepi_api_bridge/api_bridge_node.py:360:        if task_finished is not None:
src/sweepi_api_bridge/sweepi_api_bridge/api_bridge_node.py:361:            payload['task_finished'] = bool(task_finished)
src/sweepi_api_bridge/sweepi_api_bridge/api_bridge_node.py:375:        task_finished=False,
src/sweepi_api_bridge/sweepi_api_bridge/api_bridge_node.py:384:                task_finished=task_finished,
src/sweepi_api_bridge/sweepi_api_bridge/api_bridge_node.py:394:            task_finished=False,
src/sweepi_api_bridge/sweepi_api_bridge/api_bridge_node.py:411:        if 'task_finished' in payload:
src/sweepi_api_bridge/sweepi_api_bridge/api_bridge_node.py:412:            updates['task_finished'] = bool(payload.get('task_finished'))
src/sweepi_api_bridge/sweepi_api_bridge/api_bridge_node.py:423:        payload.setdefault('task_finished', False)
src/sweepi_api_bridge/sweepi_api_bridge/api_bridge_node.py:451:                task_finished=False,
src/sweepi_api_bridge/sweepi_api_bridge/api_bridge_node.py:472:                    task_finished=True,
src/sweepi_api_bridge/sweepi_api_bridge/api_bridge_node.py:494:                task_finished=False,
src/sweepi_api_bridge/sweepi_api_bridge/api_bridge_node.py:573:                task_finished=False,
src/sweepi_api_bridge/sweepi_api_bridge/api_bridge_node.py:585:                task_finished=False,
src/sweepi_api_bridge/sweepi_api_bridge/api_bridge_node.py:593:                self.state.reset_cleaning()
src/sweepi_api_bridge/sweepi_api_bridge/api_bridge_node.py:597:                command='stop_cleaning',
src/sweepi_api_bridge/sweepi_api_bridge/api_bridge_node.py:599:                task_finished=True,
src/sweepi_api_bridge/sweepi_api_bridge/api_bridge_node.py:608:                self._clear_coverage_cache()
src/sweepi_api_bridge/sweepi_api_bridge/api_bridge_node.py:609:                self.state.reset_cleaning()
src/sweepi_api_bridge/sweepi_api_bridge/api_bridge_node.py:613:                command='reset_cleaning',
src/sweepi_api_bridge/sweepi_api_bridge/api_bridge_node.py:615:                task_finished=True,
src/sweepi_api_bridge/sweepi_api_bridge/api_bridge_node.py:628:                task_finished=False,
src/sweepi_api_bridge/sweepi_api_bridge/api_bridge_node.py:648:                task_finished=False,
src/sweepi_api_bridge/sweepi_api_bridge/api_bridge_node.py:658:                task_finished=False,
src/sweepi_api_bridge/sweepi_api_bridge/api_bridge_node.py:671:                task_finished=False,
src/sweepi_api_bridge/sweepi_api_bridge/api_bridge_node.py:686:                task_finished=False,
src/sweepi_api_bridge/sweepi_api_bridge/api_bridge_node.py:704:                task_finished=False,
src/sweepi_api_bridge/sweepi_api_bridge/api_bridge_node.py:714:                task_finished=False,
src/sweepi_api_bridge/sweepi_api_bridge/api_bridge_node.py:723:            task_finished=False,
src/sweepi_api_bridge/sweepi_api_bridge/api_bridge_node.py:749:                task_finished=False,
src/sweepi_api_bridge/sweepi_api_bridge/api_bridge_node.py:760:                task_finished=False,
src/sweepi_api_bridge/sweepi_api_bridge/api_bridge_node.py:784:                task_finished=False,
src/sweepi_api_bridge/sweepi_api_bridge/api_bridge_node.py:794:            task_finished=False,
src/sweepi_api_bridge/sweepi_api_bridge/api_bridge_node.py:820:                task_finished=False,
src/sweepi_api_bridge/sweepi_api_bridge/api_bridge_node.py:836:                task_finished=False,
src/sweepi_api_bridge/sweepi_api_bridge/api_bridge_node.py:848:            task_finished=True,
src/sweepi_api_bridge/sweepi_api_bridge/api_bridge_node.py:875:                task_finished=False,
src/sweepi_api_bridge/sweepi_api_bridge/api_bridge_node.py:890:                task_finished=False,
src/sweepi_api_bridge/sweepi_api_bridge/api_bridge_node.py:912:                task_finished=False,
src/sweepi_api_bridge/sweepi_api_bridge/api_bridge_node.py:924:            task_finished=False,
src/sweepi_api_bridge/sweepi_api_bridge/api_bridge_node.py:939:                task_finished=False,
src/sweepi_api_bridge/sweepi_api_bridge/api_bridge_node.py:954:                task_finished=False,
src/sweepi_api_bridge/sweepi_api_bridge/api_bridge_node.py:965:            task_finished=False,
src/sweepi_api_bridge/sweepi_api_bridge/api_bridge_node.py:985:                task_finished=False,
src/sweepi_api_bridge/sweepi_api_bridge/api_bridge_node.py:1012:                task_finished=False,
src/sweepi_api_bridge/sweepi_api_bridge/api_bridge_node.py:1035:                    task_finished=False,
src/sweepi_api_bridge/sweepi_api_bridge/api_bridge_node.py:1050:                task_finished=False,
src/sweepi_api_bridge/sweepi_api_bridge/api_bridge_node.py:1061:                task_finished=False,
src/sweepi_api_bridge/sweepi_api_bridge/api_bridge_node.py:1072:                task_finished=False,
src/sweepi_api_bridge/sweepi_api_bridge/api_bridge_node.py:1098:                    task_finished=False,
src/sweepi_api_bridge/sweepi_api_bridge/api_bridge_node.py:1115:            task_finished=False,
src/sweepi_api_bridge/sweepi_api_bridge/api_bridge_node.py:1136:                task_finished=False,
src/sweepi_api_bridge/sweepi_api_bridge/api_bridge_node.py:1155:            task_finished=False,
src/sweepi_api_bridge/sweepi_api_bridge/api_bridge_node.py:1245:    def _api_start_cleaning(self, body):
src/sweepi_api_bridge/sweepi_api_bridge/api_bridge_node.py:1253:                task_finished=False,
src/sweepi_api_bridge/sweepi_api_bridge/api_bridge_node.py:1263:                task_finished=False,
src/sweepi_api_bridge/sweepi_api_bridge/api_bridge_node.py:1275:                task_finished=False,
src/sweepi_api_bridge/sweepi_api_bridge/api_bridge_node.py:1286:                task_finished=False,
src/sweepi_api_bridge/sweepi_api_bridge/api_bridge_node.py:1302:                task_finished=False,
src/sweepi_api_bridge/sweepi_api_bridge/api_bridge_node.py:1316:                task_finished=False,
src/sweepi_api_bridge/sweepi_api_bridge/api_bridge_node.py:1383:                task_finished=False,
src/sweepi_api_bridge/sweepi_api_bridge/api_bridge_node.py:1388:        self._clear_coverage_cache()
src/sweepi_api_bridge/sweepi_api_bridge/api_bridge_node.py:1408:            coverage_path_available=False,
src/sweepi_api_bridge/sweepi_api_bridge/api_bridge_node.py:1415:            task_finished=False,
src/sweepi_api_bridge/sweepi_api_bridge/api_bridge_node.py:1427:            self.state.reset_cleaning()
src/sweepi_api_bridge/sweepi_api_bridge/api_bridge_node.py:1433:                task_finished=False,
src/sweepi_api_bridge/sweepi_api_bridge/api_bridge_node.py:1444:            task_finished=False,
src/sweepi_api_bridge/sweepi_api_bridge/api_bridge_node.py:1461:    def _api_validate_cleaning(self):
src/sweepi_api_bridge/sweepi_api_bridge/api_bridge_node.py:1469:                task_finished=False,
src/sweepi_api_bridge/sweepi_api_bridge/api_bridge_node.py:1480:                task_finished=False,
src/sweepi_api_bridge/sweepi_api_bridge/api_bridge_node.py:1494:                task_finished=False,
src/sweepi_api_bridge/sweepi_api_bridge/api_bridge_node.py:1512:            task_finished=False,
src/sweepi_api_bridge/sweepi_api_bridge/api_bridge_node.py:1520:    def _api_start_cleaning_motion(self):
src/sweepi_api_bridge/sweepi_api_bridge/api_bridge_node.py:1528:                task_finished=False,
src/sweepi_api_bridge/sweepi_api_bridge/api_bridge_node.py:1548:                task_finished=False,
src/sweepi_api_bridge/sweepi_api_bridge/api_bridge_node.py:1565:                task_finished=False,
src/sweepi_api_bridge/sweepi_api_bridge/api_bridge_node.py:1577:            task_finished=False,
src/sweepi_api_bridge/sweepi_api_bridge/api_bridge_node.py:1843:        if require_path and not snapshot['coverage_path_available']:
src/sweepi_api_bridge/sweepi_api_bridge/api_bridge_node.py:1939:            coverage_path_available=snapshot['coverage_path_available'],
src/sweepi_api_bridge/sweepi_api_bridge/api_bridge_node.py:1940:            path_available=snapshot['coverage_path_available'],
src/sweepi_api_bridge/sweepi_api_bridge/api_bridge_node.py:1946:            task_finished=snapshot['task_finished'],
src/sweepi_api_bridge/sweepi_api_bridge/api_bridge_node.py:1990:            return ['Poll GET /api/cleaning/status until task_finished is true.']
src/sweepi_api_bridge/sweepi_api_bridge/api_bridge_node.py:2062:                'path_available': snapshot['coverage_path_available'],
src/sweepi_api_bridge/sweepi_api_bridge/api_bridge_node.py:2063:                'coverage_path_available': snapshot['coverage_path_available'],
src/sweepi_api_bridge/sweepi_api_bridge/api_bridge_node.py:2068:                'task_finished': snapshot['task_finished'],
src/sweepi_api_bridge/sweepi_api_bridge/api_bridge_node.py:2253:    def _clear_coverage_cache(self):
src/sweepi_api_bridge/sweepi_api_bridge/api_bridge_node.py:2319:        path_available = snapshot['coverage_path_available']
src/sweepi_api_bridge/sweepi_api_bridge/api_bridge_node.py:2323:                coverage_path_available=path_available,
src/sweepi_api_bridge/sweepi_api_bridge/api_bridge_node.py:2342:            coverage_path_available=path_available,
src/sweepi_api_bridge/sweepi_api_bridge/api_bridge_node.py:2357:                and not snapshot.get('task_finished')
src/sweepi_api_bridge/sweepi_api_bridge/api_bridge_node.py:2359:                self.state.reset_cleaning()
src/sweepi_api_bridge/sweepi_api_bridge/api_bridge_node.py:2423:        updates = {'coverage_path_available': available}
src/sweepi_api_bridge/sweepi_api_bridge/api_bridge_node.py:2481:                task_finished=False,
src/sweepi_api_bridge/sweepi_api_bridge/api_bridge_node.py:2489:                task_finished=True,
src/sweepi_api_bridge/sweepi_api_bridge/api_bridge_node.py:2497:                task_finished=True,
                path_signature=path_state['signature'],
                next_steps=['Call POST /api/cleaning/start-motion.'],
            )
        self.validated_for_current_path = False
        self.validated_coverage_path_signature = None
        self.state.update(coverage_validated=False, task_phase='coverage_validation_failed')
        return self._error(
            'Coverage validation failed.',
            'COVERAGE_VALIDATION_FAILED',
            {'reason': result.get('message', 'Service call failed')},
            accepted=result.get('accepted', True),
            completed=False,
            task_finished=False,
            command='validate_cleaning',
            state='coverage_validation_failed',
            task_id=self.state.snapshot().get('active_task_id'),
            map_id=self.state.snapshot().get('active_map_id'),
            coverage_map_id=self.state.snapshot().get('active_coverage_map_id'),
        )

    def _api_start_cleaning_motion(self):
        ready = self._cleaning_preconditions(require_path=True)
        if not ready['accepted']:
            return self._error(
                ready['message'],
                'INVALID_STATE',
                accepted=False,
                completed=False,
                task_finished=False,
                command='start_cleaning_motion',
                state=ready.get('state', 'start_blocked'),
            )
        snapshot = self.state.snapshot()
        path_state = self._current_coverage_path_state()
        path_changed_after_validation = (
            self.validated_coverage_path_signature is None
            or path_state['signature'] != self.validated_coverage_path_signature
        )
        if (
            not path_state['available']
            or not snapshot.get('coverage_validated')
            or path_changed_after_validation
        ):
            return self._error(
                'Coverage validation is required before starting motion.',
                'VALIDATION_REQUIRED',
                accepted=False,
                completed=False,
                task_finished=False,
                command='start_cleaning_motion',
                state='validation_required',
                task_id=snapshot.get('active_task_id'),
                map_id=snapshot.get('active_map_id'),
                coverage_map_id=snapshot.get('active_coverage_map_id'),
                path_available=path_state['available'],
                path_pose_count=path_state['pose_count'],
            )
        result = self._call_trigger('/start_coverage_follow_path')
        if result['success']:
            self.state.update(robot_state='cleaning', cleaning_paused=False, task_phase='cleaning')
            return self._success(
                'Cleaning motion started.',
                command='start_cleaning_motion',
                accepted=True,
                completed=True,
                task_finished=False,
                state='cleaning',
                task_id=self.state.snapshot().get('active_task_id'),
                map_id=self.state.snapshot().get('active_map_id'),
                coverage_map_id=self.state.snapshot().get('active_coverage_map_id'),
            )
        return self._error(
            'Cleaning motion failed to start.',
            'CLEANING_START_FAILED',
            {'reason': result.get('message', 'Service call failed')},
            accepted=result.get('accepted', True),
            completed=False,
            task_finished=False,
            command='start_cleaning_motion',
            state='cleaning_start_failed',
            task_id=self.state.snapshot().get('active_task_id'),
            map_id=self.state.snapshot().get('active_map_id'),
            coverage_map_id=self.state.snapshot().get('active_coverage_map_id'),
        )

    def _api_store_sections(self, map_id, body):
        if not self.map_store.exists(map_id):
            return self._error(
                'Map not found.',
                'MAP_NOT_FOUND',
                {'map_id': map_id},
                accepted=False,
            )
        validation = self._validate_sections_payload(
            body,
            require_bounds=True,
            allow_empty=True,
        )
        if validation is not None:
            return validation
        meta = self.map_store.update_metadata(
            map_id,
            sections=body.get('sections', []),
            no_go_zones=body.get('no_go_zones', []),
        )
        return self._success(
            'Map sections saved.',
            accepted=True,
            **self._contract_map_metadata(meta),
        )

    def _store_inline_sections_if_present(self, map_id, body):
        if 'sections' not in body and 'no_go_zones' not in body:
            return None
        validation = self._validate_sections_payload(body)
        if validation is not None:
            return validation
        self.map_store.write_sections(
            map_id,
            body.get('sections', []),
            body.get('no_go_zones', []),
        )
        return {'ok': True}

    def _normalize_cleaning_mode(self, value):
        mode = str(value or '').strip().lower().replace('_', '-')
        if mode in ('full-map', 'fullmap'):
            return 'full-map'
        if mode == 'sections':
            return 'sections'
        return ''

    def _validate_initial_pose_payload(self, initial_pose):
        if not isinstance(initial_pose, dict):
            return self._error(
                'initial_pose is required.',
                if last_pose is None
                else 'AMCL pose did not match requested initial pose before timeout'
            ),
            'pose': last_pose,
            'distance_tolerance': distance_tolerance,
            'yaw_tolerance': yaw_tolerance,
            'timeout_sec': timeout_sec,
        }

    def _angle_delta(self, a, b):
        return math.atan2(math.sin(a - b), math.cos(a - b))

    def _publish_velocity(self, linear_x, angular_z):
        msg = Twist()
        msg.linear.x = float(linear_x)
        msg.angular.z = float(angular_z)
        try:
            self.cmd_vel_pub.publish(msg)
        except Exception as exc:
            self.get_logger().debug('Could not publish /cmd_vel: %s' % exc)

    def _publish_zero_velocity(self):
        self.manual_command_expiry = 0.0
        self._publish_velocity(0.0, 0.0)

    def _manual_drive_allowed(self):
        snapshot = self.state.snapshot()
        return (
            snapshot['active_task'] == 'exploration'
            and snapshot['exploration_active']
            and snapshot['exploration_mode'] == 'manual'
        )

    def _clear_coverage_cache(self):
        with self.data_lock:
            self.coverage_map = None
            self.coverage_path = None
            self.coverage_percentage = 0.0
            self.coverage_stats = ''
            self.coverage_execution_status = 'WAITING_FOR_PATH'
            self.coverage_path_signature = None
        self.validated_for_current_path = False
        self.validated_coverage_path_signature = None

    def _timer_callback(self):
        now = time.monotonic()
        if self.manual_command_expiry and now >= self.manual_command_expiry:
            self._publish_zero_velocity()
        if now - self.last_pose_lookup_time >= 1.0:
            self.last_pose_lookup_time = now
            self._update_robot_pose()
        self._update_coverage_readiness()

    def _update_robot_pose(self, force=False):
        snapshot = self.state.snapshot()
        needs_pose = (
            force
            or snapshot['initial_pose_received']
            or snapshot['exploration_active']
            or snapshot['robot_state'] in ('cleaning', 'paused', 'returning_home')
        )
        if not needs_pose:
            self.pose_available = False
            return
        self._ensure_tf_listener()
        try:
            transform = self.tf_buffer.lookup_transform(
                'map',
                'base_link',
                Time(),
                timeout=Duration(seconds=0.02),
            )
        except TransformException:
            self.pose_available = False
            return
        translation = transform.transform.translation
        rotation = transform.transform.rotation
        yaw = math.atan2(
            2.0 * (rotation.w * rotation.z + rotation.x * rotation.y),
            1.0 - 2.0 * (rotation.y * rotation.y + rotation.z * rotation.z),
        )
        self.robot_pose = {
            'x': float(translation.x),
            'y': float(translation.y),
            'yaw': float(yaw),
            'frame': 'map',
        }
        self.pose_available = True

    def _ensure_tf_listener(self):
        if self.tf_buffer is not None:
            return
        self.tf_buffer = Buffer()
        self.tf_listener = TransformListener(self.tf_buffer, self)

    def _update_coverage_readiness(self):
        snapshot = self.state.snapshot()
        if not snapshot['cleaning_active']:
            return
        path_available = snapshot['coverage_path_available']
        map_available = snapshot['coverage_map_available']
        if snapshot['robot_state'] in ('cleaning', 'paused', 'returning_home'):
            self.state.update(
                coverage_path_available=path_available,
                coverage_map_available=map_available,
            )
            return
        if (
            not snapshot['initial_pose_confirmed']
            and snapshot['robot_state'] == 'initial_pose_failed'
        ):
            next_state = 'initial_pose_failed'
        elif not snapshot['initial_pose_confirmed']:
            next_state = 'waiting_for_initial_pose'
        elif snapshot['coverage_validated']:
            next_state = 'coverage_validated'
        elif self.pose_available and path_available:
            next_state = 'coverage_ready'
        else:
            next_state = 'coverage_preparing'
        self.state.update(
            robot_state=next_state,
            coverage_path_available=path_available,
            coverage_map_available=map_available,
        )

    def _manager_status_callback(self, msg):
        self.manager_status = str(msg.data or '')
        fields = self._parse_status_fields(self.manager_status)
        task = fields.get('task')
        if task == 'idle':
            snapshot = self.state.snapshot()
            if snapshot['active_task'] == 'exploration':
                self.state.reset_exploration()
            elif (
                snapshot['active_task'] == 'cleaning'
"""Thread-safe runtime state for the SweePi API bridge."""

from dataclasses import asdict, dataclass, field
import threading
import time


@dataclass
class RuntimeState:
    robot_state: str = 'idle'
    active_task: str = 'none'
    exploration_active: bool = False
    exploration_mode: str = 'unknown'
    cleaning_active: bool = False
    cleaning_paused: bool = False
    active_map_id: str = None
    active_area_name: str = None
    active_task_id: str = None
    active_sections: list = field(default_factory=list)
    active_coverage_map_id: str = None
    cleaning_mode: str = None
    initial_pose_received: bool = False
    initial_pose_confirmed: bool = False
    initial_pose_source: str = None
    initial_pose: dict = None
    last_command: str = None
    last_command_result: dict = None
    coverage_validated: bool = False
    coverage_path_available: bool = False
    coverage_map_available: bool = False
    live_map_available: bool = False
    last_error: dict = None
    task_finished: bool = False
    task_result: str = None
    task_phase: str = None
    warnings: list = field(default_factory=list)
    last_updated_sec: float = field(default_factory=time.time)


class StateStore:
    def __init__(self):
        self._state = RuntimeState()
        self._lock = threading.RLock()

    @property
    def lock(self):
        return self._lock

    def snapshot(self):
        with self._lock:
            return asdict(self._state)

    def update(self, **kwargs):
        with self._lock:
            for key, value in kwargs.items():
                if hasattr(self._state, key):
                    setattr(self._state, key, value)
            self._state.last_updated_sec = time.time()
            return asdict(self._state)

    def reset_cleaning(self):
        with self._lock:
            self._state.cleaning_active = False
            self._state.cleaning_paused = False
            self._state.initial_pose_received = False
            self._state.initial_pose_confirmed = False
            self._state.initial_pose_source = None
            self._state.initial_pose = None
            self._state.coverage_validated = False
            self._state.coverage_path_available = False
            self._state.coverage_map_available = False
            self._state.cleaning_mode = None
            self._state.active_task_id = None
            self._state.active_sections = []
            self._state.active_coverage_map_id = None
            self._state.last_error = None
            self._state.task_finished = False
            self._state.task_result = None
            self._state.task_phase = None
            if self._state.active_task == 'cleaning':
                self._state.active_task = 'none'
                self._state.active_map_id = None
            if self._state.robot_state in (
                'coverage_preparing',
                'waiting_for_initial_pose',
                'coverage_ready',
                'cleaning',
                'paused',
                'returning_home',
            ):
                self._state.robot_state = 'idle'
            self._state.last_updated_sec = time.time()
            return asdict(self._state)

    def reset_exploration(self):
        with self._lock:
            self._state.exploration_active = False
            self._state.exploration_mode = 'stopped'
            self._state.last_error = None
            self._state.task_finished = False
            self._state.task_result = None
            self._state.task_phase = None
            if self._state.active_task == 'exploration':
                self._state.active_task = 'none'
                self._state.active_area_name = None
                self._state.active_map_id = None
            if self._state.robot_state in ('exploring', 'exploration_stopped'):
                self._state.robot_state = 'idle'
            self._state.last_updated_sec = time.time()
            return asdict(self._state)
exit=0
