===== build_api_cleanup_fixes =====
$ bash -lc source /opt/ros/jazzy/setup.bash && python3 -m py_compile src/sweepi_api_bridge/sweepi_api_bridge/api_bridge_node.py src/sweepi_api_bridge/sweepi_api_bridge/runtime_state.py src/sweepi_api_bridge/sweepi_api_bridge/map_store.py && colcon build --symlink-install --packages-select sweepi_api_bridge --event-handlers console_direct+
[0.478s] WARNING:colcon.colcon_core.package_selection:Some selected packages are already built in one or more underlay workspaces:
	'sweepi_api_bridge' is in: /home/sweepi/SweePi/install/sweepi_api_bridge
If a package in a merged underlay workspace is overridden and it installs headers, then all packages in the overlay must sort their include directories by workspace order. Failure to do so may result in build failures or undefined behavior at run time.
If the overridden package is used by another package in any underlay, then the overriding package in the overlay must be API and ABI compatible or undefined behavior at run time may occur.

If you understand the risks and want to override a package anyways, add the following to the command line:
	--allow-overriding sweepi_api_bridge

This may be promoted to an error in a future release of colcon-override-check.
Starting >>> sweepi_api_bridge
running develop
running egg_info
writing sweepi_api_bridge.egg-info/PKG-INFO
writing dependency_links to sweepi_api_bridge.egg-info/dependency_links.txt
writing entry points to sweepi_api_bridge.egg-info/entry_points.txt
writing requirements to sweepi_api_bridge.egg-info/requires.txt
writing top-level names to sweepi_api_bridge.egg-info/top_level.txt
reading manifest file 'sweepi_api_bridge.egg-info/SOURCES.txt'
writing manifest file 'sweepi_api_bridge.egg-info/SOURCES.txt'
running build_ext
Creating /home/sweepi/SweePi/install/sweepi_api_bridge/lib/python3.12/site-packages/sweepi-api-bridge.egg-link (link to .)
Installing api_bridge_node script to /home/sweepi/SweePi/install/sweepi_api_bridge/lib/sweepi_api_bridge

Installed /home/sweepi/SweePi/build/sweepi_api_bridge
running symlink_data
Finished <<< sweepi_api_bridge [2.93s]

Summary: 1 package finished [3.27s]
exit=0
