===== coverage_flow_after_map_fix_pose2 =====
$ bash -lc curl --max-time 20 -sS -X POST http://localhost:8080/api/localization/initial-pose -H "Content-Type: application/json" -d "{\"map_id\":\"living_room\",\"x\":-0.29033818,\"y\":-0.58181148,\"yaw\":-0.02872866,\"frame\":\"map\"}"; echo; sleep 5; curl --max-time 5 -sS http://localhost:8080/api/localization/status; echo; curl --max-time 5 -sS http://localhost:8080/api/cleaning/status; echo; curl --max-time 8 -sS http://localhost:8080/api/cleaning/path | python3 -m json.tool | head -n 80
{"success":true,"message":"Initial pose confirmed.","error":null,"timestamp":"2026-07-11T21:57:54Z","command":"set_initial_pose","accepted":true,"completed":true,"task_finished":false,"state":"initial_pose_confirmed","initial_pose_received":true,"initial_pose_confirmed":true,"initial_pose_source":"api","initial_pose":{"x":-0.29033818,"y":-0.58181148,"yaw":-0.02872866,"frame":"map"},"pose":{"x":-0.28632098783136145,"y":-0.6247324084094056,"yaw":-0.054087322500361426,"frame":"map"},"pose_check":{"ok":true,"code":"OK","message":"Initial pose is in a free map cell.","map_id":"living_room","cell":{"x":138,"y":151,"width":243,"height":269,"resolution":0.05000000074505806,"index":36831},"occupancy":0},"next_steps":["Call POST /api/cleaning/validate.","Call POST /api/cleaning/start-motion after validation completes."]}
{"success":true,"message":"Localization status fetched.","error":null,"timestamp":"2026-07-11T21:57:59Z","initial_pose_received":true,"initial_pose_confirmed":true,"initial_pose_source":"api","initial_pose":{"x":-0.29033818,"y":-0.58181148,"yaw":-0.02872866,"frame":"map"},"pose_available":true,"pose":{"x":-0.28632098783136145,"y":-0.6247324084094056,"yaw":-0.05408732250036146,"frame":"map"}}
{"success":true,"message":"Cleaning status fetched.","error":null,"timestamp":"2026-07-11T21:57:59Z","task_finished":false,"state":"coverage_ready","active":true,"task_id":"cleaning_20260711_215714","map_id":"living_room","coverage_map_id":"living_room","cleaning_mode":"full-map","sections":[],"progress_percent":0.27863776683807373,"pose":{"x":-0.28632098783136145,"y":-0.6247324084094056,"yaw":-0.05408732250036146,"frame":"map"},"nav":{"execution_status":"IDLE"},"coverage":{"covered_area_m2":0.113,"total_area_m2":40.375},"paused":false,"initial_pose_received":true,"initial_pose_confirmed":true,"initial_pose_source":"api","coverage_path_available":true,"path_available":true,"coverage_map_available":true,"coverage_validated":false,"pose_available":true,"ready_to_validate":true,"ready_to_start_motion":false,"task_result":null,"last_error":null,"next_steps":["Call POST /api/cleaning/validate."],"status_message":"Coverage ready to validate"}
{
    "available": true,
    "frame": "map",
    "points": [
        {
            "x": -0.2790927082423762,
            "y": -0.6004112573263072,
            "yaw": -1.5707963267948963
        },
        {
            "x": -0.2790927082423762,
            "y": -0.8004112603065394,
            "yaw": -1.5707963267948963
        },
        {
            "x": -0.2790927082423762,
            "y": -0.8504112610515975,
            "yaw": -1.5707963267948963
        },
        {
            "x": -0.2790927082423762,
            "y": -0.9004112617966555,
            "yaw": -1.5707963267948963
        },
        {
            "x": -0.2790927082423762,
            "y": -0.9504112625417136,
            "yaw": -1.5707963267948963
        },
        {
            "x": -0.2790927082423762,
            "y": -1.0004112632867717,
            "yaw": -1.5707963267948963
        },
        {
            "x": -0.2790927082423762,
            "y": -1.0504112640318297,
            "yaw": -1.5707963267948963
        },
        {
            "x": -0.2790927082423762,
            "y": -1.1004112647768878,
            "yaw": -1.5707963267948963
        },
        {
            "x": -0.2790927082423762,
            "y": -1.1504112655219458,
            "yaw": 3.141592653589793
        },
        {
            "x": -0.47909271122260844,
            "y": -1.1504112655219458,
            "yaw": 1.5707963267948963
        },
        {
            "x": -0.47909271122260844,
            "y": -1.1004112647768878,
            "yaw": 1.5707963267948963
        },
        {
            "x": -0.47909271122260844,
            "y": -1.0504112640318297,
            "yaw": 1.5707963267948963
        },
        {
            "x": -0.47909271122260844,
            "y": -1.0004112632867717,
            "yaw": 1.5707963267948963
        },
        {
            "x": -0.47909271122260844,
            "y": -0.9504112625417136,
            "yaw": 1.5707963267948963
        },
        {
            "x": -0.47909271122260844,
            "y": -0.9004112617966555,
            "yaw": 1.5707963267948963
        },
        {
exit=0
