===== coverage_localization_tf_costmaps =====
$ bash -lc cd /home/sweepi/SweePi && source /opt/ros/jazzy/setup.bash && source /home/sweepi/SweePi/install/setup.bash && timeout 5 ros2 topic echo /amcl_pose --once; timeout 5 ros2 run tf2_ros tf2_echo map odom; timeout 5 ros2 run tf2_ros tf2_echo map base_footprint; timeout 5 ros2 topic echo /global_costmap/costmap --once | sed -n "1,50p"; timeout 5 ros2 topic echo /local_costmap/costmap --once | sed -n "1,50p"
[INFO] [1783806361.518093508] [tf2_echo]: Waiting for transform map ->  odom: Invalid frame ID "map" passed to canTransform argument target_frame - frame does not exist
[INFO] [1783806363.456200525] [tf2_echo]: Waiting for transform map ->  odom: Invalid frame ID "map" passed to canTransform argument target_frame - frame does not exist
[INFO] [1783806365.456183985] [tf2_echo]: Waiting for transform map ->  odom: Invalid frame ID "map" passed to canTransform argument target_frame - frame does not exist
[INFO] [1783806366.033385819] [rclcpp]: signal_handler(SIGINT/SIGTERM)
[INFO] [1783806366.524644724] [tf2_echo]: Waiting for transform map ->  base_footprint: Invalid frame ID "map" passed to canTransform argument target_frame - frame does not exist
[INFO] [1783806368.467751707] [tf2_echo]: Waiting for transform map ->  base_footprint: Invalid frame ID "map" passed to canTransform argument target_frame - frame does not exist
[INFO] [1783806370.467745056] [tf2_echo]: Waiting for transform map ->  base_footprint: Invalid frame ID "map" passed to canTransform argument target_frame - frame does not exist
[INFO] [1783806371.042650571] [rclcpp]: signal_handler(SIGINT/SIGTERM)
header:
  stamp:
    sec: 1783806313
    nanosec: 713488553
  frame_id: odom
info:
  map_load_time:
    sec: 0
    nanosec: 0
  resolution: 0.05000000074505806
  width: 100
  height: 100
  origin:
    position:
      x: -2.4500000003725293
      y: -2.4500000003725293
      z: 0.0
    orientation:
      x: 0.0
      y: 0.0
      z: 0.0
      w: 1.0
data:
- 0
- 0
- 0
- 0
- 0
- 0
- 0
- 0
- 0
- 0
- 0
- 0
- 0
- 0
- 0
- 0
- 0
- 0
- 0
- 0
- 0
- 0
- 0
- 0
- 0
- 0
- 0
exit=0
