===== coverage_graph_after_prepare =====
$ bash -lc cd /home/sweepi/SweePi && source /opt/ros/jazzy/setup.bash && source /home/sweepi/SweePi/install/setup.bash && pgrep -af "coverage|map_server|amcl|controller_server|planner_server|bt_navigator|velocity_smoother|smoother_server|waypoint_follower|lifecycle" || true; ros2 node list --all; ros2 action list -t; ros2 service list -t | grep -Ei "coverage|amcl|map|controller|planner|lifecycle|costmap|follow"; ros2 topic list -t | grep -Ei "coverage|cmd_vel|velocity|twist|costmap|amcl|map"
7600 script -q -f /home/sweepi/SweePi/diagnostics/coverage_motion_latest/transcript.log
8049 bash -lc cd /home/sweepi/SweePi && source /opt/ros/jazzy/setup.bash && source /home/sweepi/SweePi/install/setup.bash && ros2 launch sweepi_robot_manager master.launch.py use_sim_time:=false launch_sim:=false launch_hardware:=true launch_rviz:=false launch_api_bridge:=true use_arm_assist:=false api_host:=0.0.0.0 api_port:=8080 base_serial_port:=/dev/ttyAMA0 base_baud_rate:=115200 lidar_serial_port:=/dev/ttyUSB0 lidar_baud_rate:=460800 lidar_frame_id:=lidar_link > /home/sweepi/SweePi/diagnostics/coverage_motion_latest/full_stack_launch.log 2>&1
8443 /usr/bin/python3 /opt/ros/jazzy/bin/ros2 launch sweepi_robot_manager coverage_task.launch.py map_name:=living_room auto_start:=false use_sim_time:=false use_robot_arm:=false
8465 python3 /home/sweepi/SweePi/install/sweepi_coverage/lib/sweepi_coverage/coverage_tracker_node.py --ros-args -r __node:=coverage_tracker_node --params-file /home/sweepi/SweePi/install/sweepi_coverage/share/sweepi_coverage/config/coverage_follow_path_params.yaml --params-file /tmp/launch_params_hh790xup
8466 python3 /home/sweepi/SweePi/install/sweepi_coverage/lib/sweepi_coverage/coverage_planner_node.py --ros-args -r __node:=coverage_planner_node --params-file /home/sweepi/SweePi/install/sweepi_coverage/share/sweepi_coverage/config/coverage_follow_path_params.yaml --params-file /tmp/launch_params_kcgwqceb
8467 python3 /home/sweepi/SweePi/install/sweepi_coverage/lib/sweepi_coverage/coverage_arm_follow_path_executor_node.py --ros-args -r __node:=coverage_follow_path_executor_node --params-file /home/sweepi/SweePi/install/sweepi_coverage/share/sweepi_coverage/config/coverage_follow_path_params.yaml --params-file /tmp/launch_params_5cdy2bql --params-file /tmp/launch_params_ntgvts3x
8468 python3 /home/sweepi/SweePi/install/sweepi_coverage/lib/sweepi_coverage/coverage_manager_node.py --ros-args -r __node:=coverage_manager_node --params-file /home/sweepi/SweePi/install/sweepi_coverage/share/sweepi_coverage/config/coverage_follow_path_params.yaml --params-file /tmp/launch_params_mg19i503
8584 tee /home/sweepi/SweePi/diagnostics/coverage_motion_latest/coverage_graph_after_prepare.log
8585 bash -lc cd /home/sweepi/SweePi && source /opt/ros/jazzy/setup.bash && source /home/sweepi/SweePi/install/setup.bash && pgrep -af "coverage|map_server|amcl|controller_server|planner_server|bt_navigator|velocity_smoother|smoother_server|waypoint_follower|lifecycle" || true; ros2 node list --all; ros2 action list -t; ros2 service list -t | grep -Ei "coverage|amcl|map|controller|planner|lifecycle|costmap|follow"; ros2 topic list -t | grep -Ei "coverage|cmd_vel|velocity|twist|costmap|amcl|map"
/_ros2cli_daemon_0_cc535ad98cda481f8dd6aa896e8f86f8
/amcl
/base_driver_node
/behavior_server
/bt_navigator
/bt_navigator_navigate_through_poses_rclcpp_node
/bt_navigator_navigate_to_pose_rclcpp_node
/collision_monitor
/controller_server
/coverage_follow_path_executor_node
/coverage_manager_node
/coverage_planner_node
/coverage_tracker_node
/docking_server
/ekf_filter_node
/global_costmap/global_costmap
/launch_ros_8443
/lifecycle_manager_localization
/lifecycle_manager_navigation
/local_costmap/local_costmap
/map_server
/nav2_container
/planner_server
/robot_state_publisher
/route_server
/sllidar_node
/smoother_server
/sweepi_api_bridge
/sweepi_robot_manager
/transform_listener_impl_aaaaee46b9a0
/transform_listener_impl_aaaafd2ed950
/transform_listener_impl_ffff740020f0
/velocity_smoother
/waypoint_follower
/assisted_teleop [nav2_msgs/action/AssistedTeleop]
/backup [nav2_msgs/action/BackUp]
/compute_and_track_route [nav2_msgs/action/ComputeAndTrackRoute]
/compute_path_through_poses [nav2_msgs/action/ComputePathThroughPoses]
/compute_path_to_pose [nav2_msgs/action/ComputePathToPose]
/compute_route [nav2_msgs/action/ComputeRoute]
/dock_robot [nav2_msgs/action/DockRobot]
/drive_on_heading [nav2_msgs/action/DriveOnHeading]
/follow_gps_waypoints [nav2_msgs/action/FollowGPSWaypoints]
/follow_path [nav2_msgs/action/FollowPath]
/follow_waypoints [nav2_msgs/action/FollowWaypoints]
/navigate_through_poses [nav2_msgs/action/NavigateThroughPoses]
/navigate_to_pose [nav2_msgs/action/NavigateToPose]
/smooth_path [nav2_msgs/action/SmoothPath]
/spin [nav2_msgs/action/Spin]
/undock_robot [nav2_msgs/action/UndockRobot]
/wait [nav2_msgs/action/Wait]
/amcl/change_state [lifecycle_msgs/srv/ChangeState]
/amcl/describe_parameters [rcl_interfaces/srv/DescribeParameters]
/amcl/get_available_states [lifecycle_msgs/srv/GetAvailableStates]
/amcl/get_available_transitions [lifecycle_msgs/srv/GetAvailableTransitions]
/amcl/get_parameter_types [rcl_interfaces/srv/GetParameterTypes]
/amcl/get_parameters [rcl_interfaces/srv/GetParameters]
/amcl/get_state [lifecycle_msgs/srv/GetState]
/amcl/get_transition_graph [lifecycle_msgs/srv/GetAvailableTransitions]
/amcl/get_type_description [type_description_interfaces/srv/GetTypeDescription]
/amcl/list_parameters [rcl_interfaces/srv/ListParameters]
/amcl/set_parameters [rcl_interfaces/srv/SetParameters]
/amcl/set_parameters_atomically [rcl_interfaces/srv/SetParametersAtomically]
/behavior_server/change_state [lifecycle_msgs/srv/ChangeState]
/behavior_server/get_available_states [lifecycle_msgs/srv/GetAvailableStates]
/behavior_server/get_available_transitions [lifecycle_msgs/srv/GetAvailableTransitions]
/behavior_server/get_state [lifecycle_msgs/srv/GetState]
/behavior_server/get_transition_graph [lifecycle_msgs/srv/GetAvailableTransitions]
/bt_navigator/change_state [lifecycle_msgs/srv/ChangeState]
/bt_navigator/get_available_states [lifecycle_msgs/srv/GetAvailableStates]
/bt_navigator/get_available_transitions [lifecycle_msgs/srv/GetAvailableTransitions]
/bt_navigator/get_state [lifecycle_msgs/srv/GetState]
/bt_navigator/get_transition_graph [lifecycle_msgs/srv/GetAvailableTransitions]
/cancel_coverage_follow_path [std_srvs/srv/Trigger]
/collision_monitor/change_state [lifecycle_msgs/srv/ChangeState]
/collision_monitor/get_available_states [lifecycle_msgs/srv/GetAvailableStates]
/collision_monitor/get_available_transitions [lifecycle_msgs/srv/GetAvailableTransitions]
/collision_monitor/get_state [lifecycle_msgs/srv/GetState]
/collision_monitor/get_transition_graph [lifecycle_msgs/srv/GetAvailableTransitions]
/continue_coverage_follow_path [std_srvs/srv/Trigger]
/controller_server/change_state [lifecycle_msgs/srv/ChangeState]
/controller_server/describe_parameters [rcl_interfaces/srv/DescribeParameters]
/controller_server/get_available_states [lifecycle_msgs/srv/GetAvailableStates]
/controller_server/get_available_transitions [lifecycle_msgs/srv/GetAvailableTransitions]
/controller_server/get_parameter_types [rcl_interfaces/srv/GetParameterTypes]
/controller_server/get_parameters [rcl_interfaces/srv/GetParameters]
/controller_server/get_state [lifecycle_msgs/srv/GetState]
/controller_server/get_transition_graph [lifecycle_msgs/srv/GetAvailableTransitions]
/controller_server/get_type_description [type_description_interfaces/srv/GetTypeDescription]
/controller_server/list_parameters [rcl_interfaces/srv/ListParameters]
/controller_server/set_parameters [rcl_interfaces/srv/SetParameters]
/controller_server/set_parameters_atomically [rcl_interfaces/srv/SetParametersAtomically]
/coverage_arm/manual_complete [std_srvs/srv/Trigger]
/coverage_follow_path_executor_node/describe_parameters [rcl_interfaces/srv/DescribeParameters]
/coverage_follow_path_executor_node/get_parameter_types [rcl_interfaces/srv/GetParameterTypes]
/coverage_follow_path_executor_node/get_parameters [rcl_interfaces/srv/GetParameters]
/coverage_follow_path_executor_node/get_type_description [type_description_interfaces/srv/GetTypeDescription]
/coverage_follow_path_executor_node/list_parameters [rcl_interfaces/srv/ListParameters]
/coverage_follow_path_executor_node/set_parameters [rcl_interfaces/srv/SetParameters]
/coverage_follow_path_executor_node/set_parameters_atomically [rcl_interfaces/srv/SetParametersAtomically]
/coverage_manager_node/describe_parameters [rcl_interfaces/srv/DescribeParameters]
/coverage_manager_node/get_parameter_types [rcl_interfaces/srv/GetParameterTypes]
/coverage_manager_node/get_parameters [rcl_interfaces/srv/GetParameters]
/coverage_manager_node/get_type_description [type_description_interfaces/srv/GetTypeDescription]
/coverage_manager_node/list_parameters [rcl_interfaces/srv/ListParameters]
/coverage_manager_node/set_parameters [rcl_interfaces/srv/SetParameters]
/coverage_manager_node/set_parameters_atomically [rcl_interfaces/srv/SetParametersAtomically]
/coverage_planner_node/describe_parameters [rcl_interfaces/srv/DescribeParameters]
/coverage_planner_node/get_parameter_types [rcl_interfaces/srv/GetParameterTypes]
/coverage_planner_node/get_parameters [rcl_interfaces/srv/GetParameters]
/coverage_planner_node/get_type_description [type_description_interfaces/srv/GetTypeDescription]
/coverage_planner_node/list_parameters [rcl_interfaces/srv/ListParameters]
/coverage_planner_node/set_parameters [rcl_interfaces/srv/SetParameters]
/coverage_planner_node/set_parameters_atomically [rcl_interfaces/srv/SetParametersAtomically]
/coverage_tracker_node/describe_parameters [rcl_interfaces/srv/DescribeParameters]
/coverage_tracker_node/get_parameter_types [rcl_interfaces/srv/GetParameterTypes]
/coverage_tracker_node/get_parameters [rcl_interfaces/srv/GetParameters]
/coverage_tracker_node/get_type_description [type_description_interfaces/srv/GetTypeDescription]
/coverage_tracker_node/list_parameters [rcl_interfaces/srv/ListParameters]
/coverage_tracker_node/set_parameters [rcl_interfaces/srv/SetParameters]
/coverage_tracker_node/set_parameters_atomically [rcl_interfaces/srv/SetParametersAtomically]
/docking_server/change_state [lifecycle_msgs/srv/ChangeState]
/docking_server/get_available_states [lifecycle_msgs/srv/GetAvailableStates]
/docking_server/get_available_transitions [lifecycle_msgs/srv/GetAvailableTransitions]
/docking_server/get_state [lifecycle_msgs/srv/GetState]
/docking_server/get_transition_graph [lifecycle_msgs/srv/GetAvailableTransitions]
/global_costmap/clear_around_global_costmap [nav2_msgs/srv/ClearCostmapAroundRobot]
/global_costmap/clear_around_pose_global_costmap [nav2_msgs/srv/ClearCostmapAroundPose]
/global_costmap/clear_entirely_global_costmap [nav2_msgs/srv/ClearEntireCostmap]
/global_costmap/clear_except_global_costmap [nav2_msgs/srv/ClearCostmapExceptRegion]
/global_costmap/get_cost_global_costmap [nav2_msgs/srv/GetCost]
/global_costmap/get_costmap [nav2_msgs/srv/GetCostmap]
/global_costmap/get_obstacle_layer [nav2_msgs/srv/GetCostmap]
/global_costmap/get_static_layer [nav2_msgs/srv/GetCostmap]
/global_costmap/global_costmap/change_state [lifecycle_msgs/srv/ChangeState]
/global_costmap/global_costmap/describe_parameters [rcl_interfaces/srv/DescribeParameters]
/global_costmap/global_costmap/get_available_states [lifecycle_msgs/srv/GetAvailableStates]
/global_costmap/global_costmap/get_available_transitions [lifecycle_msgs/srv/GetAvailableTransitions]
/global_costmap/global_costmap/get_parameter_types [rcl_interfaces/srv/GetParameterTypes]
/global_costmap/global_costmap/get_parameters [rcl_interfaces/srv/GetParameters]
/global_costmap/global_costmap/get_state [lifecycle_msgs/srv/GetState]
/global_costmap/global_costmap/get_transition_graph [lifecycle_msgs/srv/GetAvailableTransitions]
/global_costmap/global_costmap/get_type_description [type_description_interfaces/srv/GetTypeDescription]
/global_costmap/global_costmap/list_parameters [rcl_interfaces/srv/ListParameters]
/global_costmap/global_costmap/set_parameters [rcl_interfaces/srv/SetParameters]
/global_costmap/global_costmap/set_parameters_atomically [rcl_interfaces/srv/SetParametersAtomically]
/lifecycle_manager_localization/describe_parameters [rcl_interfaces/srv/DescribeParameters]
/lifecycle_manager_localization/get_parameter_types [rcl_interfaces/srv/GetParameterTypes]
/lifecycle_manager_localization/get_parameters [rcl_interfaces/srv/GetParameters]
/lifecycle_manager_localization/get_type_description [type_description_interfaces/srv/GetTypeDescription]
/lifecycle_manager_localization/is_active [std_srvs/srv/Trigger]
/lifecycle_manager_localization/list_parameters [rcl_interfaces/srv/ListParameters]
/lifecycle_manager_localization/manage_nodes [nav2_msgs/srv/ManageLifecycleNodes]
/lifecycle_manager_localization/set_parameters [rcl_interfaces/srv/SetParameters]
/lifecycle_manager_localization/set_parameters_atomically [rcl_interfaces/srv/SetParametersAtomically]
/lifecycle_manager_navigation/describe_parameters [rcl_interfaces/srv/DescribeParameters]
/lifecycle_manager_navigation/get_parameter_types [rcl_interfaces/srv/GetParameterTypes]
/lifecycle_manager_navigation/get_parameters [rcl_interfaces/srv/GetParameters]
/lifecycle_manager_navigation/get_type_description [type_description_interfaces/srv/GetTypeDescription]
/lifecycle_manager_navigation/is_active [std_srvs/srv/Trigger]
/lifecycle_manager_navigation/list_parameters [rcl_interfaces/srv/ListParameters]
/lifecycle_manager_navigation/manage_nodes [nav2_msgs/srv/ManageLifecycleNodes]
/lifecycle_manager_navigation/set_parameters [rcl_interfaces/srv/SetParameters]
/lifecycle_manager_navigation/set_parameters_atomically [rcl_interfaces/srv/SetParametersAtomically]
/local_costmap/clear_around_local_costmap [nav2_msgs/srv/ClearCostmapAroundRobot]
/local_costmap/clear_around_pose_local_costmap [nav2_msgs/srv/ClearCostmapAroundPose]
/local_costmap/clear_entirely_local_costmap [nav2_msgs/srv/ClearEntireCostmap]
/local_costmap/clear_except_local_costmap [nav2_msgs/srv/ClearCostmapExceptRegion]
/local_costmap/get_cost_local_costmap [nav2_msgs/srv/GetCost]
/local_costmap/get_costmap [nav2_msgs/srv/GetCostmap]
/local_costmap/get_obstacle_layer [nav2_msgs/srv/GetCostmap]
/local_costmap/local_costmap/change_state [lifecycle_msgs/srv/ChangeState]
/local_costmap/local_costmap/describe_parameters [rcl_interfaces/srv/DescribeParameters]
/local_costmap/local_costmap/get_available_states [lifecycle_msgs/srv/GetAvailableStates]
/local_costmap/local_costmap/get_available_transitions [lifecycle_msgs/srv/GetAvailableTransitions]
/local_costmap/local_costmap/get_parameter_types [rcl_interfaces/srv/GetParameterTypes]
/local_costmap/local_costmap/get_parameters [rcl_interfaces/srv/GetParameters]
/local_costmap/local_costmap/get_state [lifecycle_msgs/srv/GetState]
/local_costmap/local_costmap/get_transition_graph [lifecycle_msgs/srv/GetAvailableTransitions]
/local_costmap/local_costmap/get_type_description [type_description_interfaces/srv/GetTypeDescription]
/local_costmap/local_costmap/list_parameters [rcl_interfaces/srv/ListParameters]
/local_costmap/local_costmap/set_parameters [rcl_interfaces/srv/SetParameters]
/local_costmap/local_costmap/set_parameters_atomically [rcl_interfaces/srv/SetParametersAtomically]
/map_server/change_state [lifecycle_msgs/srv/ChangeState]
/map_server/describe_parameters [rcl_interfaces/srv/DescribeParameters]
/map_server/get_available_states [lifecycle_msgs/srv/GetAvailableStates]
/map_server/get_available_transitions [lifecycle_msgs/srv/GetAvailableTransitions]
/map_server/get_parameter_types [rcl_interfaces/srv/GetParameterTypes]
/map_server/get_parameters [rcl_interfaces/srv/GetParameters]
/map_server/get_state [lifecycle_msgs/srv/GetState]
/map_server/get_transition_graph [lifecycle_msgs/srv/GetAvailableTransitions]
/map_server/get_type_description [type_description_interfaces/srv/GetTypeDescription]
/map_server/list_parameters [rcl_interfaces/srv/ListParameters]
/map_server/load_map [nav2_msgs/srv/LoadMap]
/map_server/map [nav_msgs/srv/GetMap]
/map_server/set_parameters [rcl_interfaces/srv/SetParameters]
/map_server/set_parameters_atomically [rcl_interfaces/srv/SetParametersAtomically]
/pause_coverage_follow_path [std_srvs/srv/Trigger]
/planner_server/change_state [lifecycle_msgs/srv/ChangeState]
/planner_server/describe_parameters [rcl_interfaces/srv/DescribeParameters]
/planner_server/get_available_states [lifecycle_msgs/srv/GetAvailableStates]
/planner_server/get_available_transitions [lifecycle_msgs/srv/GetAvailableTransitions]
/planner_server/get_parameter_types [rcl_interfaces/srv/GetParameterTypes]
/planner_server/get_parameters [rcl_interfaces/srv/GetParameters]
/planner_server/get_state [lifecycle_msgs/srv/GetState]
/planner_server/get_transition_graph [lifecycle_msgs/srv/GetAvailableTransitions]
/planner_server/get_type_description [type_description_interfaces/srv/GetTypeDescription]
/planner_server/list_parameters [rcl_interfaces/srv/ListParameters]
/planner_server/set_parameters [rcl_interfaces/srv/SetParameters]
/planner_server/set_parameters_atomically [rcl_interfaces/srv/SetParametersAtomically]
/replan_coverage_planner [std_srvs/srv/Trigger]
/reset_coverage_follow_path [std_srvs/srv/Trigger]
/reset_coverage_planner [std_srvs/srv/Trigger]
/reset_coverage_tracker [std_srvs/srv/Trigger]
/return_home_coverage_follow_path [std_srvs/srv/Trigger]
/route_server/change_state [lifecycle_msgs/srv/ChangeState]
/route_server/get_available_states [lifecycle_msgs/srv/GetAvailableStates]
/route_server/get_available_transitions [lifecycle_msgs/srv/GetAvailableTransitions]
/route_server/get_state [lifecycle_msgs/srv/GetState]
/route_server/get_transition_graph [lifecycle_msgs/srv/GetAvailableTransitions]
/smoother_server/change_state [lifecycle_msgs/srv/ChangeState]
/smoother_server/get_available_states [lifecycle_msgs/srv/GetAvailableStates]
/smoother_server/get_available_transitions [lifecycle_msgs/srv/GetAvailableTransitions]
/smoother_server/get_state [lifecycle_msgs/srv/GetState]
/smoother_server/get_transition_graph [lifecycle_msgs/srv/GetAvailableTransitions]
/start_coverage_follow_path [std_srvs/srv/Trigger]
/stop_coverage_follow_path [std_srvs/srv/Trigger]
/sweepi_robot_manager/coverage/continue [std_srvs/srv/Trigger]
/sweepi_robot_manager/coverage/last_summary [std_srvs/srv/Trigger]
/sweepi_robot_manager/coverage/pause [std_srvs/srv/Trigger]
/sweepi_robot_manager/coverage/reset [std_srvs/srv/Trigger]
/sweepi_robot_manager/coverage/return_home [std_srvs/srv/Trigger]
/sweepi_robot_manager/coverage/start [std_srvs/srv/Trigger]
/sweepi_robot_manager/coverage/stop [std_srvs/srv/Trigger]
/sweepi_robot_manager/coverage/validate [std_srvs/srv/Trigger]
/sweepi_robot_manager/start_coverage [sweepi_robot_manager_interfaces/srv/StartTask]
/validate_coverage_follow_path [std_srvs/srv/Trigger]
/velocity_smoother/change_state [lifecycle_msgs/srv/ChangeState]
/velocity_smoother/get_available_states [lifecycle_msgs/srv/GetAvailableStates]
/velocity_smoother/get_available_transitions [lifecycle_msgs/srv/GetAvailableTransitions]
/velocity_smoother/get_state [lifecycle_msgs/srv/GetState]
/velocity_smoother/get_transition_graph [lifecycle_msgs/srv/GetAvailableTransitions]
/waypoint_follower/change_state [lifecycle_msgs/srv/ChangeState]
/waypoint_follower/describe_parameters [rcl_interfaces/srv/DescribeParameters]
/waypoint_follower/get_available_states [lifecycle_msgs/srv/GetAvailableStates]
/waypoint_follower/get_available_transitions [lifecycle_msgs/srv/GetAvailableTransitions]
/waypoint_follower/get_parameter_types [rcl_interfaces/srv/GetParameterTypes]
/waypoint_follower/get_parameters [rcl_interfaces/srv/GetParameters]
/waypoint_follower/get_state [lifecycle_msgs/srv/GetState]
/waypoint_follower/get_transition_graph [lifecycle_msgs/srv/GetAvailableTransitions]
/waypoint_follower/get_type_description [type_description_interfaces/srv/GetTypeDescription]
/waypoint_follower/list_parameters [rcl_interfaces/srv/ListParameters]
/waypoint_follower/set_parameters [rcl_interfaces/srv/SetParameters]
/waypoint_follower/set_parameters_atomically [rcl_interfaces/srv/SetParametersAtomically]
/amcl/transition_event [lifecycle_msgs/msg/TransitionEvent]
/amcl_pose [geometry_msgs/msg/PoseWithCovarianceStamped]
/cmd_vel [geometry_msgs/msg/Twist]
/cmd_vel_nav [geometry_msgs/msg/Twist]
/cmd_vel_smoothed [geometry_msgs/msg/Twist]
/cmd_vel_teleop [geometry_msgs/msg/Twist]
/coverage_active_path [nav_msgs/msg/Path]
/coverage_arm_status [std_msgs/msg/String]
/coverage_debug_info [std_msgs/msg/String]
/coverage_debug_markers [visualization_msgs/msg/MarkerArray]
/coverage_dynamic_skip_status [std_msgs/msg/String]
/coverage_execution_status [std_msgs/msg/String]
/coverage_map [nav_msgs/msg/OccupancyGrid]
/coverage_nav2_feedback [std_msgs/msg/String]
/coverage_path [nav_msgs/msg/Path]
/coverage_path_markers [visualization_msgs/msg/MarkerArray]
/coverage_path_raw [nav_msgs/msg/Path]
/coverage_percentage [std_msgs/msg/Float32]
/coverage_planning_mask [nav_msgs/msg/OccupancyGrid]
/coverage_skipped_segments [visualization_msgs/msg/MarkerArray]
/coverage_smoothed_path [nav_msgs/msg/Path]
/coverage_stats [std_msgs/msg/String]
/global_costmap/costmap [nav_msgs/msg/OccupancyGrid]
/global_costmap/costmap_raw [nav2_msgs/msg/Costmap]
/global_costmap/costmap_raw_updates [nav2_msgs/msg/CostmapUpdate]
/global_costmap/costmap_updates [map_msgs/msg/OccupancyGridUpdate]
/global_costmap/footprint [geometry_msgs/msg/Polygon]
/global_costmap/global_costmap/transition_event [lifecycle_msgs/msg/TransitionEvent]
/global_costmap/obstacle_layer [nav_msgs/msg/OccupancyGrid]
/global_costmap/obstacle_layer_raw [nav2_msgs/msg/Costmap]
/global_costmap/obstacle_layer_raw_updates [nav2_msgs/msg/CostmapUpdate]
/global_costmap/obstacle_layer_updates [map_msgs/msg/OccupancyGridUpdate]
/global_costmap/published_footprint [geometry_msgs/msg/PolygonStamped]
/global_costmap/static_layer [nav_msgs/msg/OccupancyGrid]
/global_costmap/static_layer_raw [nav2_msgs/msg/Costmap]
/global_costmap/static_layer_raw_updates [nav2_msgs/msg/CostmapUpdate]
/global_costmap/static_layer_updates [map_msgs/msg/OccupancyGridUpdate]
/local_costmap/costmap [nav_msgs/msg/OccupancyGrid]
/local_costmap/costmap_raw [nav2_msgs/msg/Costmap]
/local_costmap/costmap_raw_updates [nav2_msgs/msg/CostmapUpdate]
/local_costmap/costmap_updates [map_msgs/msg/OccupancyGridUpdate]
/local_costmap/footprint [geometry_msgs/msg/Polygon]
/local_costmap/local_costmap/transition_event [lifecycle_msgs/msg/TransitionEvent]
/local_costmap/obstacle_layer [nav_msgs/msg/OccupancyGrid]
/local_costmap/obstacle_layer_raw [nav2_msgs/msg/Costmap]
/local_costmap/obstacle_layer_raw_updates [nav2_msgs/msg/CostmapUpdate]
/local_costmap/obstacle_layer_updates [map_msgs/msg/OccupancyGridUpdate]
/local_costmap/published_footprint [geometry_msgs/msg/PolygonStamped]
/map [nav_msgs/msg/OccupancyGrid]
/map_server/transition_event [lifecycle_msgs/msg/TransitionEvent]
/sweepi_robot_manager/coverage/last_summary [std_msgs/msg/String]
/velocity_smoother/transition_event [lifecycle_msgs/msg/TransitionEvent]
exit=0
