===== coverage_cycle2_pause_resume =====
$ bash -lc source /opt/ros/jazzy/setup.bash && source /home/sweepi/SweePi/install/setup.bash; echo CLEANUP; curl --max-time 5 -sS -X POST http://localhost:8080/api/cleaning/stop || true; echo; curl --max-time 5 -sS -X POST http://localhost:8080/api/cleaning/reset || true; echo; sleep 2; echo PREPARE; curl --max-time 10 -sS -X POST http://localhost:8080/api/cleaning/start -H "Content-Type: application/json" -d "{\"map_id\":\"living_room\",\"cleaning_mode\":\"full-map\"}"; echo; sleep 5; echo POSE; curl --max-time 20 -sS -X POST http://localhost:8080/api/localization/initial-pose -H "Content-Type: application/json" -d "{\"map_id\":\"living_room\",\"x\":-1.08369662,\"y\":-2.78863092,\"yaw\":0.90361161,\"frame\":\"map\"}"; echo; for i in $(seq 1 12); do if curl --max-time 5 -sS http://localhost:8080/api/cleaning/status | tee "$DIAG/cycle2_status_wait_$i.json" | grep -q "ready_to_validate.*true\|coverage_ready"; then break; fi; sleep 2; done; echo VALIDATE; curl --max-time 15 -sS -X POST http://localhost:8080/api/cleaning/validate; echo; sleep 3; echo STATUS_VALIDATED; curl --max-time 5 -sS http://localhost:8080/api/cleaning/status; echo; "$DIAG/tools/monitor_motion_chain.py" --duration 45 > "$DIAG/cycle2_pause_resume_monitor.log" 2>&1 & MON=$!; echo monitor_pid=$MON; sleep 2; echo START; curl --max-time 15 -sS -X POST http://localhost:8080/api/cleaning/start-motion; echo; sleep 12; echo PAUSE; curl --max-time 10 -sS -X POST http://localhost:8080/api/cleaning/pause; echo; sleep 5; echo STATUS_PAUSED; curl --max-time 5 -sS http://localhost:8080/api/cleaning/status; echo; sleep 2; echo RESUME; curl --max-time 10 -sS -X POST http://localhost:8080/api/cleaning/resume; echo; sleep 12; echo STOP; curl --max-time 10 -sS -X POST http://localhost:8080/api/cleaning/stop; echo; wait $MON; echo MONITOR; cat "$DIAG/cycle2_pause_resume_monitor.log"; echo FINAL_STATUS; curl --max-time 5 -sS http://localhost:8080/api/cleaning/status; echo; $DIAG/tools/emergency_stop.sh >/dev/null 2>&1 || true
CLEANUP
{"success":false,"message":"coverage is not active","error":{"code":"TASK_FAILED","details":{}},"timestamp":"2026-07-11T22:14:18Z","command":"stop_cleaning","accepted":true,"completed":false,"task_finished":false,"state":"stopped"}
{"success":false,"message":"coverage is not active","error":{"code":"TASK_FAILED","details":{}},"timestamp":"2026-07-11T22:14:18Z","command":"reset_cleaning","accepted":true,"completed":false,"task_finished":false,"state":"idle"}
PREPARE
{"success":true,"message":"Coverage prepared. Waiting for initial pose from mobile app or RViz.","error":null,"timestamp":"2026-07-11T22:14:20Z","command":"prepare_cleaning","accepted":true,"completed":true,"task_finished":false,"state":"waiting_for_initial_pose","task_id":"cleaning_20260711_221420","map_id":"living_room","cleaning_mode":"full-map","sections":[],"initial_pose":null,"initial_pose_required":true,"progress_percent":0.0,"coverage_map_id":"living_room","next_steps":["Set initial pose from RViz or POST /api/localization/initial-pose.","Call POST /api/cleaning/validate.","Call POST /api/cleaning/start-motion."]}
POSE
{"success":false,"message":"Initial pose was published, but localization was not confirmed.","error":{"code":"INITIAL_POSE_NOT_CONFIRMED","details":{"reason":"AMCL pose did not match requested initial pose before timeout","confirmation":{"ok":false,"message":"AMCL pose did not match requested initial pose before timeout","pose":{"x":-1.5600213490677517,"y":-3.3286373428394365,"yaw":1.4956337935349884,"frame":"map"},"distance_tolerance":0.25,"yaw_tolerance":0.35,"timeout_sec":5.0}}},"timestamp":"2026-07-11T22:14:30Z","command":"set_initial_pose","accepted":true,"completed":false,"task_finished":false,"state":"initial_pose_failed","initial_pose_received":true,"initial_pose_confirmed":false,"initial_pose_source":"api","initial_pose":{"x":-1.08369662,"y":-2.78863092,"yaw":0.90361161,"frame":"map"}}
VALIDATE
{"success":true,"message":"Coverage validation completed successfully.","error":null,"timestamp":"2026-07-11T22:14:54Z","command":"validate_cleaning","accepted":true,"completed":true,"task_finished":false,"state":"coverage_validated","task_id":"cleaning_20260711_221420","map_id":"living_room","coverage_map_id":"living_room","path_pose_count":195,"path_signature":[195,"map",-1.579,-3.35,-1.479,-5.9,-1.679,-6.3,-1.829,-5.3,-1.279,-7.25],"next_steps":["Call POST /api/cleaning/start-motion."]}
STATUS_VALIDATED
{"success":true,"message":"Cleaning status fetched.","error":null,"timestamp":"2026-07-11T22:14:57Z","task_finished":false,"state":"coverage_validated","active":true,"task_id":"cleaning_20260711_221420","map_id":"living_room","coverage_map_id":"living_room","cleaning_mode":"full-map","sections":[],"progress_percent":0.27863776683807373,"pose":{"x":-1.5600213490677568,"y":-3.3286373428394374,"yaw":1.4956337935349884,"frame":"map"},"nav":{"execution_status":"IDLE"},"coverage":{"covered_area_m2":0.113,"total_area_m2":40.375},"paused":false,"initial_pose_received":true,"initial_pose_confirmed":true,"initial_pose_source":"amcl_tf","coverage_path_available":true,"path_available":true,"coverage_map_available":true,"coverage_validated":true,"pose_available":true,"ready_to_validate":true,"ready_to_start_motion":true,"task_result":null,"last_error":null,"next_steps":["Call POST /api/cleaning/start-motion."],"status_message":"Coverage validated. Ready to start motion"}
monitor_pid=12006
START
{"success":true,"message":"Cleaning motion started.","error":null,"timestamp":"2026-07-11T22:14:59Z","command":"start_cleaning_motion","accepted":true,"completed":true,"task_finished":false,"state":"cleaning","task_id":"cleaning_20260711_221420","map_id":"living_room","coverage_map_id":"living_room"}
PAUSE
{"success":true,"message":"Cleaning paused.","error":null,"timestamp":"2026-07-11T22:15:11Z","command":"pause_cleaning","accepted":true,"completed":true,"task_finished":false,"state":"paused","task_id":"cleaning_20260711_221420"}
STATUS_PAUSED
{"success":true,"message":"Cleaning status fetched.","error":null,"timestamp":"2026-07-11T22:15:16Z","task_finished":false,"state":"paused","active":true,"task_id":"cleaning_20260711_221420","map_id":"living_room","coverage_map_id":"living_room","cleaning_mode":"full-map","sections":[],"progress_percent":0.792569637298584,"pose":{"x":-1.3982731858744977,"y":-3.314598436542717,"yaw":-1.947958023648901,"frame":"map"},"nav":{"execution_status":"PAUSED"},"coverage":{"covered_area_m2":0.32,"total_area_m2":40.375},"paused":true,"initial_pose_received":true,"initial_pose_confirmed":true,"initial_pose_source":"amcl_tf","coverage_path_available":true,"path_available":true,"coverage_map_available":true,"coverage_validated":true,"pose_available":true,"ready_to_validate":true,"ready_to_start_motion":true,"task_result":null,"last_error":null,"next_steps":["Call POST /api/cleaning/start-motion."],"status_message":"Coverage validated. Ready to start motion"}
RESUME
{"success":true,"message":"Cleaning resumed.","error":null,"timestamp":"2026-07-11T22:15:18Z","command":"resume_cleaning","accepted":true,"completed":true,"task_finished":false,"state":"cleaning","task_id":"cleaning_20260711_221420"}
STOP
{"success":true,"message":"Cleaning stopped.","error":null,"timestamp":"2026-07-11T22:15:30Z","command":"stop_cleaning","accepted":true,"completed":true,"task_finished":true,"state":"stopped","task_result":"stopped","task_id":"cleaning_20260711_221420"}
MONITOR
MOTION_CHAIN_MONITOR duration=45.1
/cmd_vel_nav count=245 nonzero=238 max_lin=0.1000 max_ang=1.2079 first_nonzero=(1.3450204230002782, 0.0, -0.1) last=(33.77038435200029, 0.0, 0.0)
/cmd_vel_smoothed count=532 nonzero=492 max_lin=0.1000 max_ang=0.6500 first_nonzero=(1.3520131230002335, 0.0, -0.045) last=(35.078591063000204, 0.0, 0.0)
/cmd_vel count=516 nonzero=483 max_lin=0.1000 max_ang=0.6500 first_nonzero=(1.3958259370001542, 0.0, -0.045) last=(33.3139808650003, 0.0, 0.0)
/wheel/odom first=(1.9771612610002194, -22.389158540776823, -17.528672034256214, 0.0) last=(45.08459496200021, -24.046198510548543, -15.465942698273233, 0.0) delta_xy=2.6459
/hardware/status count=0 faults=[]
/coverage_execution_status transitions=[(1.1558084120001695, 'VALIDATING'), (1.1750202850003006, 'SMOOTHING'), (1.300641767000343, 'WAITING_FOR_NAV2'), (1.33475429300006, 'EXECUTING'), (13.308364715000153, 'PAUSED'), (20.373097852000228, 'WAITING_FOR_NAV2'), (20.408153804999984, 'EXECUTING'), (27.130149106000317, 'SKIPPING_DYNAMIC_OBSTACLE'), (32.6092256740003, 'STOPPED')]
/follow_path action status transitions=[(1.3413736170000448, [2]), (13.306064778000291, [3]), (13.345210132000375, [5]), (20.41725516300039, [5, 2]), (32.60945291799999, [3]), (32.620484322000266, [5])]
FINAL_STATUS
{"success":true,"message":"Cleaning status fetched.","error":null,"timestamp":"2026-07-11T22:15:45Z","task_finished":true,"state":"waiting_for_initial_pose","active":true,"task_id":null,"map_id":null,"coverage_map_id":null,"cleaning_mode":null,"sections":[],"progress_percent":1.312693476676941,"pose":{"x":-1.4390682443814633,"y":-3.713187005554097,"yaw":-1.778781227259541,"frame":"map"},"nav":{"execution_status":"STOPPED"},"coverage":{"covered_area_m2":0.53,"total_area_m2":40.375},"paused":false,"initial_pose_received":false,"initial_pose_confirmed":false,"initial_pose_source":null,"coverage_path_available":true,"path_available":true,"coverage_map_available":false,"coverage_validated":false,"pose_available":false,"ready_to_validate":false,"ready_to_start_motion":false,"task_result":"stopped","last_error":null,"next_steps":["Set initial pose with POST /api/localization/initial-pose."],"status_message":"Coverage prepared. Waiting for confirmed initial pose from API or RViz."}
exit=0
