===== diagnostics_resume_find =====
$ bash -lc cd /home/sweepi/SweePi && find diagnostics -maxdepth 3 -type f -print 2>/dev/null | sort | tail -n 200
diagnostics/20260712_010514/ros_logs_snapshot/robot_state_publisher_4859_1783783274992.log
diagnostics/20260712_010514/ros_logs_snapshot/robot_state_publisher_5245_1783778981193.log
diagnostics/20260712_010514/ros_logs_snapshot/robot_state_publisher_5247_1783786419016.log
diagnostics/20260712_010514/ros_logs_snapshot/robot_state_publisher_5269_1783783315787.log
diagnostics/20260712_010514/ros_logs_snapshot/robot_state_publisher_5407_1783789380302.log
diagnostics/20260712_010514/ros_logs_snapshot/robot_state_publisher_5680_1783783410705.log
diagnostics/20260712_010514/ros_logs_snapshot/robot_state_publisher_6125_1783783486094.log
diagnostics/20260712_010514/ros_logs_snapshot/robot_state_publisher_6295_1783786604888.log
diagnostics/20260712_010514/ros_logs_snapshot/robot_state_publisher_6322_1783785385548.log
diagnostics/20260712_010514/ros_logs_snapshot/robot_state_publisher_6435_1783779184791.log
diagnostics/20260712_010514/ros_logs_snapshot/robot_state_publisher_6563_1783789535273.log
diagnostics/20260712_010514/ros_logs_snapshot/robot_state_publisher_7259_1783783676626.log
diagnostics/20260712_010514/ros_logs_snapshot/robot_state_publisher_7381_1783786921746.log
diagnostics/20260712_010514/ros_logs_snapshot/robot_state_publisher_7434_1783789596791.log
diagnostics/20260712_010514/ros_logs_snapshot/robot_state_publisher_7708_1783778111733.log
diagnostics/20260712_010514/ros_logs_snapshot/robot_state_publisher_7960_1783778154688.log
diagnostics/20260712_010514/ros_logs_snapshot/robot_state_publisher_8245_1783787002201.log
diagnostics/20260712_010514/ros_logs_snapshot/robot_state_publisher_8502_1783779501409.log
diagnostics/20260712_010514/ros_logs_snapshot/robot_state_publisher_8931_1783778318873.log
diagnostics/20260712_010514/ros_logs_snapshot/robot_state_publisher_9608_1783778387212.log
diagnostics/20260712_010514/ros_logs_snapshot/robot_state_publisher_9802_1783787322293.log
diagnostics/20260712_010514/ros_logs_snapshot/route_server_11665_1783779940913.log
diagnostics/20260712_010514/ros_logs_snapshot/route_server_18539_1783781092956.log
diagnostics/20260712_010514/ros_logs_snapshot/route_server_3116_1783776897646.log
diagnostics/20260712_010514/ros_logs_snapshot/route_server_4232_1783789310037.log
diagnostics/20260712_010514/ros_logs_snapshot/route_server_4602_1783797267655.log
diagnostics/20260712_010514/ros_logs_snapshot/route_server_4967_1783777619743.log
diagnostics/20260712_010514/ros_logs_snapshot/route_server_5459_1783786431893.log
diagnostics/20260712_010514/ros_logs_snapshot/route_server_5503_1783779004809.log
diagnostics/20260712_010514/ros_logs_snapshot/route_server_5580_1783789388922.log
diagnostics/20260712_010514/ros_logs_snapshot/route_server_6717_1783789544648.log
diagnostics/20260712_010514/ros_logs_snapshot/route_server_6750_1783779220085.log
diagnostics/20260712_010514/ros_logs_snapshot/route_server_7580_1783789608146.log
diagnostics/20260712_010514/ros_logs_snapshot/route_server_8664_1783779520823.log
diagnostics/20260712_010514/ros_logs_snapshot/rviz2_11221_1783787650164.log
diagnostics/20260712_010514/ros_logs_snapshot/rviz2_11481_1783779914652.log
diagnostics/20260712_010514/ros_logs_snapshot/rviz2_11687_1783784258751.log
diagnostics/20260712_010514/ros_logs_snapshot/rviz2_12434_1783784353878.log
diagnostics/20260712_010514/ros_logs_snapshot/rviz2_13204_1783784384074.log
diagnostics/20260712_010514/ros_logs_snapshot/rviz2_14167_1783780530364.log
diagnostics/20260712_010514/ros_logs_snapshot/rviz2_18361_1783781079593.log
diagnostics/20260712_010514/ros_logs_snapshot/rviz2_19387_1783781258845.log
diagnostics/20260712_010514/ros_logs_snapshot/rviz2_2123_1783776133157.log
diagnostics/20260712_010514/ros_logs_snapshot/rviz2_2280_1783776628236.log
diagnostics/20260712_010514/ros_logs_snapshot/rviz2_3070_1783787996721.log
diagnostics/20260712_010514/ros_logs_snapshot/rviz2_3504_1783776999840.log
diagnostics/20260712_010514/ros_logs_snapshot/rviz2_3693_1783784935082.log
diagnostics/20260712_010514/ros_logs_snapshot/rviz2_3890_1783786014912.log
diagnostics/20260712_010514/ros_logs_snapshot/rviz2_4000_1783789299520.log
diagnostics/20260712_010514/ros_logs_snapshot/rviz2_4336_1783786087006.log
diagnostics/20260712_010514/ros_logs_snapshot/rviz2_4337_1783777467443.log
diagnostics/20260712_010514/ros_logs_snapshot/rviz2_4431_1783797249855.log
diagnostics/20260712_010514/ros_logs_snapshot/rviz2_4459_1783785024459.log
diagnostics/20260712_010514/ros_logs_snapshot/rviz2_4860_1783783275762.log
diagnostics/20260712_010514/ros_logs_snapshot/rviz2_5246_1783778982108.log
diagnostics/20260712_010514/ros_logs_snapshot/rviz2_5248_1783786419413.log
diagnostics/20260712_010514/ros_logs_snapshot/rviz2_5270_1783783316096.log
diagnostics/20260712_010514/ros_logs_snapshot/rviz2_5408_1783789380842.log
diagnostics/20260712_010514/ros_logs_snapshot/rviz2_5681_1783783410989.log
diagnostics/20260712_010514/ros_logs_snapshot/rviz2_6126_1783783486374.log
diagnostics/20260712_010514/ros_logs_snapshot/rviz2_6296_1783786605282.log
diagnostics/20260712_010514/ros_logs_snapshot/rviz2_6323_1783785385892.log
diagnostics/20260712_010514/ros_logs_snapshot/rviz2_6436_1783779185210.log
diagnostics/20260712_010514/ros_logs_snapshot/rviz2_6564_1783789535703.log
diagnostics/20260712_010514/ros_logs_snapshot/rviz2_7260_1783783677048.log
diagnostics/20260712_010514/ros_logs_snapshot/rviz2_7382_1783786922232.log
diagnostics/20260712_010514/ros_logs_snapshot/rviz2_7435_1783789597224.log
diagnostics/20260712_010514/ros_logs_snapshot/rviz2_8246_1783787002538.log
diagnostics/20260712_010514/ros_logs_snapshot/rviz2_8503_1783779501915.log
diagnostics/20260712_010514/ros_logs_snapshot/rviz2_8932_1783778319209.log
diagnostics/20260712_010514/ros_logs_snapshot/rviz2_9609_1783778387711.log
diagnostics/20260712_010514/ros_logs_snapshot/rviz2_9803_1783787322622.log
diagnostics/20260712_010514/ros_logs_snapshot/sllidar_node_11219_1783787649843.log
diagnostics/20260712_010514/ros_logs_snapshot/sllidar_node_11479_1783779914243.log
diagnostics/20260712_010514/ros_logs_snapshot/sllidar_node_11685_1783784258329.log
diagnostics/20260712_010514/ros_logs_snapshot/sllidar_node_12432_1783784353561.log
diagnostics/20260712_010514/ros_logs_snapshot/sllidar_node_13202_1783784383788.log
diagnostics/20260712_010514/ros_logs_snapshot/sllidar_node_14165_1783780530016.log
diagnostics/20260712_010514/ros_logs_snapshot/sllidar_node_18359_1783781079304.log
diagnostics/20260712_010514/ros_logs_snapshot/sllidar_node_19385_1783781258557.log
diagnostics/20260712_010514/ros_logs_snapshot/sllidar_node_2121_1783776132391.log
diagnostics/20260712_010514/ros_logs_snapshot/sllidar_node_2278_1783776627502.log
diagnostics/20260712_010514/ros_logs_snapshot/sllidar_node_2852_1783776857273.log
diagnostics/20260712_010514/ros_logs_snapshot/sllidar_node_3068_1783787995854.log
diagnostics/20260712_010514/ros_logs_snapshot/sllidar_node_3502_1783776999579.log
diagnostics/20260712_010514/ros_logs_snapshot/sllidar_node_3691_1783784934296.log
diagnostics/20260712_010514/ros_logs_snapshot/sllidar_node_3756_1783797207635.log
diagnostics/20260712_010514/ros_logs_snapshot/sllidar_node_3888_1783786014155.log
diagnostics/20260712_010514/ros_logs_snapshot/sllidar_node_3998_1783789298648.log
diagnostics/20260712_010514/ros_logs_snapshot/sllidar_node_4334_1783786086605.log
diagnostics/20260712_010514/ros_logs_snapshot/sllidar_node_4335_1783777467084.log
diagnostics/20260712_010514/ros_logs_snapshot/sllidar_node_4429_1783797248382.log
diagnostics/20260712_010514/ros_logs_snapshot/sllidar_node_4457_1783785024123.log
diagnostics/20260712_010514/ros_logs_snapshot/sllidar_node_4768_1783777596020.log
diagnostics/20260712_010514/ros_logs_snapshot/sllidar_node_4858_1783783274992.log
diagnostics/20260712_010514/ros_logs_snapshot/sllidar_node_5244_1783778981214.log
diagnostics/20260712_010514/ros_logs_snapshot/sllidar_node_5246_1783786419008.log
diagnostics/20260712_010514/ros_logs_snapshot/sllidar_node_5268_1783783315765.log
diagnostics/20260712_010514/ros_logs_snapshot/sllidar_node_5406_1783789380318.log
diagnostics/20260712_010514/ros_logs_snapshot/sllidar_node_5679_1783783410698.log
diagnostics/20260712_010514/ros_logs_snapshot/sllidar_node_6124_1783783486042.log
diagnostics/20260712_010514/ros_logs_snapshot/sllidar_node_6294_1783786604807.log
diagnostics/20260712_010514/ros_logs_snapshot/sllidar_node_6321_1783785385537.log
diagnostics/20260712_010514/ros_logs_snapshot/sllidar_node_6434_1783779184778.log
diagnostics/20260712_010514/ros_logs_snapshot/sllidar_node_6562_1783789535234.log
diagnostics/20260712_010514/ros_logs_snapshot/sllidar_node_7258_1783783676557.log
diagnostics/20260712_010514/ros_logs_snapshot/sllidar_node_7380_1783786921805.log
diagnostics/20260712_010514/ros_logs_snapshot/sllidar_node_7433_1783789596795.log
diagnostics/20260712_010514/ros_logs_snapshot/sllidar_node_8244_1783787002235.log
diagnostics/20260712_010514/ros_logs_snapshot/sllidar_node_8501_1783779501360.log
diagnostics/20260712_010514/ros_logs_snapshot/sllidar_node_8930_1783778318874.log
diagnostics/20260712_010514/ros_logs_snapshot/sllidar_node_9607_1783778387231.log
diagnostics/20260712_010514/ros_logs_snapshot/sllidar_node_9801_1783787322269.log
diagnostics/20260712_010514/ros_logs_snapshot/smoother_server_11663_1783779940723.log
diagnostics/20260712_010514/ros_logs_snapshot/smoother_server_18537_1783781093078.log
diagnostics/20260712_010514/ros_logs_snapshot/smoother_server_3114_1783776897771.log
diagnostics/20260712_010514/ros_logs_snapshot/smoother_server_4230_1783789310099.log
diagnostics/20260712_010514/ros_logs_snapshot/smoother_server_4600_1783797267541.log
diagnostics/20260712_010514/ros_logs_snapshot/smoother_server_4965_1783777619685.log
diagnostics/20260712_010514/ros_logs_snapshot/smoother_server_5457_1783786431566.log
diagnostics/20260712_010514/ros_logs_snapshot/smoother_server_5500_1783779004841.log
diagnostics/20260712_010514/ros_logs_snapshot/smoother_server_5578_1783789389152.log
diagnostics/20260712_010514/ros_logs_snapshot/smoother_server_6715_1783789544539.log
diagnostics/20260712_010514/ros_logs_snapshot/smoother_server_6748_1783779219837.log
diagnostics/20260712_010514/ros_logs_snapshot/smoother_server_7578_1783789607860.log
diagnostics/20260712_010514/ros_logs_snapshot/smoother_server_8662_1783779520831.log
diagnostics/20260712_010514/ros_logs_snapshot/talker_39383_1783771340372.log
diagnostics/20260712_010514/ros_logs_snapshot/talker_39542_1783771406685.log
diagnostics/20260712_010514/ros_logs_snapshot/talker_39715_1783771487315.log
diagnostics/20260712_010514/ros_logs_snapshot/tf2_echo_10362_1783798772610.log
diagnostics/20260712_010514/ros_logs_snapshot/tf2_echo_10393_1783798778844.log
diagnostics/20260712_010514/ros_logs_snapshot/tf2_echo_10424_1783798785108.log
diagnostics/20260712_010514/ros_logs_snapshot/tf2_monitor_10455_1783798791369.log
diagnostics/20260712_010514/ros_logs_snapshot/velocity_smoother_11669_1783779940904.log
diagnostics/20260712_010514/ros_logs_snapshot/velocity_smoother_18543_1783781093082.log
diagnostics/20260712_010514/ros_logs_snapshot/velocity_smoother_3121_1783776897667.log
diagnostics/20260712_010514/ros_logs_snapshot/velocity_smoother_4236_1783789309790.log
diagnostics/20260712_010514/ros_logs_snapshot/velocity_smoother_4606_1783797267327.log
diagnostics/20260712_010514/ros_logs_snapshot/velocity_smoother_4971_1783777619789.log
diagnostics/20260712_010514/ros_logs_snapshot/velocity_smoother_5463_1783786431786.log
diagnostics/20260712_010514/ros_logs_snapshot/velocity_smoother_5507_1783779004633.log
diagnostics/20260712_010514/ros_logs_snapshot/velocity_smoother_5584_1783789389256.log
diagnostics/20260712_010514/ros_logs_snapshot/velocity_smoother_6721_1783789544509.log
diagnostics/20260712_010514/ros_logs_snapshot/velocity_smoother_6754_1783779219960.log
diagnostics/20260712_010514/ros_logs_snapshot/velocity_smoother_7584_1783789608003.log
diagnostics/20260712_010514/ros_logs_snapshot/velocity_smoother_8668_1783779520556.log
diagnostics/20260712_010514/ros_logs_snapshot/waypoint_follower_11668_1783779940498.log
diagnostics/20260712_010514/ros_logs_snapshot/waypoint_follower_18542_1783781093078.log
diagnostics/20260712_010514/ros_logs_snapshot/waypoint_follower_3120_1783776897595.log
diagnostics/20260712_010514/ros_logs_snapshot/waypoint_follower_4235_1783789310036.log
diagnostics/20260712_010514/ros_logs_snapshot/waypoint_follower_4605_1783797267402.log
diagnostics/20260712_010514/ros_logs_snapshot/waypoint_follower_4970_1783777619693.log
diagnostics/20260712_010514/ros_logs_snapshot/waypoint_follower_5462_1783786431764.log
diagnostics/20260712_010514/ros_logs_snapshot/waypoint_follower_5506_1783779004701.log
diagnostics/20260712_010514/ros_logs_snapshot/waypoint_follower_5583_1783789389022.log
diagnostics/20260712_010514/ros_logs_snapshot/waypoint_follower_6720_1783789544677.log
diagnostics/20260712_010514/ros_logs_snapshot/waypoint_follower_6753_1783779219942.log
diagnostics/20260712_010514/ros_logs_snapshot/waypoint_follower_7583_1783789608036.log
diagnostics/20260712_010514/ros_logs_snapshot/waypoint_follower_8667_1783779520825.log
diagnostics/20260712_010514/ros_node_list_all.log
diagnostics/20260712_010514/ros_node_list.log
diagnostics/20260712_010514/rosout_recent.log
diagnostics/20260712_010514/ros_service_list.log
diagnostics/20260712_010514/ros_topic_list.log
diagnostics/20260712_010514/serial_getty_status.log
diagnostics/20260712_010514/shell_ros_sourcing.log
diagnostics/20260712_010514/shutdown_manual_ros_groups.log
diagnostics/20260712_010514/stm32_base_only_graph.log
diagnostics/20260712_010514/stm32_base_only_launch.log
diagnostics/20260712_010514/stm32_base_only_rates.log
diagnostics/20260712_010514/stm32_base_only_samples.log
diagnostics/20260712_010514/stm32_bounded_motor_test.log
diagnostics/20260712_010514/systemctl_failed.log
diagnostics/20260712_010514/systemctl_relevant_unit_files.log
diagnostics/20260712_010514/systemctl_relevant_units.log
diagnostics/20260712_010514/tf_echo_base_lidar.log
diagnostics/20260712_010514/tf_echo_map_odom.log
diagnostics/20260712_010514/tf_echo_odom_base.log
diagnostics/20260712_010514/tf_monitor.log
diagnostics/20260712_010514/thermal_zones.log
diagnostics/20260712_010514/tools/monitor_exploration.py
diagnostics/20260712_010514/topic_info_cmd_vel.log
diagnostics/20260712_010514/topic_info_cmd_vel_nav.log
diagnostics/20260712_010514/topic_info_coverage_path.log
diagnostics/20260712_010514/topic_info_hardware.log
diagnostics/20260712_010514/topic_info_imu.log
diagnostics/20260712_010514/topic_info_map.log
diagnostics/20260712_010514/topic_info_map_updates.log
diagnostics/20260712_010514/topic_info_odom.log
diagnostics/20260712_010514/topic_info_scan.log
diagnostics/20260712_010514/topic_info_slam_map.log
diagnostics/20260712_010514/topic_info_wheel_odom.log
diagnostics/20260712_010514/transcript.log
diagnostics/20260712_010514/udev_ttyAMA0.log
diagnostics/20260712_010514/udev_ttyUSB0.log
diagnostics/20260712_010514/vcgencmd_throttled.log
diagnostics/coverage_motion_20260712_031032/command_index.log
diagnostics/coverage_motion_20260712_031032/diagnostics_resume_find.log
diagnostics/coverage_motion_20260712_031032/tools/emergency_stop.sh
diagnostics/coverage_motion_20260712_031032/transcript.log
exit=0
