===== final_restart_short_coverage_with_current_amcl_pose =====
$ bash -lc source /opt/ros/jazzy/setup.bash && source /home/sweepi/SweePi/install/setup.bash; echo PREPARE; curl --max-time 10 -sS -X POST http://localhost:8080/api/cleaning/start -H "Content-Type: application/json" -d "{\"map_id\":\"living_room\",\"cleaning_mode\":\"full-map\"}"; echo; sleep 5; echo POSE_CURRENT; curl --max-time 20 -sS -X POST http://localhost:8080/api/localization/initial-pose -H "Content-Type: application/json" -d "{\"map_id\":\"living_room\",\"x\":-0.98263786,\"y\":-3.20263304,\"yaw\":-2.17431814,\"frame\":\"map\"}"; echo; sleep 8; echo STATUS_POSE; curl --max-time 5 -sS http://localhost:8080/api/cleaning/status; echo; echo VALIDATE; curl --max-time 15 -sS -X POST http://localhost:8080/api/cleaning/validate; echo; sleep 3; "$DIAG/tools/monitor_motion_chain.py" --duration 25 > "$DIAG/final_restart_current_pose_monitor.log" 2>&1 & MON=$!; sleep 2; echo START; curl --max-time 15 -sS -X POST http://localhost:8080/api/cleaning/start-motion; echo; sleep 10; echo STOP; curl --max-time 10 -sS -X POST http://localhost:8080/api/cleaning/stop; echo; wait $MON; echo MONITOR; cat "$DIAG/final_restart_current_pose_monitor.log"; sleep 5; echo FINAL_STATUS; curl --max-time 5 -sS http://localhost:8080/api/cleaning/status; echo; $DIAG/tools/emergency_stop.sh >/dev/null 2>&1 || true
PREPARE
{"success":true,"message":"Coverage prepared. Waiting for initial pose from mobile app or RViz.","error":null,"timestamp":"2026-07-11T22:25:11Z","command":"prepare_cleaning","accepted":true,"completed":true,"task_finished":false,"state":"waiting_for_initial_pose","task_id":"cleaning_20260711_222511","map_id":"living_room","cleaning_mode":"full-map","sections":[],"initial_pose":null,"initial_pose_required":true,"progress_percent":0.0,"coverage_map_id":"living_room","next_steps":["Set initial pose from RViz or POST /api/localization/initial-pose.","Call POST /api/cleaning/validate.","Call POST /api/cleaning/start-motion."]}
POSE_CURRENT
{"success":false,"message":"Initial pose is in an unknown map cell.","error":{"code":"INITIAL_POSE_UNKNOWN","details":{"pose_check":{"ok":false,"code":"INITIAL_POSE_UNKNOWN","message":"Initial pose is in an unknown map cell.","map_id":"living_room","cell":{"x":124,"y":99,"width":243,"height":269,"resolution":0.05000000074505806,"index":24181},"occupancy":-1}}},"timestamp":"2026-07-11T22:25:16Z","command":"set_initial_pose","accepted":false,"completed":false,"task_finished":false,"state":"invalid_initial_pose"}
STATUS_POSE
{"success":true,"message":"Cleaning status fetched.","error":null,"timestamp":"2026-07-11T22:25:24Z","task_finished":false,"state":"waiting_for_initial_pose","active":true,"task_id":"cleaning_20260711_222511","map_id":"living_room","coverage_map_id":"living_room","cleaning_mode":"full-map","sections":[],"progress_percent":0.0,"pose":null,"nav":{"execution_status":"WAITING_FOR_PATH"},"coverage":{"covered_area_m2":0.0,"total_area_m2":40.375},"paused":false,"initial_pose_received":false,"initial_pose_confirmed":false,"initial_pose_source":null,"coverage_path_available":false,"path_available":false,"coverage_map_available":true,"coverage_validated":false,"pose_available":false,"ready_to_validate":false,"ready_to_start_motion":false,"task_result":null,"last_error":{"code":"INITIAL_POSE_UNKNOWN","details":{"pose_check":{"ok":false,"code":"INITIAL_POSE_UNKNOWN","message":"Initial pose is in an unknown map cell.","map_id":"living_room","cell":{"x":124,"y":99,"width":243,"height":269,"resolution":0.05000000074505806,"index":24181},"occupancy":-1}}},"next_steps":["Set initial pose with POST /api/localization/initial-pose."],"status_message":"Coverage prepared. Waiting for confirmed initial pose from API or RViz."}
VALIDATE
{"success":false,"message":"Confirmed initial pose is required before coverage validation or motion","error":{"code":"INVALID_STATE","details":{}},"timestamp":"2026-07-11T22:25:24Z","command":"validate_cleaning","accepted":false,"completed":false,"task_finished":false,"state":"initial_pose_required"}
START
{"success":false,"message":"Confirmed initial pose is required before coverage validation or motion","error":{"code":"INVALID_STATE","details":{}},"timestamp":"2026-07-11T22:25:29Z","command":"start_cleaning_motion","accepted":false,"completed":false,"task_finished":false,"state":"initial_pose_required"}
STOP
{"success":true,"message":"Cleaning stopped.","error":null,"timestamp":"2026-07-11T22:25:39Z","command":"stop_cleaning","accepted":true,"completed":true,"task_finished":true,"state":"stopped","task_result":"stopped","task_id":"cleaning_20260711_222511"}
MONITOR
MOTION_CHAIN_MONITOR duration=25.0
/cmd_vel_nav count=1 nonzero=0 max_lin=0.0000 max_ang=0.0000 first_nonzero=None last=(12.221419788000276, 0.0, 0.0)
/cmd_vel_smoothed count=0 nonzero=0 max_lin=0.0000 max_ang=0.0000 first_nonzero=None last=None
/cmd_vel count=2 nonzero=0 max_lin=0.0000 max_ang=0.0000 first_nonzero=None last=(11.35778987599997, 0.0, 0.0)
/wheel/odom first=(0.10840347300018038, 0.0, 0.0, 0.0) last=(25.043558944000324, 0.0, 0.0, 0.0) delta_xy=0.0000
/hardware/status count=0 faults=[]
/coverage_execution_status transitions=[(3.22333904900006, 'WAITING_FOR_PATH'), (11.360425144000146, 'STOPPED')]
/follow_path action status transitions=[]
FINAL_STATUS
{"success":true,"message":"Cleaning status fetched.","error":null,"timestamp":"2026-07-11T22:25:58Z","task_finished":true,"state":"idle","active":false,"task_id":null,"map_id":null,"coverage_map_id":null,"cleaning_mode":null,"sections":[],"progress_percent":0.0,"pose":null,"nav":{"execution_status":"WAITING_FOR_PATH"},"coverage":{"covered_area_m2":0.0,"total_area_m2":0.0},"paused":false,"initial_pose_received":false,"initial_pose_confirmed":false,"initial_pose_source":null,"coverage_path_available":false,"path_available":false,"coverage_map_available":false,"coverage_validated":false,"pose_available":false,"ready_to_validate":false,"ready_to_start_motion":false,"task_result":"stopped","last_error":null,"next_steps":["Call POST /api/cleaning/start."],"status_message":"Cleaning is idle"}
exit=0
