===== final_restart_short_coverage_retry_after_amcl_settle =====
$ bash -lc source /opt/ros/jazzy/setup.bash && source /home/sweepi/SweePi/install/setup.bash; echo PREPARE; curl --max-time 10 -sS -X POST http://localhost:8080/api/cleaning/start -H "Content-Type: application/json" -d "{\"map_id\":\"living_room\",\"cleaning_mode\":\"full-map\"}"; echo; echo WAIT_FOR_AMCL; sleep 15; timeout 5 ros2 topic echo /amcl_pose --once || true; echo POSE; curl --max-time 20 -sS -X POST http://localhost:8080/api/localization/initial-pose -H "Content-Type: application/json" -d "{\"map_id\":\"living_room\",\"x\":-1.43906824,\"y\":-3.71318701,\"yaw\":-1.77878123,\"frame\":\"map\"}"; echo; sleep 8; echo STATUS_POSE; curl --max-time 5 -sS http://localhost:8080/api/cleaning/status; echo; echo VALIDATE; curl --max-time 15 -sS -X POST http://localhost:8080/api/cleaning/validate; echo; sleep 3; "$DIAG/tools/monitor_motion_chain.py" --duration 25 > "$DIAG/final_restart_retry_monitor.log" 2>&1 & MON=$!; sleep 2; echo START; curl --max-time 15 -sS -X POST http://localhost:8080/api/cleaning/start-motion; echo; sleep 10; echo STOP; curl --max-time 10 -sS -X POST http://localhost:8080/api/cleaning/stop; echo; wait $MON; echo MONITOR; cat "$DIAG/final_restart_retry_monitor.log"; sleep 5; echo FINAL_STATUS; curl --max-time 5 -sS http://localhost:8080/api/cleaning/status; echo; $DIAG/tools/emergency_stop.sh >/dev/null 2>&1 || true
PREPARE
{"success":true,"message":"Coverage prepared. Waiting for initial pose from mobile app or RViz.","error":null,"timestamp":"2026-07-11T22:23:02Z","command":"prepare_cleaning","accepted":true,"completed":true,"task_finished":false,"state":"waiting_for_initial_pose","task_id":"cleaning_20260711_222302","map_id":"living_room","cleaning_mode":"full-map","sections":[],"initial_pose":null,"initial_pose_required":true,"progress_percent":0.0,"coverage_map_id":"living_room","next_steps":["Set initial pose from RViz or POST /api/localization/initial-pose.","Call POST /api/cleaning/validate.","Call POST /api/cleaning/start-motion."]}
WAIT_FOR_AMCL
POSE
{"success":false,"message":"Initial pose was published, but localization was not confirmed.","error":{"code":"INITIAL_POSE_NOT_CONFIRMED","details":{"reason":"AMCL pose did not match requested initial pose before timeout","confirmation":{"ok":false,"message":"AMCL pose did not match requested initial pose before timeout","pose":{"x":-0.9826378600998203,"y":-3.202633036979291,"yaw":-2.174318137558236,"frame":"map"},"distance_tolerance":0.25,"yaw_tolerance":0.35,"timeout_sec":5.0}}},"timestamp":"2026-07-11T22:23:28Z","command":"set_initial_pose","accepted":true,"completed":false,"task_finished":false,"state":"initial_pose_failed","initial_pose_received":true,"initial_pose_confirmed":false,"initial_pose_source":"api","initial_pose":{"x":-1.43906824,"y":-3.71318701,"yaw":-1.77878123,"frame":"map"}}
STATUS_POSE
{"success":true,"message":"Cleaning status fetched.","error":null,"timestamp":"2026-07-11T22:23:36Z","task_finished":false,"state":"initial_pose_failed","active":true,"task_id":"cleaning_20260711_222302","map_id":"living_room","coverage_map_id":"living_room","cleaning_mode":"full-map","sections":[],"progress_percent":0.11764705926179886,"pose":{"x":-0.9826378600998202,"y":-3.2026330369792904,"yaw":-2.174318137558236,"frame":"map"},"nav":{"execution_status":"WAITING_FOR_PATH"},"coverage":{"covered_area_m2":0.048,"total_area_m2":40.375},"paused":false,"initial_pose_received":true,"initial_pose_confirmed":false,"initial_pose_source":"api","coverage_path_available":false,"path_available":false,"coverage_map_available":true,"coverage_validated":false,"pose_available":true,"ready_to_validate":false,"ready_to_start_motion":false,"task_result":null,"last_error":{"code":"INITIAL_POSE_NOT_CONFIRMED","details":{"reason":"AMCL pose did not match requested initial pose before timeout","confirmation":{"ok":false,"message":"AMCL pose did not match requested initial pose before timeout","pose":{"x":-0.9826378600998203,"y":-3.202633036979291,"yaw":-2.174318137558236,"frame":"map"},"distance_tolerance":0.25,"yaw_tolerance":0.35,"timeout_sec":5.0}}},"next_steps":["Set initial pose with POST /api/localization/initial-pose."],"status_message":"Initial pose was not confirmed. Set initial pose again."}
VALIDATE
{"success":false,"message":"Coverage path is not available yet","error":{"code":"INVALID_STATE","details":{}},"timestamp":"2026-07-11T22:23:36Z","command":"validate_cleaning","accepted":false,"completed":false,"task_finished":false,"state":"coverage_path_unavailable"}
START
{"success":false,"message":"Coverage path is not available yet","error":{"code":"INVALID_STATE","details":{}},"timestamp":"2026-07-11T22:23:41Z","command":"start_cleaning_motion","accepted":false,"completed":false,"task_finished":false,"state":"coverage_path_unavailable"}
STOP
{"success":true,"message":"Cleaning stopped.","error":null,"timestamp":"2026-07-11T22:23:51Z","command":"stop_cleaning","accepted":true,"completed":true,"task_finished":true,"state":"stopped","task_result":"stopped","task_id":"cleaning_20260711_222302"}
MONITOR
MOTION_CHAIN_MONITOR duration=25.1
/cmd_vel_nav count=1 nonzero=0 max_lin=0.0000 max_ang=0.0000 first_nonzero=None last=(12.66138648199967, 0.0, 0.0)
/cmd_vel_smoothed count=14 nonzero=0 max_lin=0.0000 max_ang=0.0000 first_nonzero=None last=(13.356386473999919, 0.0, 0.0)
/cmd_vel count=13 nonzero=0 max_lin=0.0000 max_ang=0.0000 first_nonzero=None last=(13.248264415999984, 0.0, 0.0)
/wheel/odom first=(0.11557502799996655, 0.0, 0.0, 0.0) last=(25.09193673799973, 0.0, 0.0, 0.0) delta_xy=0.0000
/hardware/status count=0 faults=[]
/coverage_execution_status transitions=[(1.212470915999802, 'WAITING_FOR_PATH'), (11.208397317999697, 'STOPPED')]
/follow_path action status transitions=[]
FINAL_STATUS
{"success":true,"message":"Cleaning status fetched.","error":null,"timestamp":"2026-07-11T22:24:10Z","task_finished":true,"state":"idle","active":false,"task_id":null,"map_id":null,"coverage_map_id":null,"cleaning_mode":null,"sections":[],"progress_percent":0.11764705926179886,"pose":{"x":-0.9826378600998202,"y":-3.2026330369792904,"yaw":-2.174318137558236,"frame":"map"},"nav":{"execution_status":"STOPPED"},"coverage":{"covered_area_m2":0.0,"total_area_m2":0.0},"paused":false,"initial_pose_received":false,"initial_pose_confirmed":false,"initial_pose_source":null,"coverage_path_available":false,"path_available":false,"coverage_map_available":false,"coverage_validated":false,"pose_available":false,"ready_to_validate":false,"ready_to_start_motion":false,"task_result":"stopped","last_error":null,"next_steps":["Call POST /api/cleaning/start."],"status_message":"Cleaning is idle"}
exit=0
