===== final_restart_short_coverage_movement =====
$ bash -lc source /opt/ros/jazzy/setup.bash && source /home/sweepi/SweePi/install/setup.bash; echo PREPARE; curl --max-time 10 -sS -X POST http://localhost:8080/api/cleaning/start -H "Content-Type: application/json" -d "{\"map_id\":\"living_room\",\"cleaning_mode\":\"full-map\"}"; echo; sleep 5; echo POSE; curl --max-time 20 -sS -X POST http://localhost:8080/api/localization/initial-pose -H "Content-Type: application/json" -d "{\"map_id\":\"living_room\",\"x\":-1.43906824,\"y\":-3.71318701,\"yaw\":-1.77878123,\"frame\":\"map\"}"; echo; for i in $(seq 1 15); do STATUS=$(curl --max-time 5 -sS http://localhost:8080/api/cleaning/status); echo "$STATUS" > "$DIAG/final_restart_status_wait_$i.json"; echo "$STATUS" | grep -q "ready_to_validate.*true\|coverage_ready\|coverage_validated" && break; sleep 2; done; echo VALIDATE; curl --max-time 15 -sS -X POST http://localhost:8080/api/cleaning/validate; echo; sleep 3; echo STATUS_VALIDATED; curl --max-time 5 -sS http://localhost:8080/api/cleaning/status; echo; "$DIAG/tools/monitor_motion_chain.py" --duration 25 > "$DIAG/final_restart_short_movement_monitor.log" 2>&1 & MON=$!; sleep 2; echo START; curl --max-time 15 -sS -X POST http://localhost:8080/api/cleaning/start-motion; echo; sleep 12; echo STOP; curl --max-time 10 -sS -X POST http://localhost:8080/api/cleaning/stop; echo; wait $MON; echo MONITOR; cat "$DIAG/final_restart_short_movement_monitor.log"; sleep 5; echo FINAL_STATUS; curl --max-time 5 -sS http://localhost:8080/api/cleaning/status; echo; echo PROCESSES; pgrep -af "coverage_task|coverage_.*node|controller_server|amcl|map_server|bt_navigator|planner_server|behavior_server" || true; $DIAG/tools/emergency_stop.sh >/dev/null 2>&1 || true
PREPARE
{"success":true,"message":"Coverage prepared. Waiting for initial pose from mobile app or RViz.","error":null,"timestamp":"2026-07-11T22:21:07Z","command":"prepare_cleaning","accepted":true,"completed":true,"task_finished":false,"state":"waiting_for_initial_pose","task_id":"cleaning_20260711_222107","map_id":"living_room","cleaning_mode":"full-map","sections":[],"initial_pose":null,"initial_pose_required":true,"progress_percent":0.0,"coverage_map_id":"living_room","next_steps":["Set initial pose from RViz or POST /api/localization/initial-pose.","Call POST /api/cleaning/validate.","Call POST /api/cleaning/start-motion."]}
POSE
{"success":false,"message":"Initial pose was published, but localization was not confirmed.","error":{"code":"INITIAL_POSE_NOT_CONFIRMED","details":{"reason":"fresh /amcl_pose was not available before timeout","confirmation":{"ok":false,"message":"fresh /amcl_pose was not available before timeout","pose":null,"distance_tolerance":0.25,"yaw_tolerance":0.35,"timeout_sec":5.0}}},"timestamp":"2026-07-11T22:21:17Z","command":"set_initial_pose","accepted":true,"completed":false,"task_finished":false,"state":"initial_pose_failed","initial_pose_received":true,"initial_pose_confirmed":false,"initial_pose_source":"api","initial_pose":{"x":-1.43906824,"y":-3.71318701,"yaw":-1.77878123,"frame":"map"}}
VALIDATE
{"success":false,"message":"Confirmed initial pose is required before coverage validation or motion","error":{"code":"INVALID_STATE","details":{}},"timestamp":"2026-07-11T22:21:18Z","command":"validate_cleaning","accepted":false,"completed":false,"task_finished":false,"state":"initial_pose_required"}
STATUS_VALIDATED
{"success":true,"message":"Cleaning status fetched.","error":null,"timestamp":"2026-07-11T22:21:21Z","task_finished":false,"state":"initial_pose_failed","active":true,"task_id":"cleaning_20260711_222107","map_id":"living_room","coverage_map_id":"living_room","cleaning_mode":"full-map","sections":[],"progress_percent":0.0,"pose":{"x":-1.43906824,"y":-3.71318701,"yaw":-1.77878123,"frame":"map"},"nav":{"execution_status":"WAITING_FOR_PATH"},"coverage":{"covered_area_m2":0.0,"total_area_m2":40.375},"paused":false,"initial_pose_received":true,"initial_pose_confirmed":false,"initial_pose_source":"api","coverage_path_available":false,"path_available":false,"coverage_map_available":true,"coverage_validated":false,"pose_available":false,"ready_to_validate":false,"ready_to_start_motion":false,"task_result":null,"last_error":{"code":"INVALID_STATE","details":{}},"next_steps":["Set initial pose with POST /api/localization/initial-pose."],"status_message":"Initial pose was not confirmed. Set initial pose again."}
START
{"success":false,"message":"Confirmed initial pose is required before coverage validation or motion","error":{"code":"INVALID_STATE","details":{}},"timestamp":"2026-07-11T22:21:23Z","command":"start_cleaning_motion","accepted":false,"completed":false,"task_finished":false,"state":"initial_pose_required"}
STOP
{"success":true,"message":"Cleaning stopped.","error":null,"timestamp":"2026-07-11T22:21:35Z","command":"stop_cleaning","accepted":true,"completed":true,"task_finished":true,"state":"stopped","task_result":"stopped","task_id":"cleaning_20260711_222107"}
MONITOR
MOTION_CHAIN_MONITOR duration=25.0
/cmd_vel_nav count=1 nonzero=0 max_lin=0.0000 max_ang=0.0000 first_nonzero=None last=(15.35783420200005, 0.0, 0.0)
/cmd_vel_smoothed count=0 nonzero=0 max_lin=0.0000 max_ang=0.0000 first_nonzero=None last=None
/cmd_vel count=2 nonzero=0 max_lin=0.0000 max_ang=0.0000 first_nonzero=None last=(13.395804438999676, 0.0, 0.0)
/wheel/odom first=(0.10366040300004897, 0.0, 0.0, 0.0) last=(25.031920383999932, 0.0, 0.0, 0.0) delta_xy=0.0000
/hardware/status count=0 faults=[]
/coverage_execution_status transitions=[(1.6169353899999805, 'WAITING_FOR_PATH'), (13.397844101999908, 'STOPPED')]
/follow_path action status transitions=[]
FINAL_STATUS
{"success":true,"message":"Cleaning status fetched.","error":null,"timestamp":"2026-07-11T22:21:52Z","task_finished":false,"state":"idle","active":false,"task_id":null,"map_id":null,"coverage_map_id":null,"cleaning_mode":null,"sections":[],"progress_percent":0.0,"pose":null,"nav":{"execution_status":"WAITING_FOR_PATH"},"coverage":{"covered_area_m2":0.0,"total_area_m2":0.0},"paused":false,"initial_pose_received":false,"initial_pose_confirmed":false,"initial_pose_source":null,"coverage_path_available":false,"path_available":false,"coverage_map_available":false,"coverage_validated":false,"pose_available":false,"ready_to_validate":false,"ready_to_start_motion":false,"task_result":null,"last_error":null,"next_steps":["Call POST /api/cleaning/start."],"status_message":"Cleaning is idle"}
PROCESSES
12829 bash -lc source /opt/ros/jazzy/setup.bash && source /home/sweepi/SweePi/install/setup.bash; echo PREPARE; curl --max-time 10 -sS -X POST http://localhost:8080/api/cleaning/start -H "Content-Type: application/json" -d "{\"map_id\":\"living_room\",\"cleaning_mode\":\"full-map\"}"; echo; sleep 5; echo POSE; curl --max-time 20 -sS -X POST http://localhost:8080/api/localization/initial-pose -H "Content-Type: application/json" -d "{\"map_id\":\"living_room\",\"x\":-1.43906824,\"y\":-3.71318701,\"yaw\":-1.77878123,\"frame\":\"map\"}"; echo; for i in $(seq 1 15); do STATUS=$(curl --max-time 5 -sS http://localhost:8080/api/cleaning/status); echo "$STATUS" > "$DIAG/final_restart_status_wait_$i.json"; echo "$STATUS" | grep -q "ready_to_validate.*true\|coverage_ready\|coverage_validated" && break; sleep 2; done; echo VALIDATE; curl --max-time 15 -sS -X POST http://localhost:8080/api/cleaning/validate; echo; sleep 3; echo STATUS_VALIDATED; curl --max-time 5 -sS http://localhost:8080/api/cleaning/status; echo; "$DIAG/tools/monitor_motion_chain.py" --duration 25 > "$DIAG/final_restart_short_movement_monitor.log" 2>&1 & MON=$!; sleep 2; echo START; curl --max-time 15 -sS -X POST http://localhost:8080/api/cleaning/start-motion; echo; sleep 12; echo STOP; curl --max-time 10 -sS -X POST http://localhost:8080/api/cleaning/stop; echo; wait $MON; echo MONITOR; cat "$DIAG/final_restart_short_movement_monitor.log"; sleep 5; echo FINAL_STATUS; curl --max-time 5 -sS http://localhost:8080/api/cleaning/status; echo; echo PROCESSES; pgrep -af "coverage_task|coverage_.*node|controller_server|amcl|map_server|bt_navigator|planner_server|behavior_server" || true; $DIAG/tools/emergency_stop.sh >/dev/null 2>&1 || true
exit=0
