[INFO] [launch]: All log files can be found below /home/sweepi/.ros/log/2026-07-12-03-48-41-796403-sweepi-12499
[INFO] [launch]: Default logging verbosity is set to INFO
[INFO] [base_driver_node-1]: process started with pid [12535]
[INFO] [ekf_node-2]: process started with pid [12536]
[INFO] [sllidar_node-3]: process started with pid [12537]
[INFO] [robot_state_publisher-4]: process started with pid [12538]
[INFO] [sweepi_robot_manager_node.py-5]: process started with pid [12539]
[INFO] [api_bridge_node-6]: process started with pid [12540]
[sllidar_node-3] [INFO] [1783808322.270339257] [sllidar_node]: SLLidar running on ROS2 package SLLidar.ROS2 SDK Version:1.0.1, SLLIDAR SDK Version:2.1.0
[ekf_node-2] [ERROR] [1783808322.393459372] [ekf_filter_node]: Warning: /imu/data is listed as an input topic, but all its update variables are false
[robot_state_publisher-4] [INFO] [1783808322.798482864] [robot_state_publisher]: Robot initialized
[sweepi_robot_manager_node.py-5] [INFO] [1783808323.487877123] [sweepi_robot_manager]: SweePi robot manager ready for service commands
[base_driver_node-1] [INFO] [1783808323.999805122] [base_driver_node]: SweePi base driver starting on /dev/ttyAMA0 at 115200 baud
[base_driver_node-1] [INFO] [1783808324.000474576] [base_driver_node]: Base driver parameters: serial_port=/dev/ttyAMA0, baud_rate=115200, wheel_radius=0.0615, wheel_separation=0.29, ticks_per_revolution=7392.0, left_encoder_sign=1.0, right_encoder_sign=1.0, left_motor_command_sign=1.0, right_motor_command_sign=1.0, command_rate_hz=50.0, feedback_poll_rate_hz=100.0, cmd_vel_timeout=0.5, gyro_units=rad_s, accel_units=m_s2
[base_driver_node-1] [INFO] [1783808324.001280921] [base_driver_node]: Connected to STM32 on /dev/ttyAMA0
[api_bridge_node-6] Traceback (most recent call last):
[api_bridge_node-6]   File "/home/sweepi/SweePi/install/sweepi_api_bridge/lib/sweepi_api_bridge/api_bridge_node", line 33, in <module>
[api_bridge_node-6]     sys.exit(load_entry_point('sweepi-api-bridge', 'console_scripts', 'api_bridge_node')())
[api_bridge_node-6]              ^^^^^^^^^^^^^^^^^^^^^^^^^^^^^^^^^^^^^^^^^^^^^^^^^^^^^^^^^^^^^^^^^^^^^^^^^^^^^
[api_bridge_node-6]   File "/home/sweepi/SweePi/build/sweepi_api_bridge/sweepi_api_bridge/api_bridge_node.py", line 2570, in main
[api_bridge_node-6]     node = SweePiApiBridge()
[api_bridge_node-6]            ^^^^^^^^^^^^^^^^^
[api_bridge_node-6]   File "/home/sweepi/SweePi/build/sweepi_api_bridge/sweepi_api_bridge/api_bridge_node.py", line 192, in __init__
[api_bridge_node-6]     self._start_http_server()
[api_bridge_node-6]   File "/home/sweepi/SweePi/build/sweepi_api_bridge/sweepi_api_bridge/api_bridge_node.py", line 264, in _start_http_server
[api_bridge_node-6]     self.http_server = ThreadingHTTPServer(
[api_bridge_node-6]                        ^^^^^^^^^^^^^^^^^^^^
[api_bridge_node-6]   File "/usr/lib/python3.12/socketserver.py", line 457, in __init__
[api_bridge_node-6]     self.server_bind()
[api_bridge_node-6]   File "/usr/lib/python3.12/http/server.py", line 136, in server_bind
[api_bridge_node-6]     socketserver.TCPServer.server_bind(self)
[api_bridge_node-6]   File "/usr/lib/python3.12/socketserver.py", line 473, in server_bind
[api_bridge_node-6]     self.socket.bind(self.server_address)
[api_bridge_node-6] OSError: [Errno 98] Address already in use
[base_driver_node-1] [WARN] [1783808324.211734974] [base_driver_node]: Feedback sequence jump: expected 147712, got 147717
[ERROR] [api_bridge_node-6]: process has died [pid 12540, exit code 1, cmd '/home/sweepi/SweePi/install/sweepi_api_bridge/lib/sweepi_api_bridge/api_bridge_node --ros-args -r __node:=sweepi_api_bridge --params-file /tmp/launch_params_8d7m2rnx'].
[base_driver_node-1] [WARN] [1783808324.638514871] [base_driver_node]: Feedback sequence jump: expected 147723, got 147734
[sllidar_node-3] [ERROR] [1783808324.772635505] [sllidar_node]: Error, operation time out. SL_RESULT_OPERATION_TIMEOUT! 
[base_driver_node-1] [WARN] [1783808324.881629060] [base_driver_node]: Feedback sequence jump: expected 147748, got 147749
[ERROR] [sllidar_node-3]: process has died [pid 12537, exit code 255, cmd '/home/sweepi/SweePi/install/sllidar_ros2/lib/sllidar_ros2/sllidar_node --ros-args -r __node:=sllidar_node --params-file /tmp/launch_params_mrwab0r9'].
[base_driver_node-1] [WARN] [1783808324.983247282] [base_driver_node]: Feedback sequence jump: expected 147753, got 147754
[base_driver_node-1] [WARN] [1783808325.071899830] [base_driver_node]: Feedback sequence jump: expected 147755, got 147758
[base_driver_node-1] [WARN] [1783808325.282044658] [base_driver_node]: Feedback sequence jump: expected 147763, got 147768
[base_driver_node-1] [WARN] [1783808325.491879481] [base_driver_node]: Feedback sequence jump: expected 147773, got 147778
[base_driver_node-1] [WARN] [1783808325.702009345] [base_driver_node]: Feedback sequence jump: expected 147784, got 147788
[base_driver_node-1] [WARN] [1783808325.931846949] [base_driver_node]: Feedback sequence jump: expected 147794, got 147799
[base_driver_node-1] [WARN] [1783808326.141783663] [base_driver_node]: Feedback sequence jump: expected 147804, got 147809
[base_driver_node-1] [WARN] [1783808326.352116736] [base_driver_node]: Feedback sequence jump: expected 147814, got 147819
[base_driver_node-1] [WARN] [1783808326.562021432] [base_driver_node]: Feedback sequence jump: expected 147825, got 147829
[base_driver_node-1] [WARN] [1783808326.772026111] [base_driver_node]: Feedback sequence jump: expected 147835, got 147839
[base_driver_node-1] [WARN] [1783808327.002146998] [base_driver_node]: Feedback sequence jump: expected 147845, got 147850
[base_driver_node-1] [WARN] [1783808327.212023844] [base_driver_node]: Feedback sequence jump: expected 147855, got 147860
[base_driver_node-1] [WARN] [1783808327.421968820] [base_driver_node]: Feedback sequence jump: expected 147866, got 147870
[base_driver_node-1] [WARN] [1783808327.632188522] [base_driver_node]: Feedback sequence jump: expected 147876, got 147880
[base_driver_node-1] [WARN] [1783808327.861974388] [base_driver_node]: Feedback sequence jump: expected 147886, got 147891
[base_driver_node-1] [WARN] [1783808328.071929587] [base_driver_node]: Feedback sequence jump: expected 147896, got 147901
[base_driver_node-1] [WARN] [1783808328.281891528] [base_driver_node]: Feedback sequence jump: expected 147907, got 147911
[base_driver_node-1] [WARN] [1783808328.511866732] [base_driver_node]: Feedback sequence jump: expected 147917, got 147922
[base_driver_node-1] [WARN] [1783808328.702132507] [base_driver_node]: Feedback sequence jump: expected 147927, got 147931
[base_driver_node-1] [WARN] [1783808328.932026617] [base_driver_node]: Feedback sequence jump: expected 147937, got 147942
[base_driver_node-1] [WARN] [1783808329.141825372] [base_driver_node]: Feedback sequence jump: expected 147948, got 147952
[base_driver_node-1] [WARN] [1783808329.352042170] [base_driver_node]: Feedback sequence jump: expected 147958, got 147962
[base_driver_node-1] [WARN] [1783808329.582235156] [base_driver_node]: Feedback sequence jump: expected 147968, got 147973
[base_driver_node-1] [WARN] [1783808329.791827779] [base_driver_node]: Feedback sequence jump: expected 147978, got 147983
[base_driver_node-1] [WARN] [1783808330.002424212] [base_driver_node]: Feedback sequence jump: expected 147989, got 147993
[base_driver_node-1] [WARN] [1783808330.232024951] [base_driver_node]: Feedback sequence jump: expected 147999, got 148004
[base_driver_node-1] [WARN] [1783808330.441835597] [base_driver_node]: Feedback sequence jump: expected 148009, got 148014
[base_driver_node-1] [WARN] [1783808330.652108046] [base_driver_node]: Feedback sequence jump: expected 148019, got 148024
[base_driver_node-1] [WARN] [1783808330.862005933] [base_driver_node]: Feedback sequence jump: expected 148029, got 148034
[base_driver_node-1] [WARN] [1783808331.072067621] [base_driver_node]: Feedback sequence jump: expected 148039, got 148044
[base_driver_node-1] [WARN] [1783808331.282196717] [base_driver_node]: Feedback sequence jump: expected 148050, got 148054
[base_driver_node-1] [WARN] [1783808331.511917348] [base_driver_node]: Feedback sequence jump: expected 148060, got 148065
[base_driver_node-1] [WARN] [1783808331.721937462] [base_driver_node]: Feedback sequence jump: expected 148070, got 148075
[base_driver_node-1] [WARN] [1783808331.931925519] [base_driver_node]: Feedback sequence jump: expected 148080, got 148085
[base_driver_node-1] [WARN] [1783808332.141801558] [base_driver_node]: Feedback sequence jump: expected 148091, got 148095
[base_driver_node-1] [WARN] [1783808332.372079403] [base_driver_node]: Feedback sequence jump: expected 148101, got 148106
[base_driver_node-1] [WARN] [1783808332.582163149] [base_driver_node]: Feedback sequence jump: expected 148111, got 148116
[base_driver_node-1] [WARN] [1783808332.791791851] [base_driver_node]: Feedback sequence jump: expected 148122, got 148126
[base_driver_node-1] [WARN] [1783808333.002145767] [base_driver_node]: Feedback sequence jump: expected 148132, got 148136
[base_driver_node-1] [WARN] [1783808333.232147962] [base_driver_node]: Feedback sequence jump: expected 148142, got 148147
[base_driver_node-1] [WARN] [1783808333.441798684] [base_driver_node]: Feedback sequence jump: expected 148152, got 148157
[base_driver_node-1] [WARN] [1783808333.651739948] [base_driver_node]: Feedback sequence jump: expected 148162, got 148167
[base_driver_node-1] [WARN] [1783808333.862016531] [base_driver_node]: Feedback sequence jump: expected 148173, got 148177
[base_driver_node-1] [WARN] [1783808334.072092076] [base_driver_node]: Feedback sequence jump: expected 148183, got 148187
[base_driver_node-1] [WARN] [1783808334.302214385] [base_driver_node]: Feedback sequence jump: expected 148193, got 148198
[base_driver_node-1] [WARN] [1783808334.511804534] [base_driver_node]: Feedback sequence jump: expected 148203, got 148208
[base_driver_node-1] [WARN] [1783808334.721973432] [base_driver_node]: Feedback sequence jump: expected 148214, got 148218
[base_driver_node-1] [WARN] [1783808334.932148738] [base_driver_node]: Feedback sequence jump: expected 148223, got 148228
[base_driver_node-1] [WARN] [1783808335.141888613] [base_driver_node]: Feedback sequence jump: expected 148234, got 148238
[base_driver_node-1] [WARN] [1783808335.371897793] [base_driver_node]: Feedback sequence jump: expected 148244, got 148249
[base_driver_node-1] [WARN] [1783808335.581890561] [base_driver_node]: Feedback sequence jump: expected 148254, got 148259
[base_driver_node-1] [WARN] [1783808335.792021682] [base_driver_node]: Feedback sequence jump: expected 148264, got 148269
[base_driver_node-1] [WARN] [1783808336.002016210] [base_driver_node]: Feedback sequence jump: expected 148275, got 148279
[base_driver_node-1] [WARN] [1783808336.231938353] [base_driver_node]: Feedback sequence jump: expected 148285, got 148290
[base_driver_node-1] [WARN] [1783808336.441732582] [base_driver_node]: Feedback sequence jump: expected 148295, got 148300
[base_driver_node-1] [WARN] [1783808336.652141803] [base_driver_node]: Feedback sequence jump: expected 148305, got 148310
[base_driver_node-1] [WARN] [1783808336.861827753] [base_driver_node]: Feedback sequence jump: expected 148315, got 148320
[base_driver_node-1] [WARN] [1783808337.071969858] [base_driver_node]: Feedback sequence jump: expected 148325, got 148330
[base_driver_node-1] [WARN] [1783808337.282039519] [base_driver_node]: Feedback sequence jump: expected 148336, got 148340
[base_driver_node-1] [WARN] [1783808337.512041536] [base_driver_node]: Feedback sequence jump: expected 148346, got 148351
[base_driver_node-1] [WARN] [1783808337.721924380] [base_driver_node]: Feedback sequence jump: expected 148356, got 148361
[base_driver_node-1] [WARN] [1783808337.931994374] [base_driver_node]: Feedback sequence jump: expected 148366, got 148371
[base_driver_node-1] [WARN] [1783808338.141713050] [base_driver_node]: Feedback sequence jump: expected 148377, got 148381
[base_driver_node-1] [WARN] [1783808338.371837959] [base_driver_node]: Feedback sequence jump: expected 148387, got 148392
[base_driver_node-1] [WARN] [1783808338.581898566] [base_driver_node]: Feedback sequence jump: expected 148397, got 148402
[base_driver_node-1] [WARN] [1783808338.791778133] [base_driver_node]: Feedback sequence jump: expected 148407, got 148412
[base_driver_node-1] [WARN] [1783808339.002190783] [base_driver_node]: Feedback sequence jump: expected 148418, got 148422
[base_driver_node-1] [WARN] [1783808339.232160766] [base_driver_node]: Feedback sequence jump: expected 148428, got 148433
[base_driver_node-1] [WARN] [1783808339.421973662] [base_driver_node]: Feedback sequence jump: expected 148438, got 148442
[base_driver_node-1] [WARN] [1783808339.652147055] [base_driver_node]: Feedback sequence jump: expected 148448, got 148453
[base_driver_node-1] [WARN] [1783808339.862013291] [base_driver_node]: Feedback sequence jump: expected 148459, got 148463
[base_driver_node-1] [WARN] [1783808340.091958755] [base_driver_node]: Feedback sequence jump: expected 148469, got 148474
[base_driver_node-1] [WARN] [1783808340.302004643] [base_driver_node]: Feedback sequence jump: expected 148479, got 148484
[base_driver_node-1] [WARN] [1783808340.511705878] [base_driver_node]: Feedback sequence jump: expected 148489, got 148494
[base_driver_node-1] [WARN] [1783808340.721978436] [base_driver_node]: Feedback sequence jump: expected 148500, got 148504
[base_driver_node-1] [WARN] [1783808340.932034454] [base_driver_node]: Feedback sequence jump: expected 148509, got 148514
[base_driver_node-1] [WARN] [1783808341.161918234] [base_driver_node]: Feedback sequence jump: expected 148520, got 148525
[base_driver_node-1] [WARN] [1783808341.372024736] [base_driver_node]: Feedback sequence jump: expected 148530, got 148535
[base_driver_node-1] [WARN] [1783808341.581929679] [base_driver_node]: Feedback sequence jump: expected 148541, got 148545
[base_driver_node-1] [WARN] [1783808341.791803251] [base_driver_node]: Feedback sequence jump: expected 148551, got 148555
[base_driver_node-1] [WARN] [1783808342.002031644] [base_driver_node]: Feedback sequence jump: expected 148561, got 148565
[base_driver_node-1] [WARN] [1783808342.232038521] [base_driver_node]: Feedback sequence jump: expected 148571, got 148576
[base_driver_node-1] [WARN] [1783808342.441779871] [base_driver_node]: Feedback sequence jump: expected 148581, got 148586
[base_driver_node-1] [WARN] [1783808342.652114933] [base_driver_node]: Feedback sequence jump: expected 148591, got 148596
[base_driver_node-1] [WARN] [1783808342.861809134] [base_driver_node]: Feedback sequence jump: expected 148602, got 148606
[base_driver_node-1] [WARN] [1783808343.091933458] [base_driver_node]: Feedback sequence jump: expected 148612, got 148617
[base_driver_node-1] [WARN] [1783808343.302035315] [base_driver_node]: Feedback sequence jump: expected 148622, got 148627
[base_driver_node-1] [WARN] [1783808343.511940316] [base_driver_node]: Feedback sequence jump: expected 148632, got 148637
[base_driver_node-1] [WARN] [1783808343.721975394] [base_driver_node]: Feedback sequence jump: expected 148643, got 148647
[base_driver_node-1] [WARN] [1783808343.952094664] [base_driver_node]: Feedback sequence jump: expected 148653, got 148658
[base_driver_node-1] [WARN] [1783808344.161900906] [base_driver_node]: Feedback sequence jump: expected 148663, got 148668
[base_driver_node-1] [WARN] [1783808344.371965227] [base_driver_node]: Feedback sequence jump: expected 148673, got 148678
[base_driver_node-1] [WARN] [1783808344.581932546] [base_driver_node]: Feedback sequence jump: expected 148684, got 148688
[base_driver_node-1] [WARN] [1783808344.791741937] [base_driver_node]: Feedback sequence jump: expected 148694, got 148698
[base_driver_node-1] [WARN] [1783808345.002152337] [base_driver_node]: Feedback sequence jump: expected 148704, got 148708
[base_driver_node-1] [WARN] [1783808345.232169794] [base_driver_node]: Feedback sequence jump: expected 148714, got 148719
[base_driver_node-1] [WARN] [1783808345.441833370] [base_driver_node]: Feedback sequence jump: expected 148725, got 148729
[base_driver_node-1] [WARN] [1783808345.652110584] [base_driver_node]: Feedback sequence jump: expected 148735, got 148739
[base_driver_node-1] [WARN] [1783808345.882131560] [base_driver_node]: Feedback sequence jump: expected 148745, got 148750
[base_driver_node-1] [WARN] [1783808346.091894304] [base_driver_node]: Feedback sequence jump: expected 148755, got 148760
[base_driver_node-1] [WARN] [1783808346.302119779] [base_driver_node]: Feedback sequence jump: expected 148766, got 148770
[base_driver_node-1] [WARN] [1783808346.511882098] [base_driver_node]: Feedback sequence jump: expected 148775, got 148780
[base_driver_node-1] [WARN] [1783808346.721869735] [base_driver_node]: Feedback sequence jump: expected 148786, got 148790
[base_driver_node-1] [WARN] [1783808346.952074642] [base_driver_node]: Feedback sequence jump: expected 148796, got 148801
[base_driver_node-1] [WARN] [1783808347.161910426] [base_driver_node]: Feedback sequence jump: expected 148806, got 148811
[base_driver_node-1] [WARN] [1783808347.372136328] [base_driver_node]: Feedback sequence jump: expected 148816, got 148821
[base_driver_node-1] [WARN] [1783808347.582180801] [base_driver_node]: Feedback sequence jump: expected 148827, got 148831
[base_driver_node-1] [WARN] [1783808347.811964685] [base_driver_node]: Feedback sequence jump: expected 148837, got 148842
[base_driver_node-1] [WARN] [1783808348.021967250] [base_driver_node]: Feedback sequence jump: expected 148847, got 148852
[base_driver_node-1] [WARN] [1783808348.232111782] [base_driver_node]: Feedback sequence jump: expected 148857, got 148862
[base_driver_node-1] [WARN] [1783808348.441851938] [base_driver_node]: Feedback sequence jump: expected 148868, got 148872
[base_driver_node-1] [WARN] [1783808348.671829992] [base_driver_node]: Feedback sequence jump: expected 148878, got 148883
[base_driver_node-1] [WARN] [1783808348.881915856] [base_driver_node]: Feedback sequence jump: expected 148888, got 148893
[base_driver_node-1] [WARN] [1783808349.091794811] [base_driver_node]: Feedback sequence jump: expected 148898, got 148903
[base_driver_node-1] [WARN] [1783808349.302010142] [base_driver_node]: Feedback sequence jump: expected 148909, got 148913
[base_driver_node-1] [WARN] [1783808349.531932031] [base_driver_node]: Feedback sequence jump: expected 148919, got 148924
[base_driver_node-1] [WARN] [1783808349.741802727] [base_driver_node]: Feedback sequence jump: expected 148929, got 148934
[base_driver_node-1] [WARN] [1783808349.952252284] [base_driver_node]: Feedback sequence jump: expected 148939, got 148944
[base_driver_node-1] [WARN] [1783808350.161907774] [base_driver_node]: Feedback sequence jump: expected 148950, got 148954
[base_driver_node-1] [WARN] [1783808350.391865072] [base_driver_node]: Feedback sequence jump: expected 148960, got 148965
[base_driver_node-1] [WARN] [1783808350.602107590] [base_driver_node]: Feedback sequence jump: expected 148971, got 148975
[base_driver_node-1] [WARN] [1783808350.811991770] [base_driver_node]: Feedback sequence jump: expected 148980, got 148985
[base_driver_node-1] [WARN] [1783808351.022060008] [base_driver_node]: Feedback sequence jump: expected 148991, got 148995
[base_driver_node-1] [WARN] [1783808351.252153143] [base_driver_node]: Feedback sequence jump: expected 149001, got 149006
[base_driver_node-1] [WARN] [1783808351.461717745] [base_driver_node]: Feedback sequence jump: expected 149011, got 149016
[base_driver_node-1] [WARN] [1783808351.672012859] [base_driver_node]: Feedback sequence jump: expected 149021, got 149026
[base_driver_node-1] [WARN] [1783808351.882150988] [base_driver_node]: Feedback sequence jump: expected 149032, got 149036
[base_driver_node-1] [WARN] [1783808352.111851396] [base_driver_node]: Feedback sequence jump: expected 149042, got 149047
[base_driver_node-1] [WARN] [1783808352.321939063] [base_driver_node]: Feedback sequence jump: expected 149052, got 149057
[base_driver_node-1] [WARN] [1783808352.531939877] [base_driver_node]: Feedback sequence jump: expected 149062, got 149067
[base_driver_node-1] [WARN] [1783808352.741779541] [base_driver_node]: Feedback sequence jump: expected 149073, got 149077
[base_driver_node-1] [WARN] [1783808352.971996235] [base_driver_node]: Feedback sequence jump: expected 149083, got 149088
[base_driver_node-1] [WARN] [1783808353.182075533] [base_driver_node]: Feedback sequence jump: expected 149093, got 149098
[base_driver_node-1] [WARN] [1783808353.391878772] [base_driver_node]: Feedback sequence jump: expected 149103, got 149108
[base_driver_node-1] [WARN] [1783808353.602073924] [base_driver_node]: Feedback sequence jump: expected 149114, got 149118
[base_driver_node-1] [WARN] [1783808353.832116988] [base_driver_node]: Feedback sequence jump: expected 149124, got 149129
[base_driver_node-1] [WARN] [1783808354.041915615] [base_driver_node]: Feedback sequence jump: expected 149134, got 149139
[base_driver_node-1] [WARN] [1783808354.252141380] [base_driver_node]: Feedback sequence jump: expected 149144, got 149149
[base_driver_node-1] [WARN] [1783808354.461791007] [base_driver_node]: Feedback sequence jump: expected 149155, got 149159
[base_driver_node-1] [WARN] [1783808354.691725145] [base_driver_node]: Feedback sequence jump: expected 149165, got 149170
[base_driver_node-1] [WARN] [1783808354.902072746] [base_driver_node]: Feedback sequence jump: expected 149175, got 149180
[base_driver_node-1] [WARN] [1783808355.111831893] [base_driver_node]: Feedback sequence jump: expected 149185, got 149190
[base_driver_node-1] [WARN] [1783808355.321772248] [base_driver_node]: Feedback sequence jump: expected 149196, got 149200
[base_driver_node-1] [WARN] [1783808355.552132228] [base_driver_node]: Feedback sequence jump: expected 149206, got 149211
[base_driver_node-1] [WARN] [1783808355.762037786] [base_driver_node]: Feedback sequence jump: expected 149216, got 149221
[base_driver_node-1] [WARN] [1783808355.972039735] [base_driver_node]: Feedback sequence jump: expected 149226, got 149231
[base_driver_node-1] [WARN] [1783808356.182178242] [base_driver_node]: Feedback sequence jump: expected 149237, got 149241
[base_driver_node-1] [WARN] [1783808356.412034068] [base_driver_node]: Feedback sequence jump: expected 149247, got 149252
[base_driver_node-1] [WARN] [1783808356.621944739] [base_driver_node]: Feedback sequence jump: expected 149257, got 149262
[base_driver_node-1] [WARN] [1783808356.832145599] [base_driver_node]: Feedback sequence jump: expected 149267, got 149272
[base_driver_node-1] [WARN] [1783808357.041963935] [base_driver_node]: Feedback sequence jump: expected 149278, got 149282
[base_driver_node-1] [WARN] [1783808357.252123889] [base_driver_node]: Feedback sequence jump: expected 149287, got 149292
[base_driver_node-1] [WARN] [1783808357.461968135] [base_driver_node]: Feedback sequence jump: expected 149298, got 149302
[base_driver_node-1] [WARN] [1783808357.691997187] [base_driver_node]: Feedback sequence jump: expected 149308, got 149313
[base_driver_node-1] [WARN] [1783808357.902116530] [base_driver_node]: Feedback sequence jump: expected 149319, got 149323
[base_driver_node-1] [WARN] [1783808358.112022314] [base_driver_node]: Feedback sequence jump: expected 149328, got 149333
[base_driver_node-1] [WARN] [1783808358.321795541] [base_driver_node]: Feedback sequence jump: expected 149339, got 149343
[base_driver_node-1] [WARN] [1783808358.552139878] [base_driver_node]: Feedback sequence jump: expected 149349, got 149354
[base_driver_node-1] [WARN] [1783808358.761824808] [base_driver_node]: Feedback sequence jump: expected 149359, got 149364
[base_driver_node-1] [WARN] [1783808358.971854983] [base_driver_node]: Feedback sequence jump: expected 149369, got 149374
[base_driver_node-1] [WARN] [1783808359.181911902] [base_driver_node]: Feedback sequence jump: expected 149380, got 149384
[base_driver_node-1] [WARN] [1783808359.411927643] [base_driver_node]: Feedback sequence jump: expected 149390, got 149395
[base_driver_node-1] [WARN] [1783808359.622049544] [base_driver_node]: Feedback sequence jump: expected 149400, got 149405
[base_driver_node-1] [WARN] [1783808359.832041294] [base_driver_node]: Feedback sequence jump: expected 149410, got 149415
[base_driver_node-1] [WARN] [1783808360.041848913] [base_driver_node]: Feedback sequence jump: expected 149421, got 149425
[base_driver_node-1] [WARN] [1783808360.252109022] [base_driver_node]: Feedback sequence jump: expected 149431, got 149435
[base_driver_node-1] [WARN] [1783808360.482012522] [base_driver_node]: Feedback sequence jump: expected 149441, got 149446
[base_driver_node-1] [WARN] [1783808360.691812864] [base_driver_node]: Feedback sequence jump: expected 149451, got 149456
[base_driver_node-1] [WARN] [1783808360.902108213] [base_driver_node]: Feedback sequence jump: expected 149462, got 149466
[base_driver_node-1] [WARN] [1783808361.132216273] [base_driver_node]: Feedback sequence jump: expected 149472, got 149477
[base_driver_node-1] [WARN] [1783808361.341887930] [base_driver_node]: Feedback sequence jump: expected 149482, got 149487
[base_driver_node-1] [WARN] [1783808361.552178059] [base_driver_node]: Feedback sequence jump: expected 149492, got 149497
[base_driver_node-1] [WARN] [1783808361.761839085] [base_driver_node]: Feedback sequence jump: expected 149503, got 149507
[base_driver_node-1] [WARN] [1783808361.992021573] [base_driver_node]: Feedback sequence jump: expected 149513, got 149518
[base_driver_node-1] [WARN] [1783808362.202141164] [base_driver_node]: Feedback sequence jump: expected 149523, got 149528
[base_driver_node-1] [WARN] [1783808362.412023954] [base_driver_node]: Feedback sequence jump: expected 149533, got 149538
[base_driver_node-1] [WARN] [1783808362.621963283] [base_driver_node]: Feedback sequence jump: expected 149544, got 149548
[base_driver_node-1] [WARN] [1783808362.852125587] [base_driver_node]: Feedback sequence jump: expected 149554, got 149559
[base_driver_node-1] [WARN] [1783808363.061858950] [base_driver_node]: Feedback sequence jump: expected 149564, got 149569
[base_driver_node-1] [WARN] [1783808363.271873578] [base_driver_node]: Feedback sequence jump: expected 149574, got 149579
[base_driver_node-1] [WARN] [1783808363.481780926] [base_driver_node]: Feedback sequence jump: expected 149585, got 149589
[base_driver_node-1] [WARN] [1783808363.712023307] [base_driver_node]: Feedback sequence jump: expected 149595, got 149600
[base_driver_node-1] [WARN] [1783808363.921881507] [base_driver_node]: Feedback sequence jump: expected 149605, got 149610
[base_driver_node-1] [WARN] [1783808364.132001693] [base_driver_node]: Feedback sequence jump: expected 149615, got 149620
[base_driver_node-1] [WARN] [1783808364.341967099] [base_driver_node]: Feedback sequence jump: expected 149626, got 149630
[base_driver_node-1] [WARN] [1783808364.571979163] [base_driver_node]: Feedback sequence jump: expected 149636, got 149641
[base_driver_node-1] [WARN] [1783808364.781905921] [base_driver_node]: Feedback sequence jump: expected 149646, got 149651
[base_driver_node-1] [WARN] [1783808364.991742214] [base_driver_node]: Feedback sequence jump: expected 149656, got 149661
[base_driver_node-1] [WARN] [1783808365.202067868] [base_driver_node]: Feedback sequence jump: expected 149667, got 149671
[base_driver_node-1] [WARN] [1783808365.432152676] [base_driver_node]: Feedback sequence jump: expected 149677, got 149682
[base_driver_node-1] [WARN] [1783808365.622041259] [base_driver_node]: Feedback sequence jump: expected 149687, got 149691
[base_driver_node-1] [WARN] [1783808365.852113881] [base_driver_node]: Feedback sequence jump: expected 149697, got 149702
[base_driver_node-1] [WARN] [1783808366.061965492] [base_driver_node]: Feedback sequence jump: expected 149708, got 149712
[base_driver_node-1] [WARN] [1783808366.271885178] [base_driver_node]: Feedback sequence jump: expected 149717, got 149722
[base_driver_node-1] [WARN] [1783808366.502151342] [base_driver_node]: Feedback sequence jump: expected 149728, got 149733
[base_driver_node-1] [WARN] [1783808366.711816210] [base_driver_node]: Feedback sequence jump: expected 149738, got 149743
[base_driver_node-1] [WARN] [1783808366.921803991] [base_driver_node]: Feedback sequence jump: expected 149748, got 149753
[base_driver_node-1] [WARN] [1783808367.131983756] [base_driver_node]: Feedback sequence jump: expected 149758, got 149763
[base_driver_node-1] [WARN] [1783808367.341799795] [base_driver_node]: Feedback sequence jump: expected 149769, got 149773
[base_driver_node-1] [WARN] [1783808367.552020691] [base_driver_node]: Feedback sequence jump: expected 149779, got 149783
[base_driver_node-1] [WARN] [1783808367.782171207] [base_driver_node]: Feedback sequence jump: expected 149789, got 149794
[base_driver_node-1] [WARN] [1783808367.991776112] [base_driver_node]: Feedback sequence jump: expected 149799, got 149804
[base_driver_node-1] [WARN] [1783808368.202148272] [base_driver_node]: Feedback sequence jump: expected 149809, got 149814
[base_driver_node-1] [WARN] [1783808368.411803217] [base_driver_node]: Feedback sequence jump: expected 149819, got 149824
[base_driver_node-1] [WARN] [1783808368.621911724] [base_driver_node]: Feedback sequence jump: expected 149830, got 149834
[base_driver_node-1] [WARN] [1783808368.832144030] [base_driver_node]: Feedback sequence jump: expected 149840, got 149844
[base_driver_node-1] [WARN] [1783808369.062045470] [base_driver_node]: Feedback sequence jump: expected 149850, got 149855
[base_driver_node-1] [WARN] [1783808369.272056125] [base_driver_node]: Feedback sequence jump: expected 149860, got 149865
[base_driver_node-1] [WARN] [1783808369.481962502] [base_driver_node]: Feedback sequence jump: expected 149871, got 149875
[base_driver_node-1] [WARN] [1783808369.711826109] [base_driver_node]: Feedback sequence jump: expected 149881, got 149886
[base_driver_node-1] [WARN] [1783808369.921938377] [base_driver_node]: Feedback sequence jump: expected 149891, got 149896
[base_driver_node-1] [WARN] [1783808370.132021220] [base_driver_node]: Feedback sequence jump: expected 149901, got 149906
[base_driver_node-1] [WARN] [1783808370.341870893] [base_driver_node]: Feedback sequence jump: expected 149912, got 149916
[base_driver_node-1] [WARN] [1783808370.552141036] [base_driver_node]: Feedback sequence jump: expected 149922, got 149926
[base_driver_node-1] [WARN] [1783808370.782028405] [base_driver_node]: Feedback sequence jump: expected 149932, got 149937
[base_driver_node-1] [WARN] [1783808370.991773447] [base_driver_node]: Feedback sequence jump: expected 149942, got 149947
[base_driver_node-1] [WARN] [1783808371.202183778] [base_driver_node]: Feedback sequence jump: expected 149953, got 149957
[base_driver_node-1] [WARN] [1783808371.432111538] [base_driver_node]: Feedback sequence jump: expected 149963, got 149968
[base_driver_node-1] [WARN] [1783808371.641857100] [base_driver_node]: Feedback sequence jump: expected 149973, got 149978
[base_driver_node-1] [WARN] [1783808371.852104744] [base_driver_node]: Feedback sequence jump: expected 149983, got 149988
[base_driver_node-1] [WARN] [1783808372.061882103] [base_driver_node]: Feedback sequence jump: expected 149994, got 149998
[base_driver_node-1] [WARN] [1783808372.291735363] [base_driver_node]: Feedback sequence jump: expected 150004, got 150009
[base_driver_node-1] [WARN] [1783808372.502175048] [base_driver_node]: Feedback sequence jump: expected 150014, got 150019
[base_driver_node-1] [WARN] [1783808372.712002317] [base_driver_node]: Feedback sequence jump: expected 150024, got 150029
[base_driver_node-1] [WARN] [1783808372.921929291] [base_driver_node]: Feedback sequence jump: expected 150035, got 150039
[base_driver_node-1] [WARN] [1783808373.152130372] [base_driver_node]: Feedback sequence jump: expected 150045, got 150050
[base_driver_node-1] [WARN] [1783808373.361651545] [base_driver_node]: Feedback sequence jump: expected 150055, got 150060
[base_driver_node-1] [WARN] [1783808373.571846154] [base_driver_node]: Feedback sequence jump: expected 150065, got 150070
[base_driver_node-1] [WARN] [1783808373.782128505] [base_driver_node]: Feedback sequence jump: expected 150076, got 150080
[base_driver_node-1] [WARN] [1783808373.991746883] [base_driver_node]: Feedback sequence jump: expected 150086, got 150090
[base_driver_node-1] [WARN] [1783808374.202172293] [base_driver_node]: Feedback sequence jump: expected 150096, got 150100
[base_driver_node-1] [WARN] [1783808374.432062336] [base_driver_node]: Feedback sequence jump: expected 150106, got 150111
[base_driver_node-1] [WARN] [1783808374.641841699] [base_driver_node]: Feedback sequence jump: expected 150116, got 150121
[base_driver_node-1] [WARN] [1783808374.852106088] [base_driver_node]: Feedback sequence jump: expected 150126, got 150131
[base_driver_node-1] [WARN] [1783808375.061870470] [base_driver_node]: Feedback sequence jump: expected 150137, got 150141
[base_driver_node-1] [WARN] [1783808375.271844079] [base_driver_node]: Feedback sequence jump: expected 150147, got 150151
[base_driver_node-1] [WARN] [1783808375.502182241] [base_driver_node]: Feedback sequence jump: expected 150157, got 150162
[base_driver_node-1] [WARN] [1783808375.711817511] [base_driver_node]: Feedback sequence jump: expected 150167, got 150172
[base_driver_node-1] [WARN] [1783808375.922041864] [base_driver_node]: Feedback sequence jump: expected 150178, got 150182
[base_driver_node-1] [WARN] [1783808376.132021363] [base_driver_node]: Feedback sequence jump: expected 150187, got 150192
[base_driver_node-1] [WARN] [1783808376.341619356] [base_driver_node]: Feedback sequence jump: expected 150198, got 150202
[base_driver_node-1] [WARN] [1783808376.572039039] [base_driver_node]: Feedback sequence jump: expected 150208, got 150213
[base_driver_node-1] [WARN] [1783808376.782135688] [base_driver_node]: Feedback sequence jump: expected 150218, got 150223
[base_driver_node-1] [WARN] [1783808376.991921703] [base_driver_node]: Feedback sequence jump: expected 150228, got 150233
[base_driver_node-1] [WARN] [1783808377.202147819] [base_driver_node]: Feedback sequence jump: expected 150239, got 150243
[base_driver_node-1] [WARN] [1783808377.432108163] [base_driver_node]: Feedback sequence jump: expected 150249, got 150254
[base_driver_node-1] [WARN] [1783808377.641830197] [base_driver_node]: Feedback sequence jump: expected 150259, got 150264
[base_driver_node-1] [WARN] [1783808377.852013404] [base_driver_node]: Feedback sequence jump: expected 150269, got 150274
[base_driver_node-1] [WARN] [1783808378.061892904] [base_driver_node]: Feedback sequence jump: expected 150279, got 150284
[base_driver_node-1] [WARN] [1783808378.271967204] [base_driver_node]: Feedback sequence jump: expected 150289, got 150294
[base_driver_node-1] [WARN] [1783808378.481835982] [base_driver_node]: Feedback sequence jump: expected 150300, got 150304
[base_driver_node-1] [WARN] [1783808378.691756076] [base_driver_node]: Feedback sequence jump: expected 150310, got 150314
[base_driver_node-1] [WARN] [1783808378.902053120] [base_driver_node]: Feedback sequence jump: expected 150320, got 150324
[base_driver_node-1] [WARN] [1783808379.132184711] [base_driver_node]: Feedback sequence jump: expected 150330, got 150335
[base_driver_node-1] [WARN] [1783808379.341922248] [base_driver_node]: Feedback sequence jump: expected 150340, got 150345
[base_driver_node-1] [WARN] [1783808379.552110699] [base_driver_node]: Feedback sequence jump: expected 150350, got 150355
[base_driver_node-1] [WARN] [1783808379.761923682] [base_driver_node]: Feedback sequence jump: expected 150361, got 150365
[base_driver_node-1] [WARN] [1783808379.971950631] [base_driver_node]: Feedback sequence jump: expected 150370, got 150375
[base_driver_node-1] [WARN] [1783808380.182020230] [base_driver_node]: Feedback sequence jump: expected 150381, got 150385
[base_driver_node-1] [WARN] [1783808380.412001524] [base_driver_node]: Feedback sequence jump: expected 150391, got 150396
[base_driver_node-1] [WARN] [1783808380.621994677] [base_driver_node]: Feedback sequence jump: expected 150401, got 150406
[base_driver_node-1] [WARN] [1783808380.832150407] [base_driver_node]: Feedback sequence jump: expected 150411, got 150416
[base_driver_node-1] [WARN] [1783808381.041958744] [base_driver_node]: Feedback sequence jump: expected 150422, got 150426
[base_driver_node-1] [WARN] [1783808381.252121364] [base_driver_node]: Feedback sequence jump: expected 150432, got 150436
[base_driver_node-1] [WARN] [1783808381.481924787] [base_driver_node]: Feedback sequence jump: expected 150442, got 150447
[base_driver_node-1] [WARN] [1783808381.691829644] [base_driver_node]: Feedback sequence jump: expected 150452, got 150457
[base_driver_node-1] [WARN] [1783808381.902123563] [base_driver_node]: Feedback sequence jump: expected 150463, got 150467
[base_driver_node-1] [WARN] [1783808382.111933087] [base_driver_node]: Feedback sequence jump: expected 150472, got 150477
[base_driver_node-1] [WARN] [1783808382.321898076] [base_driver_node]: Feedback sequence jump: expected 150483, got 150487
[base_driver_node-1] [WARN] [1783808382.552045562] [base_driver_node]: Feedback sequence jump: expected 150493, got 150498
[base_driver_node-1] [WARN] [1783808382.761908327] [base_driver_node]: Feedback sequence jump: expected 150503, got 150508
[base_driver_node-1] [WARN] [1783808382.971961522] [base_driver_node]: Feedback sequence jump: expected 150514, got 150518
[base_driver_node-1] [WARN] [1783808383.181949846] [base_driver_node]: Feedback sequence jump: expected 150524, got 150528
[base_driver_node-1] [WARN] [1783808383.412005980] [base_driver_node]: Feedback sequence jump: expected 150534, got 150539
[base_driver_node-1] [WARN] [1783808383.621906729] [base_driver_node]: Feedback sequence jump: expected 150544, got 150549
[base_driver_node-1] [WARN] [1783808383.832085631] [base_driver_node]: Feedback sequence jump: expected 150554, got 150559
[base_driver_node-1] [WARN] [1783808384.041810322] [base_driver_node]: Feedback sequence jump: expected 150565, got 150569
[base_driver_node-1] [WARN] [1783808384.272003422] [base_driver_node]: Feedback sequence jump: expected 150575, got 150580
[base_driver_node-1] [WARN] [1783808384.481909618] [base_driver_node]: Feedback sequence jump: expected 150585, got 150590
[base_driver_node-1] [WARN] [1783808384.691830665] [base_driver_node]: Feedback sequence jump: expected 150595, got 150600
[base_driver_node-1] [WARN] [1783808384.902097181] [base_driver_node]: Feedback sequence jump: expected 150606, got 150610
[base_driver_node-1] [WARN] [1783808385.111932987] [base_driver_node]: Feedback sequence jump: expected 150616, got 150620
[base_driver_node-1] [WARN] [1783808385.322039872] [base_driver_node]: Feedback sequence jump: expected 150626, got 150630
[base_driver_node-1] [WARN] [1783808385.552216825] [base_driver_node]: Feedback sequence jump: expected 150636, got 150641
[base_driver_node-1] [WARN] [1783808385.761998076] [base_driver_node]: Feedback sequence jump: expected 150646, got 150651
[base_driver_node-1] [WARN] [1783808385.971994237] [base_driver_node]: Feedback sequence jump: expected 150656, got 150661
[base_driver_node-1] [WARN] [1783808386.181498299] [base_driver_node]: Feedback sequence jump: expected 150667, got 150671
[base_driver_node-1] [WARN] [1783808386.411789071] [base_driver_node]: Feedback sequence jump: expected 150677, got 150682
[base_driver_node-1] [WARN] [1783808386.621886235] [base_driver_node]: Feedback sequence jump: expected 150687, got 150692
[base_driver_node-1] [WARN] [1783808386.831913250] [base_driver_node]: Feedback sequence jump: expected 150697, got 150702
[base_driver_node-1] [WARN] [1783808387.041892690] [base_driver_node]: Feedback sequence jump: expected 150708, got 150712
[base_driver_node-1] [WARN] [1783808387.252214785] [base_driver_node]: Feedback sequence jump: expected 150718, got 150722
[base_driver_node-1] [WARN] [1783808387.461976020] [base_driver_node]: Feedback sequence jump: expected 150728, got 150732
[base_driver_node-1] [WARN] [1783808387.691796879] [base_driver_node]: Feedback sequence jump: expected 150738, got 150743
[base_driver_node-1] [WARN] [1783808387.902126455] [base_driver_node]: Feedback sequence jump: expected 150748, got 150753
[base_driver_node-1] [WARN] [1783808388.111920043] [base_driver_node]: Feedback sequence jump: expected 150758, got 150763
[base_driver_node-1] [WARN] [1783808388.321768910] [base_driver_node]: Feedback sequence jump: expected 150769, got 150773
[base_driver_node-1] [WARN] [1783808388.552088926] [base_driver_node]: Feedback sequence jump: expected 150778, got 150784
[base_driver_node-1] [WARN] [1783808388.761807921] [base_driver_node]: Feedback sequence jump: expected 150789, got 150794
[base_driver_node-1] [WARN] [1783808388.971830939] [base_driver_node]: Feedback sequence jump: expected 150799, got 150804
[base_driver_node-1] [WARN] [1783808389.181914496] [base_driver_node]: Feedback sequence jump: expected 150810, got 150814
[base_driver_node-1] [WARN] [1783808389.391679308] [base_driver_node]: Feedback sequence jump: expected 150820, got 150824
[base_driver_node-1] [WARN] [1783808389.602099741] [base_driver_node]: Feedback sequence jump: expected 150830, got 150834
[base_driver_node-1] [WARN] [1783808389.831947695] [base_driver_node]: Feedback sequence jump: expected 150840, got 150845
[base_driver_node-1] [WARN] [1783808390.042012475] [base_driver_node]: Feedback sequence jump: expected 150850, got 150855
[base_driver_node-1] [WARN] [1783808390.252045366] [base_driver_node]: Feedback sequence jump: expected 150860, got 150865
[base_driver_node-1] [WARN] [1783808390.461911774] [base_driver_node]: Feedback sequence jump: expected 150871, got 150875
[base_driver_node-1] [WARN] [1783808390.691865936] [base_driver_node]: Feedback sequence jump: expected 150881, got 150886
[base_driver_node-1] [WARN] [1783808390.902036311] [base_driver_node]: Feedback sequence jump: expected 150891, got 150896
[base_driver_node-1] [WARN] [1783808391.111861625] [base_driver_node]: Feedback sequence jump: expected 150901, got 150906
[base_driver_node-1] [WARN] [1783808391.322050354] [base_driver_node]: Feedback sequence jump: expected 150912, got 150916
[base_driver_node-1] [WARN] [1783808391.532034005] [base_driver_node]: Feedback sequence jump: expected 150921, got 150926
[base_driver_node-1] [WARN] [1783808391.741964934] [base_driver_node]: Feedback sequence jump: expected 150932, got 150936
[base_driver_node-1] [WARN] [1783808391.971953227] [base_driver_node]: Feedback sequence jump: expected 150942, got 150947
[base_driver_node-1] [WARN] [1783808392.181831323] [base_driver_node]: Feedback sequence jump: expected 150953, got 150957
[base_driver_node-1] [WARN] [1783808392.391700177] [base_driver_node]: Feedback sequence jump: expected 150962, got 150967
[base_driver_node-1] [WARN] [1783808392.602162708] [base_driver_node]: Feedback sequence jump: expected 150973, got 150977
[base_driver_node-1] [WARN] [1783808392.831935074] [base_driver_node]: Feedback sequence jump: expected 150983, got 150988
[base_driver_node-1] [WARN] [1783808393.041893282] [base_driver_node]: Feedback sequence jump: expected 150993, got 150998
[base_driver_node-1] [WARN] [1783808393.252027402] [base_driver_node]: Feedback sequence jump: expected 151003, got 151008
[base_driver_node-1] [WARN] [1783808393.481766306] [base_driver_node]: Feedback sequence jump: expected 151014, got 151019
[base_driver_node-1] [WARN] [1783808393.691864018] [base_driver_node]: Feedback sequence jump: expected 151024, got 151029
[base_driver_node-1] [WARN] [1783808393.902020934] [base_driver_node]: Feedback sequence jump: expected 151035, got 151039
[base_driver_node-1] [WARN] [1783808394.111690417] [base_driver_node]: Feedback sequence jump: expected 151044, got 151049
[base_driver_node-1] [WARN] [1783808394.321942818] [base_driver_node]: Feedback sequence jump: expected 151055, got 151059
[base_driver_node-1] [WARN] [1783808394.552121268] [base_driver_node]: Feedback sequence jump: expected 151065, got 151070
[base_driver_node-1] [WARN] [1783808394.762003255] [base_driver_node]: Feedback sequence jump: expected 151075, got 151080
[base_driver_node-1] [WARN] [1783808394.971880872] [base_driver_node]: Feedback sequence jump: expected 151086, got 151090
[base_driver_node-1] [WARN] [1783808395.182180997] [base_driver_node]: Feedback sequence jump: expected 151096, got 151100
[base_driver_node-1] [WARN] [1783808395.411921201] [base_driver_node]: Feedback sequence jump: expected 151106, got 151111
[base_driver_node-1] [WARN] [1783808395.621965266] [base_driver_node]: Feedback sequence jump: expected 151116, got 151121
[base_driver_node-1] [WARN] [1783808395.832026869] [base_driver_node]: Feedback sequence jump: expected 151126, got 151131
[base_driver_node-1] [WARN] [1783808396.041966137] [base_driver_node]: Feedback sequence jump: expected 151137, got 151141
[base_driver_node-1] [WARN] [1783808396.271944753] [base_driver_node]: Feedback sequence jump: expected 151147, got 151152
[base_driver_node-1] [WARN] [1783808396.481785225] [base_driver_node]: Feedback sequence jump: expected 151158, got 151162
[base_driver_node-1] [WARN] [1783808396.691925997] [base_driver_node]: Feedback sequence jump: expected 151168, got 151172
[base_driver_node-1] [WARN] [1783808396.902107362] [base_driver_node]: Feedback sequence jump: expected 151178, got 151182
[base_driver_node-1] [WARN] [1783808397.132146573] [base_driver_node]: Feedback sequence jump: expected 151188, got 151193
[base_driver_node-1] [WARN] [1783808397.341943119] [base_driver_node]: Feedback sequence jump: expected 151199, got 151203
[base_driver_node-1] [WARN] [1783808397.552179783] [base_driver_node]: Feedback sequence jump: expected 151209, got 151213
[base_driver_node-1] [WARN] [1783808397.782135456] [base_driver_node]: Feedback sequence jump: expected 151219, got 151224
[base_driver_node-1] [WARN] [1783808397.991899206] [base_driver_node]: Feedback sequence jump: expected 151229, got 151234
[base_driver_node-1] [WARN] [1783808398.202133575] [base_driver_node]: Feedback sequence jump: expected 151240, got 151244
[base_driver_node-1] [WARN] [1783808398.411808324] [base_driver_node]: Feedback sequence jump: expected 151250, got 151254
[base_driver_node-1] [WARN] [1783808398.621860450] [base_driver_node]: Feedback sequence jump: expected 151260, got 151264
[base_driver_node-1] [WARN] [1783808398.852120000] [base_driver_node]: Feedback sequence jump: expected 151270, got 151275
[base_driver_node-1] [WARN] [1783808399.061888658] [base_driver_node]: Feedback sequence jump: expected 151281, got 151285
[base_driver_node-1] [WARN] [1783808399.272038250] [base_driver_node]: Feedback sequence jump: expected 151291, got 151295
[base_driver_node-1] [WARN] [1783808399.502030520] [base_driver_node]: Feedback sequence jump: expected 151301, got 151306
[base_driver_node-1] [WARN] [1783808399.711843328] [base_driver_node]: Feedback sequence jump: expected 151311, got 151316
[base_driver_node-1] [WARN] [1783808399.921977901] [base_driver_node]: Feedback sequence jump: expected 151321, got 151326
[base_driver_node-1] [WARN] [1783808400.132018547] [base_driver_node]: Feedback sequence jump: expected 151331, got 151336
[base_driver_node-1] [WARN] [1783808400.341897395] [base_driver_node]: Feedback sequence jump: expected 151342, got 151346
[base_driver_node-1] [WARN] [1783808400.572073354] [base_driver_node]: Feedback sequence jump: expected 151352, got 151357
[base_driver_node-1] [WARN] [1783808400.782197780] [base_driver_node]: Feedback sequence jump: expected 151362, got 151367
[base_driver_node-1] [WARN] [1783808400.992050961] [base_driver_node]: Feedback sequence jump: expected 151372, got 151377
[WARNING] [launch]: user interrupted with ctrl-c (SIGINT)
[ekf_node-2] [INFO] [1783808401.137002914] [rclcpp]: signal_handler(SIGINT/SIGTERM)
[INFO] [sweepi_robot_manager_node.py-5]: sending signal 'SIGINT' to process[sweepi_robot_manager_node.py-5]
[INFO] [robot_state_publisher-4]: sending signal 'SIGINT' to process[robot_state_publisher-4]
[INFO] [ekf_node-2]: sending signal 'SIGINT' to process[ekf_node-2]
[INFO] [base_driver_node-1]: sending signal 'SIGINT' to process[base_driver_node-1]
[robot_state_publisher-4] [INFO] [1783808401.140347892] [rclcpp]: signal_handler(SIGINT/SIGTERM)
[robot_state_publisher-4] [INFO] [1783808401.156801814] [rclcpp]: signal_handler(SIGINT/SIGTERM)
[sweepi_robot_manager_node.py-5] Traceback (most recent call last):
[sweepi_robot_manager_node.py-5]   File "/home/sweepi/SweePi/install/sweepi_robot_manager/lib/sweepi_robot_manager/sweepi_robot_manager_node.py", line 1270, in <module>
[sweepi_robot_manager_node.py-5]     main()
[sweepi_robot_manager_node.py-5]   File "/home/sweepi/SweePi/install/sweepi_robot_manager/lib/sweepi_robot_manager/sweepi_robot_manager_node.py", line 1264, in main
[sweepi_robot_manager_node.py-5]     node.destroy_node()
[sweepi_robot_manager_node.py-5]   File "/opt/ros/jazzy/lib/python3.12/site-packages/rclpy/node.py", line 1956, in destroy_node
[sweepi_robot_manager_node.py-5]     self.destroy_publisher(self._publishers[0])
[sweepi_robot_manager_node.py-5]   File "/opt/ros/jazzy/lib/python3.12/site-packages/rclpy/node.py", line 1836, in destroy_publisher
[base_driver_node-1] Traceback (most recent call last):
[base_driver_node-1]   File "/home/sweepi/SweePi/install/sweepi_base_driver/lib/sweepi_base_driver/base_driver_node", line 33, in <module>
[base_driver_node-1]     sys.exit(load_entry_point('sweepi-base-driver==0.1.0', 'console_scripts', 'base_driver_node')())
[base_driver_node-1]              ^^^^^^^^^^^^^^^^^^^^^^^^^^^^^^^^^^^^^^^^^^^^^^^^^^^^^^^^^^^^^^^^^^^^^^^^^^^^^^^^^^^^^^
[base_driver_node-1]   File "/home/sweepi/SweePi/install/sweepi_base_driver/lib/python3.12/site-packages/sweepi_base_driver/base_driver_node.py", line 483, in main
[base_driver_node-1]     node.destroy_node()
[base_driver_node-1]   File "/opt/ros/jazzy/lib/python3.12/site-packages/rclpy/node.py", line 1956, in destroy_node
[base_driver_node-1]     self.destroy_publisher(self._publishers[0])
[base_driver_node-1]   File "/opt/ros/jazzy/lib/python3.12/site-packages/rclpy/node.py", line 1836, in destroy_publisher
[sweepi_robot_manager_node.py-5]     publisher.destroy()
[sweepi_robot_manager_node.py-5]   File "/opt/ros/jazzy/lib/python3.12/site-packages/rclpy/publisher.py", line 105, in destroy
[sweepi_robot_manager_node.py-5]     self.__publisher.destroy_when_not_in_use()
[sweepi_robot_manager_node.py-5] KeyboardInterrupt
[base_driver_node-1]     publisher.destroy()
[base_driver_node-1]   File "/opt/ros/jazzy/lib/python3.12/site-packages/rclpy/publisher.py", line 105, in destroy
[base_driver_node-1]     self.__publisher.destroy_when_not_in_use()
[base_driver_node-1] KeyboardInterrupt
[ERROR] [ekf_node-2]: process has died [pid 12536, exit code -2, cmd '/opt/ros/jazzy/lib/robot_localization/ekf_node --ros-args -r __node:=ekf_filter_node --params-file /home/sweepi/SweePi/install/sweepi_state_estimation/share/sweepi_state_estimation/config/ekf.yaml --params-file /tmp/launch_params_42xt7xjr -r odometry/filtered:=/odom'].
[INFO] [robot_state_publisher-4]: process has finished cleanly [pid 12538]
[ERROR] [sweepi_robot_manager_node.py-5]: process has died [pid 12539, exit code -2, cmd '/home/sweepi/SweePi/install/sweepi_robot_manager/lib/sweepi_robot_manager/sweepi_robot_manager_node.py --ros-args -r __node:=sweepi_robot_manager --params-file /tmp/launch_params_kg2906rb'].
[ERROR] [base_driver_node-1]: process has died [pid 12535, exit code -2, cmd '/home/sweepi/SweePi/install/sweepi_base_driver/lib/sweepi_base_driver/base_driver_node --ros-args -r __node:=base_driver_node --params-file /home/sweepi/SweePi/install/sweepi_base_driver/share/sweepi_base_driver/config/base_driver_params.yaml --params-file /tmp/launch_params_p26z4re6'].
