[INFO] [launch]: All log files can be found below /home/sweepi/.ros/log/2026-07-12-03-50-31-652758-sweepi-12679
[INFO] [launch]: Default logging verbosity is set to INFO
[INFO] [base_driver_node-1]: process started with pid [12699]
[INFO] [ekf_node-2]: process started with pid [12700]
[INFO] [sllidar_node-3]: process started with pid [12701]
[INFO] [robot_state_publisher-4]: process started with pid [12702]
[INFO] [sweepi_robot_manager_node.py-5]: process started with pid [12703]
[INFO] [api_bridge_node-6]: process started with pid [12704]
[sllidar_node-3] [INFO] [1783808432.111064012] [sllidar_node]: SLLidar running on ROS2 package SLLidar.ROS2 SDK Version:1.0.1, SLLIDAR SDK Version:2.1.0
[ekf_node-2] [ERROR] [1783808432.112836170] [ekf_filter_node]: Warning: /imu/data is listed as an input topic, but all its update variables are false
[robot_state_publisher-4] [INFO] [1783808432.171215403] [robot_state_publisher]: Robot initialized
[sllidar_node-3] [INFO] [1783808432.632726197] [sllidar_node]: SLLidar S/N: 6325E0F6C1E092D4A19E9FF9F389461A
[sllidar_node-3] [INFO] [1783808432.632855310] [sllidar_node]: Firmware Ver: 1.02
[sllidar_node-3] [INFO] [1783808432.632874162] [sllidar_node]: Hardware Rev: 18
[sllidar_node-3] [INFO] [1783808432.635532352] [sllidar_node]: SLLidar health status : 0
[sllidar_node-3] [INFO] [1783808432.635633909] [sllidar_node]: SLLidar health status : OK.
[sllidar_node-3] [INFO] [1783808432.920058493] [sllidar_node]: current scan mode: Standard, sample rate: 5 Khz, max_distance: 16.0 m, scan frequency:10.0 Hz, 
[sweepi_robot_manager_node.py-5] [INFO] [1783808433.149911090] [sweepi_robot_manager]: SweePi robot manager ready for service commands
[base_driver_node-1] [INFO] [1783808433.436485284] [base_driver_node]: SweePi base driver starting on /dev/ttyAMA0 at 115200 baud
[base_driver_node-1] [INFO] [1783808433.437136905] [base_driver_node]: Base driver parameters: serial_port=/dev/ttyAMA0, baud_rate=115200, wheel_radius=0.0615, wheel_separation=0.29, ticks_per_revolution=7392.0, left_encoder_sign=1.0, right_encoder_sign=1.0, left_motor_command_sign=1.0, right_motor_command_sign=1.0, command_rate_hz=50.0, feedback_poll_rate_hz=100.0, cmd_vel_timeout=0.5, gyro_units=rad_s, accel_units=m_s2
[base_driver_node-1] [INFO] [1783808433.438573965] [base_driver_node]: Connected to STM32 on /dev/ttyAMA0
[api_bridge_node-6] [INFO] [1783808433.475021316] [sweepi_api_bridge]: SweePi API bridge listening on http://0.0.0.0:8080/api
12679 /usr/bin/python3 /opt/ros/jazzy/bin/ros2 launch sweepi_robot_manager master.launch.py use_sim_time:=false launch_sim:=false launch_hardware:=true launch_rviz:=false launch_api_bridge:=true use_arm_assist:=false api_host:=0.0.0.0 api_port:=8080 base_serial_port:=/dev/ttyAMA0 base_baud_rate:=115200 lidar_serial_port:=/dev/ttyUSB0 lidar_baud_rate:=460800 lidar_frame_id:=lidar_link
12699 /usr/bin/python3 /home/sweepi/SweePi/install/sweepi_base_driver/lib/sweepi_base_driver/base_driver_node --ros-args -r __node:=base_driver_node --params-file /home/sweepi/SweePi/install/sweepi_base_driver/share/sweepi_base_driver/config/base_driver_params.yaml --params-file /tmp/launch_params__2odpk80
12701 /home/sweepi/SweePi/install/sllidar_ros2/lib/sllidar_ros2/sllidar_node --ros-args -r __node:=sllidar_node --params-file /tmp/launch_params_la34lwv2
12703 python3 /home/sweepi/SweePi/install/sweepi_robot_manager/lib/sweepi_robot_manager/sweepi_robot_manager_node.py --ros-args -r __node:=sweepi_robot_manager --params-file /tmp/launch_params_bvgp1dha
12704 /usr/bin/python3 /home/sweepi/SweePi/install/sweepi_api_bridge/lib/sweepi_api_bridge/api_bridge_node --ros-args -r __node:=sweepi_api_bridge --params-file /tmp/launch_params_g209zo0l
LISTEN 0      5            0.0.0.0:8080       0.0.0.0:*    users:(("api_bridge_node",pid=12704,fd=26))
{"success":true,"message":"API server is healthy.","error":null,"timestamp":"2026-07-11T22:20:35Z","status":"ok","robot_connected":true,"server":"sweepi_api_bridge","api":{"host":"0.0.0.0","port":8080,"prefix":"/api"},"manager_status":"task=idle map_name=(unset) arm_assist=false latest_coverage_status=(none) latest_exploration_mode=(none)","ros_time_sec":1783808435.609882}