===== path_occupancy_analysis =====
$ bash -lc python3 - <<"PY"
import yaml, math, pathlib, subprocess, json, re
from PIL import Image
mp=pathlib.Path("maps/living_room.yaml")
y=yaml.safe_load(mp.read_text())
img_path=mp.parent / y["image"]
img=Image.open(img_path).convert("L")
w,h=img.size
res=float(y["resolution"]); ox,oy,oth=map(float,y["origin"])
points=[(-0.2790927082423762,-0.6504112580713652),(-0.129,0.1),(0,0),(-0.25908158,-0.64557917)]
print("map", img_path, "size", w,h,"res",res,"origin",ox,oy)
for x,yy in points:
    cx=math.floor((x-ox)/res); cy=math.floor((yy-oy)/res)
    img_y=h-1-cy
    pix=img.getpixel((cx,img_y)) if 0<=cx<w and 0<=img_y<h else None
    print("world",x,yy,"cell",cx,cy,"img_y",img_y,"pixel",pix)
# dump first few path points from API and sample pixels
import urllib.request
raw=urllib.request.urlopen("http://localhost:8080/api/cleaning/path").read().decode()
data=json.loads(raw)
pts=data.get("points") or []
print("api points",len(pts),"signature",data.get("path_signature"))
counts={"free":0,"occ":0,"unknown":0,"other":0,"out":0}
for p in pts[:200]:
    x=float(p.get("x",0)); yy=float(p.get("y",0))
    cx=math.floor((x-ox)/res); cy=math.floor((yy-oy)/res); img_y=h-1-cy
    if not(0<=cx<w and 0<=img_y<h): counts["out"]+=1; continue
    pix=img.getpixel((cx,img_y))
    # map_server trinary default: 255 free, 0 occ, 205 unknown usually
    if pix > 250: counts["free"]+=1
    elif pix < 10: counts["occ"]+=1
    elif 120 <= pix <= 140 or 200 <= pix <= 210: counts["unknown"]+=1
    else: counts["other"]+=1
print("first200 image pixel buckets",counts)
for p in pts[:10]:
    x=float(p.get("x",0)); yy=float(p.get("y",0)); cx=math.floor((x-ox)/res); cy=math.floor((yy-oy)/res); img_y=h-1-cy
    pix=img.getpixel((cx,img_y)) if 0<=cx<w and 0<=img_y<h else None
    print("pt",round(x,3),round(yy,3),"cell",cx,cy,"pix",pix)
PY
map maps/living_room.pgm size 243 269 res 0.05000000074505806 origin -7.2040928114329175 -8.175411370202603
world -0.2790927082423762 -0.6504112580713652 cell 138 150 img_y 118 pixel 255
world -0.129 0.1 cell 141 165 img_y 103 pixel 255
world 0 0 cell 144 163 img_y 105 pixel 255
world -0.25908158 -0.64557917 cell 138 150 img_y 118 pixel 255
api points 1895 signature [1895, 'map', 1783806697, 760769461, -0.279, -0.65, -0.079, 0.55, 3.921, -0.65]
first200 image pixel buckets {'free': 200, 'occ': 0, 'unknown': 0, 'other': 0, 'out': 0}
pt -0.279 -0.65 cell 138 150 pix 255
pt -0.279 -0.85 cell 138 146 pix 255
pt -0.279 -0.9 cell 138 145 pix 255
pt -0.279 -0.95 cell 138 144 pix 255
pt -0.279 -1.0 cell 138 143 pix 255
pt -0.279 -1.05 cell 138 142 pix 255
pt -0.279 -1.1 cell 138 141 pix 255
pt -0.279 -1.15 cell 138 140 pix 255
pt -0.479 -1.15 cell 134 140 pix 255
pt -0.479 -1.1 cell 134 141 pix 255
exit=0
