===== source_grep =====
$ bash -lc rg -n "initial_pose|INITIAL_POSE|pose_check|coverage_path|FollowPath|cmd_vel|cmd_vel_nav|cmd_vel_smoothed" src/sweepi_api_bridge src/sweepi_robot_manager src/sweepi_coverage -S | head -n 300
src/sweepi_api_bridge/sweepi_api_bridge/runtime_state.py:22:    initial_pose_received: bool = False
src/sweepi_api_bridge/sweepi_api_bridge/runtime_state.py:23:    initial_pose_confirmed: bool = False
src/sweepi_api_bridge/sweepi_api_bridge/runtime_state.py:24:    initial_pose_source: str = None
src/sweepi_api_bridge/sweepi_api_bridge/runtime_state.py:25:    initial_pose: dict = None
src/sweepi_api_bridge/sweepi_api_bridge/runtime_state.py:29:    coverage_path_available: bool = False
src/sweepi_api_bridge/sweepi_api_bridge/runtime_state.py:65:            self._state.initial_pose_received = False
src/sweepi_api_bridge/sweepi_api_bridge/runtime_state.py:66:            self._state.initial_pose_confirmed = False
src/sweepi_api_bridge/sweepi_api_bridge/runtime_state.py:67:            self._state.initial_pose_source = None
src/sweepi_api_bridge/sweepi_api_bridge/runtime_state.py:68:            self._state.initial_pose = None
src/sweepi_api_bridge/sweepi_api_bridge/runtime_state.py:70:            self._state.coverage_path_available = False
src/sweepi_api_bridge/sweepi_api_bridge/runtime_state.py:85:                'waiting_for_initial_pose',
src/sweepi_robot_manager/README.md:60:Coverage uses the installed FollowPath params file:
src/sweepi_robot_manager/README.md:122:FollowPath cache, then closes the active coverage launch and returns the manager
src/sweepi_robot_manager/README.md:150:- `/sweepi_robot_manager/start_coverage` starts Nav2 with the coverage package config and the FollowPath coverage stack. It can transition directly from an active exploration launch.
src/sweepi_api_bridge/sweepi_api_bridge/api_bridge_node.py:56:        self.coverage_path = None
src/sweepi_api_bridge/sweepi_api_bridge/api_bridge_node.py:61:        self.coverage_path_signature = None
src/sweepi_api_bridge/sweepi_api_bridge/api_bridge_node.py:62:        self.validated_coverage_path_signature = None
src/sweepi_api_bridge/sweepi_api_bridge/api_bridge_node.py:70:        self.last_api_initial_pose_publish_time = 0.0
src/sweepi_api_bridge/sweepi_api_bridge/api_bridge_node.py:118:        self.cmd_vel_pub = self.create_publisher(Twist, '/cmd_vel', 10)
src/sweepi_api_bridge/sweepi_api_bridge/api_bridge_node.py:119:        self.initial_pose_pub = self.create_publisher(
src/sweepi_api_bridge/sweepi_api_bridge/api_bridge_node.py:124:        self.initial_pose_sub = self.create_subscription(
src/sweepi_api_bridge/sweepi_api_bridge/api_bridge_node.py:127:            self._initial_pose_callback,
src/sweepi_api_bridge/sweepi_api_bridge/api_bridge_node.py:163:            '/coverage_path',
src/sweepi_api_bridge/sweepi_api_bridge/api_bridge_node.py:164:            self._coverage_path_callback,
src/sweepi_api_bridge/sweepi_api_bridge/api_bridge_node.py:502:            return 200, self._api_initial_pose(body)
src/sweepi_api_bridge/sweepi_api_bridge/api_bridge_node.py:507:                initial_pose_received=snapshot['initial_pose_received'],
src/sweepi_api_bridge/sweepi_api_bridge/api_bridge_node.py:508:                initial_pose_confirmed=snapshot['initial_pose_confirmed'],
src/sweepi_api_bridge/sweepi_api_bridge/api_bridge_node.py:509:                initial_pose_source=snapshot['initial_pose_source'],
src/sweepi_api_bridge/sweepi_api_bridge/api_bridge_node.py:510:                initial_pose=snapshot['initial_pose'],
src/sweepi_api_bridge/sweepi_api_bridge/api_bridge_node.py:1022:    def _api_initial_pose(self, body):
src/sweepi_api_bridge/sweepi_api_bridge/api_bridge_node.py:1036:                    command='set_initial_pose',
src/sweepi_api_bridge/sweepi_api_bridge/api_bridge_node.py:1037:                    state='invalid_initial_pose',
src/sweepi_api_bridge/sweepi_api_bridge/api_bridge_node.py:1051:                command='set_initial_pose',
src/sweepi_api_bridge/sweepi_api_bridge/api_bridge_node.py:1052:                state='invalid_initial_pose',
src/sweepi_api_bridge/sweepi_api_bridge/api_bridge_node.py:1062:                command='set_initial_pose',
src/sweepi_api_bridge/sweepi_api_bridge/api_bridge_node.py:1063:                state='invalid_initial_pose',
src/sweepi_api_bridge/sweepi_api_bridge/api_bridge_node.py:1073:                command='set_initial_pose',
src/sweepi_api_bridge/sweepi_api_bridge/api_bridge_node.py:1088:        pose_check = None
src/sweepi_api_bridge/sweepi_api_bridge/api_bridge_node.py:1090:            pose_check = self.map_store.check_pose(validation_map_id, x, y)
src/sweepi_api_bridge/sweepi_api_bridge/api_bridge_node.py:1091:            if not pose_check.get('ok'):
src/sweepi_api_bridge/sweepi_api_bridge/api_bridge_node.py:1093:                    pose_check.get('message', 'Initial pose is invalid.'),
src/sweepi_api_bridge/sweepi_api_bridge/api_bridge_node.py:1094:                    pose_check.get('code') or 'INVALID_INITIAL_POSE',
src/sweepi_api_bridge/sweepi_api_bridge/api_bridge_node.py:1095:                    {'pose_check': pose_check},
src/sweepi_api_bridge/sweepi_api_bridge/api_bridge_node.py:1099:                    command='set_initial_pose',
src/sweepi_api_bridge/sweepi_api_bridge/api_bridge_node.py:1100:                    state='invalid_initial_pose',
src/sweepi_api_bridge/sweepi_api_bridge/api_bridge_node.py:1103:        self._publish_initial_pose(x, y, yaw, source='api')
src/sweepi_api_bridge/sweepi_api_bridge/api_bridge_node.py:1105:            initial_pose_received=True,
src/sweepi_api_bridge/sweepi_api_bridge/api_bridge_node.py:1106:            initial_pose_confirmed=False,
src/sweepi_api_bridge/sweepi_api_bridge/api_bridge_node.py:1107:            initial_pose_source='api',
src/sweepi_api_bridge/sweepi_api_bridge/api_bridge_node.py:1108:            initial_pose={
src/sweepi_api_bridge/sweepi_api_bridge/api_bridge_node.py:1117:            task_phase='initial_pose_pending',
src/sweepi_api_bridge/sweepi_api_bridge/api_bridge_node.py:1120:        self.validated_coverage_path_signature = None
src/sweepi_api_bridge/sweepi_api_bridge/api_bridge_node.py:1121:        confirmation = self._confirm_initial_pose(x, y, yaw)
src/sweepi_api_bridge/sweepi_api_bridge/api_bridge_node.py:1124:                initial_pose_confirmed=False,
src/sweepi_api_bridge/sweepi_api_bridge/api_bridge_node.py:1126:                robot_state='initial_pose_failed'
src/sweepi_api_bridge/sweepi_api_bridge/api_bridge_node.py:1132:                'INITIAL_POSE_NOT_CONFIRMED',
src/sweepi_api_bridge/sweepi_api_bridge/api_bridge_node.py:1137:                command='set_initial_pose',
src/sweepi_api_bridge/sweepi_api_bridge/api_bridge_node.py:1138:                state='initial_pose_failed',
src/sweepi_api_bridge/sweepi_api_bridge/api_bridge_node.py:1139:                initial_pose_received=True,
src/sweepi_api_bridge/sweepi_api_bridge/api_bridge_node.py:1140:                initial_pose_confirmed=False,
src/sweepi_api_bridge/sweepi_api_bridge/api_bridge_node.py:1141:                initial_pose_source='api',
src/sweepi_api_bridge/sweepi_api_bridge/api_bridge_node.py:1142:                initial_pose={
src/sweepi_api_bridge/sweepi_api_bridge/api_bridge_node.py:1149:        self._record_initial_pose(x, y, yaw, source='api', confirmed=True)
src/sweepi_api_bridge/sweepi_api_bridge/api_bridge_node.py:1152:            command='set_initial_pose',
src/sweepi_api_bridge/sweepi_api_bridge/api_bridge_node.py:1156:            state='initial_pose_confirmed',
src/sweepi_api_bridge/sweepi_api_bridge/api_bridge_node.py:1157:            initial_pose_received=True,
src/sweepi_api_bridge/sweepi_api_bridge/api_bridge_node.py:1158:            initial_pose_confirmed=True,
src/sweepi_api_bridge/sweepi_api_bridge/api_bridge_node.py:1159:            initial_pose_source='api',
src/sweepi_api_bridge/sweepi_api_bridge/api_bridge_node.py:1160:            initial_pose={
src/sweepi_api_bridge/sweepi_api_bridge/api_bridge_node.py:1167:            pose_check=pose_check,
src/sweepi_api_bridge/sweepi_api_bridge/api_bridge_node.py:1306:        if 'initial_pose' in body:
src/sweepi_api_bridge/sweepi_api_bridge/api_bridge_node.py:1308:                'initial_pose must be sent separately after cleaning/start.',
src/sweepi_api_bridge/sweepi_api_bridge/api_bridge_node.py:1311:                    'field': 'initial_pose',
src/sweepi_api_bridge/sweepi_api_bridge/api_bridge_node.py:1396:        self.validated_coverage_path_signature = None
src/sweepi_api_bridge/sweepi_api_bridge/api_bridge_node.py:1398:            robot_state='waiting_for_initial_pose',
src/sweepi_api_bridge/sweepi_api_bridge/api_bridge_node.py:1408:            coverage_path_available=False,
src/sweepi_api_bridge/sweepi_api_bridge/api_bridge_node.py:1411:            initial_pose_received=False,
src/sweepi_api_bridge/sweepi_api_bridge/api_bridge_node.py:1412:            initial_pose_confirmed=False,
src/sweepi_api_bridge/sweepi_api_bridge/api_bridge_node.py:1413:            initial_pose_source=None,
src/sweepi_api_bridge/sweepi_api_bridge/api_bridge_node.py:1414:            initial_pose=None,
src/sweepi_api_bridge/sweepi_api_bridge/api_bridge_node.py:1417:            task_phase='waiting_for_initial_pose',
src/sweepi_api_bridge/sweepi_api_bridge/api_bridge_node.py:1446:            state='waiting_for_initial_pose',
src/sweepi_api_bridge/sweepi_api_bridge/api_bridge_node.py:1450:            initial_pose=None,
src/sweepi_api_bridge/sweepi_api_bridge/api_bridge_node.py:1451:            initial_pose_required=True,
src/sweepi_api_bridge/sweepi_api_bridge/api_bridge_node.py:1473:        path_state = self._current_coverage_path_state()
src/sweepi_api_bridge/sweepi_api_bridge/api_bridge_node.py:1482:                state='coverage_path_unavailable',
src/sweepi_api_bridge/sweepi_api_bridge/api_bridge_node.py:1487:            self.validated_coverage_path_signature = path_state['signature']
src/sweepi_api_bridge/sweepi_api_bridge/api_bridge_node.py:1504:        self.validated_coverage_path_signature = None
src/sweepi_api_bridge/sweepi_api_bridge/api_bridge_node.py:1533:        path_state = self._current_coverage_path_state()
src/sweepi_api_bridge/sweepi_api_bridge/api_bridge_node.py:1535:            self.validated_coverage_path_signature is None
src/sweepi_api_bridge/sweepi_api_bridge/api_bridge_node.py:1536:            or path_state['signature'] != self.validated_coverage_path_signature
src/sweepi_api_bridge/sweepi_api_bridge/api_bridge_node.py:1632:    def _validate_initial_pose_payload(self, initial_pose):
src/sweepi_api_bridge/sweepi_api_bridge/api_bridge_node.py:1633:        if not isinstance(initial_pose, dict):
src/sweepi_api_bridge/sweepi_api_bridge/api_bridge_node.py:1635:                'initial_pose is required.',
src/sweepi_api_bridge/sweepi_api_bridge/api_bridge_node.py:1637:                {'field': 'initial_pose'},
src/sweepi_api_bridge/sweepi_api_bridge/api_bridge_node.py:1641:            if field not in initial_pose:
src/sweepi_api_bridge/sweepi_api_bridge/api_bridge_node.py:1643:                    'initial_pose.%s is required.' % field,
src/sweepi_api_bridge/sweepi_api_bridge/api_bridge_node.py:1645:                    {'field': 'initial_pose.%s' % field},
src/sweepi_api_bridge/sweepi_api_bridge/api_bridge_node.py:1649:                float(initial_pose[field])
src/sweepi_api_bridge/sweepi_api_bridge/api_bridge_node.py:1652:                    'initial_pose.%s must be a number.' % field,
src/sweepi_api_bridge/sweepi_api_bridge/api_bridge_node.py:1654:                    {'field': 'initial_pose.%s' % field},
src/sweepi_api_bridge/sweepi_api_bridge/api_bridge_node.py:1822:        if not snapshot['initial_pose_confirmed']:
src/sweepi_api_bridge/sweepi_api_bridge/api_bridge_node.py:1827:                'state': 'initial_pose_required',
src/sweepi_api_bridge/sweepi_api_bridge/api_bridge_node.py:1843:        if require_path and not snapshot['coverage_path_available']:
src/sweepi_api_bridge/sweepi_api_bridge/api_bridge_node.py:1848:                'state': 'coverage_path_unavailable',
src/sweepi_api_bridge/sweepi_api_bridge/api_bridge_node.py:1857:            or snapshot.get('initial_pose_confirmed')
src/sweepi_api_bridge/sweepi_api_bridge/api_bridge_node.py:1872:            initial_pose_received=True,
src/sweepi_api_bridge/sweepi_api_bridge/api_bridge_node.py:1873:            initial_pose_confirmed=True,
src/sweepi_api_bridge/sweepi_api_bridge/api_bridge_node.py:1874:            initial_pose_source='amcl_tf',
src/sweepi_api_bridge/sweepi_api_bridge/api_bridge_node.py:1875:            initial_pose={
src/sweepi_api_bridge/sweepi_api_bridge/api_bridge_node.py:1881:            task_phase='initial_pose_confirmed',
src/sweepi_api_bridge/sweepi_api_bridge/api_bridge_node.py:1901:            and snapshot['initial_pose_confirmed']
src/sweepi_api_bridge/sweepi_api_bridge/api_bridge_node.py:1915:        elif snapshot['robot_state'] == 'initial_pose_failed':
src/sweepi_api_bridge/sweepi_api_bridge/api_bridge_node.py:1932:            pose=self.robot_pose or snapshot['initial_pose'],
src/sweepi_api_bridge/sweepi_api_bridge/api_bridge_node.py:1936:            initial_pose_received=snapshot['initial_pose_received'],
src/sweepi_api_bridge/sweepi_api_bridge/api_bridge_node.py:1937:            initial_pose_confirmed=snapshot['initial_pose_confirmed'],
src/sweepi_api_bridge/sweepi_api_bridge/api_bridge_node.py:1938:            initial_pose_source=snapshot['initial_pose_source'],
src/sweepi_api_bridge/sweepi_api_bridge/api_bridge_node.py:1939:            coverage_path_available=snapshot['coverage_path_available'],
src/sweepi_api_bridge/sweepi_api_bridge/api_bridge_node.py:1940:            path_available=snapshot['coverage_path_available'],
src/sweepi_api_bridge/sweepi_api_bridge/api_bridge_node.py:1955:            path = self.coverage_path
src/sweepi_api_bridge/sweepi_api_bridge/api_bridge_node.py:1964:            'path_signature': self.coverage_path_signature,
src/sweepi_api_bridge/sweepi_api_bridge/api_bridge_node.py:1981:        if not snapshot['initial_pose_confirmed']:
src/sweepi_api_bridge/sweepi_api_bridge/api_bridge_node.py:2042:                'initial_pose_received': snapshot['initial_pose_received'],
src/sweepi_api_bridge/sweepi_api_bridge/api_bridge_node.py:2043:                'initial_pose_confirmed': snapshot['initial_pose_confirmed'],
src/sweepi_api_bridge/sweepi_api_bridge/api_bridge_node.py:2044:                'initial_pose_source': snapshot['initial_pose_source'],
src/sweepi_api_bridge/sweepi_api_bridge/api_bridge_node.py:2062:                'path_available': snapshot['coverage_path_available'],
src/sweepi_api_bridge/sweepi_api_bridge/api_bridge_node.py:2063:                'coverage_path_available': snapshot['coverage_path_available'],
src/sweepi_api_bridge/sweepi_api_bridge/api_bridge_node.py:2145:    def _publish_initial_pose(self, x, y, yaw, source):
src/sweepi_api_bridge/sweepi_api_bridge/api_bridge_node.py:2158:            self.last_api_initial_pose_publish_time = time.monotonic()
src/sweepi_api_bridge/sweepi_api_bridge/api_bridge_node.py:2159:        self.initial_pose_pub.publish(msg)
src/sweepi_api_bridge/sweepi_api_bridge/api_bridge_node.py:2161:    def _record_initial_pose(self, x, y, yaw, source, confirmed=True):
src/sweepi_api_bridge/sweepi_api_bridge/api_bridge_node.py:2163:            initial_pose_received=True,
src/sweepi_api_bridge/sweepi_api_bridge/api_bridge_node.py:2164:            initial_pose_confirmed=bool(confirmed),
src/sweepi_api_bridge/sweepi_api_bridge/api_bridge_node.py:2165:            initial_pose_source=source,
src/sweepi_api_bridge/sweepi_api_bridge/api_bridge_node.py:2166:            initial_pose={
src/sweepi_api_bridge/sweepi_api_bridge/api_bridge_node.py:2173:            task_phase='initial_pose_confirmed' if confirmed else 'initial_pose_pending',
src/sweepi_api_bridge/sweepi_api_bridge/api_bridge_node.py:2176:        self.validated_coverage_path_signature = None
src/sweepi_api_bridge/sweepi_api_bridge/api_bridge_node.py:2179:    def _confirm_initial_pose(
src/sweepi_api_bridge/sweepi_api_bridge/api_bridge_node.py:2188:        min_amcl_pose_time = self.last_api_initial_pose_publish_time
src/sweepi_api_bridge/sweepi_api_bridge/api_bridge_node.py:2237:            self.cmd_vel_pub.publish(msg)
src/sweepi_api_bridge/sweepi_api_bridge/api_bridge_node.py:2239:            self.get_logger().debug('Could not publish /cmd_vel: %s' % exc)
src/sweepi_api_bridge/sweepi_api_bridge/api_bridge_node.py:2256:            self.coverage_path = None
src/sweepi_api_bridge/sweepi_api_bridge/api_bridge_node.py:2260:            self.coverage_path_signature = None
src/sweepi_api_bridge/sweepi_api_bridge/api_bridge_node.py:2262:        self.validated_coverage_path_signature = None
src/sweepi_api_bridge/sweepi_api_bridge/api_bridge_node.py:2277:            or snapshot['initial_pose_received']
src/sweepi_api_bridge/sweepi_api_bridge/api_bridge_node.py:2319:        path_available = snapshot['coverage_path_available']
src/sweepi_api_bridge/sweepi_api_bridge/api_bridge_node.py:2323:                coverage_path_available=path_available,
src/sweepi_api_bridge/sweepi_api_bridge/api_bridge_node.py:2328:            not snapshot['initial_pose_confirmed']
src/sweepi_api_bridge/sweepi_api_bridge/api_bridge_node.py:2329:            and snapshot['robot_state'] == 'initial_pose_failed'
src/sweepi_api_bridge/sweepi_api_bridge/api_bridge_node.py:2331:            next_state = 'initial_pose_failed'
src/sweepi_api_bridge/sweepi_api_bridge/api_bridge_node.py:2332:        elif not snapshot['initial_pose_confirmed']:
src/sweepi_api_bridge/sweepi_api_bridge/api_bridge_node.py:2333:            next_state = 'waiting_for_initial_pose'
src/sweepi_api_bridge/sweepi_api_bridge/api_bridge_node.py:2342:            coverage_path_available=path_available,
src/sweepi_api_bridge/sweepi_api_bridge/api_bridge_node.py:2416:    def _coverage_path_callback(self, msg):
src/sweepi_api_bridge/sweepi_api_bridge/api_bridge_node.py:2418:        new_signature = self._coverage_path_signature(msg) if available else None
src/sweepi_api_bridge/sweepi_api_bridge/api_bridge_node.py:2419:        path_changed = new_signature != self.coverage_path_signature
src/sweepi_api_bridge/sweepi_api_bridge/api_bridge_node.py:2421:            self.coverage_path = msg if available else None
src/sweepi_api_bridge/sweepi_api_bridge/api_bridge_node.py:2422:            self.coverage_path_signature = new_signature
src/sweepi_api_bridge/sweepi_api_bridge/api_bridge_node.py:2423:        updates = {'coverage_path_available': available}
src/sweepi_api_bridge/sweepi_api_bridge/api_bridge_node.py:2426:            self.validated_coverage_path_signature = None
src/sweepi_api_bridge/sweepi_api_bridge/api_bridge_node.py:2430:    def _coverage_path_signature(self, msg):
src/sweepi_api_bridge/sweepi_api_bridge/api_bridge_node.py:2451:    def _current_coverage_path_state(self):
src/sweepi_api_bridge/sweepi_api_bridge/api_bridge_node.py:2453:            path = self.coverage_path
src/sweepi_api_bridge/sweepi_api_bridge/api_bridge_node.py:2454:            signature = self.coverage_path_signature
src/sweepi_api_bridge/sweepi_api_bridge/api_bridge_node.py:2503:    def _initial_pose_callback(self, msg):
src/sweepi_api_bridge/sweepi_api_bridge/api_bridge_node.py:2504:        if time.monotonic() - self.last_api_initial_pose_publish_time < 0.5:
src/sweepi_api_bridge/sweepi_api_bridge/api_bridge_node.py:2511:            initial_pose_received=True,
src/sweepi_api_bridge/sweepi_api_bridge/api_bridge_node.py:2512:            initial_pose_confirmed=False,
src/sweepi_api_bridge/sweepi_api_bridge/api_bridge_node.py:2513:            initial_pose_source='rviz',
src/sweepi_api_bridge/sweepi_api_bridge/api_bridge_node.py:2514:            initial_pose={'x': x, 'y': y, 'yaw': yaw, 'frame': 'map'},
src/sweepi_api_bridge/sweepi_api_bridge/api_bridge_node.py:2516:            task_phase='initial_pose_pending',
src/sweepi_api_bridge/sweepi_api_bridge/api_bridge_node.py:2519:        self.validated_coverage_path_signature = None
src/sweepi_api_bridge/sweepi_api_bridge/api_bridge_node.py:2520:        confirmation = self._confirm_initial_pose(x, y, yaw)
src/sweepi_api_bridge/sweepi_api_bridge/api_bridge_node.py:2522:            self._record_initial_pose(x, y, yaw, source='rviz', confirmed=True)
src/sweepi_api_bridge/sweepi_api_bridge/api_bridge_node.py:2525:                initial_pose_confirmed=False,
src/sweepi_api_bridge/sweepi_api_bridge/api_bridge_node.py:2528:                    'code': 'INITIAL_POSE_NOT_CONFIRMED',
src/sweepi_api_bridge/sweepi_api_bridge/api_bridge_node.py:2531:                task_phase='initial_pose_failed',
src/sweepi_coverage/README.md:5:- Old waypoint mode: `/coverage_path` -> `/coverage_waypoints` -> Nav2 `NavigateThroughPoses`.
src/sweepi_coverage/README.md:6:- New FollowPath mode: `/coverage_path` -> Nav2 `FollowPath`.
src/sweepi_coverage/README.md:9:`coverage_system.launch.py` for comparison. The FollowPath mode is added beside it
src/sweepi_coverage/README.md:13:## Why FollowPath
src/sweepi_coverage/README.md:17:around nearby objects and leave uncovered patches. FollowPath sends the complete
src/sweepi_coverage/README.md:54:Start the FollowPath coverage stack:
src/sweepi_coverage/README.md:109:Start execution with the latest valid `/coverage_path`:
src/sweepi_coverage/README.md:115:Pause at the current location. This cancels the active FollowPath goal and
src/sweepi_coverage/README.md:136:Clear the FollowPath executor cache while the coverage stack is still active:
src/sweepi_coverage/README.md:143:It clears `/coverage_map`, `/coverage_path`, planner markers, and executor cache,
src/sweepi_coverage/README.md:151:starts. Return home stops coverage, cancels the active FollowPath goal, and sends
src/sweepi_coverage/README.md:159:SmoothPath or FollowPath action:
src/sweepi_coverage/README.md:188:/coverage_path
src/sweepi_coverage/README.md:192:/coverage_path_markers
src/sweepi_coverage/README.md:200:## FollowPath Requires Continuous `/coverage_path`
src/sweepi_coverage/README.md:202:FollowPath executes `nav_msgs/Path` as one continuous path. It cannot execute
src/sweepi_coverage/README.md:218:The FollowPath launch config can filter coverage cells with Nav2's global costmap
src/sweepi_coverage/README.md:219:before publishing `/coverage_path`:
src/sweepi_coverage/README.md:234:For FollowPath execution, the default config freezes `/coverage_path` after the
src/sweepi_coverage/README.md:252:The FollowPath executor keeps the coverage path frozen and lets normal walls be
src/sweepi_coverage/README.md:253:handled by the original `FollowPath` goal plus the Nav2 local controller. Dynamic
src/sweepi_coverage/README.md:264:replacement path is validated before the old `FollowPath` goal is canceled using
src/sweepi_coverage/README.md:298:/coverage_path
src/sweepi_coverage/README.md:322:   - The robot should continue using normal `FollowPath`.
src/sweepi_coverage/README.md:325:   - The candidate should be rejected before canceling the current `FollowPath`.
src/sweepi_coverage/README.md:337:Use a FollowPath controller plugin that is tuned for slow, close path tracking. A
src/sweepi_coverage/README.md:343:    controller_plugins: ["FollowPath"]
src/sweepi_coverage/README.md:345:    FollowPath:
src/sweepi_coverage/test/test_coverage_arm_follow_path_executor.py:14:    CoverageArmFollowPathExecutorNode as ArmExecutor,
src/sweepi_coverage/test/test_coverage_arm_follow_path_executor.py:17:    CoverageFollowPathExecutorNode as BaseExecutor,
src/sweepi_coverage/test/test_coverage_arm_follow_path_executor.py:659:def test_saved_path_resume_failure_requests_regenerated_coverage_path():
src/sweepi_coverage/test/test_coverage_arm_follow_path_executor.py:680:def test_completed_arm_task_waits_for_regenerated_coverage_path():
src/sweepi_coverage/test/test_coverage_arm_follow_path_executor.py:687:    node.coverage_path_frozen = True
src/sweepi_coverage/test/test_coverage_arm_follow_path_executor.py:704:    assert not node.coverage_path_frozen
src/sweepi_coverage/test/test_coverage_arm_follow_path_executor.py:707:        'ARM_REPLAN waiting_for_coverage_path=true command_id=abc'
src/sweepi_coverage/test/test_coverage_arm_follow_path_executor.py:712:def test_regenerated_coverage_path_auto_starts_after_arm_completion():
src/sweepi_coverage/test/test_coverage_arm_follow_path_executor.py:720:    node.coverage_path_frozen = False
src/sweepi_coverage/test/test_coverage_arm_follow_path_executor.py:749:    node.coverage_path_callback(make_path())
src/sweepi_coverage/config/nav2_coverage_params.yaml:69:    controller_plugins: ["FollowPath"]
src/sweepi_coverage/config/nav2_coverage_params.yaml:83:    FollowPath:
src/sweepi_coverage/config/nav2_coverage_params.yaml:297:    cmd_vel_in_topic: "cmd_vel_smoothed"
src/sweepi_coverage/config/nav2_coverage_params.yaml:298:    cmd_vel_out_topic: "cmd_vel"
src/sweepi_coverage/launch/coverage_follow_path.launch.py:44:            description='Path to FollowPath coverage parameter file',
src/sweepi_coverage/launch/coverage_follow_path.launch.py:49:            description='Start FollowPath automatically when a valid path is received',
src/sweepi_coverage/config/coverage_params.yaml:17:    coverage_path_topic: "/coverage_path"
src/sweepi_coverage/config/coverage_params.yaml:57:    coverage_path_topic: "/coverage_path"
src/sweepi_coverage/config/coverage_follow_path_params.yaml:16:    coverage_path_topic: "/coverage_path"
src/sweepi_coverage/config/coverage_follow_path_params.yaml:91:    coverage_path_topic: "/coverage_path"
src/sweepi_coverage/config/coverage_follow_path_params.yaml:92:    raw_path_topic: "/coverage_path_raw"
src/sweepi_coverage/config/coverage_follow_path_params.yaml:99:    path_markers_topic: "/coverage_path_markers"
src/sweepi_coverage/config/coverage_follow_path_params.yaml:104:    controller_id: "FollowPath"
src/sweepi_coverage/sweepi_coverage/coverage_arm_follow_path_executor_node.py:2:"""FollowPath coverage executor with optional rear-mounted arm assistance."""
src/sweepi_coverage/sweepi_coverage/coverage_arm_follow_path_executor_node.py:21:    CoverageFollowPathExecutorNode,
src/sweepi_coverage/sweepi_coverage/coverage_arm_follow_path_executor_node.py:25:class CoverageArmFollowPathExecutorNode(CoverageFollowPathExecutorNode):
src/sweepi_coverage/sweepi_coverage/coverage_arm_follow_path_executor_node.py:745:            'FollowPath before rotating to the rear-mounted arm.'
src/sweepi_coverage/sweepi_coverage/coverage_arm_follow_path_executor_node.py:1123:        self.coverage_path_frozen = False
src/sweepi_coverage/sweepi_coverage/coverage_arm_follow_path_executor_node.py:1144:                'ARM_REPLAN waiting_for_coverage_path=true reason=%s '
src/sweepi_coverage/sweepi_coverage/coverage_arm_follow_path_executor_node.py:1149:                'ARM_REPLAN waiting_for_coverage_path=true command_id=%s'
src/sweepi_coverage/sweepi_coverage/coverage_arm_follow_path_executor_node.py:1234:    def coverage_path_callback(self, msg):
src/sweepi_coverage/sweepi_coverage/coverage_arm_follow_path_executor_node.py:1239:                lambda: CoverageFollowPathExecutorNode.coverage_path_callback(
src/sweepi_coverage/sweepi_coverage/coverage_arm_follow_path_executor_node.py:1244:            super().coverage_path_callback(msg)
src/sweepi_coverage/sweepi_coverage/coverage_arm_follow_path_executor_node.py:1288:    node = CoverageArmFollowPathExecutorNode()
src/sweepi_robot_manager/sweepi_robot_manager/sweepi_robot_manager_node.py:536:            'Coverage reset requested; coverage map, planner path, and FollowPath '
src/sweepi_robot_manager/launch/coverage_task.launch.py:62:            description='Coverage tracker/planner/FollowPath executor params file',
src/sweepi_coverage/sweepi_coverage/coverage_follow_path_executor_node.py:2:"""Execute one frozen coverage path with Nav2 FollowPath."""
src/sweepi_coverage/sweepi_coverage/coverage_follow_path_executor_node.py:12:from nav2_msgs.action import ComputePathToPose, FollowPath, NavigateToPose, SmoothPath
src/sweepi_coverage/sweepi_coverage/coverage_follow_path_executor_node.py:29:class CoverageFollowPathExecutorNode(Node):
src/sweepi_coverage/sweepi_coverage/coverage_follow_path_executor_node.py:92:        self.coverage_path_frozen = False
src/sweepi_coverage/sweepi_coverage/coverage_follow_path_executor_node.py:184:            FollowPath,
src/sweepi_coverage/sweepi_coverage/coverage_follow_path_executor_node.py:203:        self.coverage_path_sub = self.create_subscription(
src/sweepi_coverage/sweepi_coverage/coverage_follow_path_executor_node.py:205:            self.coverage_path_topic,
src/sweepi_coverage/sweepi_coverage/coverage_follow_path_executor_node.py:206:            self.coverage_path_callback,
src/sweepi_coverage/sweepi_coverage/coverage_follow_path_executor_node.py:269:        self.cmd_vel_pub = self.create_publisher(
src/sweepi_coverage/sweepi_coverage/coverage_follow_path_executor_node.py:271:            self.cmd_vel_topic,
src/sweepi_coverage/sweepi_coverage/coverage_follow_path_executor_node.py:325:            'Coverage FollowPath executor started: action=%s controller_id=%s '
src/sweepi_coverage/sweepi_coverage/coverage_follow_path_executor_node.py:327:            'active=%s costmap=%s. This mode uses FollowPath, not '
src/sweepi_coverage/sweepi_coverage/coverage_follow_path_executor_node.py:335:                self.coverage_path_topic,
src/sweepi_coverage/sweepi_coverage/coverage_follow_path_executor_node.py:350:            'coverage_path_topic': '/coverage_path',
src/sweepi_coverage/sweepi_coverage/coverage_follow_path_executor_node.py:351:            'raw_path_topic': '/coverage_path_raw',
src/sweepi_coverage/sweepi_coverage/coverage_follow_path_executor_node.py:358:            'path_markers_topic': '/coverage_path_markers',
src/sweepi_coverage/sweepi_coverage/coverage_follow_path_executor_node.py:361:            'cmd_vel_topic': '/cmd_vel',
src/sweepi_coverage/sweepi_coverage/coverage_follow_path_executor_node.py:364:            'controller_id': 'FollowPath',
src/sweepi_coverage/sweepi_coverage/coverage_follow_path_executor_node.py:481:        self.coverage_path_topic = self._string_param('coverage_path_topic')
src/sweepi_coverage/sweepi_coverage/coverage_follow_path_executor_node.py:494:        self.cmd_vel_topic = self._string_param('cmd_vel_topic')
src/sweepi_coverage/sweepi_coverage/coverage_follow_path_executor_node.py:976:    def coverage_path_callback(self, msg):
src/sweepi_coverage/sweepi_coverage/coverage_follow_path_executor_node.py:979:                'Ignoring /coverage_path update because active coverage path is frozen.',
src/sweepi_coverage/sweepi_coverage/coverage_follow_path_executor_node.py:986:                'Ignoring /coverage_path update because the first valid coverage '
src/sweepi_coverage/sweepi_coverage/coverage_follow_path_executor_node.py:998:                'Waiting for executable /coverage_path before freezing: %s'
src/sweepi_coverage/sweepi_coverage/coverage_follow_path_executor_node.py:1005:        self.coverage_path_frozen = True
src/sweepi_coverage/sweepi_coverage/coverage_follow_path_executor_node.py:1013:            'Path is frozen from the first executable /coverage_path. Later updates '
src/sweepi_coverage/sweepi_coverage/coverage_follow_path_executor_node.py:1040:                'Global costmap received for FollowPath validation: topic=%s '
src/sweepi_coverage/sweepi_coverage/coverage_follow_path_executor_node.py:1115:            response.message = 'Coverage FollowPath execution requested'
src/sweepi_coverage/sweepi_coverage/coverage_follow_path_executor_node.py:1127:            no_active_message='No active SmoothPath or FollowPath goal to cancel',
src/sweepi_coverage/sweepi_coverage/coverage_follow_path_executor_node.py:1279:            return True, 'Cancel request sent to active FollowPath goal'
src/sweepi_coverage/sweepi_coverage/coverage_follow_path_executor_node.py:1285:        return False, 'No active SmoothPath or FollowPath goal to cancel'
src/sweepi_coverage/sweepi_coverage/coverage_follow_path_executor_node.py:1731:            self.get_logger().info('Coverage FollowPath validation passed')
src/sweepi_coverage/sweepi_coverage/coverage_follow_path_executor_node.py:1734:                'Coverage FollowPath validation failed: %s' % report['reason']
src/sweepi_coverage/sweepi_coverage/coverage_follow_path_executor_node.py:1749:        self.coverage_path_frozen = False
src/sweepi_coverage/sweepi_coverage/coverage_follow_path_executor_node.py:1798:        response.message = 'Coverage FollowPath cache reset; waiting for /coverage_path'
src/sweepi_coverage/sweepi_coverage/coverage_follow_path_executor_node.py:1858:            self.latest_path_error = 'Coverage FollowPath is already active'
src/sweepi_coverage/sweepi_coverage/coverage_follow_path_executor_node.py:1919:                'Cannot start FollowPath execution: %s'
src/sweepi_coverage/sweepi_coverage/coverage_follow_path_executor_node.py:1933:                'Cannot start FollowPath execution: %s'
src/sweepi_coverage/sweepi_coverage/coverage_follow_path_executor_node.py:1968:                'Requesting Nav2 SmoothPath before FollowPath: action=%s '
src/sweepi_coverage/sweepi_coverage/coverage_follow_path_executor_node.py:2153:                'FollowPath action server %s is not available'
src/sweepi_coverage/sweepi_coverage/coverage_follow_path_executor_node.py:2171:                'Final FollowPath validation failed: %s' % self._format_report(report)
src/sweepi_coverage/sweepi_coverage/coverage_follow_path_executor_node.py:2176:        goal_msg = FollowPath.Goal()
src/sweepi_coverage/sweepi_coverage/coverage_follow_path_executor_node.py:2192:        self.coverage_path_frozen = self.freeze_path_on_start or self.coverage_path_frozen
src/sweepi_coverage/sweepi_coverage/coverage_follow_path_executor_node.py:2254:            self.get_logger().error('FollowPath goal response failed: %s' % exc)
src/sweepi_coverage/sweepi_coverage/coverage_follow_path_executor_node.py:2259:            self.get_logger().warn('FollowPath goal was rejected by Nav2')
src/sweepi_coverage/sweepi_coverage/coverage_follow_path_executor_node.py:2265:        self.get_logger().info('FollowPath goal accepted by Nav2')
src/sweepi_coverage/sweepi_coverage/coverage_follow_path_executor_node.py:2286:            self.get_logger().error('FollowPath result failed: %s' % exc)
src/sweepi_coverage/sweepi_coverage/coverage_follow_path_executor_node.py:2297:            'FollowPath result: status=%d error_code=%d %s error_msg=%s'
src/sweepi_coverage/sweepi_coverage/coverage_follow_path_executor_node.py:2307:                '[DYNAMIC_SKIP] ignored terminal FollowPath result from '
src/sweepi_coverage/sweepi_coverage/coverage_follow_path_executor_node.py:2319:                '[DYNAMIC_SKIP] ignored stale FollowPath result from a '
src/sweepi_coverage/sweepi_coverage/coverage_follow_path_executor_node.py:2340:                '[DYNAMIC_SKIP] ignored FollowPath canceled result from '
src/sweepi_coverage/sweepi_coverage/coverage_follow_path_executor_node.py:2347:                '[CLEANUP_PASS] ignored stale FollowPath canceled result while '
src/sweepi_coverage/sweepi_coverage/coverage_follow_path_executor_node.py:2359:                'Ignoring FollowPath terminal result after %s request' % reason
src/sweepi_coverage/sweepi_coverage/coverage_follow_path_executor_node.py:2396:                '[DYNAMIC_SKIP] recoverable FollowPath error %d %s did not '
src/sweepi_coverage/sweepi_coverage/coverage_follow_path_executor_node.py:2424:                'FollowPath failed with FAILED_TO_MAKE_PROGRESS. Likely causes: '
src/sweepi_coverage/sweepi_coverage/coverage_follow_path_executor_node.py:2426:                'sharp turn, robot not near the selected start pose, or cmd_vel '
src/sweepi_coverage/sweepi_coverage/coverage_follow_path_executor_node.py:2434:                'FollowPath failed: status=%d error_code=%d %s error_msg=%s'
src/sweepi_coverage/sweepi_coverage/coverage_follow_path_executor_node.py:2533:        self.coverage_path_frozen = False
src/sweepi_coverage/sweepi_coverage/coverage_follow_path_executor_node.py:2592:        if hasattr(self, 'cmd_vel_pub'):
exit=0
