===== start_motion_with_monitor =====
$ bash -lc source /opt/ros/jazzy/setup.bash && source /home/sweepi/SweePi/install/setup.bash; "$DIAG/tools/monitor_motion_chain.py" --duration 35 > "$DIAG/start_motion_monitor_1.log" 2>&1 & MON=$!; echo monitor_pid=$MON; sleep 2; echo START_MOTION_RESPONSE; curl --max-time 15 -sS -X POST http://localhost:8080/api/cleaning/start-motion; echo; echo WAIT_MONITOR; wait $MON; echo MONITOR_DONE; cat "$DIAG/start_motion_monitor_1.log"; echo STATUS_AFTER; curl --max-time 5 -sS http://localhost:8080/api/cleaning/status; echo; echo DEBUG; timeout 5 ros2 topic echo /coverage_debug_info --once || true; echo EXEC_STATUS; timeout 5 ros2 topic echo /coverage_execution_status --once || true
monitor_pid=10490
START_MOTION_RESPONSE
{"success":false,"message":"Coverage validation is required before starting motion.","error":{"code":"VALIDATION_REQUIRED","details":{}},"timestamp":"2026-07-11T22:00:40Z","command":"start_cleaning_motion","accepted":false,"completed":false,"task_finished":false,"state":"validation_required","task_id":"cleaning_20260711_215714","map_id":"living_room","coverage_map_id":"living_room","path_available":true,"path_pose_count":1896}
WAIT_MONITOR
MONITOR_DONE
MOTION_CHAIN_MONITOR duration=35.0
/cmd_vel_nav count=0 nonzero=0 max_lin=0.0000 max_ang=0.0000 first_nonzero=None last=None
/cmd_vel_smoothed count=0 nonzero=0 max_lin=0.0000 max_ang=0.0000 first_nonzero=None last=None
/cmd_vel count=0 nonzero=0 max_lin=0.0000 max_ang=0.0000 first_nonzero=None last=None
/wheel/odom first=(0.31811885100000836, 0.0, 0.0, 0.0) last=(35.01415312799986, 0.0, 0.0, 0.0) delta_xy=0.0000
/hardware/status count=0 faults=[]
/coverage_execution_status transitions=[(1.0336345529999562, 'IDLE')]
/follow_path action status transitions=[]
STATUS_AFTER
{"success":true,"message":"Cleaning status fetched.","error":null,"timestamp":"2026-07-11T22:01:14Z","task_finished":false,"state":"coverage_ready","active":true,"task_id":"cleaning_20260711_215714","map_id":"living_room","coverage_map_id":"living_room","cleaning_mode":"full-map","sections":[],"progress_percent":0.27863776683807373,"pose":{"x":-0.28632098783136145,"y":-0.6247324084094056,"yaw":-0.05408732250036146,"frame":"map"},"nav":{"execution_status":"IDLE"},"coverage":{"covered_area_m2":0.113,"total_area_m2":40.375},"paused":false,"initial_pose_received":true,"initial_pose_confirmed":true,"initial_pose_source":"api","coverage_path_available":true,"path_available":true,"coverage_map_available":true,"coverage_validated":false,"pose_available":true,"ready_to_validate":true,"ready_to_start_motion":false,"task_result":null,"last_error":{"code":"VALIDATION_REQUIRED","details":{}},"next_steps":["Call POST /api/cleaning/validate."],"status_message":"Coverage ready to validate"}
DEBUG
data: validation=PASS status=VALID reason=ok frame_id=map total_poses=1896 segments=1895 path_length_m=103.800 first=(x=-0.279 y=-0.60...
---
EXEC_STATUS
data: IDLE
---
exit=0
