1783788007.2539349 [INFO] [launch]: All log files can be found below /home/sweepi/.ros/log/2026-07-11-22-10-07-252207-sweepi-3427
1783788007.2541516 [INFO] [launch]: Default logging verbosity is set to INFO
1783788008.9922144 [INFO] [component_container_isolated-1]: process started with pid [3455]
1783788008.9945941 [INFO] [coverage_tracker_node.py-2]: process started with pid [3456]
1783788008.9948521 [INFO] [coverage_planner_node.py-3]: process started with pid [3457]
1783788008.9949801 [INFO] [coverage_arm_follow_path_executor_node.py-4]: process started with pid [3458]
1783788008.9950762 [INFO] [coverage_manager_node.py-5]: process started with pid [3459]
1783788010.9190576 [INFO] [launch_ros.actions.load_composable_nodes]: Loaded node '/map_server' in container '/nav2_container'
1783788011.1977847 [INFO] [launch_ros.actions.load_composable_nodes]: Loaded node '/amcl' in container '/nav2_container'
1783788011.5941973 [INFO] [launch_ros.actions.load_composable_nodes]: Loaded node '/controller_server' in container '/nav2_container'
1783788011.7530825 [INFO] [launch_ros.actions.load_composable_nodes]: Loaded node '/lifecycle_manager_localization' in container '/nav2_container'
1783788012.1177206 [INFO] [launch_ros.actions.load_composable_nodes]: Loaded node '/smoother_server' in container '/nav2_container'
1783788012.6332316 [INFO] [launch_ros.actions.load_composable_nodes]: Loaded node '/planner_server' in container '/nav2_container'
1783788012.7905211 [INFO] [launch_ros.actions.load_composable_nodes]: Loaded node '/route_server' in container '/nav2_container'
1783788013.4282007 [INFO] [launch_ros.actions.load_composable_nodes]: Loaded node '/behavior_server' in container '/nav2_container'
1783788013.6928222 [INFO] [launch_ros.actions.load_composable_nodes]: Loaded node '/bt_navigator' in container '/nav2_container'
1783788013.8532898 [INFO] [launch_ros.actions.load_composable_nodes]: Loaded node '/waypoint_follower' in container '/nav2_container'
1783788014.0624995 [INFO] [launch_ros.actions.load_composable_nodes]: Loaded node '/velocity_smoother' in container '/nav2_container'
1783788014.3731625 [INFO] [launch_ros.actions.load_composable_nodes]: Loaded node '/collision_monitor' in container '/nav2_container'
1783788014.5584049 [INFO] [launch_ros.actions.load_composable_nodes]: Loaded node '/docking_server' in container '/nav2_container'
1783788014.6891756 [INFO] [launch_ros.actions.load_composable_nodes]: Loaded node '/lifecycle_manager_navigation' in container '/nav2_container'
1783788086.0268521 [WARNING] [launch]: user interrupted with ctrl-c (SIGINT)
1783788087.0679774 [INFO] [coverage_manager_node.py-5]: sending signal 'SIGINT' to process[coverage_manager_node.py-5]
1783788087.0714264 [INFO] [coverage_arm_follow_path_executor_node.py-4]: sending signal 'SIGINT' to process[coverage_arm_follow_path_executor_node.py-4]
1783788087.0752602 [INFO] [coverage_planner_node.py-3]: sending signal 'SIGINT' to process[coverage_planner_node.py-3]
1783788087.0819824 [INFO] [coverage_tracker_node.py-2]: sending signal 'SIGINT' to process[coverage_tracker_node.py-2]
1783788087.0838101 [INFO] [component_container_isolated-1]: sending signal 'SIGINT' to process[component_container_isolated-1]
1783788087.1015058 [ERROR] [coverage_planner_node.py-3]: process has died [pid 3457, exit code -2, cmd '/home/sweepi/SweePi/install/sweepi_coverage/lib/sweepi_coverage/coverage_planner_node.py --ros-args -r __node:=coverage_planner_node --params-file /home/sweepi/SweePi/install/sweepi_coverage/share/sweepi_coverage/config/coverage_follow_path_params.yaml --params-file /tmp/launch_params_b9gmp9kr'].
1783788087.1234379 [ERROR] [coverage_manager_node.py-5]: process has died [pid 3459, exit code -2, cmd '/home/sweepi/SweePi/install/sweepi_coverage/lib/sweepi_coverage/coverage_manager_node.py --ros-args -r __node:=coverage_manager_node --params-file /home/sweepi/SweePi/install/sweepi_coverage/share/sweepi_coverage/config/coverage_follow_path_params.yaml --params-file /tmp/launch_params_91rta_sb'].
1783788087.1467710 [ERROR] [coverage_arm_follow_path_executor_node.py-4]: process has died [pid 3458, exit code -2, cmd '/home/sweepi/SweePi/install/sweepi_coverage/lib/sweepi_coverage/coverage_arm_follow_path_executor_node.py --ros-args -r __node:=coverage_follow_path_executor_node --params-file /home/sweepi/SweePi/install/sweepi_coverage/share/sweepi_coverage/config/coverage_follow_path_params.yaml --params-file /tmp/launch_params_5gk6gs41 --params-file /tmp/launch_params_0bvwi49y'].
1783788087.1492586 [ERROR] [coverage_tracker_node.py-2]: process has died [pid 3456, exit code -2, cmd '/home/sweepi/SweePi/install/sweepi_coverage/lib/sweepi_coverage/coverage_tracker_node.py --ros-args -r __node:=coverage_tracker_node --params-file /home/sweepi/SweePi/install/sweepi_coverage/share/sweepi_coverage/config/coverage_follow_path_params.yaml --params-file /tmp/launch_params_mytdjcop'].
1783788090.3409603 [ERROR] [component_container_isolated-1]: process has died [pid 3455, exit code -6, cmd '/opt/ros/jazzy/lib/rclcpp_components/component_container_isolated --ros-args --log-level info --ros-args -r __node:=nav2_container --params-file /tmp/launch_params_od7clsng --params-file /tmp/launch_params_q7qa3b6u -r /tf:=tf -r /tf_static:=tf_static'].
