running develop
running egg_info
creating sweepi_base_driver.egg-info
writing sweepi_base_driver.egg-info/PKG-INFO
writing dependency_links to sweepi_base_driver.egg-info/dependency_links.txt
writing entry points to sweepi_base_driver.egg-info/entry_points.txt
writing requirements to sweepi_base_driver.egg-info/requires.txt
writing top-level names to sweepi_base_driver.egg-info/top_level.txt
writing manifest file 'sweepi_base_driver.egg-info/SOURCES.txt'
reading manifest file 'sweepi_base_driver.egg-info/SOURCES.txt'
writing manifest file 'sweepi_base_driver.egg-info/SOURCES.txt'
running build_ext
Creating /home/sweepi/SweePi/install_diagnostic/sweepi_base_driver/lib/python3.12/site-packages/sweepi-base-driver.egg-link (link to .)
Installing base_driver_node script to /home/sweepi/SweePi/install_diagnostic/sweepi_base_driver/lib/sweepi_base_driver

Installed /home/sweepi/SweePi/build_diagnostic/sweepi_base_driver
running symlink_data
creating /home/sweepi/SweePi/install_diagnostic/sweepi_base_driver/share/ament_index
creating /home/sweepi/SweePi/install_diagnostic/sweepi_base_driver/share/ament_index/resource_index
creating /home/sweepi/SweePi/install_diagnostic/sweepi_base_driver/share/ament_index/resource_index/packages
symbolically linking /home/sweepi/SweePi/build_diagnostic/sweepi_base_driver/resource/sweepi_base_driver -> /home/sweepi/SweePi/install_diagnostic/sweepi_base_driver/share/ament_index/resource_index/packages
symbolically linking /home/sweepi/SweePi/build_diagnostic/sweepi_base_driver/package.xml -> /home/sweepi/SweePi/install_diagnostic/sweepi_base_driver/share/sweepi_base_driver
creating /home/sweepi/SweePi/install_diagnostic/sweepi_base_driver/share/sweepi_base_driver/launch
symbolically linking /home/sweepi/SweePi/build_diagnostic/sweepi_base_driver/launch/base_driver.launch.py -> /home/sweepi/SweePi/install_diagnostic/sweepi_base_driver/share/sweepi_base_driver/launch
creating /home/sweepi/SweePi/install_diagnostic/sweepi_base_driver/share/sweepi_base_driver/config
symbolically linking /home/sweepi/SweePi/build_diagnostic/sweepi_base_driver/config/base_driver_params.yaml -> /home/sweepi/SweePi/install_diagnostic/sweepi_base_driver/share/sweepi_base_driver/config
