*   Trying 127.0.0.1:8080...
* Connected to 127.0.0.1 (127.0.0.1) port 8080
> POST /api/exploration/stop HTTP/1.1
> Host: 127.0.0.1:8080
> User-Agent: curl/8.5.0
> Accept: */*
> Content-Type: application/json
> Content-Length: 17
> 
} [17 bytes data]
* HTTP 1.0, assume close after body
< HTTP/1.0 200 OK
< Server: BaseHTTP/0.6 Python/3.12.3
< Date: Sat, 11 Jul 2026 19:47:23 GMT
< Content-Type: application/json
< Content-Length: 348
< Access-Control-Allow-Origin: *
< Access-Control-Allow-Methods: GET,POST,PUT,OPTIONS
< Access-Control-Allow-Headers: Content-Type
< 
{ [348 bytes data]
* Closing connection
{"success":false,"message":"Target service unavailable: /stop_exploration_and_save","error":{"code":"TASK_FAILED","details":{}},"timestamp":"2026-07-11T19:47:23Z","command":"stop_exploration","accepted":true,"completed":false,"task_finished":false,"state":"exploration_stop_failed","map_saved":false,"map_id":"living_room","map_name":"living_room"}