/base_driver_node
/ekf_filter_node
/robot_state_publisher
/transform_listener_impl_aaab14534db0
Type: nav_msgs/msg/Odometry

Publisher count: 1

Node name: ekf_filter_node
Node namespace: /
Topic type: nav_msgs/msg/Odometry
Topic type hash: RIHS01_3cc97dc7fb7502f8714462c526d369e35b603cfc34d946e3f2eda2766dfec6e0
Endpoint type: PUBLISHER
GID: 01.0f.81.bf.4b.51.07.0a.00.00.00.00.00.00.26.03
QoS profile:
  Reliability: RELIABLE
  History (Depth): UNKNOWN
  Durability: VOLATILE
  Lifespan: Infinite
  Deadline: Infinite
  Liveliness: AUTOMATIC
  Liveliness lease duration: Infinite

Subscription count: 0

Type: tf2_msgs/msg/TFMessage

Publisher count: 2

Node name: ekf_filter_node
Node namespace: /
Topic type: tf2_msgs/msg/TFMessage
Topic type hash: RIHS01_e369d0f05a23ae52508854b66f6aa0437f3449d652e8cbf22d5abe85d020f087
Endpoint type: PUBLISHER
GID: 01.0f.81.bf.4b.51.07.0a.00.00.00.00.00.00.1b.03
QoS profile:
  Reliability: RELIABLE
  History (Depth): UNKNOWN
  Durability: VOLATILE
  Lifespan: Infinite
  Deadline: Infinite
  Liveliness: AUTOMATIC
  Liveliness lease duration: Infinite

Node name: robot_state_publisher
Node namespace: /
Topic type: tf2_msgs/msg/TFMessage
Topic type hash: RIHS01_e369d0f05a23ae52508854b66f6aa0437f3449d652e8cbf22d5abe85d020f087
Endpoint type: PUBLISHER
GID: 01.0f.81.bf.4c.51.f8.07.00.00.00.00.00.00.14.03
QoS profile:
  Reliability: RELIABLE
  History (Depth): UNKNOWN
  Durability: VOLATILE
  Lifespan: Infinite
  Deadline: Infinite
  Liveliness: AUTOMATIC
  Liveliness lease duration: Infinite

Subscription count: 1

Node name: transform_listener_impl_aaab14534db0
Node namespace: /
Topic type: tf2_msgs/msg/TFMessage
Topic type hash: RIHS01_e369d0f05a23ae52508854b66f6aa0437f3449d652e8cbf22d5abe85d020f087
Endpoint type: SUBSCRIPTION
GID: 01.0f.81.bf.4b.51.07.0a.00.00.00.00.00.00.18.04
QoS profile:
  Reliability: RELIABLE
  History (Depth): UNKNOWN
  Durability: VOLATILE
  Lifespan: Infinite
  Deadline: Infinite
  Liveliness: AUTOMATIC
  Liveliness lease duration: Infinite

Boolean value is: False
WARNING: topic [/odom] does not appear to be published yet
average rate: 40.000
	min: 0.025s max: 0.025s std dev: 0.00007s window: 42
average rate: 39.518
	min: 0.024s max: 0.050s std dev: 0.00275s window: 82
average rate: 39.023
	min: 0.024s max: 0.050s std dev: 0.00391s window: 120
average rate: 39.025
	min: 0.024s max: 0.050s std dev: 0.00391s window: 160
average rate: 39.216
	min: 0.024s max: 0.050s std dev: 0.00350s window: 200
