Starting >>> sweepi_description
Starting >>> sweepi_slam
Starting >>> sllidar_ros2
Starting >>> sweepi_base_driver
[ 10%] Built target sllidar_client
[100%] Built target sllidar_node
-- Install configuration: ""
-- Execute custom install script
-- Up-to-date symlink: /home/sweepi/SweePi/install_diagnostic/sweepi_description/share/sweepi_description//urdf/camera.xacro
-- Up-to-date symlink: /home/sweepi/SweePi/install_diagnostic/sweepi_description/share/sweepi_description//urdf/cliff_sensors.xacro
-- Install configuration: ""
-- Up-to-date symlink: /home/sweepi/SweePi/install_diagnostic/sweepi_description/share/sweepi_description//urdf/front_tof.xacro
-- Execute custom install script
-- Up-to-date symlink: /home/sweepi/SweePi/install_diagnostic/sweepi_slam/share/sweepi_slam//config/mapper_params_online_async.yaml
-- Up-to-date symlink: /home/sweepi/SweePi/install_diagnostic/sweepi_slam/share/sweepi_slam//launch/slam_toolbox.launch.py
-- Up-to-date symlink: /home/sweepi/SweePi/install_diagnostic/sweepi_description/share/sweepi_description//urdf/imu.xacro
-- Up-to-date symlink: /home/sweepi/SweePi/install_diagnostic/sweepi_description/share/sweepi_description//urdf/lidar.xacro
-- Up-to-date symlink: /home/sweepi/SweePi/install_diagnostic/sweepi_description/share/sweepi_description//urdf/robot_base.xacro
-- Up-to-date symlink: /home/sweepi/SweePi/install_diagnostic/sweepi_description/share/sweepi_description//urdf/robot_base_gazebo.xacro
-- Up-to-date symlink: /home/sweepi/SweePi/install_diagnostic/sweepi_description/share/sweepi_description//urdf/sweepi.urdf.xacro
-- Up-to-date symlink: /home/sweepi/SweePi/install_diagnostic/sweepi_description/share/sweepi_description//launch/display.launch.py
-- Up-to-date symlink: /home/sweepi/SweePi/install_diagnostic/sweepi_description/share/sweepi_description//launch/display.launch.xml
-- Up-to-date symlink: /home/sweepi/SweePi/install_diagnostic/sweepi_slam/share/sweepi_slam//rviz/slam_config.rviz
-- Install configuration: ""
-- Up-to-date symlink: /home/sweepi/SweePi/install_diagnostic/sweepi_description/share/sweepi_description//rviz/urdf_config.rviz
-- Up-to-date symlink: /home/sweepi/SweePi/install_diagnostic/sweepi_slam/lib/sweepi_slam/save_map.sh
-- Up-to-date symlink: /home/sweepi/SweePi/install_diagnostic/sweepi_description/share/ament_index/resource_index/package_run_dependencies/sweepi_description
-- Up-to-date symlink: /home/sweepi/SweePi/install_diagnostic/sweepi_slam/lib/sweepi_slam/load_map.sh
-- Up-to-date symlink: /home/sweepi/SweePi/install_diagnostic/sweepi_description/share/ament_index/resource_index/parent_prefix_path/sweepi_description
-- Up-to-date symlink: /home/sweepi/SweePi/install_diagnostic/sweepi_slam/share/ament_index/resource_index/package_run_dependencies/sweepi_slam
-- Execute custom install script
-- Up-to-date symlink: /home/sweepi/SweePi/install_diagnostic/sweepi_description/share/sweepi_description/environment/ament_prefix_path.sh
-- Up-to-date symlink: /home/sweepi/SweePi/install_diagnostic/sweepi_slam/share/ament_index/resource_index/parent_prefix_path/sweepi_slam
-- Up-to-date symlink: /home/sweepi/SweePi/install_diagnostic/sweepi_description/share/sweepi_description/environment/ament_prefix_path.dsv
-- Up-to-date symlink: /home/sweepi/SweePi/install_diagnostic/sweepi_slam/share/sweepi_slam/environment/ament_prefix_path.sh
-- Up-to-date symlink: /home/sweepi/SweePi/install_diagnostic/sllidar_ros2/share/sllidar_ros2/launch/sllidar_a1_launch.py
-- Up-to-date symlink: /home/sweepi/SweePi/install_diagnostic/sweepi_description/share/sweepi_description/environment/path.sh
-- Up-to-date symlink: /home/sweepi/SweePi/install_diagnostic/sweepi_slam/share/sweepi_slam/environment/ament_prefix_path.dsv
-- Up-to-date symlink: /home/sweepi/SweePi/install_diagnostic/sweepi_description/share/sweepi_description/environment/path.dsv
-- Up-to-date symlink: /home/sweepi/SweePi/install_diagnostic/sllidar_ros2/share/sllidar_ros2/launch/sllidar_a2m12_launch .py
-- Up-to-date symlink: /home/sweepi/SweePi/install_diagnostic/sweepi_description/share/sweepi_description/local_setup.bash
-- Up-to-date symlink: /home/sweepi/SweePi/install_diagnostic/sllidar_ros2/share/sllidar_ros2/launch/sllidar_a2m7_launch.py
-- Up-to-date symlink: /home/sweepi/SweePi/install_diagnostic/sweepi_slam/share/sweepi_slam/environment/path.sh
-- Up-to-date symlink: /home/sweepi/SweePi/install_diagnostic/sllidar_ros2/share/sllidar_ros2/launch/sllidar_a2m8_launch.py
-- Up-to-date symlink: /home/sweepi/SweePi/install_diagnostic/sllidar_ros2/share/sllidar_ros2/launch/sllidar_a3_launch.py
-- Up-to-date symlink: /home/sweepi/SweePi/install_diagnostic/sllidar_ros2/share/sllidar_ros2/launch/sllidar_c1_launch.py
-- Up-to-date symlink: /home/sweepi/SweePi/install_diagnostic/sllidar_ros2/share/sllidar_ros2/launch/sllidar_s1_launch.py
-- Up-to-date symlink: /home/sweepi/SweePi/install_diagnostic/sllidar_ros2/share/sllidar_ros2/launch/sllidar_s1_tcp_launch.py
-- Up-to-date symlink: /home/sweepi/SweePi/install_diagnostic/sllidar_ros2/share/sllidar_ros2/launch/sllidar_s2_launch.py
-- Up-to-date symlink: /home/sweepi/SweePi/install_diagnostic/sllidar_ros2/share/sllidar_ros2/launch/sllidar_s2e_launch.py
-- Up-to-date symlink: /home/sweepi/SweePi/install_diagnostic/sllidar_ros2/share/sllidar_ros2/launch/sllidar_s3_launch.py
-- Up-to-date symlink: /home/sweepi/SweePi/install_diagnostic/sllidar_ros2/share/sllidar_ros2/launch/sllidar_t1_launch.py
-- Up-to-date symlink: /home/sweepi/SweePi/install_diagnostic/sllidar_ros2/share/sllidar_ros2/launch/view_sllidar_a1_launch.py
-- Up-to-date symlink: /home/sweepi/SweePi/install_diagnostic/sllidar_ros2/share/sllidar_ros2/launch/view_sllidar_a2m12_launch.py
-- Up-to-date symlink: /home/sweepi/SweePi/install_diagnostic/sllidar_ros2/share/sllidar_ros2/launch/view_sllidar_a2m7_launch.py
-- Up-to-date symlink: /home/sweepi/SweePi/install_diagnostic/sllidar_ros2/share/sllidar_ros2/launch/view_sllidar_a2m8_launch.py
-- Up-to-date symlink: /home/sweepi/SweePi/install_diagnostic/sllidar_ros2/share/sllidar_ros2/launch/view_sllidar_a3_launch.py
-- Up-to-date symlink: /home/sweepi/SweePi/install_diagnostic/sllidar_ros2/share/sllidar_ros2/launch/view_sllidar_c1_launch.py
-- Up-to-date symlink: /home/sweepi/SweePi/install_diagnostic/sllidar_ros2/share/sllidar_ros2/launch/view_sllidar_s1_launch.py
-- Up-to-date symlink: /home/sweepi/SweePi/install_diagnostic/sllidar_ros2/share/sllidar_ros2/launch/view_sllidar_s1_tcp_launch.py
-- Up-to-date symlink: /home/sweepi/SweePi/install_diagnostic/sllidar_ros2/share/sllidar_ros2/launch/view_sllidar_s2_launch.py
-- Up-to-date symlink: /home/sweepi/SweePi/install_diagnostic/sllidar_ros2/share/sllidar_ros2/launch/view_sllidar_s2e_launch.py
-- Up-to-date symlink: /home/sweepi/SweePi/install_diagnostic/sllidar_ros2/share/sllidar_ros2/launch/view_sllidar_s3_launch.py
-- Up-to-date symlink: /home/sweepi/SweePi/install_diagnostic/sllidar_ros2/share/sllidar_ros2/launch/view_sllidar_t1_launch.py
-- Up-to-date symlink: /home/sweepi/SweePi/install_diagnostic/sllidar_ros2/share/sllidar_ros2/rviz/sllidar_ros2.rviz
-- Up-to-date symlink: /home/sweepi/SweePi/install_diagnostic/sllidar_ros2/lib/sllidar_ros2/sllidar_node
-- Up-to-date symlink: /home/sweepi/SweePi/install_diagnostic/sllidar_ros2/lib/sllidar_ros2/sllidar_client
-- Up-to-date symlink: /home/sweepi/SweePi/install_diagnostic/sllidar_ros2/share/ament_index/resource_index/package_run_dependencies/sllidar_ros2
-- Up-to-date symlink: /home/sweepi/SweePi/install_diagnostic/sllidar_ros2/share/ament_index/resource_index/parent_prefix_path/sllidar_ros2
-- Up-to-date symlink: /home/sweepi/SweePi/install_diagnostic/sllidar_ros2/share/sllidar_ros2/environment/ament_prefix_path.sh
-- Up-to-date symlink: /home/sweepi/SweePi/install_diagnostic/sweepi_slam/share/sweepi_slam/environment/path.dsv
-- Up-to-date symlink: /home/sweepi/SweePi/install_diagnostic/sweepi_slam/share/sweepi_slam/local_setup.bash
-- Up-to-date symlink: /home/sweepi/SweePi/install_diagnostic/sweepi_slam/share/sweepi_slam/local_setup.sh
-- Up-to-date symlink: /home/sweepi/SweePi/install_diagnostic/sweepi_slam/share/sweepi_slam/local_setup.zsh
-- Up-to-date symlink: /home/sweepi/SweePi/install_diagnostic/sweepi_slam/share/sweepi_slam/local_setup.dsv
-- Symlinking: /home/sweepi/SweePi/install_diagnostic/sweepi_slam/share/sweepi_slam/package.dsv
-- Up-to-date symlink: /home/sweepi/SweePi/install_diagnostic/sweepi_description/share/sweepi_description/local_setup.sh
-- Up-to-date symlink: /home/sweepi/SweePi/install_diagnostic/sweepi_description/share/sweepi_description/local_setup.zsh
-- Up-to-date symlink: /home/sweepi/SweePi/install_diagnostic/sweepi_description/share/sweepi_description/local_setup.dsv
-- Symlinking: /home/sweepi/SweePi/install_diagnostic/sweepi_description/share/sweepi_description/package.dsv
-- Up-to-date symlink: /home/sweepi/SweePi/install_diagnostic/sllidar_ros2/share/sllidar_ros2/environment/ament_prefix_path.dsv
-- Up-to-date symlink: /home/sweepi/SweePi/install_diagnostic/sllidar_ros2/share/sllidar_ros2/environment/path.sh
-- Up-to-date symlink: /home/sweepi/SweePi/install_diagnostic/sllidar_ros2/share/sllidar_ros2/environment/path.dsv
-- Up-to-date symlink: /home/sweepi/SweePi/install_diagnostic/sllidar_ros2/share/sllidar_ros2/local_setup.bash
-- Up-to-date symlink: /home/sweepi/SweePi/install_diagnostic/sllidar_ros2/share/sllidar_ros2/local_setup.sh
-- Up-to-date symlink: /home/sweepi/SweePi/install_diagnostic/sllidar_ros2/share/sllidar_ros2/local_setup.zsh
-- Up-to-date symlink: /home/sweepi/SweePi/install_diagnostic/sllidar_ros2/share/sllidar_ros2/local_setup.dsv
-- Symlinking: /home/sweepi/SweePi/install_diagnostic/sllidar_ros2/share/sllidar_ros2/package.dsv
-- Up-to-date symlink: /home/sweepi/SweePi/install_diagnostic/sweepi_slam/share/ament_index/resource_index/packages/sweepi_slam
-- Up-to-date symlink: /home/sweepi/SweePi/install_diagnostic/sweepi_slam/share/sweepi_slam/cmake/sweepi_slamConfig.cmake
-- Up-to-date symlink: /home/sweepi/SweePi/install_diagnostic/sweepi_slam/share/sweepi_slam/cmake/sweepi_slamConfig-version.cmake
-- Up-to-date symlink: /home/sweepi/SweePi/install_diagnostic/sweepi_slam/share/sweepi_slam/package.xml
-- Up-to-date symlink: /home/sweepi/SweePi/install_diagnostic/sweepi_description/share/ament_index/resource_index/packages/sweepi_description
-- Up-to-date symlink: /home/sweepi/SweePi/install_diagnostic/sweepi_description/share/sweepi_description/cmake/sweepi_descriptionConfig.cmake
-- Up-to-date symlink: /home/sweepi/SweePi/install_diagnostic/sweepi_description/share/sweepi_description/cmake/sweepi_descriptionConfig-version.cmake
Finished <<< sweepi_slam [0.59s]
Starting >>> sweepi_robot_manager_interfaces
-- Up-to-date symlink: /home/sweepi/SweePi/install_diagnostic/sllidar_ros2/share/ament_index/resource_index/packages/sllidar_ros2
-- Up-to-date symlink: /home/sweepi/SweePi/install_diagnostic/sllidar_ros2/share/sllidar_ros2/cmake/ament_cmake_export_dependencies-extras.cmake
-- Up-to-date symlink: /home/sweepi/SweePi/install_diagnostic/sllidar_ros2/share/sllidar_ros2/cmake/ament_cmake_export_include_directories-extras.cmake
-- Up-to-date symlink: /home/sweepi/SweePi/install_diagnostic/sllidar_ros2/share/sllidar_ros2/cmake/sllidar_ros2Config.cmake
-- Up-to-date symlink: /home/sweepi/SweePi/install_diagnostic/sllidar_ros2/share/sllidar_ros2/cmake/sllidar_ros2Config-version.cmake
-- Up-to-date symlink: /home/sweepi/SweePi/install_diagnostic/sllidar_ros2/share/sllidar_ros2/package.xml
-- Up-to-date symlink: /home/sweepi/SweePi/install_diagnostic/sweepi_description/share/sweepi_description/package.xml
Finished <<< sllidar_ros2 [0.62s]
Finished <<< sweepi_description [0.66s]
Starting >>> sweepi_state_estimation
Starting >>> sweepi_temp_rpi_hardware
[  2%] Built target sweepi_robot_manager_interfaces__rosidl_generator_type_description
[  2%] Built target ament_cmake_python_symlink_sweepi_robot_manager_interfaces
[  5%] Built target sweepi_robot_manager_interfaces__rs
[  8%] Built target sweepi_robot_manager_interfaces__cpp
[ 22%] Built target sweepi_robot_manager_interfaces__rosidl_generator_c
[ 31%] Built target sweepi_robot_manager_interfaces__rosidl_typesupport_introspection_cpp
[ 40%] Built target sweepi_robot_manager_interfaces__rosidl_typesupport_fastrtps_c
[ 48%] Built target sweepi_robot_manager_interfaces__rosidl_typesupport_cpp
[ 57%] Built target sweepi_robot_manager_interfaces__rosidl_typesupport_introspection_c
[ 65%] Built target sweepi_robot_manager_interfaces__rosidl_typesupport_c
[ 74%] Built target sweepi_robot_manager_interfaces__rosidl_typesupport_fastrtps_cpp
[ 74%] Built target sweepi_robot_manager_interfaces
[ 77%] Built target sweepi_robot_manager_interfaces__py
-- Install configuration: ""
-- Execute custom install script
-- Up-to-date symlink: /home/sweepi/SweePi/install_diagnostic/sweepi_state_estimation/share/sweepi_state_estimation//config/ekf.yaml
-- Up-to-date symlink: /home/sweepi/SweePi/install_diagnostic/sweepi_state_estimation/share/sweepi_state_estimation//launch/ekf.launch.py
-- Up-to-date symlink: /home/sweepi/SweePi/install_diagnostic/sweepi_state_estimation/share/ament_index/resource_index/package_run_dependencies/sweepi_state_estimation
-- Up-to-date symlink: /home/sweepi/SweePi/install_diagnostic/sweepi_state_estimation/share/ament_index/resource_index/parent_prefix_path/sweepi_state_estimation
-- Up-to-date symlink: /home/sweepi/SweePi/install_diagnostic/sweepi_state_estimation/share/sweepi_state_estimation/environment/ament_prefix_path.sh
-- Up-to-date symlink: /home/sweepi/SweePi/install_diagnostic/sweepi_state_estimation/share/sweepi_state_estimation/environment/ament_prefix_path.dsv
-- Up-to-date symlink: /home/sweepi/SweePi/install_diagnostic/sweepi_state_estimation/share/sweepi_state_estimation/environment/path.sh
-- Up-to-date symlink: /home/sweepi/SweePi/install_diagnostic/sweepi_state_estimation/share/sweepi_state_estimation/environment/path.dsv
-- Up-to-date symlink: /home/sweepi/SweePi/install_diagnostic/sweepi_state_estimation/share/sweepi_state_estimation/local_setup.bash
-- Up-to-date symlink: /home/sweepi/SweePi/install_diagnostic/sweepi_state_estimation/share/sweepi_state_estimation/local_setup.sh
-- Up-to-date symlink: /home/sweepi/SweePi/install_diagnostic/sweepi_state_estimation/share/sweepi_state_estimation/local_setup.zsh
-- Up-to-date symlink: /home/sweepi/SweePi/install_diagnostic/sweepi_state_estimation/share/sweepi_state_estimation/local_setup.dsv
-- Symlinking: /home/sweepi/SweePi/install_diagnostic/sweepi_state_estimation/share/sweepi_state_estimation/package.dsv
[ 82%] Built target sweepi_robot_manager_interfaces__rosidl_generator_py
-- Up-to-date symlink: /home/sweepi/SweePi/install_diagnostic/sweepi_state_estimation/share/ament_index/resource_index/packages/sweepi_state_estimation
-- Up-to-date symlink: /home/sweepi/SweePi/install_diagnostic/sweepi_state_estimation/share/sweepi_state_estimation/cmake/sweepi_state_estimationConfig.cmake
-- Up-to-date symlink: /home/sweepi/SweePi/install_diagnostic/sweepi_state_estimation/share/sweepi_state_estimation/cmake/sweepi_state_estimationConfig-version.cmake
-- Up-to-date symlink: /home/sweepi/SweePi/install_diagnostic/sweepi_state_estimation/share/sweepi_state_estimation/package.xml
Finished <<< sweepi_state_estimation [0.80s]
Starting >>> sweepi_coverage
[ 88%] Built target sweepi_robot_manager_interfaces_s__rosidl_typesupport_introspection_c
[ 94%] Built target sweepi_robot_manager_interfaces_s__rosidl_typesupport_c
[100%] Built target sweepi_robot_manager_interfaces_s__rosidl_typesupport_fastrtps_c
running egg_info
writing sweepi_robot_manager_interfaces.egg-info/PKG-INFO
writing dependency_links to sweepi_robot_manager_interfaces.egg-info/dependency_links.txt
writing top-level names to sweepi_robot_manager_interfaces.egg-info/top_level.txt
Built target ament_cmake_python_symlink_sweepi_coverage
reading manifest file 'sweepi_robot_manager_interfaces.egg-info/SOURCES.txt'
writing manifest file 'sweepi_robot_manager_interfaces.egg-info/SOURCES.txt'
[100%] Built target ament_cmake_python_build_sweepi_robot_manager_interfaces_egg
-- Install configuration: ""
-- Execute custom install script
-- Up-to-date symlink: /home/sweepi/SweePi/install_diagnostic/sweepi_robot_manager_interfaces/share/ament_index/resource_index/rosidl_interfaces/sweepi_robot_manager_interfaces
-- Up-to-date symlink: /home/sweepi/SweePi/install_diagnostic/sweepi_robot_manager_interfaces/share/sweepi_robot_manager_interfaces/srv/StartTask.json
-- Up-to-date symlink: /home/sweepi/SweePi/install_diagnostic/sweepi_robot_manager_interfaces/include/sweepi_robot_manager_interfaces/sweepi_robot_manager_interfaces/msg/rosidl_generator_c__visibility_control.h
-- Up-to-date symlink: /home/sweepi/SweePi/install_diagnostic/sweepi_robot_manager_interfaces/include/sweepi_robot_manager_interfaces/sweepi_robot_manager_interfaces/srv/detail/start_task__functions.h
-- Up-to-date symlink: /home/sweepi/SweePi/install_diagnostic/sweepi_robot_manager_interfaces/include/sweepi_robot_manager_interfaces/sweepi_robot_manager_interfaces/srv/detail/start_task__struct.h
-- Up-to-date symlink: /home/sweepi/SweePi/install_diagnostic/sweepi_robot_manager_interfaces/include/sweepi_robot_manager_interfaces/sweepi_robot_manager_interfaces/srv/detail/start_task__type_support.h
-- Up-to-date symlink: /home/sweepi/SweePi/install_diagnostic/sweepi_robot_manager_interfaces/include/sweepi_robot_manager_interfaces/sweepi_robot_manager_interfaces/srv/start_task.h
-- Up-to-date symlink: /home/sweepi/SweePi/install_diagnostic/sweepi_robot_manager_interfaces/share/sweepi_robot_manager_interfaces/environment/library_path.sh
-- Up-to-date symlink: /home/sweepi/SweePi/install_diagnostic/sweepi_robot_manager_interfaces/share/sweepi_robot_manager_interfaces/environment/library_path.dsv
-- Up-to-date symlink: /home/sweepi/SweePi/install_diagnostic/sweepi_robot_manager_interfaces/include/sweepi_robot_manager_interfaces/sweepi_robot_manager_interfaces/msg/rosidl_typesupport_fastrtps_c__visibility_control.h
-- Up-to-date symlink: /home/sweepi/SweePi/install_diagnostic/sweepi_robot_manager_interfaces/include/sweepi_robot_manager_interfaces/sweepi_robot_manager_interfaces/srv/detail/start_task__rosidl_typesupport_fastrtps_c.h
-- Up-to-date symlink: /home/sweepi/SweePi/install_diagnostic/sweepi_robot_manager_interfaces/include/sweepi_robot_manager_interfaces/sweepi_robot_manager_interfaces/msg/rosidl_typesupport_introspection_c__visibility_control.h
-- Up-to-date symlink: /home/sweepi/SweePi/install_diagnostic/sweepi_robot_manager_interfaces/include/sweepi_robot_manager_interfaces/sweepi_robot_manager_interfaces/srv/detail/start_task__rosidl_typesupport_introspection_c.h
-- Up-to-date symlink: /home/sweepi/SweePi/install_diagnostic/sweepi_robot_manager_interfaces/include/sweepi_robot_manager_interfaces/sweepi_robot_manager_interfaces/msg/rosidl_generator_cpp__visibility_control.hpp
-- Up-to-date symlink: /home/sweepi/SweePi/install_diagnostic/sweepi_robot_manager_interfaces/include/sweepi_robot_manager_interfaces/sweepi_robot_manager_interfaces/srv/detail/start_task__builder.hpp
-- Up-to-date symlink: /home/sweepi/SweePi/install_diagnostic/sweepi_robot_manager_interfaces/include/sweepi_robot_manager_interfaces/sweepi_robot_manager_interfaces/srv/detail/start_task__struct.hpp
-- Up-to-date symlink: /home/sweepi/SweePi/install_diagnostic/sweepi_robot_manager_interfaces/include/sweepi_robot_manager_interfaces/sweepi_robot_manager_interfaces/srv/detail/start_task__traits.hpp
-- Up-to-date symlink: /home/sweepi/SweePi/install_diagnostic/sweepi_robot_manager_interfaces/include/sweepi_robot_manager_interfaces/sweepi_robot_manager_interfaces/srv/detail/start_task__type_support.hpp
-- Up-to-date symlink: /home/sweepi/SweePi/install_diagnostic/sweepi_robot_manager_interfaces/include/sweepi_robot_manager_interfaces/sweepi_robot_manager_interfaces/srv/start_task.hpp
-- Up-to-date symlink: /home/sweepi/SweePi/install_diagnostic/sweepi_robot_manager_interfaces/include/sweepi_robot_manager_interfaces/sweepi_robot_manager_interfaces/msg/rosidl_typesupport_fastrtps_cpp__visibility_control.h
-- Up-to-date symlink: /home/sweepi/SweePi/install_diagnostic/sweepi_robot_manager_interfaces/include/sweepi_robot_manager_interfaces/sweepi_robot_manager_interfaces/srv/detail/start_task__rosidl_typesupport_fastrtps_cpp.hpp
-- Up-to-date symlink: /home/sweepi/SweePi/install_diagnostic/sweepi_robot_manager_interfaces/include/sweepi_robot_manager_interfaces/sweepi_robot_manager_interfaces/srv/detail/start_task__rosidl_typesupport_introspection_cpp.hpp
-- Up-to-date symlink: /home/sweepi/SweePi/install_diagnostic/sweepi_robot_manager_interfaces/share/sweepi_robot_manager_interfaces/environment/pythonpath.sh
-- Up-to-date symlink: /home/sweepi/SweePi/install_diagnostic/sweepi_robot_manager_interfaces/share/sweepi_robot_manager_interfaces/environment/pythonpath.dsv
-- Up-to-date symlink: /home/sweepi/SweePi/install_diagnostic/sweepi_robot_manager_interfaces/lib/python3.12/site-packages/sweepi_robot_manager_interfaces-0.1.0-py3.12.egg-info/PKG-INFO
-- Up-to-date symlink: /home/sweepi/SweePi/install_diagnostic/sweepi_robot_manager_interfaces/lib/python3.12/site-packages/sweepi_robot_manager_interfaces-0.1.0-py3.12.egg-info/SOURCES.txt
-- Up-to-date symlink: /home/sweepi/SweePi/install_diagnostic/sweepi_robot_manager_interfaces/lib/python3.12/site-packages/sweepi_robot_manager_interfaces-0.1.0-py3.12.egg-info/dependency_links.txt
-- Up-to-date symlink: /home/sweepi/SweePi/install_diagnostic/sweepi_robot_manager_interfaces/lib/python3.12/site-packages/sweepi_robot_manager_interfaces-0.1.0-py3.12.egg-info/top_level.txt
-- Up-to-date symlink: /home/sweepi/SweePi/install_diagnostic/sweepi_robot_manager_interfaces/lib/python3.12/site-packages/sweepi_robot_manager_interfaces/__init__.py
-- Up-to-date symlink: /home/sweepi/SweePi/install_diagnostic/sweepi_robot_manager_interfaces/lib/python3.12/site-packages/sweepi_robot_manager_interfaces/_sweepi_robot_manager_interfaces_s.ep.rosidl_typesupport_c.c
-- Up-to-date symlink: /home/sweepi/SweePi/install_diagnostic/sweepi_robot_manager_interfaces/lib/python3.12/site-packages/sweepi_robot_manager_interfaces/_sweepi_robot_manager_interfaces_s.ep.rosidl_typesupport_fastrtps_c.c
-- Up-to-date symlink: /home/sweepi/SweePi/install_diagnostic/sweepi_robot_manager_interfaces/lib/python3.12/site-packages/sweepi_robot_manager_interfaces/_sweepi_robot_manager_interfaces_s.ep.rosidl_typesupport_introspection_c.c
-- Up-to-date symlink: /home/sweepi/SweePi/install_diagnostic/sweepi_robot_manager_interfaces/lib/python3.12/site-packages/sweepi_robot_manager_interfaces/srv/__init__.py
-- Up-to-date symlink: /home/sweepi/SweePi/install_diagnostic/sweepi_robot_manager_interfaces/lib/python3.12/site-packages/sweepi_robot_manager_interfaces/srv/_start_task.py
-- Up-to-date symlink: /home/sweepi/SweePi/install_diagnostic/sweepi_robot_manager_interfaces/lib/python3.12/site-packages/sweepi_robot_manager_interfaces/srv/_start_task_s.c
-- Up-to-date symlink: /home/sweepi/SweePi/install_diagnostic/sweepi_robot_manager_interfaces/lib/python3.12/site-packages/sweepi_robot_manager_interfaces/sweepi_robot_manager_interfaces_s__rosidl_typesupport_c.so
-- Up-to-date symlink: /home/sweepi/SweePi/install_diagnostic/sweepi_robot_manager_interfaces/lib/python3.12/site-packages/sweepi_robot_manager_interfaces/sweepi_robot_manager_interfaces_s__rosidl_typesupport_fastrtps_c.so
-- Up-to-date symlink: /home/sweepi/SweePi/install_diagnostic/sweepi_robot_manager_interfaces/lib/python3.12/site-packages/sweepi_robot_manager_interfaces/sweepi_robot_manager_interfaces_s__rosidl_typesupport_introspection_c.so
-- Up-to-date symlink: /home/sweepi/SweePi/install_diagnostic/sweepi_robot_manager_interfaces/lib/python3.12/site-packages/sweepi_robot_manager_interfaces/sweepi_robot_manager_interfaces_s__rosidl_typesupport_fastrtps_c.so
-- Up-to-date symlink: /home/sweepi/SweePi/install_diagnostic/sweepi_robot_manager_interfaces/lib/python3.12/site-packages/sweepi_robot_manager_interfaces/sweepi_robot_manager_interfaces_s__rosidl_typesupport_introspection_c.so
-- Up-to-date symlink: /home/sweepi/SweePi/install_diagnostic/sweepi_robot_manager_interfaces/lib/python3.12/site-packages/sweepi_robot_manager_interfaces/sweepi_robot_manager_interfaces_s__rosidl_typesupport_c.so
-- Up-to-date symlink: /home/sweepi/SweePi/install_diagnostic/sweepi_robot_manager_interfaces/share/ament_index/resource_index/rust_packages/sweepi_robot_manager_interfaces
-- Up-to-date symlink: /home/sweepi/SweePi/install_diagnostic/sweepi_robot_manager_interfaces/share/sweepi_robot_manager_interfaces/rust/Cargo.toml
-- Up-to-date symlink: /home/sweepi/SweePi/install_diagnostic/sweepi_robot_manager_interfaces/share/sweepi_robot_manager_interfaces/rust/build.rs
-- Up-to-date symlink: /home/sweepi/SweePi/install_diagnostic/sweepi_robot_manager_interfaces/share/sweepi_robot_manager_interfaces/rust/src/lib.rs
-- Up-to-date symlink: /home/sweepi/SweePi/install_diagnostic/sweepi_robot_manager_interfaces/share/sweepi_robot_manager_interfaces/rust/src/srv.rs
-- Up-to-date symlink: /home/sweepi/SweePi/install_diagnostic/sweepi_robot_manager_interfaces/share/sweepi_robot_manager_interfaces/rust/src/srv/rmw.rs
-- Up-to-date symlink: /home/sweepi/SweePi/install_diagnostic/sweepi_robot_manager_interfaces/share/sweepi_robot_manager_interfaces/srv/StartTask.idl
-- Up-to-date symlink: /home/sweepi/SweePi/install_diagnostic/sweepi_robot_manager_interfaces/share/sweepi_robot_manager_interfaces/srv/StartTask.srv
-- Up-to-date symlink: /home/sweepi/SweePi/install_diagnostic/sweepi_robot_manager_interfaces/share/ament_index/resource_index/package_run_dependencies/sweepi_robot_manager_interfaces
-- Up-to-date symlink: /home/sweepi/SweePi/install_diagnostic/sweepi_robot_manager_interfaces/share/ament_index/resource_index/parent_prefix_path/sweepi_robot_manager_interfaces
-- Up-to-date symlink: /home/sweepi/SweePi/install_diagnostic/sweepi_robot_manager_interfaces/share/sweepi_robot_manager_interfaces/environment/ament_prefix_path.sh
-- Up-to-date symlink: /home/sweepi/SweePi/install_diagnostic/sweepi_robot_manager_interfaces/share/sweepi_robot_manager_interfaces/environment/ament_prefix_path.dsv
-- Up-to-date symlink: /home/sweepi/SweePi/install_diagnostic/sweepi_robot_manager_interfaces/share/sweepi_robot_manager_interfaces/environment/path.sh
-- Up-to-date symlink: /home/sweepi/SweePi/install_diagnostic/sweepi_robot_manager_interfaces/share/sweepi_robot_manager_interfaces/environment/path.dsv
-- Up-to-date symlink: /home/sweepi/SweePi/install_diagnostic/sweepi_robot_manager_interfaces/share/sweepi_robot_manager_interfaces/local_setup.bash
-- Up-to-date symlink: /home/sweepi/SweePi/install_diagnostic/sweepi_robot_manager_interfaces/share/sweepi_robot_manager_interfaces/local_setup.sh
-- Up-to-date symlink: /home/sweepi/SweePi/install_diagnostic/sweepi_robot_manager_interfaces/share/sweepi_robot_manager_interfaces/local_setup.zsh
-- Up-to-date symlink: /home/sweepi/SweePi/install_diagnostic/sweepi_robot_manager_interfaces/share/sweepi_robot_manager_interfaces/local_setup.dsv
-- Symlinking: /home/sweepi/SweePi/install_diagnostic/sweepi_robot_manager_interfaces/share/sweepi_robot_manager_interfaces/package.dsv
-- Up-to-date symlink: /home/sweepi/SweePi/install_diagnostic/sweepi_robot_manager_interfaces/share/ament_index/resource_index/packages/sweepi_robot_manager_interfaces
-- Up-to-date symlink: /home/sweepi/SweePi/install_diagnostic/sweepi_robot_manager_interfaces/share/sweepi_robot_manager_interfaces/cmake/rosidl_cmake-extras.cmake
-- Up-to-date symlink: /home/sweepi/SweePi/install_diagnostic/sweepi_robot_manager_interfaces/share/sweepi_robot_manager_interfaces/cmake/ament_cmake_export_dependencies-extras.cmake
-- Up-to-date symlink: /home/sweepi/SweePi/install_diagnostic/sweepi_robot_manager_interfaces/share/sweepi_robot_manager_interfaces/cmake/ament_cmake_export_include_directories-extras.cmake
-- Up-to-date symlink: /home/sweepi/SweePi/install_diagnostic/sweepi_robot_manager_interfaces/share/sweepi_robot_manager_interfaces/cmake/ament_cmake_export_libraries-extras.cmake
-- Up-to-date symlink: /home/sweepi/SweePi/install_diagnostic/sweepi_robot_manager_interfaces/share/sweepi_robot_manager_interfaces/cmake/ament_cmake_export_targets-extras.cmake
-- Up-to-date symlink: /home/sweepi/SweePi/install_diagnostic/sweepi_robot_manager_interfaces/share/sweepi_robot_manager_interfaces/cmake/rosidl_cmake_export_typesupport_targets-extras.cmake
-- Up-to-date symlink: /home/sweepi/SweePi/install_diagnostic/sweepi_robot_manager_interfaces/share/sweepi_robot_manager_interfaces/cmake/rosidl_cmake_export_typesupport_libraries-extras.cmake
-- Up-to-date symlink: /home/sweepi/SweePi/install_diagnostic/sweepi_robot_manager_interfaces/share/sweepi_robot_manager_interfaces/cmake/rosidl_cmake_aggregate_target-extras.cmake
-- Up-to-date symlink: /home/sweepi/SweePi/install_diagnostic/sweepi_robot_manager_interfaces/share/sweepi_robot_manager_interfaces/cmake/sweepi_robot_manager_interfacesConfig.cmake
-- Up-to-date symlink: /home/sweepi/SweePi/install_diagnostic/sweepi_robot_manager_interfaces/share/sweepi_robot_manager_interfaces/cmake/sweepi_robot_manager_interfacesConfig-version.cmake
-- Up-to-date symlink: /home/sweepi/SweePi/install_diagnostic/sweepi_robot_manager_interfaces/share/sweepi_robot_manager_interfaces/package.xml
-- Up-to-date: /home/sweepi/SweePi/install_diagnostic/sweepi_robot_manager_interfaces/lib/libsweepi_robot_manager_interfaces__rosidl_generator_c.so
-- Up-to-date: /home/sweepi/SweePi/install_diagnostic/sweepi_robot_manager_interfaces/lib/libsweepi_robot_manager_interfaces__rosidl_typesupport_fastrtps_c.so
-- Up-to-date: /home/sweepi/SweePi/install_diagnostic/sweepi_robot_manager_interfaces/lib/libsweepi_robot_manager_interfaces__rosidl_typesupport_introspection_c.so
-- Up-to-date: /home/sweepi/SweePi/install_diagnostic/sweepi_robot_manager_interfaces/lib/libsweepi_robot_manager_interfaces__rosidl_typesupport_c.so
-- Up-to-date: /home/sweepi/SweePi/install_diagnostic/sweepi_robot_manager_interfaces/lib/libsweepi_robot_manager_interfaces__rosidl_typesupport_fastrtps_cpp.so
-- Up-to-date: /home/sweepi/SweePi/install_diagnostic/sweepi_robot_manager_interfaces/lib/libsweepi_robot_manager_interfaces__rosidl_typesupport_introspection_cpp.so
-- Up-to-date: /home/sweepi/SweePi/install_diagnostic/sweepi_robot_manager_interfaces/lib/libsweepi_robot_manager_interfaces__rosidl_typesupport_cpp.so
running egg_info
writing sweepi_coverage.egg-info/PKG-INFO
writing dependency_links to sweepi_coverage.egg-info/dependency_links.txt
writing top-level names to sweepi_coverage.egg-info/top_level.txt
Listing '/home/sweepi/SweePi/install_diagnostic/sweepi_robot_manager_interfaces/lib/python3.12/site-packages/sweepi_robot_manager_interfaces'...
Listing '/home/sweepi/SweePi/install_diagnostic/sweepi_robot_manager_interfaces/lib/python3.12/site-packages/sweepi_robot_manager_interfaces/srv'...
-- Up-to-date: /home/sweepi/SweePi/install_diagnostic/sweepi_robot_manager_interfaces/lib/libsweepi_robot_manager_interfaces__rosidl_generator_py.so
-- Up-to-date: /home/sweepi/SweePi/install_diagnostic/sweepi_robot_manager_interfaces/share/sweepi_robot_manager_interfaces/cmake/export_sweepi_robot_manager_interfaces__rosidl_generator_cExport.cmake
-- Up-to-date: /home/sweepi/SweePi/install_diagnostic/sweepi_robot_manager_interfaces/share/sweepi_robot_manager_interfaces/cmake/export_sweepi_robot_manager_interfaces__rosidl_generator_cExport-noconfig.cmake
-- Up-to-date: /home/sweepi/SweePi/install_diagnostic/sweepi_robot_manager_interfaces/share/sweepi_robot_manager_interfaces/cmake/export_sweepi_robot_manager_interfaces__rosidl_typesupport_fastrtps_cExport.cmake
-- Up-to-date: /home/sweepi/SweePi/install_diagnostic/sweepi_robot_manager_interfaces/share/sweepi_robot_manager_interfaces/cmake/export_sweepi_robot_manager_interfaces__rosidl_typesupport_fastrtps_cExport-noconfig.cmake
-- Up-to-date: /home/sweepi/SweePi/install_diagnostic/sweepi_robot_manager_interfaces/share/sweepi_robot_manager_interfaces/cmake/sweepi_robot_manager_interfaces__rosidl_typesupport_introspection_cExport.cmake
-- Up-to-date: /home/sweepi/SweePi/install_diagnostic/sweepi_robot_manager_interfaces/share/sweepi_robot_manager_interfaces/cmake/sweepi_robot_manager_interfaces__rosidl_typesupport_introspection_cExport-noconfig.cmake
-- Up-to-date: /home/sweepi/SweePi/install_diagnostic/sweepi_robot_manager_interfaces/share/sweepi_robot_manager_interfaces/cmake/sweepi_robot_manager_interfaces__rosidl_typesupport_cExport.cmake
-- Up-to-date: /home/sweepi/SweePi/install_diagnostic/sweepi_robot_manager_interfaces/share/sweepi_robot_manager_interfaces/cmake/sweepi_robot_manager_interfaces__rosidl_typesupport_cExport-noconfig.cmake
-- Up-to-date: /home/sweepi/SweePi/install_diagnostic/sweepi_robot_manager_interfaces/share/sweepi_robot_manager_interfaces/cmake/export_sweepi_robot_manager_interfaces__rosidl_generator_cppExport.cmake
-- Up-to-date: /home/sweepi/SweePi/install_diagnostic/sweepi_robot_manager_interfaces/share/sweepi_robot_manager_interfaces/cmake/export_sweepi_robot_manager_interfaces__rosidl_typesupport_fastrtps_cppExport.cmake
-- Up-to-date: /home/sweepi/SweePi/install_diagnostic/sweepi_robot_manager_interfaces/share/sweepi_robot_manager_interfaces/cmake/export_sweepi_robot_manager_interfaces__rosidl_typesupport_fastrtps_cppExport-noconfig.cmake
-- Up-to-date: /home/sweepi/SweePi/install_diagnostic/sweepi_robot_manager_interfaces/share/sweepi_robot_manager_interfaces/cmake/sweepi_robot_manager_interfaces__rosidl_typesupport_introspection_cppExport.cmake
-- Up-to-date: /home/sweepi/SweePi/install_diagnostic/sweepi_robot_manager_interfaces/share/sweepi_robot_manager_interfaces/cmake/sweepi_robot_manager_interfaces__rosidl_typesupport_introspection_cppExport-noconfig.cmake
-- Up-to-date: /home/sweepi/SweePi/install_diagnostic/sweepi_robot_manager_interfaces/share/sweepi_robot_manager_interfaces/cmake/sweepi_robot_manager_interfaces__rosidl_typesupport_cppExport.cmake
-- Up-to-date: /home/sweepi/SweePi/install_diagnostic/sweepi_robot_manager_interfaces/share/sweepi_robot_manager_interfaces/cmake/sweepi_robot_manager_interfaces__rosidl_typesupport_cppExport-noconfig.cmake
-- Up-to-date: /home/sweepi/SweePi/install_diagnostic/sweepi_robot_manager_interfaces/share/sweepi_robot_manager_interfaces/cmake/export_sweepi_robot_manager_interfaces__rosidl_generator_pyExport.cmake
-- Up-to-date: /home/sweepi/SweePi/install_diagnostic/sweepi_robot_manager_interfaces/share/sweepi_robot_manager_interfaces/cmake/export_sweepi_robot_manager_interfaces__rosidl_generator_pyExport-noconfig.cmake
Finished <<< sweepi_robot_manager_interfaces [1.73s]
Starting >>> sweepi_api_bridge
reading manifest file 'sweepi_coverage.egg-info/SOURCES.txt'
writing manifest file 'sweepi_coverage.egg-info/SOURCES.txt'
Built target ament_cmake_python_build_sweepi_coverage_egg
-- Install configuration: ""
-- Execute custom install script
-- Up-to-date symlink: /home/sweepi/SweePi/install_diagnostic/sweepi_coverage/share/sweepi_coverage/environment/pythonpath.sh
-- Up-to-date symlink: /home/sweepi/SweePi/install_diagnostic/sweepi_coverage/share/sweepi_coverage/environment/pythonpath.dsv
-- Up-to-date symlink: /home/sweepi/SweePi/install_diagnostic/sweepi_coverage/lib/python3.12/site-packages/sweepi_coverage-0.1.0-py3.12.egg-info/PKG-INFO
-- Up-to-date symlink: /home/sweepi/SweePi/install_diagnostic/sweepi_coverage/lib/python3.12/site-packages/sweepi_coverage-0.1.0-py3.12.egg-info/SOURCES.txt
-- Up-to-date symlink: /home/sweepi/SweePi/install_diagnostic/sweepi_coverage/lib/python3.12/site-packages/sweepi_coverage-0.1.0-py3.12.egg-info/dependency_links.txt
-- Up-to-date symlink: /home/sweepi/SweePi/install_diagnostic/sweepi_coverage/lib/python3.12/site-packages/sweepi_coverage-0.1.0-py3.12.egg-info/top_level.txt
-- Up-to-date symlink: /home/sweepi/SweePi/install_diagnostic/sweepi_coverage/lib/python3.12/site-packages/sweepi_coverage/__init__.py
-- Up-to-date symlink: /home/sweepi/SweePi/install_diagnostic/sweepi_coverage/lib/python3.12/site-packages/sweepi_coverage/coverage_arm_follow_path_executor_node.py
-- Up-to-date symlink: /home/sweepi/SweePi/install_diagnostic/sweepi_coverage/lib/python3.12/site-packages/sweepi_coverage/coverage_executor_node.py
-- Up-to-date symlink: /home/sweepi/SweePi/install_diagnostic/sweepi_coverage/lib/python3.12/site-packages/sweepi_coverage/coverage_follow_path_executor_node.py
-- Up-to-date symlink: /home/sweepi/SweePi/install_diagnostic/sweepi_coverage/lib/python3.12/site-packages/sweepi_coverage/coverage_manager_node.py
-- Up-to-date symlink: /home/sweepi/SweePi/install_diagnostic/sweepi_coverage/lib/python3.12/site-packages/sweepi_coverage/coverage_planner_node.py
-- Up-to-date symlink: /home/sweepi/SweePi/install_diagnostic/sweepi_coverage/lib/python3.12/site-packages/sweepi_coverage/coverage_tracker_node.py
-- Up-to-date symlink: /home/sweepi/SweePi/install_diagnostic/sweepi_coverage/lib/python3.12/site-packages/sweepi_coverage/coverage_utils.py
-- Up-to-date symlink: /home/sweepi/SweePi/install_diagnostic/sweepi_coverage/share/sweepi_coverage/launch/coverage_follow_path.launch.py
-- Up-to-date symlink: /home/sweepi/SweePi/install_diagnostic/sweepi_coverage/share/sweepi_coverage/launch/coverage_system.launch.py
-- Up-to-date symlink: /home/sweepi/SweePi/install_diagnostic/sweepi_coverage/share/sweepi_coverage/launch/nav2_bringup.launch.py
-- Up-to-date symlink: /home/sweepi/SweePi/install_diagnostic/sweepi_coverage/share/sweepi_coverage/config/coverage_follow_path_params.yaml
-- Up-to-date symlink: /home/sweepi/SweePi/install_diagnostic/sweepi_coverage/share/sweepi_coverage/config/coverage_params.yaml
-- Up-to-date symlink: /home/sweepi/SweePi/install_diagnostic/sweepi_coverage/share/sweepi_coverage/config/nav2_coverage_params.yaml
-- Up-to-date symlink: /home/sweepi/SweePi/install_diagnostic/sweepi_coverage/lib/sweepi_coverage/coverage_tracker_node.py
-- Up-to-date symlink: /home/sweepi/SweePi/install_diagnostic/sweepi_coverage/lib/sweepi_coverage/coverage_planner_node.py
-- Up-to-date symlink: /home/sweepi/SweePi/install_diagnostic/sweepi_coverage/lib/sweepi_coverage/coverage_executor_node.py
-- Up-to-date symlink: /home/sweepi/SweePi/install_diagnostic/sweepi_coverage/lib/sweepi_coverage/coverage_follow_path_executor_node.py
-- Up-to-date symlink: /home/sweepi/SweePi/install_diagnostic/sweepi_coverage/lib/sweepi_coverage/coverage_arm_follow_path_executor_node.py
-- Up-to-date symlink: /home/sweepi/SweePi/install_diagnostic/sweepi_coverage/lib/sweepi_coverage/coverage_manager_node.py
-- Up-to-date symlink: /home/sweepi/SweePi/install_diagnostic/sweepi_coverage/share/ament_index/resource_index/package_run_dependencies/sweepi_coverage
-- Up-to-date symlink: /home/sweepi/SweePi/install_diagnostic/sweepi_coverage/share/ament_index/resource_index/parent_prefix_path/sweepi_coverage
-- Up-to-date symlink: /home/sweepi/SweePi/install_diagnostic/sweepi_coverage/share/sweepi_coverage/environment/ament_prefix_path.sh
-- Up-to-date symlink: /home/sweepi/SweePi/install_diagnostic/sweepi_coverage/share/sweepi_coverage/environment/ament_prefix_path.dsv
-- Up-to-date symlink: /home/sweepi/SweePi/install_diagnostic/sweepi_coverage/share/sweepi_coverage/environment/path.sh
-- Up-to-date symlink: /home/sweepi/SweePi/install_diagnostic/sweepi_coverage/share/sweepi_coverage/environment/path.dsv
-- Up-to-date symlink: /home/sweepi/SweePi/install_diagnostic/sweepi_coverage/share/sweepi_coverage/local_setup.bash
-- Up-to-date symlink: /home/sweepi/SweePi/install_diagnostic/sweepi_coverage/share/sweepi_coverage/local_setup.sh
-- Up-to-date symlink: /home/sweepi/SweePi/install_diagnostic/sweepi_coverage/share/sweepi_coverage/local_setup.zsh
-- Up-to-date symlink: /home/sweepi/SweePi/install_diagnostic/sweepi_coverage/share/sweepi_coverage/local_setup.dsv
-- Symlinking: /home/sweepi/SweePi/install_diagnostic/sweepi_coverage/share/sweepi_coverage/package.dsv
-- Up-to-date symlink: /home/sweepi/SweePi/install_diagnostic/sweepi_coverage/share/ament_index/resource_index/packages/sweepi_coverage
-- Up-to-date symlink: /home/sweepi/SweePi/install_diagnostic/sweepi_coverage/share/sweepi_coverage/cmake/sweepi_coverageConfig.cmake
-- Up-to-date symlink: /home/sweepi/SweePi/install_diagnostic/sweepi_coverage/share/sweepi_coverage/cmake/sweepi_coverageConfig-version.cmake
-- Up-to-date symlink: /home/sweepi/SweePi/install_diagnostic/sweepi_coverage/share/sweepi_coverage/package.xml
Listing '/home/sweepi/SweePi/install_diagnostic/sweepi_coverage/lib/python3.12/site-packages/sweepi_coverage'...
Finished <<< sweepi_coverage [1.61s]
Starting >>> sweepi_bringup
-- Install configuration: ""
-- Execute custom install script
-- Up-to-date symlink: /home/sweepi/SweePi/install_diagnostic/sweepi_bringup/share/sweepi_bringup//launch/gazebo.launch.xml
-- Up-to-date symlink: /home/sweepi/SweePi/install_diagnostic/sweepi_bringup/share/sweepi_bringup//launch/rviz.launch.xml
-- Up-to-date symlink: /home/sweepi/SweePi/install_diagnostic/sweepi_bringup/share/sweepi_bringup//config/gazebo.bridge.yaml
-- Up-to-date symlink: /home/sweepi/SweePi/install_diagnostic/sweepi_bringup/share/sweepi_bringup//config/sweepi_controller.yaml
-- Up-to-date symlink: /home/sweepi/SweePi/install_diagnostic/sweepi_bringup/share/sweepi_bringup//config/urdf_config.rviz
-- Up-to-date symlink: /home/sweepi/SweePi/install_diagnostic/sweepi_bringup/share/sweepi_bringup//worlds/arm_assist_test.sdf
-- Up-to-date symlink: /home/sweepi/SweePi/install_diagnostic/sweepi_bringup/share/sweepi_bringup//worlds/empty.sdf
-- Up-to-date symlink: /home/sweepi/SweePi/install_diagnostic/sweepi_bringup/share/sweepi_bringup//worlds/empty.world
-- Up-to-date symlink: /home/sweepi/SweePi/install_diagnostic/sweepi_bringup/share/sweepi_bringup//worlds/house.sdf
-- Up-to-date symlink: /home/sweepi/SweePi/install_diagnostic/sweepi_bringup/share/sweepi_bringup//worlds/sweepi_world.sdf
-- Up-to-date symlink: /home/sweepi/SweePi/install_diagnostic/sweepi_bringup/share/sweepi_bringup//worlds/sweepi_world.world
-- Up-to-date symlink: /home/sweepi/SweePi/install_diagnostic/sweepi_bringup/share/sweepi_bringup//worlds/turtlebot3_house.world
-- Up-to-date symlink: /home/sweepi/SweePi/install_diagnostic/sweepi_bringup/share/sweepi_bringup//worlds/world2.sdf
-- Up-to-date symlink: /home/sweepi/SweePi/install_diagnostic/sweepi_bringup/share/sweepi_bringup//rviz/urdf_config.rviz
-- Up-to-date symlink: /home/sweepi/SweePi/install_diagnostic/sweepi_bringup/lib/sweepi_bringup/odom_tf_broadcaster.py
-- Up-to-date symlink: /home/sweepi/SweePi/install_diagnostic/sweepi_bringup/lib/sweepi_bringup/front_tof_range_node.py
-- Up-to-date symlink: /home/sweepi/SweePi/install_diagnostic/sweepi_bringup/share/ament_index/resource_index/package_run_dependencies/sweepi_bringup
-- Up-to-date symlink: /home/sweepi/SweePi/install_diagnostic/sweepi_bringup/share/ament_index/resource_index/parent_prefix_path/sweepi_bringup
-- Up-to-date symlink: /home/sweepi/SweePi/install_diagnostic/sweepi_bringup/share/sweepi_bringup/environment/ament_prefix_path.sh
-- Up-to-date symlink: /home/sweepi/SweePi/install_diagnostic/sweepi_bringup/share/sweepi_bringup/environment/ament_prefix_path.dsv
-- Up-to-date symlink: /home/sweepi/SweePi/install_diagnostic/sweepi_bringup/share/sweepi_bringup/environment/path.sh
-- Up-to-date symlink: /home/sweepi/SweePi/install_diagnostic/sweepi_bringup/share/sweepi_bringup/environment/path.dsv
-- Up-to-date symlink: /home/sweepi/SweePi/install_diagnostic/sweepi_bringup/share/sweepi_bringup/local_setup.bash
-- Up-to-date symlink: /home/sweepi/SweePi/install_diagnostic/sweepi_bringup/share/sweepi_bringup/local_setup.sh
-- Up-to-date symlink: /home/sweepi/SweePi/install_diagnostic/sweepi_bringup/share/sweepi_bringup/local_setup.zsh
-- Up-to-date symlink: /home/sweepi/SweePi/install_diagnostic/sweepi_bringup/share/sweepi_bringup/local_setup.dsv
-- Symlinking: /home/sweepi/SweePi/install_diagnostic/sweepi_bringup/share/sweepi_bringup/package.dsv
-- Up-to-date symlink: /home/sweepi/SweePi/install_diagnostic/sweepi_bringup/share/ament_index/resource_index/packages/sweepi_bringup
-- Up-to-date symlink: /home/sweepi/SweePi/install_diagnostic/sweepi_bringup/share/sweepi_bringup/cmake/sweepi_bringupConfig.cmake
-- Up-to-date symlink: /home/sweepi/SweePi/install_diagnostic/sweepi_bringup/share/sweepi_bringup/cmake/sweepi_bringupConfig-version.cmake
-- Up-to-date symlink: /home/sweepi/SweePi/install_diagnostic/sweepi_bringup/share/sweepi_bringup/package.xml
Finished <<< sweepi_bringup [0.24s]
Starting >>> sweepi_exploration
Built target ament_cmake_python_symlink_sweepi_exploration
running develop
running egg_info
running egg_info
writing sweepi_exploration.egg-info/PKG-INFO
writing dependency_links to sweepi_exploration.egg-info/dependency_links.txt
writing top-level names to sweepi_exploration.egg-info/top_level.txt
writing sweepi_base_driver.egg-info/PKG-INFO
writing dependency_links to sweepi_base_driver.egg-info/dependency_links.txt
writing entry points to sweepi_base_driver.egg-info/entry_points.txt
writing requirements to sweepi_base_driver.egg-info/requires.txt
writing top-level names to sweepi_base_driver.egg-info/top_level.txt
reading manifest file 'sweepi_base_driver.egg-info/SOURCES.txt'
writing manifest file 'sweepi_base_driver.egg-info/SOURCES.txt'
reading manifest file 'sweepi_exploration.egg-info/SOURCES.txt'
writing manifest file 'sweepi_exploration.egg-info/SOURCES.txt'
running build_ext
Creating /home/sweepi/SweePi/install_diagnostic/sweepi_base_driver/lib/python3.12/site-packages/sweepi-base-driver.egg-link (link to .)
Installing base_driver_node script to /home/sweepi/SweePi/install_diagnostic/sweepi_base_driver/lib/sweepi_base_driver

Installed /home/sweepi/SweePi/build_diagnostic/sweepi_base_driver
running symlink_data
Built target ament_cmake_python_build_sweepi_exploration_egg
-- Install configuration: ""
-- Execute custom install script
-- Up-to-date symlink: /home/sweepi/SweePi/install_diagnostic/sweepi_exploration/share/sweepi_exploration/environment/pythonpath.sh
-- Up-to-date symlink: /home/sweepi/SweePi/install_diagnostic/sweepi_exploration/share/sweepi_exploration/environment/pythonpath.dsv
Finished <<< sweepi_base_driver [4.30s]
-- Up-to-date symlink: /home/sweepi/SweePi/install_diagnostic/sweepi_exploration/lib/python3.12/site-packages/sweepi_exploration-0.2.0-py3.12.egg-info/PKG-INFO
-- Up-to-date symlink: /home/sweepi/SweePi/install_diagnostic/sweepi_exploration/lib/python3.12/site-packages/sweepi_exploration-0.2.0-py3.12.egg-info/SOURCES.txt
-- Up-to-date symlink: /home/sweepi/SweePi/install_diagnostic/sweepi_exploration/lib/python3.12/site-packages/sweepi_exploration-0.2.0-py3.12.egg-info/dependency_links.txt
-- Up-to-date symlink: /home/sweepi/SweePi/install_diagnostic/sweepi_exploration/lib/python3.12/site-packages/sweepi_exploration-0.2.0-py3.12.egg-info/top_level.txt
-- Up-to-date symlink: /home/sweepi/SweePi/install_diagnostic/sweepi_exploration/lib/python3.12/site-packages/sweepi_exploration/__init__.py
-- Up-to-date symlink: /home/sweepi/SweePi/install_diagnostic/sweepi_exploration/lib/python3.12/site-packages/sweepi_exploration/wavefront_explorer.py
-- Up-to-date symlink: /home/sweepi/SweePi/install_diagnostic/sweepi_exploration/share/sweepi_exploration/launch/exploration.launch.py
-- Up-to-date symlink: /home/sweepi/SweePi/install_diagnostic/sweepi_exploration/lib/sweepi_exploration/wavefront_explorer.py
-- Up-to-date symlink: /home/sweepi/SweePi/install_diagnostic/sweepi_exploration/share/sweepi_exploration/config/config
-- Up-to-date symlink: /home/sweepi/SweePi/install_diagnostic/sweepi_exploration/share/sweepi_exploration/config/nav2_exploration_rpi_params.yaml
-- Up-to-date symlink: /home/sweepi/SweePi/install_diagnostic/sweepi_exploration/share/ament_index/resource_index/package_run_dependencies/sweepi_exploration
-- Up-to-date symlink: /home/sweepi/SweePi/install_diagnostic/sweepi_exploration/share/ament_index/resource_index/parent_prefix_path/sweepi_exploration
-- Up-to-date symlink: /home/sweepi/SweePi/install_diagnostic/sweepi_exploration/share/sweepi_exploration/environment/ament_prefix_path.sh
-- Up-to-date symlink: /home/sweepi/SweePi/install_diagnostic/sweepi_exploration/share/sweepi_exploration/environment/ament_prefix_path.dsv
-- Up-to-date symlink: /home/sweepi/SweePi/install_diagnostic/sweepi_exploration/share/sweepi_exploration/environment/path.sh
-- Up-to-date symlink: /home/sweepi/SweePi/install_diagnostic/sweepi_exploration/share/sweepi_exploration/environment/path.dsv
-- Up-to-date symlink: /home/sweepi/SweePi/install_diagnostic/sweepi_exploration/share/sweepi_exploration/local_setup.bash
-- Up-to-date symlink: /home/sweepi/SweePi/install_diagnostic/sweepi_exploration/share/sweepi_exploration/local_setup.sh
-- Up-to-date symlink: /home/sweepi/SweePi/install_diagnostic/sweepi_exploration/share/sweepi_exploration/local_setup.zsh
-- Up-to-date symlink: /home/sweepi/SweePi/install_diagnostic/sweepi_exploration/share/sweepi_exploration/local_setup.dsv
-- Symlinking: /home/sweepi/SweePi/install_diagnostic/sweepi_exploration/share/sweepi_exploration/package.dsv
running develop
-- Up-to-date symlink: /home/sweepi/SweePi/install_diagnostic/sweepi_exploration/share/ament_index/resource_index/packages/sweepi_exploration
-- Up-to-date symlink: /home/sweepi/SweePi/install_diagnostic/sweepi_exploration/share/sweepi_exploration/cmake/sweepi_explorationConfig.cmake
-- Up-to-date symlink: /home/sweepi/SweePi/install_diagnostic/sweepi_exploration/share/sweepi_exploration/cmake/sweepi_explorationConfig-version.cmake
-- Up-to-date symlink: /home/sweepi/SweePi/install_diagnostic/sweepi_exploration/share/sweepi_exploration/package.xml
Listing '/home/sweepi/SweePi/install_diagnostic/sweepi_exploration/lib/python3.12/site-packages/sweepi_exploration'...
Compiling '/home/sweepi/SweePi/install_diagnostic/sweepi_exploration/lib/python3.12/site-packages/sweepi_exploration/wavefront_explorer.py'...
Finished <<< sweepi_exploration [1.18s]
running egg_info
writing sweepi_temp_rpi_hardware.egg-info/PKG-INFO
writing dependency_links to sweepi_temp_rpi_hardware.egg-info/dependency_links.txt
writing entry points to sweepi_temp_rpi_hardware.egg-info/entry_points.txt
writing requirements to sweepi_temp_rpi_hardware.egg-info/requires.txt
writing top-level names to sweepi_temp_rpi_hardware.egg-info/top_level.txt
reading manifest file 'sweepi_temp_rpi_hardware.egg-info/SOURCES.txt'
writing manifest file 'sweepi_temp_rpi_hardware.egg-info/SOURCES.txt'
running build_ext
Creating /home/sweepi/SweePi/install_diagnostic/sweepi_temp_rpi_hardware/lib/python3.12/site-packages/sweepi-temp-rpi-hardware.egg-link (link to .)
Installing mpu6050_imu_node script to /home/sweepi/SweePi/install_diagnostic/sweepi_temp_rpi_hardware/lib/sweepi_temp_rpi_hardware
Installing stepper_driver_node script to /home/sweepi/SweePi/install_diagnostic/sweepi_temp_rpi_hardware/lib/sweepi_temp_rpi_hardware
Installing stepper_ticks_to_odom_node script to /home/sweepi/SweePi/install_diagnostic/sweepi_temp_rpi_hardware/lib/sweepi_temp_rpi_hardware

Installed /home/sweepi/SweePi/build_diagnostic/sweepi_temp_rpi_hardware
running symlink_data
Finished <<< sweepi_temp_rpi_hardware [4.27s]
Starting >>> sweepi_real_bringup
-- Install configuration: ""
-- Execute custom install script
-- Up-to-date symlink: /home/sweepi/SweePi/install_diagnostic/sweepi_real_bringup/share/sweepi_real_bringup//launch/hardware_debug.launch.py
-- Up-to-date symlink: /home/sweepi/SweePi/install_diagnostic/sweepi_real_bringup/share/sweepi_real_bringup//launch/temp_rpi_hardware_debug.launch.py
-- Up-to-date symlink: /home/sweepi/SweePi/install_diagnostic/sweepi_real_bringup/share/ament_index/resource_index/package_run_dependencies/sweepi_real_bringup
-- Up-to-date symlink: /home/sweepi/SweePi/install_diagnostic/sweepi_real_bringup/share/ament_index/resource_index/parent_prefix_path/sweepi_real_bringup
-- Up-to-date symlink: /home/sweepi/SweePi/install_diagnostic/sweepi_real_bringup/share/sweepi_real_bringup/environment/ament_prefix_path.sh
-- Up-to-date symlink: /home/sweepi/SweePi/install_diagnostic/sweepi_real_bringup/share/sweepi_real_bringup/environment/ament_prefix_path.dsv
-- Up-to-date symlink: /home/sweepi/SweePi/install_diagnostic/sweepi_real_bringup/share/sweepi_real_bringup/environment/path.sh
-- Up-to-date symlink: /home/sweepi/SweePi/install_diagnostic/sweepi_real_bringup/share/sweepi_real_bringup/environment/path.dsv
-- Up-to-date symlink: /home/sweepi/SweePi/install_diagnostic/sweepi_real_bringup/share/sweepi_real_bringup/local_setup.bash
-- Up-to-date symlink: /home/sweepi/SweePi/install_diagnostic/sweepi_real_bringup/share/sweepi_real_bringup/local_setup.sh
-- Up-to-date symlink: /home/sweepi/SweePi/install_diagnostic/sweepi_real_bringup/share/sweepi_real_bringup/local_setup.zsh
-- Up-to-date symlink: /home/sweepi/SweePi/install_diagnostic/sweepi_real_bringup/share/sweepi_real_bringup/local_setup.dsv
-- Symlinking: /home/sweepi/SweePi/install_diagnostic/sweepi_real_bringup/share/sweepi_real_bringup/package.dsv
-- Up-to-date symlink: /home/sweepi/SweePi/install_diagnostic/sweepi_real_bringup/share/ament_index/resource_index/packages/sweepi_real_bringup
-- Up-to-date symlink: /home/sweepi/SweePi/install_diagnostic/sweepi_real_bringup/share/sweepi_real_bringup/cmake/sweepi_real_bringupConfig.cmake
-- Up-to-date symlink: /home/sweepi/SweePi/install_diagnostic/sweepi_real_bringup/share/sweepi_real_bringup/cmake/sweepi_real_bringupConfig-version.cmake
-- Up-to-date symlink: /home/sweepi/SweePi/install_diagnostic/sweepi_real_bringup/share/sweepi_real_bringup/package.xml
Finished <<< sweepi_real_bringup [0.18s]
running develop
running egg_info
writing sweepi_api_bridge.egg-info/PKG-INFO
writing dependency_links to sweepi_api_bridge.egg-info/dependency_links.txt
writing entry points to sweepi_api_bridge.egg-info/entry_points.txt
writing requirements to sweepi_api_bridge.egg-info/requires.txt
writing top-level names to sweepi_api_bridge.egg-info/top_level.txt
reading manifest file 'sweepi_api_bridge.egg-info/SOURCES.txt'
writing manifest file 'sweepi_api_bridge.egg-info/SOURCES.txt'
running build_ext
Creating /home/sweepi/SweePi/install_diagnostic/sweepi_api_bridge/lib/python3.12/site-packages/sweepi-api-bridge.egg-link (link to .)
Installing api_bridge_node script to /home/sweepi/SweePi/install_diagnostic/sweepi_api_bridge/lib/sweepi_api_bridge

Installed /home/sweepi/SweePi/build_diagnostic/sweepi_api_bridge
running symlink_data
Finished <<< sweepi_api_bridge [3.65s]
Starting >>> sweepi_robot_manager
Built target ament_cmake_python_symlink_sweepi_robot_manager
running egg_info
writing sweepi_robot_manager.egg-info/PKG-INFO
writing dependency_links to sweepi_robot_manager.egg-info/dependency_links.txt
writing top-level names to sweepi_robot_manager.egg-info/top_level.txt
reading manifest file 'sweepi_robot_manager.egg-info/SOURCES.txt'
writing manifest file 'sweepi_robot_manager.egg-info/SOURCES.txt'
Built target ament_cmake_python_build_sweepi_robot_manager_egg
-- Install configuration: ""
-- Execute custom install script
-- Up-to-date symlink: /home/sweepi/SweePi/install_diagnostic/sweepi_robot_manager/share/sweepi_robot_manager/environment/pythonpath.sh
-- Up-to-date symlink: /home/sweepi/SweePi/install_diagnostic/sweepi_robot_manager/share/sweepi_robot_manager/environment/pythonpath.dsv
-- Up-to-date symlink: /home/sweepi/SweePi/install_diagnostic/sweepi_robot_manager/lib/python3.12/site-packages/sweepi_robot_manager-0.1.0-py3.12.egg-info/PKG-INFO
-- Up-to-date symlink: /home/sweepi/SweePi/install_diagnostic/sweepi_robot_manager/lib/python3.12/site-packages/sweepi_robot_manager-0.1.0-py3.12.egg-info/SOURCES.txt
-- Up-to-date symlink: /home/sweepi/SweePi/install_diagnostic/sweepi_robot_manager/lib/python3.12/site-packages/sweepi_robot_manager-0.1.0-py3.12.egg-info/dependency_links.txt
-- Up-to-date symlink: /home/sweepi/SweePi/install_diagnostic/sweepi_robot_manager/lib/python3.12/site-packages/sweepi_robot_manager-0.1.0-py3.12.egg-info/top_level.txt
-- Up-to-date symlink: /home/sweepi/SweePi/install_diagnostic/sweepi_robot_manager/lib/python3.12/site-packages/sweepi_robot_manager/__init__.py
-- Up-to-date symlink: /home/sweepi/SweePi/install_diagnostic/sweepi_robot_manager/lib/python3.12/site-packages/sweepi_robot_manager/sweepi_robot_manager_node.py
-- Up-to-date symlink: /home/sweepi/SweePi/install_diagnostic/sweepi_robot_manager/share/sweepi_robot_manager/launch/coverage_task.launch.py
-- Up-to-date symlink: /home/sweepi/SweePi/install_diagnostic/sweepi_robot_manager/share/sweepi_robot_manager/launch/exploration_task.launch.py
-- Up-to-date symlink: /home/sweepi/SweePi/install_diagnostic/sweepi_robot_manager/share/sweepi_robot_manager/launch/master.launch.py
-- Up-to-date symlink: /home/sweepi/SweePi/install_diagnostic/sweepi_robot_manager/lib/sweepi_robot_manager/sweepi_robot_manager_node.py
-- Up-to-date symlink: /home/sweepi/SweePi/install_diagnostic/sweepi_robot_manager/share/ament_index/resource_index/package_run_dependencies/sweepi_robot_manager
-- Up-to-date symlink: /home/sweepi/SweePi/install_diagnostic/sweepi_robot_manager/share/ament_index/resource_index/parent_prefix_path/sweepi_robot_manager
-- Up-to-date symlink: /home/sweepi/SweePi/install_diagnostic/sweepi_robot_manager/share/sweepi_robot_manager/environment/ament_prefix_path.sh
-- Up-to-date symlink: /home/sweepi/SweePi/install_diagnostic/sweepi_robot_manager/share/sweepi_robot_manager/environment/ament_prefix_path.dsv
-- Up-to-date symlink: /home/sweepi/SweePi/install_diagnostic/sweepi_robot_manager/share/sweepi_robot_manager/environment/path.sh
-- Up-to-date symlink: /home/sweepi/SweePi/install_diagnostic/sweepi_robot_manager/share/sweepi_robot_manager/environment/path.dsv
-- Up-to-date symlink: /home/sweepi/SweePi/install_diagnostic/sweepi_robot_manager/share/sweepi_robot_manager/local_setup.bash
-- Up-to-date symlink: /home/sweepi/SweePi/install_diagnostic/sweepi_robot_manager/share/sweepi_robot_manager/local_setup.sh
-- Up-to-date symlink: /home/sweepi/SweePi/install_diagnostic/sweepi_robot_manager/share/sweepi_robot_manager/local_setup.zsh
-- Up-to-date symlink: /home/sweepi/SweePi/install_diagnostic/sweepi_robot_manager/share/sweepi_robot_manager/local_setup.dsv
-- Symlinking: /home/sweepi/SweePi/install_diagnostic/sweepi_robot_manager/share/sweepi_robot_manager/package.dsv
-- Up-to-date symlink: /home/sweepi/SweePi/install_diagnostic/sweepi_robot_manager/share/ament_index/resource_index/packages/sweepi_robot_manager
-- Up-to-date symlink: /home/sweepi/SweePi/install_diagnostic/sweepi_robot_manager/share/sweepi_robot_manager/cmake/sweepi_robot_managerConfig.cmake
-- Up-to-date symlink: /home/sweepi/SweePi/install_diagnostic/sweepi_robot_manager/share/sweepi_robot_manager/cmake/sweepi_robot_managerConfig-version.cmake
-- Up-to-date symlink: /home/sweepi/SweePi/install_diagnostic/sweepi_robot_manager/share/sweepi_robot_manager/package.xml
Listing '/home/sweepi/SweePi/install_diagnostic/sweepi_robot_manager/lib/python3.12/site-packages/sweepi_robot_manager'...
Compiling '/home/sweepi/SweePi/install_diagnostic/sweepi_robot_manager/lib/python3.12/site-packages/sweepi_robot_manager/sweepi_robot_manager_node.py'...
Finished <<< sweepi_robot_manager [0.86s]

Summary: 13 packages finished [7.18s]
