header:
  stamp:
    sec: 1783798715
    nanosec: 66304588
  frame_id: lidar_link
angle_min: -3.1415927410125732
angle_max: 3.1415927410125732
angle_increment: 0.008738784119486809
time_increment: 0.00013431151455733925
scan_time: 0.0965699777007103
range_min: 0.05000000074505806
range_max: 16.0
ranges:
- 1.9160000085830688
- 1.9117499589920044
- 1.9117499589920044
- 1.9082499742507935
- 1.9047499895095825
- .inf
- 1.8964999914169312
- 1.8964999914169312
- 1.8930000066757202
- 1.8930000066757202
- 1.8902499675750732
- 1.8872499465942383
- 1.8872499465942383
- 1.8854999542236328
- 1.8854999542236328
- 1.8860000371932983
- 1.8860000371932983
- 1.8854999542236328
- 1.8854999542236328
- 1.8854999542236328
- 1.8867499828338623
- 1.8877500295639038
- 1.8884999752044678
- 1.8884999752044678
- 1.8899999856948853
- 1.8917499780654907
- 1.8917499780654907
- 1.8937499523162842
- 1.8957500457763672
- 1.8957500457763672
- 1.8977500200271606
- 1.8995000123977661
- 1.902750015258789
- 1.902750015258789
- 1.906749963760376
- 1.9105000495910645
- 1.9105000495910645
- 1.9142500162124634
- 1.9192500114440918
- 1.9249999523162842
- 1.9249999523162842
- 1.9299999475479126
- 1.9362499713897705
- 1.9362499713897705
- 1.9429999589920044
- 1.9492499828338623
- 1.9492499828338623
- 1.9557499885559082
- 1.96274995803833
- 1.9704999923706055
- 1.9704999923706055
- 1.9785000085830688
- 1.9869999885559082
- 1.9869999885559082
- 1.9954999685287476
- 2.003499984741211
- 2.0122499465942383
- 2.0122499465942383
- 2.0204999446868896
- .inf
- 2.5552499294281006
- 2.5552499294281006
- 2.521250009536743
- 2.453249931335449
- 2.453249931335449
- 2.402250051498413
- 2.365999937057495
- 2.365999937057495
- 2.325000047683716
- 2.299499988555908
- 2.279249906539917
- 2.279249906539917
- 2.2634999752044678
- .inf
- .inf
- .inf
- 4.586750030517578
- 4.586750030517578
- 4.516749858856201
- 4.433499813079834
- .inf
- 3.792249917984009
- 3.792249917984009
- 3.8252499103546143
- 3.8252499103546143
- 3.8627500534057617
- 3.8989999294281006
- 3.8989999294281006
- 3.938499927520752
- .inf
- .inf
- .inf
- .inf
- .inf
- .inf
- .inf
- .inf
- .inf
- .inf
- .inf
- 4.470749855041504
- 4.470749855041504
- 4.415249824523926
- 4.358500003814697
- 4.3042497634887695
- 4.3042497634887695
- 4.251500129699707
- 4.201250076293945
- 4.201250076293945
- 4.1545000076293945
- 4.10699987411499
- .inf
- 2.9539999961853027
- 2.9539999961853027
- 2.9590001106262207
- 2.9590001106262207
- 3.0002501010894775
- 3.046750068664551
- 3.046750068664551
- 3.095249891281128
- 3.1454999446868896
- 3.1967499256134033
- 3.1967499256134033
- 3.249500036239624
- 3.304500102996826
- 3.304500102996826
- 3.364000082015991
- 3.42549991607666
- '...'
intensities:
- 37.0
- 37.0
- 37.0
- 36.0
- 37.0
- 0.0
- 35.0
- 35.0
- 34.0
- 34.0
- 33.0
- 33.0
- 33.0
- 32.0
- 31.0
- 32.0
- 32.0
- 32.0
- 32.0
- 32.0
- 32.0
- 33.0
- 32.0
- 32.0
- 33.0
- 33.0
- 33.0
- 32.0
- 32.0
- 32.0
- 32.0
- 32.0
- 31.0
- 31.0
- 32.0
- 31.0
- 31.0
- 32.0
- 31.0
- 31.0
- 31.0
- 32.0
- 32.0
- 32.0
- 31.0
- 31.0
- 31.0
- 31.0
- 31.0
- 31.0
- 31.0
- 31.0
- 31.0
- 31.0
- 32.0
- 30.0
- 31.0
- 31.0
- 30.0
- 0.0
- 7.0
- 7.0
- 22.0
- 17.0
- 17.0
- 20.0
- 19.0
- 19.0
- 20.0
- 23.0
- 24.0
- 24.0
- 22.0
- 0.0
- 0.0
- 0.0
- 5.0
- 5.0
- 15.0
- 17.0
- 0.0
- 11.0
- 11.0
- 19.0
- 19.0
- 19.0
- 20.0
- 20.0
- 19.0
- 0.0
- 0.0
- 0.0
- 0.0
- 0.0
- 0.0
- 0.0
- 0.0
- 0.0
- 0.0
- 0.0
- 11.0
- 11.0
- 17.0
- 18.0
- 18.0
- 18.0
- 20.0
- 20.0
- 20.0
- 20.0
- 21.0
- 0.0
- 14.0
- 14.0
- 13.0
- 13.0
- 11.0
- 12.0
- 12.0
- 13.0
- 15.0
- 15.0
- 15.0
- 15.0
- 15.0
- 15.0
- 12.0
- 11.0
- '...'
---
