/_ros2cli_daemon_0_fba20abd5d1f488d92766e5104130ce9
/base_driver_node
/behavior_server
/bt_navigator
/bt_navigator_navigate_through_poses_rclcpp_node
/bt_navigator_navigate_to_pose_rclcpp_node
/collision_monitor
/controller_server
/docking_server
/ekf_filter_node
/global_costmap/global_costmap
/launch_ros_22841
/lifecycle_manager_navigation
/local_costmap/local_costmap
/planner_server
/robot_state_publisher
/route_server
/slam_toolbox
/sllidar_node
/smoother_server
/sweepi_api_bridge
/sweepi_robot_manager
/transform_listener_impl_aaaac801bb70
/transform_listener_impl_aaaacbe3b220
/transform_listener_impl_aaaadb5003f0
/transform_listener_impl_aaaae0c05db0
/velocity_smoother
/wavefront_explorer
/waypoint_follower
Type: nav_msgs/msg/OccupancyGrid

Publisher count: 1

Node name: wavefront_explorer
Node namespace: /
Topic type: nav_msgs/msg/OccupancyGrid
Topic type hash: RIHS01_8d348150c12913a31ee0ec170fbf25089e4745d17035792a1ba94d6f0bc0cfc7
Endpoint type: PUBLISHER
GID: 01.0f.81.bf.74.59.d5.a2.00.00.00.00.00.00.14.03
QoS profile:
  Reliability: RELIABLE
  History (Depth): UNKNOWN
  Durability: TRANSIENT_LOCAL
  Lifespan: Infinite
  Deadline: Infinite
  Liveliness: AUTOMATIC
  Liveliness lease duration: Infinite

Subscription count: 2

Node name: sweepi_api_bridge
Node namespace: /
Topic type: nav_msgs/msg/OccupancyGrid
Topic type hash: RIHS01_8d348150c12913a31ee0ec170fbf25089e4745d17035792a1ba94d6f0bc0cfc7
Endpoint type: SUBSCRIPTION
GID: 01.0f.81.bf.59.55.c2.85.00.00.00.00.00.00.3e.04
QoS profile:
  Reliability: RELIABLE
  History (Depth): UNKNOWN
  Durability: TRANSIENT_LOCAL
  Lifespan: Infinite
  Deadline: Infinite
  Liveliness: AUTOMATIC
  Liveliness lease duration: Infinite

Node name: global_costmap
Node namespace: /global_costmap
Topic type: nav_msgs/msg/OccupancyGrid
Topic type hash: RIHS01_8d348150c12913a31ee0ec170fbf25089e4745d17035792a1ba94d6f0bc0cfc7
Endpoint type: SUBSCRIPTION
GID: 01.0f.81.bf.6a.59.98.69.00.00.00.00.00.00.41.04
QoS profile:
  Reliability: RELIABLE
  History (Depth): UNKNOWN
  Durability: TRANSIENT_LOCAL
  Lifespan: Infinite
  Deadline: Infinite
  Liveliness: AUTOMATIC
  Liveliness lease duration: Infinite

Type: nav_msgs/msg/OccupancyGrid

Publisher count: 1

Node name: slam_toolbox
Node namespace: /
Topic type: nav_msgs/msg/OccupancyGrid
Topic type hash: RIHS01_8d348150c12913a31ee0ec170fbf25089e4745d17035792a1ba94d6f0bc0cfc7
Endpoint type: PUBLISHER
GID: 01.0f.81.bf.73.59.50.55.00.00.00.00.00.00.37.03
QoS profile:
  Reliability: RELIABLE
  History (Depth): UNKNOWN
  Durability: TRANSIENT_LOCAL
  Lifespan: Infinite
  Deadline: Infinite
  Liveliness: AUTOMATIC
  Liveliness lease duration: Infinite

Subscription count: 2

Node name: slam_toolbox
Node namespace: /
Topic type: nav_msgs/msg/OccupancyGrid
Topic type hash: RIHS01_8d348150c12913a31ee0ec170fbf25089e4745d17035792a1ba94d6f0bc0cfc7
Endpoint type: SUBSCRIPTION
GID: 01.0f.81.bf.73.59.50.55.00.00.00.00.00.00.28.04
QoS profile:
  Reliability: RELIABLE
  History (Depth): UNKNOWN
  Durability: VOLATILE
  Lifespan: Infinite
  Deadline: Infinite
  Liveliness: AUTOMATIC
  Liveliness lease duration: Infinite

Node name: wavefront_explorer
Node namespace: /
Topic type: nav_msgs/msg/OccupancyGrid
Topic type hash: RIHS01_8d348150c12913a31ee0ec170fbf25089e4745d17035792a1ba94d6f0bc0cfc7
Endpoint type: SUBSCRIPTION
GID: 01.0f.81.bf.74.59.d5.a2.00.00.00.00.00.00.13.04
QoS profile:
  Reliability: RELIABLE
  History (Depth): UNKNOWN
  Durability: TRANSIENT_LOCAL
  Lifespan: Infinite
  Deadline: Infinite
  Liveliness: AUTOMATIC
  Liveliness lease duration: Infinite

Type: std_msgs/msg/String

Publisher count: 1

Node name: wavefront_explorer
Node namespace: /
Topic type: std_msgs/msg/String
Topic type hash: RIHS01_df668c740482bbd48fb39d76a70dfd4bd59db1288021743503259e948f6b1a18
Endpoint type: PUBLISHER
GID: 01.0f.81.bf.74.59.d5.a2.00.00.00.00.00.00.18.03
QoS profile:
  Reliability: RELIABLE
  History (Depth): UNKNOWN
  Durability: VOLATILE
  Lifespan: Infinite
  Deadline: Infinite
  Liveliness: AUTOMATIC
  Liveliness lease duration: Infinite

Subscription count: 2

Node name: sweepi_robot_manager
Node namespace: /
Topic type: std_msgs/msg/String
Topic type hash: RIHS01_df668c740482bbd48fb39d76a70dfd4bd59db1288021743503259e948f6b1a18
Endpoint type: SUBSCRIPTION
GID: 01.0f.81.bf.58.55.1b.e8.00.00.00.00.00.00.18.04
QoS profile:
  Reliability: RELIABLE
  History (Depth): UNKNOWN
  Durability: VOLATILE
  Lifespan: Infinite
  Deadline: Infinite
  Liveliness: AUTOMATIC
  Liveliness lease duration: Infinite

Node name: sweepi_api_bridge
Node namespace: /
Topic type: std_msgs/msg/String
Topic type hash: RIHS01_df668c740482bbd48fb39d76a70dfd4bd59db1288021743503259e948f6b1a18
Endpoint type: SUBSCRIPTION
GID: 01.0f.81.bf.59.55.c2.85.00.00.00.00.00.00.3d.04
QoS profile:
  Reliability: RELIABLE
  History (Depth): UNKNOWN
  Durability: VOLATILE
  Lifespan: Infinite
  Deadline: Infinite
  Liveliness: AUTOMATIC
  Liveliness lease duration: Infinite

/global_costmap/clear_around_global_costmap [nav2_msgs/srv/ClearCostmapAroundRobot]
/global_costmap/clear_around_pose_global_costmap [nav2_msgs/srv/ClearCostmapAroundPose]
/global_costmap/clear_entirely_global_costmap [nav2_msgs/srv/ClearEntireCostmap]
/global_costmap/clear_except_global_costmap [nav2_msgs/srv/ClearCostmapExceptRegion]
/global_costmap/get_cost_global_costmap [nav2_msgs/srv/GetCost]
/global_costmap/get_costmap [nav2_msgs/srv/GetCostmap]
/global_costmap/get_obstacle_layer [nav2_msgs/srv/GetCostmap]
/global_costmap/get_static_layer [nav2_msgs/srv/GetCostmap]
/global_costmap/global_costmap/change_state [lifecycle_msgs/srv/ChangeState]
/global_costmap/global_costmap/describe_parameters [rcl_interfaces/srv/DescribeParameters]
/global_costmap/global_costmap/get_available_states [lifecycle_msgs/srv/GetAvailableStates]
/global_costmap/global_costmap/get_available_transitions [lifecycle_msgs/srv/GetAvailableTransitions]
/global_costmap/global_costmap/get_parameter_types [rcl_interfaces/srv/GetParameterTypes]
/global_costmap/global_costmap/get_parameters [rcl_interfaces/srv/GetParameters]
/global_costmap/global_costmap/get_state [lifecycle_msgs/srv/GetState]
/global_costmap/global_costmap/get_transition_graph [lifecycle_msgs/srv/GetAvailableTransitions]
/global_costmap/global_costmap/get_type_description [type_description_interfaces/srv/GetTypeDescription]
/global_costmap/global_costmap/list_parameters [rcl_interfaces/srv/ListParameters]
/global_costmap/global_costmap/set_parameters [rcl_interfaces/srv/SetParameters]
/global_costmap/global_costmap/set_parameters_atomically [rcl_interfaces/srv/SetParametersAtomically]
/local_costmap/clear_around_local_costmap [nav2_msgs/srv/ClearCostmapAroundRobot]
/local_costmap/clear_around_pose_local_costmap [nav2_msgs/srv/ClearCostmapAroundPose]
/local_costmap/clear_entirely_local_costmap [nav2_msgs/srv/ClearEntireCostmap]
/local_costmap/clear_except_local_costmap [nav2_msgs/srv/ClearCostmapExceptRegion]
/local_costmap/get_cost_local_costmap [nav2_msgs/srv/GetCost]
/local_costmap/get_costmap [nav2_msgs/srv/GetCostmap]
/local_costmap/get_obstacle_layer [nav2_msgs/srv/GetCostmap]
/local_costmap/local_costmap/change_state [lifecycle_msgs/srv/ChangeState]
/local_costmap/local_costmap/describe_parameters [rcl_interfaces/srv/DescribeParameters]
/local_costmap/local_costmap/get_available_states [lifecycle_msgs/srv/GetAvailableStates]
/local_costmap/local_costmap/get_available_transitions [lifecycle_msgs/srv/GetAvailableTransitions]
/local_costmap/local_costmap/get_parameter_types [rcl_interfaces/srv/GetParameterTypes]
/local_costmap/local_costmap/get_parameters [rcl_interfaces/srv/GetParameters]
/local_costmap/local_costmap/get_state [lifecycle_msgs/srv/GetState]
/local_costmap/local_costmap/get_transition_graph [lifecycle_msgs/srv/GetAvailableTransitions]
/local_costmap/local_costmap/get_type_description [type_description_interfaces/srv/GetTypeDescription]
/local_costmap/local_costmap/list_parameters [rcl_interfaces/srv/ListParameters]
/local_costmap/local_costmap/set_parameters [rcl_interfaces/srv/SetParameters]
/local_costmap/local_costmap/set_parameters_atomically [rcl_interfaces/srv/SetParametersAtomically]
/save_exploration_map [nav2_msgs/srv/SaveMap]
/slam_toolbox/change_state [lifecycle_msgs/srv/ChangeState]
/slam_toolbox/clear_changes [slam_toolbox/srv/Clear]
/slam_toolbox/describe_parameters [rcl_interfaces/srv/DescribeParameters]
/slam_toolbox/deserialize_map [slam_toolbox/srv/DeserializePoseGraph]
/slam_toolbox/dynamic_map [nav_msgs/srv/GetMap]
/slam_toolbox/get_available_states [lifecycle_msgs/srv/GetAvailableStates]
/slam_toolbox/get_available_transitions [lifecycle_msgs/srv/GetAvailableTransitions]
/slam_toolbox/get_interactive_markers [visualization_msgs/srv/GetInteractiveMarkers]
/slam_toolbox/get_parameter_types [rcl_interfaces/srv/GetParameterTypes]
/slam_toolbox/get_parameters [rcl_interfaces/srv/GetParameters]
/slam_toolbox/get_state [lifecycle_msgs/srv/GetState]
/slam_toolbox/get_transition_graph [lifecycle_msgs/srv/GetAvailableTransitions]
/slam_toolbox/get_type_description [type_description_interfaces/srv/GetTypeDescription]
/slam_toolbox/list_parameters [rcl_interfaces/srv/ListParameters]
/slam_toolbox/manual_loop_closure [slam_toolbox/srv/LoopClosure]
/slam_toolbox/pause_new_measurements [slam_toolbox/srv/Pause]
/slam_toolbox/reset [slam_toolbox/srv/Reset]
/slam_toolbox/save_map [slam_toolbox/srv/SaveMap]
/slam_toolbox/serialize_map [slam_toolbox/srv/SerializePoseGraph]
/slam_toolbox/set_parameters [rcl_interfaces/srv/SetParameters]
/slam_toolbox/set_parameters_atomically [rcl_interfaces/srv/SetParametersAtomically]
/slam_toolbox/toggle_interactive_mode [slam_toolbox/srv/ToggleInteractive]
/stop_exploration [std_srvs/srv/Trigger]
/stop_exploration_and_save [nav2_msgs/srv/SaveMap]
/sweepi_robot_manager/exploration/manual [std_srvs/srv/Trigger]
/sweepi_robot_manager/exploration/start_auto [std_srvs/srv/Trigger]
/sweepi_robot_manager/exploration/stop [std_srvs/srv/Trigger]
/sweepi_robot_manager/exploration/stop_and_save [std_srvs/srv/Trigger]
/sweepi_robot_manager/exploration/switch_mode [sweepi_robot_manager_interfaces/srv/StartTask]
/sweepi_robot_manager/start_exploration [sweepi_robot_manager_interfaces/srv/StartTask]
/switch_to_auto_exploration [std_srvs/srv/Trigger]
