21803 bash -lc source /opt/ros/jazzy/setup.bash; source /home/sweepi/SweePi/install_diagnostic/setup.bash; ros2 launch sweepi_robot_manager master.launch.py use_sim_time:=false launch_sim:=false launch_hardware:=true launch_rviz:=false launch_api_bridge:=true use_arm_assist:=false api_host:=0.0.0.0 api_port:=8080 base_serial_port:=/dev/ttyAMA0 base_baud_rate:=115200 lidar_serial_port:=/dev/ttyUSB0 lidar_baud_rate:=460800 lidar_frame_id:=lidar_link > /home/sweepi/SweePi/diagnostics/20260712_010514/full_stack_launch_patched.log 2>&1
21840 /usr/bin/python3 /opt/ros/jazzy/bin/ros2 launch sweepi_robot_manager master.launch.py use_sim_time:=false launch_sim:=false launch_hardware:=true launch_rviz:=false launch_api_bridge:=true use_arm_assist:=false api_host:=0.0.0.0 api_port:=8080 base_serial_port:=/dev/ttyAMA0 base_baud_rate:=115200 lidar_serial_port:=/dev/ttyUSB0 lidar_baud_rate:=460800 lidar_frame_id:=lidar_link
21844 /usr/bin/python3 /home/sweepi/SweePi/install_diagnostic/sweepi_base_driver/lib/sweepi_base_driver/base_driver_node --ros-args -r __node:=base_driver_node --params-file /home/sweepi/SweePi/install_diagnostic/sweepi_base_driver/share/sweepi_base_driver/config/base_driver_params.yaml --params-file /tmp/launch_params_irr1pl7o
21845 /opt/ros/jazzy/lib/robot_localization/ekf_node --ros-args -r __node:=ekf_filter_node --params-file /home/sweepi/SweePi/install_diagnostic/sweepi_state_estimation/share/sweepi_state_estimation/config/ekf.yaml --params-file /tmp/launch_params_vwz6h72m -r odometry/filtered:=/odom
21846 /home/sweepi/SweePi/install_diagnostic/sllidar_ros2/lib/sllidar_ros2/sllidar_node --ros-args -r __node:=sllidar_node --params-file /tmp/launch_params_q_ligr2o
21848 python3 /home/sweepi/SweePi/install_diagnostic/sweepi_robot_manager/lib/sweepi_robot_manager/sweepi_robot_manager_node.py --ros-args -r __node:=sweepi_robot_manager --params-file /tmp/launch_params_jw5p9tg5
21849 /usr/bin/python3 /home/sweepi/SweePi/install_diagnostic/sweepi_api_bridge/lib/sweepi_api_bridge/api_bridge_node --ros-args -r __node:=sweepi_api_bridge --params-file /tmp/launch_params_qwkj50nk
22125 bash -lc source /opt/ros/jazzy/setup.bash && source /home/sweepi/SweePi/install_diagnostic/setup.bash && pgrep -af "coverage|planner|tracker|executor|map_server|amcl|controller_server|bt_navigator|planner_server|recoveries|smoother|ros2 launch|launch.py|nav2|slam|wavefront|api_bridge|robot_manager|sllidar|base_driver|ekf" && ros2 service list -t | grep -Ei "coverage|map_server|amcl|nav2" && ros2 node list --all
/continue_coverage_follow_path [std_srvs/srv/Trigger]
/pause_coverage_follow_path [std_srvs/srv/Trigger]
/return_home_coverage_follow_path [std_srvs/srv/Trigger]
/start_coverage_follow_path [std_srvs/srv/Trigger]
/sweepi_robot_manager/coverage/continue [std_srvs/srv/Trigger]
/sweepi_robot_manager/coverage/last_summary [std_srvs/srv/Trigger]
/sweepi_robot_manager/coverage/pause [std_srvs/srv/Trigger]
/sweepi_robot_manager/coverage/reset [std_srvs/srv/Trigger]
/sweepi_robot_manager/coverage/return_home [std_srvs/srv/Trigger]
/sweepi_robot_manager/coverage/start [std_srvs/srv/Trigger]
/sweepi_robot_manager/coverage/stop [std_srvs/srv/Trigger]
/sweepi_robot_manager/coverage/validate [std_srvs/srv/Trigger]
/sweepi_robot_manager/start_coverage [sweepi_robot_manager_interfaces/srv/StartTask]
/validate_coverage_follow_path [std_srvs/srv/Trigger]
/_ros2cli_daemon_0_552df7257d994919a777d08c65034fa1
/base_driver_node
/ekf_filter_node
/robot_state_publisher
/sllidar_node
/sweepi_api_bridge
/sweepi_robot_manager
/transform_listener_impl_aaaae0c05db0
