[INFO] [launch]: All log files can be found below /home/sweepi/.ros/log/2026-07-12-01-36-39-078823-sweepi-21840
[INFO] [launch]: Default logging verbosity is set to INFO
[INFO] [base_driver_node-1]: process started with pid [21844]
[INFO] [ekf_node-2]: process started with pid [21845]
[INFO] [sllidar_node-3]: process started with pid [21846]
[INFO] [robot_state_publisher-4]: process started with pid [21847]
[INFO] [sweepi_robot_manager_node.py-5]: process started with pid [21848]
[INFO] [api_bridge_node-6]: process started with pid [21849]
[sllidar_node-3] [INFO] [1783800399.538690871] [sllidar_node]: SLLidar running on ROS2 package SLLidar.ROS2 SDK Version:1.0.1, SLLIDAR SDK Version:2.1.0
[robot_state_publisher-4] [INFO] [1783800399.583849465] [robot_state_publisher]: Robot initialized
[ekf_node-2] [ERROR] [1783800399.591973588] [ekf_filter_node]: Warning: /imu/data is listed as an input topic, but all its update variables are false
[sllidar_node-3] [INFO] [1783800400.060852720] [sllidar_node]: SLLidar S/N: 6325E0F6C1E092D4A19E9FF9F389461A
[sllidar_node-3] [INFO] [1783800400.060965574] [sllidar_node]: Firmware Ver: 1.02
[sllidar_node-3] [INFO] [1783800400.060982222] [sllidar_node]: Hardware Rev: 18
[sllidar_node-3] [INFO] [1783800400.063734450] [sllidar_node]: SLLidar health status : 0
[sllidar_node-3] [INFO] [1783800400.063875044] [sllidar_node]: SLLidar health status : OK.
[sllidar_node-3] [INFO] [1783800400.351521338] [sllidar_node]: current scan mode: Standard, sample rate: 5 Khz, max_distance: 16.0 m, scan frequency:10.0 Hz, 
[base_driver_node-1] [INFO] [1783800400.535231288] [base_driver_node]: SweePi base driver starting on /dev/ttyAMA0 at 115200 baud
[base_driver_node-1] [INFO] [1783800400.535930540] [base_driver_node]: Base driver parameters: serial_port=/dev/ttyAMA0, baud_rate=115200, wheel_radius=0.0615, wheel_separation=0.29, ticks_per_revolution=7392.0, left_encoder_sign=1.0, right_encoder_sign=1.0, left_motor_command_sign=1.0, right_motor_command_sign=1.0, command_rate_hz=50.0, feedback_poll_rate_hz=100.0, cmd_vel_timeout=0.5, gyro_units=rad_s, accel_units=m_s2
[base_driver_node-1] [INFO] [1783800400.537504119] [base_driver_node]: Connected to STM32 on /dev/ttyAMA0
[sweepi_robot_manager_node.py-5] [INFO] [1783800400.548531139] [sweepi_robot_manager]: SweePi robot manager ready for service commands
[api_bridge_node-6] [INFO] [1783800400.646898584] [sweepi_api_bridge]: SweePi API bridge listening on http://0.0.0.0:8080/api
[api_bridge_node-6] [INFO] [1783800415.867217623] [sweepi_api_bridge]: HTTP "GET /api/system/health HTTP/1.1" 200 -
[api_bridge_node-6] [INFO] [1783800415.882675833] [sweepi_api_bridge]: HTTP "GET /api/robot/status HTTP/1.1" 200 -
[api_bridge_node-6] [INFO] [1783800449.187809424] [sweepi_api_bridge]: HTTP "GET /api/system/health HTTP/1.1" 200 -
[api_bridge_node-6] [INFO] [1783800523.954482531] [sweepi_api_bridge]: HTTP "GET /api/system/health HTTP/1.1" 200 -
[sweepi_robot_manager_node.py-5] [INFO] [1783800622.606048979] [sweepi_robot_manager]: exploration launch started: /opt/ros/jazzy/bin/ros2 launch sweepi_robot_manager exploration_task.launch.py map_name:=diagnostic_manual_20260712_0145 start_mode:=manual use_sim_time:=false
[api_bridge_node-6] [INFO] [1783800622.611016373] [sweepi_api_bridge]: HTTP "POST /api/exploration/start HTTP/1.1" 200 -
[sweepi_robot_manager_node.py-5] [INFO] [launch]: All log files can be found below /home/sweepi/.ros/log/2026-07-12-01-40-23-136253-sweepi-22841
[sweepi_robot_manager_node.py-5] [INFO] [launch]: Default logging verbosity is set to INFO
[sweepi_robot_manager_node.py-5] [INFO] [launch.user]: 🚀 STARTING SWEEPI AUTONOMOUS EXPLORATION
[sweepi_robot_manager_node.py-5] [INFO] [launch.user]: 💾 Map name: ${map_name}
[sweepi_robot_manager_node.py-5] [INFO] [launch.user]: 📏 Proximity-based blocking: ${unreachable_region_radius}m
[sweepi_robot_manager_node.py-5] [INFO] [launch.user]: 🔁 Completion retry sweeps: ${completion_retry_cycles}
[sweepi_robot_manager_node.py-5] [INFO] [launch.user]: 🎮 Exploration mode: ${start_mode}
[sweepi_robot_manager_node.py-5] [INFO] [controller_server-1]: process started with pid [22888]
[sweepi_robot_manager_node.py-5] [INFO] [smoother_server-2]: process started with pid [22889]
[sweepi_robot_manager_node.py-5] [INFO] [planner_server-3]: process started with pid [22890]
[sweepi_robot_manager_node.py-5] [INFO] [route_server-4]: process started with pid [22891]
[sweepi_robot_manager_node.py-5] [INFO] [behavior_server-5]: process started with pid [22892]
[sweepi_robot_manager_node.py-5] [INFO] [bt_navigator-6]: process started with pid [22893]
[sweepi_robot_manager_node.py-5] [INFO] [waypoint_follower-7]: process started with pid [22894]
[sweepi_robot_manager_node.py-5] [INFO] [velocity_smoother-8]: process started with pid [22895]
[sweepi_robot_manager_node.py-5] [INFO] [collision_monitor-9]: process started with pid [22896]
[sweepi_robot_manager_node.py-5] [INFO] [opennav_docking-10]: process started with pid [22897]
[sweepi_robot_manager_node.py-5] [INFO] [lifecycle_manager-11]: process started with pid [22898]
[sweepi_robot_manager_node.py-5] [INFO] [async_slam_toolbox_node-12]: process started with pid [22899]
[sweepi_robot_manager_node.py-5] [INFO] [wavefront_explorer.py-13]: process started with pid [22900]
[sweepi_robot_manager_node.py-5] [waypoint_follower-7] [INFO] [1783800624.303168996] [waypoint_follower]: 
[sweepi_robot_manager_node.py-5] [waypoint_follower-7] 	waypoint_follower lifecycle node launched. 
[sweepi_robot_manager_node.py-5] [waypoint_follower-7] 	Waiting on external lifecycle transitions to activate
[sweepi_robot_manager_node.py-5] [waypoint_follower-7] 	See https://design.ros2.org/articles/node_lifecycle.html for more information.
[sweepi_robot_manager_node.py-5] [waypoint_follower-7] [INFO] [1783800624.332978124] [waypoint_follower]: Creating
[sweepi_robot_manager_node.py-5] [smoother_server-2] [INFO] [1783800624.350963399] [smoother_server]: 
[sweepi_robot_manager_node.py-5] [smoother_server-2] 	smoother_server lifecycle node launched. 
[sweepi_robot_manager_node.py-5] [smoother_server-2] 	Waiting on external lifecycle transitions to activate
[sweepi_robot_manager_node.py-5] [smoother_server-2] 	See https://design.ros2.org/articles/node_lifecycle.html for more information.
[sweepi_robot_manager_node.py-5] [smoother_server-2] [INFO] [1783800624.385140851] [smoother_server]: Creating smoother server
[sweepi_robot_manager_node.py-5] [velocity_smoother-8] [INFO] [1783800624.601209304] [velocity_smoother]: 
[sweepi_robot_manager_node.py-5] [velocity_smoother-8] 	velocity_smoother lifecycle node launched. 
[sweepi_robot_manager_node.py-5] [velocity_smoother-8] 	Waiting on external lifecycle transitions to activate
[sweepi_robot_manager_node.py-5] [velocity_smoother-8] 	See https://design.ros2.org/articles/node_lifecycle.html for more information.
[sweepi_robot_manager_node.py-5] [bt_navigator-6] [INFO] [1783800625.025990149] [bt_navigator]: 
[sweepi_robot_manager_node.py-5] [bt_navigator-6] 	bt_navigator lifecycle node launched. 
[sweepi_robot_manager_node.py-5] [bt_navigator-6] 	Waiting on external lifecycle transitions to activate
[sweepi_robot_manager_node.py-5] [bt_navigator-6] 	See https://design.ros2.org/articles/node_lifecycle.html for more information.
[sweepi_robot_manager_node.py-5] [bt_navigator-6] [INFO] [1783800625.037510790] [bt_navigator]: Creating
[sweepi_robot_manager_node.py-5] [async_slam_toolbox_node-12] [INFO] [1783800625.087464263] [slam_toolbox]: Node using stack size 40000000
[sweepi_robot_manager_node.py-5] [planner_server-3] [INFO] [1783800625.331522456] [planner_server]: 
[sweepi_robot_manager_node.py-5] [planner_server-3] 	planner_server lifecycle node launched. 
[sweepi_robot_manager_node.py-5] [planner_server-3] 	Waiting on external lifecycle transitions to activate
[sweepi_robot_manager_node.py-5] [planner_server-3] 	See https://design.ros2.org/articles/node_lifecycle.html for more information.
[sweepi_robot_manager_node.py-5] [planner_server-3] [INFO] [1783800625.338115519] [planner_server]: Creating
[sweepi_robot_manager_node.py-5] [opennav_docking-10] [INFO] [1783800625.398874931] [docking_server]: 
[sweepi_robot_manager_node.py-5] [opennav_docking-10] 	docking_server lifecycle node launched. 
[sweepi_robot_manager_node.py-5] [opennav_docking-10] 	Waiting on external lifecycle transitions to activate
[sweepi_robot_manager_node.py-5] [opennav_docking-10] 	See https://design.ros2.org/articles/node_lifecycle.html for more information.
[sweepi_robot_manager_node.py-5] [opennav_docking-10] [INFO] [1783800625.400943850] [docking_server]: Creating docking_server
[sweepi_robot_manager_node.py-5] [planner_server-3] [INFO] [1783800625.417970103] [global_costmap.global_costmap]: 
[sweepi_robot_manager_node.py-5] [planner_server-3] 	global_costmap lifecycle node launched. 
[sweepi_robot_manager_node.py-5] [planner_server-3] 	Waiting on external lifecycle transitions to activate
[sweepi_robot_manager_node.py-5] [planner_server-3] 	See https://design.ros2.org/articles/node_lifecycle.html for more information.
[sweepi_robot_manager_node.py-5] [planner_server-3] [INFO] [1783800625.423489252] [global_costmap.global_costmap]: Creating Costmap
[ekf_node-2] [ERROR] [1783800625.561182384] [ekf_filter_node]: Failed to meet update rate! Took 0.43702155199999997981seconds. Try decreasing the rate, limiting sensor output frequency, or limiting the number of sensors.
[sweepi_robot_manager_node.py-5] [async_slam_toolbox_node-12] [INFO] [1783800625.942713833] [slam_toolbox]: Configuring
[sweepi_robot_manager_node.py-5] [lifecycle_manager-11] [INFO] [1783800625.976264475] [lifecycle_manager_navigation]: Creating
[sweepi_robot_manager_node.py-5] [collision_monitor-9] [INFO] [1783800626.067160488] [collision_monitor]: 
[sweepi_robot_manager_node.py-5] [collision_monitor-9] 	collision_monitor lifecycle node launched. 
[sweepi_robot_manager_node.py-5] [collision_monitor-9] 	Waiting on external lifecycle transitions to activate
[sweepi_robot_manager_node.py-5] [collision_monitor-9] 	See https://design.ros2.org/articles/node_lifecycle.html for more information.
[sweepi_robot_manager_node.py-5] [lifecycle_manager-11] [INFO] [1783800626.146397597] [lifecycle_manager_navigation]: [34m[1mCreating and initializing lifecycle service clients[0m[0m
[sweepi_robot_manager_node.py-5] [async_slam_toolbox_node-12] [INFO] [1783800626.149811733] [slam_toolbox]: Using solver plugin solver_plugins::CeresSolver
[sweepi_robot_manager_node.py-5] [behavior_server-5] [INFO] [1783800626.195335696] [behavior_server]: 
[sweepi_robot_manager_node.py-5] [behavior_server-5] 	behavior_server lifecycle node launched. 
[sweepi_robot_manager_node.py-5] [behavior_server-5] 	Waiting on external lifecycle transitions to activate
[sweepi_robot_manager_node.py-5] [behavior_server-5] 	See https://design.ros2.org/articles/node_lifecycle.html for more information.
[sweepi_robot_manager_node.py-5] [async_slam_toolbox_node-12] [INFO] [1783800626.201666364] [slam_toolbox]: CeresSolver: Using SCHUR_JACOBI preconditioner.
[sweepi_robot_manager_node.py-5] [controller_server-1] [INFO] [1783800626.256864943] [controller_server]: 
[sweepi_robot_manager_node.py-5] [controller_server-1] 	controller_server lifecycle node launched. 
[sweepi_robot_manager_node.py-5] [controller_server-1] 	Waiting on external lifecycle transitions to activate
[sweepi_robot_manager_node.py-5] [controller_server-1] 	See https://design.ros2.org/articles/node_lifecycle.html for more information.
[sweepi_robot_manager_node.py-5] [controller_server-1] [INFO] [1783800626.293859649] [controller_server]: Creating controller server
[sweepi_robot_manager_node.py-5] [route_server-4] [INFO] [1783800626.356078597] [route_server]: 
[sweepi_robot_manager_node.py-5] [route_server-4] 	route_server lifecycle node launched. 
[sweepi_robot_manager_node.py-5] [route_server-4] 	Waiting on external lifecycle transitions to activate
[sweepi_robot_manager_node.py-5] [route_server-4] 	See https://design.ros2.org/articles/node_lifecycle.html for more information.
[sweepi_robot_manager_node.py-5] [INFO] [launch.user]: [LifecycleLaunch] SweePi SLAM Toolbox is activating.
[sweepi_robot_manager_node.py-5] [wavefront_explorer.py-13] [INFO] [1783800626.630969580] [wavefront_explorer]: ======================================================================
[sweepi_robot_manager_node.py-5] [wavefront_explorer.py-13] [INFO] [1783800626.633172669] [wavefront_explorer]: 🤖 WAVEFRONT EXPLORER (SMART BLOCKING FIX)
[sweepi_robot_manager_node.py-5] [wavefront_explorer.py-13] [INFO] [1783800626.635043398] [wavefront_explorer]: ======================================================================
[sweepi_robot_manager_node.py-5] [wavefront_explorer.py-13] [INFO] [1783800626.636923017] [wavefront_explorer]:    📋 FRONTIER DETECTION:
[sweepi_robot_manager_node.py-5] [wavefront_explorer.py-13] [INFO] [1783800626.638902582] [wavefront_explorer]:       frontier_min_size: 3
[sweepi_robot_manager_node.py-5] [wavefront_explorer.py-13] [INFO] [1783800626.641550885] [wavefront_explorer]:       min_unknown_region_area_m2: 0.05
[sweepi_robot_manager_node.py-5] [wavefront_explorer.py-13] [INFO] [1783800626.643467004] [wavefront_explorer]:       exploration_frequency: 1.0 Hz (timer period: 1.00s)
[sweepi_robot_manager_node.py-5] [wavefront_explorer.py-13] [INFO] [1783800626.645587128] [wavefront_explorer]:       max_frontier_candidates: 0
[sweepi_robot_manager_node.py-5] [wavefront_explorer.py-13] [INFO] [1783800626.648556161] [wavefront_explorer]:       no_frontier_finish_count: 10
[sweepi_robot_manager_node.py-5] [wavefront_explorer.py-13] [INFO] [1783800626.650612525] [wavefront_explorer]:       robot_base_frame: base_footprint
[sweepi_robot_manager_node.py-5] [wavefront_explorer.py-13] [INFO] [1783800626.652694926] [wavefront_explorer]:       far_goals: 8, far_min_distance: 1.00m
[sweepi_robot_manager_node.py-5] [wavefront_explorer.py-13] [INFO] [1783800626.654789271] [wavefront_explorer]:       safe_goal_clearance_weight: 250.0
[sweepi_robot_manager_node.py-5] [wavefront_explorer.py-13] [INFO] [1783800626.657098067] [wavefront_explorer]:    🔧 ATTEMPT LIMITS:
[sweepi_robot_manager_node.py-5] [wavefront_explorer.py-13] [INFO] [1783800626.660174491] [wavefront_explorer]:       max_attempts_per_frontier: 3
[sweepi_robot_manager_node.py-5] [wavefront_explorer.py-13] [INFO] [1783800626.662427229] [wavefront_explorer]:       max_consecutive_timeouts: 4
[sweepi_robot_manager_node.py-5] [wavefront_explorer.py-13] [INFO] [1783800626.664877380] [wavefront_explorer]:       max_total_timeouts: 35
[sweepi_robot_manager_node.py-5] [wavefront_explorer.py-13] [INFO] [1783800626.666944188] [wavefront_explorer]:    📏 SMART BLOCKING:
[sweepi_robot_manager_node.py-5] [wavefront_explorer.py-13] [INFO] [1783800626.671634391] [wavefront_explorer]:       unreachable_region_radius: 0.4m
[sweepi_robot_manager_node.py-5] [async_slam_toolbox_node-12] [INFO] [1783800626.668757897] [slam_toolbox]: Activating
[sweepi_robot_manager_node.py-5] [controller_server-1] [INFO] [1783800626.672659563] [local_costmap.local_costmap]: 
[sweepi_robot_manager_node.py-5] [controller_server-1] 	local_costmap lifecycle node launched. 
[sweepi_robot_manager_node.py-5] [controller_server-1] 	Waiting on external lifecycle transitions to activate
[sweepi_robot_manager_node.py-5] [controller_server-1] 	See https://design.ros2.org/articles/node_lifecycle.html for more information.
[sweepi_robot_manager_node.py-5] [wavefront_explorer.py-13] [INFO] [1783800626.676875551] [wavefront_explorer]:       smart_blocking_enabled: True
[sweepi_robot_manager_node.py-5] [wavefront_explorer.py-13] [INFO] [1783800626.680577305] [wavefront_explorer]:       failed_frontier_retry_sec: 30.0s
[sweepi_robot_manager_node.py-5] [wavefront_explorer.py-13] [INFO] [1783800626.684275930] [wavefront_explorer]:       completion_retry_cycles: 3
[sweepi_robot_manager_node.py-5] [wavefront_explorer.py-13] [INFO] [1783800626.687739474] [wavefront_explorer]:       frontier_goal_search_radius: 1.4m
[sweepi_robot_manager_node.py-5] [wavefront_explorer.py-13] [INFO] [1783800626.689994750] [wavefront_explorer]:       save_map_padding_m: 0.50m
[sweepi_robot_manager_node.py-5] [wavefront_explorer.py-13] [INFO] [1783800626.697494167] [wavefront_explorer]:       close_saved_map_boundary: True thickness=0.10m
[sweepi_robot_manager_node.py-5] [wavefront_explorer.py-13] [INFO] [1783800626.700055228] [wavefront_explorer]:    CONTROL:
[sweepi_robot_manager_node.py-5] [controller_server-1] [INFO] [1783800626.704096119] [local_costmap.local_costmap]: Creating Costmap
[sweepi_robot_manager_node.py-5] [wavefront_explorer.py-13] [INFO] [1783800626.705110532] [wavefront_explorer]:       map_name: diagnostic_manual_20260712_0145
[sweepi_robot_manager_node.py-5] [wavefront_explorer.py-13] [INFO] [1783800626.707671630] [wavefront_explorer]:       start_mode: manual
[sweepi_robot_manager_node.py-5] [wavefront_explorer.py-13] [INFO] [1783800626.711096414] [wavefront_explorer]:       cmd_vel_topic: /cmd_vel
[sweepi_robot_manager_node.py-5] [wavefront_explorer.py-13] [INFO] [1783800626.717475787] [wavefront_explorer]:       source_map_topic: /slam_map
[sweepi_robot_manager_node.py-5] [wavefront_explorer.py-13] [INFO] [1783800626.721313248] [wavefront_explorer]:       repaired_map_topic: /map
[sweepi_robot_manager_node.py-5] [wavefront_explorer.py-13] [INFO] [1783800626.727210257] [wavefront_explorer]:       /set_manual_control true=manual false=auto
[sweepi_robot_manager_node.py-5] [wavefront_explorer.py-13] [INFO] [1783800626.731951313] [wavefront_explorer]:       /stop_exploration_and_save map_url=<name>
[sweepi_robot_manager_node.py-5] [wavefront_explorer.py-13] [INFO] [1783800626.735796756] [wavefront_explorer]: ======================================================================
[sweepi_robot_manager_node.py-5] [async_slam_toolbox_node-12] Registering sensor: [Custom Described Lidar]
[sweepi_robot_manager_node.py-5] [lifecycle_manager-11] [INFO] [1783800626.878920946] [lifecycle_manager_navigation]: [34m[1mStarting managed nodes bringup...[0m[0m
[sweepi_robot_manager_node.py-5] [lifecycle_manager-11] [INFO] [1783800626.879007596] [lifecycle_manager_navigation]: [34m[1mConfiguring controller_server[0m[0m
[sweepi_robot_manager_node.py-5] [controller_server-1] [INFO] [1783800626.879748410] [controller_server]: Configuring controller interface
[sweepi_robot_manager_node.py-5] [controller_server-1] [INFO] [1783800626.879793966] [controller_server]: getting progress checker plugins..
[sweepi_robot_manager_node.py-5] [controller_server-1] [INFO] [1783800626.880096214] [controller_server]: getting goal checker plugins..
[sweepi_robot_manager_node.py-5] [controller_server-1] [INFO] [1783800626.880293274] [controller_server]: Controller frequency set to 10.0000Hz
[sweepi_robot_manager_node.py-5] [controller_server-1] [INFO] [1783800626.880360591] [local_costmap.local_costmap]: Configuring
[sweepi_robot_manager_node.py-5] [controller_server-1] [INFO] [1783800626.916196825] [local_costmap.local_costmap]: Using plugin "obstacle_layer"
[sweepi_robot_manager_node.py-5] [controller_server-1] [INFO] [1783800626.924005713] [local_costmap.local_costmap]: Subscribed to Topics: scan
[sweepi_robot_manager_node.py-5] [controller_server-1] [INFO] [1783800626.940417137] [local_costmap.local_costmap]: Initialized plugin "obstacle_layer"
[sweepi_robot_manager_node.py-5] [controller_server-1] [INFO] [1783800626.940525250] [local_costmap.local_costmap]: Using plugin "inflation_layer"
[sweepi_robot_manager_node.py-5] [controller_server-1] [INFO] [1783800626.941330936] [local_costmap.local_costmap]: Initialized plugin "inflation_layer"
[sweepi_robot_manager_node.py-5] [controller_server-1] [INFO] [1783800627.028542012] [controller_server]: Created progress_checker : progress_checker of type nav2_controller::SimpleProgressChecker
[sweepi_robot_manager_node.py-5] [controller_server-1] [INFO] [1783800627.028999078] [controller_server]: Controller Server has progress_checker  progress checkers available.
[sweepi_robot_manager_node.py-5] [controller_server-1] [INFO] [1783800627.030031232] [controller_server]: Created goal checker : goal_checker of type nav2_controller::SimpleGoalChecker
[sweepi_robot_manager_node.py-5] [controller_server-1] [INFO] [1783800627.034662564] [controller_server]: Controller Server has goal_checker  goal checkers available.
[sweepi_robot_manager_node.py-5] [controller_server-1] [INFO] [1783800627.036873024] [controller_server]: Created controller : FollowPath of type nav2_regulated_pure_pursuit_controller::RegulatedPurePursuitController
[sweepi_robot_manager_node.py-5] [controller_server-1] [INFO] [1783800627.069581092] [controller_server]: Controller Server has FollowPath  controllers available.
[sweepi_robot_manager_node.py-5] [lifecycle_manager-11] [INFO] [1783800627.114839772] [lifecycle_manager_navigation]: [34m[1mConfiguring smoother_server[0m[0m
[sweepi_robot_manager_node.py-5] [smoother_server-2] [INFO] [1783800627.115905686] [smoother_server]: Configuring smoother server
[sweepi_robot_manager_node.py-5] [smoother_server-2] [INFO] [1783800627.151942370] [smoother_server]: Created smoother : simple_smoother of type nav2_smoother::SimpleSmoother
[sweepi_robot_manager_node.py-5] [smoother_server-2] [INFO] [1783800627.153031062] [smoother_server]: Smoother Server has simple_smoother  smoothers available.
[sweepi_robot_manager_node.py-5] [lifecycle_manager-11] [INFO] [1783800627.182979362] [lifecycle_manager_navigation]: [34m[1mConfiguring planner_server[0m[0m
[sweepi_robot_manager_node.py-5] [planner_server-3] [INFO] [1783800627.184151538] [planner_server]: Configuring
[sweepi_robot_manager_node.py-5] [planner_server-3] [INFO] [1783800627.184216206] [global_costmap.global_costmap]: Configuring
[sweepi_robot_manager_node.py-5] [planner_server-3] [INFO] [1783800627.223081939] [global_costmap.global_costmap]: Using plugin "static_layer"
[sweepi_robot_manager_node.py-5] [planner_server-3] [INFO] [1783800627.230530411] [global_costmap.global_costmap]: Subscribing to the map topic (/map) with transient local durability
[sweepi_robot_manager_node.py-5] [planner_server-3] [INFO] [1783800627.238981018] [global_costmap.global_costmap]: Initialized plugin "static_layer"
[sweepi_robot_manager_node.py-5] [planner_server-3] [INFO] [1783800627.239056186] [global_costmap.global_costmap]: Using plugin "obstacle_layer"
[sweepi_robot_manager_node.py-5] [planner_server-3] [INFO] [1783800627.248788583] [global_costmap.global_costmap]: Subscribed to Topics: scan
[sweepi_robot_manager_node.py-5] [planner_server-3] [INFO] [1783800627.264089870] [global_costmap.global_costmap]: Initialized plugin "obstacle_layer"
[sweepi_robot_manager_node.py-5] [planner_server-3] [INFO] [1783800627.264156353] [global_costmap.global_costmap]: Using plugin "inflation_layer"
[sweepi_robot_manager_node.py-5] [planner_server-3] [INFO] [1783800627.270810621] [global_costmap.global_costmap]: Initialized plugin "inflation_layer"
[sweepi_robot_manager_node.py-5] [planner_server-3] [INFO] [1783800627.407161915] [planner_server]: Created global planner plugin GridBased of type nav2_navfn_planner::NavfnPlanner
[sweepi_robot_manager_node.py-5] [planner_server-3] [INFO] [1783800627.407231990] [planner_server]: Configuring plugin GridBased of type NavfnPlanner
[sweepi_robot_manager_node.py-5] [planner_server-3] [INFO] [1783800627.407879617] [planner_server]: Planner Server has GridBased  planners available.
[sweepi_robot_manager_node.py-5] [lifecycle_manager-11] [INFO] [1783800627.469767615] [lifecycle_manager_navigation]: [34m[1mConfiguring route_server[0m[0m
[sweepi_robot_manager_node.py-5] [route_server-4] [INFO] [1783800627.470253293] [route_server]: Configuring
[sweepi_robot_manager_node.py-5] [wavefront_explorer.py-13] [INFO] [1783800627.534396586] [wavefront_explorer]: ⏳ Waiting for map...
[sweepi_robot_manager_node.py-5] [route_server-4] [INFO] [1783800627.588059279] [route_server]: Created GraphFileLoader GeoJsonGraphFileLoader of type nav2_route::GeoJsonGraphFileLoader
[sweepi_robot_manager_node.py-5] [route_server-4] [INFO] [1783800627.588124817] [route_server]: Configuring geojson graph file loader
[sweepi_robot_manager_node.py-5] [route_server-4] [INFO] [1783800627.588140855] [route_server]: No graph file provided to load yet.
[sweepi_robot_manager_node.py-5] [route_server-4] [INFO] [1783800627.595910816] [route_server]: Created edge cost function plugin DistanceScorer of type nav2_route::DistanceScorer
[sweepi_robot_manager_node.py-5] [route_server-4] [INFO] [1783800627.596595610] [route_server]: Configuring distance scorer.
[sweepi_robot_manager_node.py-5] [route_server-4] [INFO] [1783800627.597013805] [route_server]: Created edge cost function plugin DynamicEdgesScorer of type nav2_route::DynamicEdgesScorer
[sweepi_robot_manager_node.py-5] [route_server-4] [INFO] [1783800627.597049324] [route_server]: Configuring adjust edges scorer.
[sweepi_robot_manager_node.py-5] [route_server-4] [INFO] [1783800627.611549389] [route_server]: Created route operation AdjustSpeedLimit of type nav2_route::AdjustSpeedLimit
[sweepi_robot_manager_node.py-5] [route_server-4] [INFO] [1783800627.611629280] [route_server]: Configuring Adjust speed limit operation.
[sweepi_robot_manager_node.py-5] [route_server-4] [INFO] [1783800627.614725927] [route_server]: Created route operation ReroutingService of type nav2_route::ReroutingService
[sweepi_robot_manager_node.py-5] [route_server-4] [INFO] [1783800627.614811114] [route_server]: Configuring Rerouting service operation.
[sweepi_robot_manager_node.py-5] [lifecycle_manager-11] [INFO] [1783800627.628489604] [lifecycle_manager_navigation]: [34m[1mConfiguring behavior_server[0m[0m
[sweepi_robot_manager_node.py-5] [behavior_server-5] [INFO] [1783800627.629193472] [behavior_server]: Configuring
[sweepi_robot_manager_node.py-5] [behavior_server-5] [INFO] [1783800627.649567712] [behavior_server]: Creating behavior plugin spin of type nav2_behaviors::Spin
[sweepi_robot_manager_node.py-5] [behavior_server-5] [INFO] [1783800627.652195200] [behavior_server]: Creating behavior plugin backup of type nav2_behaviors::BackUp
[sweepi_robot_manager_node.py-5] [behavior_server-5] [INFO] [1783800627.655311589] [behavior_server]: Creating behavior plugin drive_on_heading of type nav2_behaviors::DriveOnHeading
[sweepi_robot_manager_node.py-5] [behavior_server-5] [INFO] [1783800627.657579050] [behavior_server]: Creating behavior plugin assisted_teleop of type nav2_behaviors::AssistedTeleop
[sweepi_robot_manager_node.py-5] [behavior_server-5] [INFO] [1783800627.661528347] [behavior_server]: Creating behavior plugin wait of type nav2_behaviors::Wait
[sweepi_robot_manager_node.py-5] [behavior_server-5] [INFO] [1783800627.681113698] [behavior_server]: Configuring spin
[sweepi_robot_manager_node.py-5] [behavior_server-5] [INFO] [1783800627.717147290] [behavior_server]: Configuring backup
[sweepi_robot_manager_node.py-5] [behavior_server-5] [INFO] [1783800627.743331148] [behavior_server]: Configuring drive_on_heading
[sweepi_robot_manager_node.py-5] [behavior_server-5] [INFO] [1783800627.770232580] [behavior_server]: Configuring assisted_teleop
[sweepi_robot_manager_node.py-5] [behavior_server-5] [INFO] [1783800627.804484204] [behavior_server]: Configuring wait
[sweepi_robot_manager_node.py-5] [lifecycle_manager-11] [INFO] [1783800627.833517685] [lifecycle_manager_navigation]: [34m[1mConfiguring velocity_smoother[0m[0m
[sweepi_robot_manager_node.py-5] [velocity_smoother-8] [INFO] [1783800627.834045272] [velocity_smoother]: Configuring velocity smoother
[sweepi_robot_manager_node.py-5] [lifecycle_manager-11] [INFO] [1783800627.850382639] [lifecycle_manager_navigation]: [34m[1mConfiguring collision_monitor[0m[0m
[sweepi_robot_manager_node.py-5] [collision_monitor-9] [INFO] [1783800627.851579797] [collision_monitor]: Configuring
[sweepi_robot_manager_node.py-5] [collision_monitor-9] [INFO] [1783800627.878107183] [collision_monitor]: [scan]: Creating Scan
[sweepi_robot_manager_node.py-5] [collision_monitor-9] [INFO] [1783800627.885094848] [collision_monitor]: [FootprintApproach]: Creating Polygon
[sweepi_robot_manager_node.py-5] [collision_monitor-9] [INFO] [1783800627.886588753] [collision_monitor]: [FootprintApproach]: Polygon points are not defined. Using dynamic subscription instead.
[sweepi_robot_manager_node.py-5] [collision_monitor-9] [INFO] [1783800627.891926842] [collision_monitor]: [FootprintApproach]: Making footprint subscriber on /local_costmap/published_footprint topic
[sweepi_robot_manager_node.py-5] [lifecycle_manager-11] [INFO] [1783800627.936752845] [lifecycle_manager_navigation]: [34m[1mConfiguring bt_navigator[0m[0m
[sweepi_robot_manager_node.py-5] [bt_navigator-6] [INFO] [1783800627.937692886] [bt_navigator]: Configuring
[sweepi_robot_manager_node.py-5] [bt_navigator-6] [INFO] [1783800627.961332648] [bt_navigator]: Creating navigator id navigate_to_pose of type nav2_bt_navigator::NavigateToPoseNavigator
[sweepi_robot_manager_node.py-5] [bt_navigator-6] [INFO] [1783800628.196842473] [bt_navigator]: Creating navigator id navigate_through_poses of type nav2_bt_navigator::NavigateThroughPosesNavigator
[ekf_node-2] [ERROR] [1783800628.237393117] [ekf_filter_node]: Failed to meet update rate! Took 0.040202951000000000659seconds. Try decreasing the rate, limiting sensor output frequency, or limiting the number of sensors.
[sweepi_robot_manager_node.py-5] [lifecycle_manager-11] [INFO] [1783800628.348712693] [lifecycle_manager_navigation]: [34m[1mConfiguring waypoint_follower[0m[0m
[sweepi_robot_manager_node.py-5] [waypoint_follower-7] [INFO] [1783800628.355344572] [waypoint_follower]: Configuring
[sweepi_robot_manager_node.py-5] [waypoint_follower-7] [INFO] [1783800628.467022842] [waypoint_follower]: Created waypoint_task_executor : wait_at_waypoint of type nav2_waypoint_follower::WaitAtWaypoint
[sweepi_robot_manager_node.py-5] [waypoint_follower-7] [INFO] [1783800628.470585575] [waypoint_follower]: Waypoint pause duration is set to zero, disabling task executor plugin.
[sweepi_robot_manager_node.py-5] [lifecycle_manager-11] [INFO] [1783800628.474021230] [lifecycle_manager_navigation]: [34m[1mConfiguring docking_server[0m[0m
[sweepi_robot_manager_node.py-5] [opennav_docking-10] [INFO] [1783800628.476182411] [docking_server]: Configuring docking_server
[sweepi_robot_manager_node.py-5] [opennav_docking-10] [INFO] [1783800628.476277376] [docking_server]: Controller frequency set to 10.0000Hz
[sweepi_robot_manager_node.py-5] [planner_server-3] [INFO] [1783800628.520963599] [global_costmap.global_costmap]: StaticLayer: Resizing costmap to 143 X 235 at 0.050000 m/pix
[sweepi_robot_manager_node.py-5] [wavefront_explorer.py-13] [INFO] [1783800628.535537740] [wavefront_explorer]: Manual control active; automatic frontier goals are paused.
[sweepi_robot_manager_node.py-5] [opennav_docking-10] [INFO] [1783800628.599084816] [docking_server]: Created charging dock plugin simple_charging_dock of type opennav_docking::SimpleChargingDock
[sweepi_robot_manager_node.py-5] [opennav_docking-10] [WARN] [1783800628.613498657] [docking_server]: Dock database filepath nor dock parameters set. Docking actions can only be executed specifying the dock pose via the action request. Or update the dock database via the reload_database service.
[sweepi_robot_manager_node.py-5] [opennav_docking-10] [INFO] [1783800628.613773774] [docking_server]: Docking Server has 1 dock types and 0 dock instances available.
[sweepi_robot_manager_node.py-5] [lifecycle_manager-11] [INFO] [1783800628.625717057] [lifecycle_manager_navigation]: [34m[1mActivating controller_server[0m[0m
[sweepi_robot_manager_node.py-5] [controller_server-1] [INFO] [1783800628.626697950] [controller_server]: Activating
[sweepi_robot_manager_node.py-5] [controller_server-1] [INFO] [1783800628.626776471] [local_costmap.local_costmap]: Activating
[sweepi_robot_manager_node.py-5] [controller_server-1] [INFO] [1783800628.626795304] [local_costmap.local_costmap]: Checking transform
[sweepi_robot_manager_node.py-5] [controller_server-1] [INFO] [1783800628.627047366] [local_costmap.local_costmap]: start
[sweepi_robot_manager_node.py-5] [controller_server-1] [INFO] [1783800628.879194605] [controller_server]: Activating controller: FollowPath of type regulated_pure_pursuit_controller::RegulatedPurePursuitController
[sweepi_robot_manager_node.py-5] [controller_server-1] [INFO] [1783800628.879264254] [controller_server]: Creating bond (controller_server) to lifecycle manager.
[sweepi_robot_manager_node.py-5] [lifecycle_manager-11] [INFO] [1783800628.997456289] [lifecycle_manager_navigation]: Server controller_server connected with bond.
[sweepi_robot_manager_node.py-5] [lifecycle_manager-11] [INFO] [1783800628.997538736] [lifecycle_manager_navigation]: [34m[1mActivating smoother_server[0m[0m
[sweepi_robot_manager_node.py-5] [smoother_server-2] [INFO] [1783800629.001756724] [smoother_server]: Activating
[sweepi_robot_manager_node.py-5] [smoother_server-2] [INFO] [1783800629.001850282] [smoother_server]: Creating bond (smoother_server) to lifecycle manager.
[sweepi_robot_manager_node.py-5] [lifecycle_manager-11] [INFO] [1783800629.131544000] [lifecycle_manager_navigation]: Server smoother_server connected with bond.
[sweepi_robot_manager_node.py-5] [lifecycle_manager-11] [INFO] [1783800629.131622576] [lifecycle_manager_navigation]: [34m[1mActivating planner_server[0m[0m
[sweepi_robot_manager_node.py-5] [planner_server-3] [INFO] [1783800629.132318796] [planner_server]: Activating
[sweepi_robot_manager_node.py-5] [planner_server-3] [INFO] [1783800629.132402483] [global_costmap.global_costmap]: Activating
[sweepi_robot_manager_node.py-5] [planner_server-3] [INFO] [1783800629.132428688] [global_costmap.global_costmap]: Checking transform
[sweepi_robot_manager_node.py-5] [planner_server-3] [INFO] [1783800629.132626396] [global_costmap.global_costmap]: start
[sweepi_robot_manager_node.py-5] [planner_server-3] [INFO] [1783800629.636408358] [planner_server]: Activating plugin GridBased of type NavfnPlanner
[sweepi_robot_manager_node.py-5] [planner_server-3] [INFO] [1783800629.641523590] [planner_server]: Creating bond (planner_server) to lifecycle manager.
[sweepi_robot_manager_node.py-5] [lifecycle_manager-11] [INFO] [1783800629.750962736] [lifecycle_manager_navigation]: Server planner_server connected with bond.
[sweepi_robot_manager_node.py-5] [lifecycle_manager-11] [INFO] [1783800629.751024737] [lifecycle_manager_navigation]: [34m[1mActivating route_server[0m[0m
[sweepi_robot_manager_node.py-5] [route_server-4] [INFO] [1783800629.751531046] [route_server]: Activating
[sweepi_robot_manager_node.py-5] [route_server-4] [INFO] [1783800629.751798959] [route_server]: Creating bond (route_server) to lifecycle manager.
[sweepi_robot_manager_node.py-5] [lifecycle_manager-11] [INFO] [1783800629.869494764] [lifecycle_manager_navigation]: Server route_server connected with bond.
[sweepi_robot_manager_node.py-5] [lifecycle_manager-11] [INFO] [1783800629.869561969] [lifecycle_manager_navigation]: [34m[1mActivating behavior_server[0m[0m
[sweepi_robot_manager_node.py-5] [behavior_server-5] [INFO] [1783800629.870415230] [behavior_server]: Activating
[sweepi_robot_manager_node.py-5] [behavior_server-5] [INFO] [1783800629.870476861] [behavior_server]: Activating spin
[sweepi_robot_manager_node.py-5] [behavior_server-5] [INFO] [1783800629.870502954] [behavior_server]: Activating backup
[sweepi_robot_manager_node.py-5] [behavior_server-5] [INFO] [1783800629.870521566] [behavior_server]: Activating drive_on_heading
[sweepi_robot_manager_node.py-5] [behavior_server-5] [INFO] [1783800629.870542233] [behavior_server]: Activating assisted_teleop
[sweepi_robot_manager_node.py-5] [behavior_server-5] [INFO] [1783800629.870561974] [behavior_server]: Activating wait
[sweepi_robot_manager_node.py-5] [behavior_server-5] [INFO] [1783800629.870592197] [behavior_server]: Creating bond (behavior_server) to lifecycle manager.
[sweepi_robot_manager_node.py-5] [lifecycle_manager-11] [INFO] [1783800629.983259845] [lifecycle_manager_navigation]: Server behavior_server connected with bond.
[sweepi_robot_manager_node.py-5] [lifecycle_manager-11] [INFO] [1783800629.983331032] [lifecycle_manager_navigation]: [34m[1mActivating velocity_smoother[0m[0m
[sweepi_robot_manager_node.py-5] [velocity_smoother-8] [INFO] [1783800629.983919602] [velocity_smoother]: Activating
[sweepi_robot_manager_node.py-5] [velocity_smoother-8] [INFO] [1783800629.984013808] [velocity_smoother]: Creating bond (velocity_smoother) to lifecycle manager.
[sweepi_robot_manager_node.py-5] [lifecycle_manager-11] [INFO] [1783800630.101446109] [lifecycle_manager_navigation]: Server velocity_smoother connected with bond.
[sweepi_robot_manager_node.py-5] [lifecycle_manager-11] [INFO] [1783800630.101524388] [lifecycle_manager_navigation]: [34m[1mActivating collision_monitor[0m[0m
[sweepi_robot_manager_node.py-5] [collision_monitor-9] [INFO] [1783800630.102794678] [collision_monitor]: Activating
[sweepi_robot_manager_node.py-5] [collision_monitor-9] [INFO] [1783800630.102866828] [collision_monitor]: Creating bond (collision_monitor) to lifecycle manager.
[sweepi_robot_manager_node.py-5] [lifecycle_manager-11] [INFO] [1783800630.211595478] [lifecycle_manager_navigation]: Server collision_monitor connected with bond.
[sweepi_robot_manager_node.py-5] [lifecycle_manager-11] [INFO] [1783800630.211671332] [lifecycle_manager_navigation]: [34m[1mActivating bt_navigator[0m[0m
[sweepi_robot_manager_node.py-5] [bt_navigator-6] [INFO] [1783800630.212230697] [bt_navigator]: Activating
[sweepi_robot_manager_node.py-5] [bt_navigator-6] [INFO] [1783800630.624976627] [bt_navigator]: Creating bond (bt_navigator) to lifecycle manager.
[sweepi_robot_manager_node.py-5] [lifecycle_manager-11] [INFO] [1783800630.737551869] [lifecycle_manager_navigation]: Server bt_navigator connected with bond.
[sweepi_robot_manager_node.py-5] [lifecycle_manager-11] [INFO] [1783800630.737640649] [lifecycle_manager_navigation]: [34m[1mActivating waypoint_follower[0m[0m
[sweepi_robot_manager_node.py-5] [waypoint_follower-7] [INFO] [1783800630.738224292] [waypoint_follower]: Activating
[sweepi_robot_manager_node.py-5] [waypoint_follower-7] [INFO] [1783800630.738279145] [waypoint_follower]: Creating bond (waypoint_follower) to lifecycle manager.
[sweepi_robot_manager_node.py-5] [lifecycle_manager-11] [INFO] [1783800630.847740536] [lifecycle_manager_navigation]: Server waypoint_follower connected with bond.
[sweepi_robot_manager_node.py-5] [lifecycle_manager-11] [INFO] [1783800630.847825612] [lifecycle_manager_navigation]: [34m[1mActivating docking_server[0m[0m
[sweepi_robot_manager_node.py-5] [opennav_docking-10] [INFO] [1783800630.848588223] [docking_server]: Activating docking_server
[sweepi_robot_manager_node.py-5] [opennav_docking-10] [INFO] [1783800630.896869959] [docking_server]: Creating bond (docking_server) to lifecycle manager.
[sweepi_robot_manager_node.py-5] [lifecycle_manager-11] [INFO] [1783800631.019335547] [lifecycle_manager_navigation]: Server docking_server connected with bond.
[sweepi_robot_manager_node.py-5] [lifecycle_manager-11] [INFO] [1783800631.019420105] [lifecycle_manager_navigation]: [34m[1mManaged nodes are active[0m[0m
[sweepi_robot_manager_node.py-5] [lifecycle_manager-11] [INFO] [1783800631.019445198] [lifecycle_manager_navigation]: [34m[1mCreating bond timer...[0m[0m
[sweepi_robot_manager_node.py-5] [wavefront_explorer.py-13] [INFO] [1783800639.534445230] [wavefront_explorer]: Manual control active; automatic frontier goals are paused.
[sweepi_robot_manager_node.py-5] [wavefront_explorer.py-13] [INFO] [1783800649.535123262] [wavefront_explorer]: Manual control active; automatic frontier goals are paused.
[sweepi_robot_manager_node.py-5] [wavefront_explorer.py-13] [INFO] [1783800660.534425207] [wavefront_explorer]: Manual control active; automatic frontier goals are paused.
[sweepi_robot_manager_node.py-5] [wavefront_explorer.py-13] [INFO] [1783800670.535828987] [wavefront_explorer]: Manual control active; automatic frontier goals are paused.
[ekf_node-2] [ERROR] [1783800672.697747207] [ekf_filter_node]: Failed to meet update rate! Took 0.025990925000000001527seconds. Try decreasing the rate, limiting sensor output frequency, or limiting the number of sensors.
[sweepi_robot_manager_node.py-5] [wavefront_explorer.py-13] [INFO] [1783800681.534437839] [wavefront_explorer]: Manual control active; automatic frontier goals are paused.
[sweepi_robot_manager_node.py-5] [wavefront_explorer.py-13] [INFO] [1783800691.534781960] [wavefront_explorer]: Manual control active; automatic frontier goals are paused.
[sweepi_robot_manager_node.py-5] [wavefront_explorer.py-13] [INFO] [1783800702.534451194] [wavefront_explorer]: Manual control active; automatic frontier goals are paused.
[sweepi_robot_manager_node.py-5] [wavefront_explorer.py-13] [INFO] [1783800712.534656380] [wavefront_explorer]: Manual control active; automatic frontier goals are paused.
[sweepi_robot_manager_node.py-5] [wavefront_explorer.py-13] [INFO] [1783800723.534660941] [wavefront_explorer]: Manual control active; automatic frontier goals are paused.
[sweepi_robot_manager_node.py-5] [wavefront_explorer.py-13] [INFO] [1783800731.043873810] [wavefront_explorer]: Exploration mode changed: manual -> stopped (stop and save requested)
[sweepi_robot_manager_node.py-5] [INFO] [1783800731.046993151] [sweepi_robot_manager]: Exploration reported stopped during stop-and-save. Waiting for map save to finish before returning manager to idle.
[sweepi_robot_manager_node.py-5] [wavefront_explorer.py-13] [INFO] [1783800731.047358846] [wavefront_explorer]: Closed saved map outer boundary: x=[0,119] y=[61,214] thickness=2 cells (0.10m).
[sweepi_robot_manager_node.py-5] [wavefront_explorer.py-13] [INFO] [1783800731.048265685] [wavefront_explorer]: Adding 10 unknown padding cells (0.50m) around saved map.
[sweepi_robot_manager_node.py-5] [wavefront_explorer.py-13] [INFO] [1783800731.148363935] [wavefront_explorer]: ======================================================================
[sweepi_robot_manager_node.py-5] [wavefront_explorer.py-13] [INFO] [1783800731.149138937] [wavefront_explorer]: 💾 MAP SAVED SUCCESSFULLY
[sweepi_robot_manager_node.py-5] [wavefront_explorer.py-13] [INFO] [1783800731.149856030] [wavefront_explorer]:    📄 PGM: /home/sweepi/SweePi/maps/diagnostic_manual_20260712_0145.pgm
[sweepi_robot_manager_node.py-5] [wavefront_explorer.py-13] [INFO] [1783800731.151377737] [wavefront_explorer]:    📄 YAML: /home/sweepi/SweePi/maps/diagnostic_manual_20260712_0145.yaml
[sweepi_robot_manager_node.py-5] [wavefront_explorer.py-13] [INFO] [1783800731.152159998] [wavefront_explorer]: ======================================================================
[sweepi_robot_manager_node.py-5] [INFO] [1783800731.154016454] [sweepi_robot_manager]: /stop_exploration_and_save completed
[sweepi_robot_manager_node.py-5] [INFO] [1783800731.154715399] [sweepi_robot_manager]: Exploration stop-and-save finished. Returning manager to idle.
[api_bridge_node-6] [INFO] [1783800731.155728907] [sweepi_api_bridge]: HTTP "POST /api/exploration/stop HTTP/1.1" 200 -
[sweepi_robot_manager_node.py-5] [INFO] [1783800731.155759130] [sweepi_robot_manager]: Stopping active exploration launch
[sweepi_robot_manager_node.py-5] [WARNING] [launch]: user interrupted with ctrl-c (SIGINT)
[sweepi_robot_manager_node.py-5] [INFO] [wavefront_explorer.py-13]: sending signal 'SIGINT' to process[wavefront_explorer.py-13]
[sweepi_robot_manager_node.py-5] [INFO] [velocity_smoother-8]: process has finished cleanly [pid 22895]
[sweepi_robot_manager_node.py-5] [INFO] [async_slam_toolbox_node-12]: sending signal 'SIGINT' to process[async_slam_toolbox_node-12]
[sweepi_robot_manager_node.py-5] [INFO] [collision_monitor-9]: process has finished cleanly [pid 22896]
[sweepi_robot_manager_node.py-5] [INFO] [smoother_server-2]: process has finished cleanly [pid 22889]
[sweepi_robot_manager_node.py-5] [INFO] [lifecycle_manager-11]: sending signal 'SIGINT' to process[lifecycle_manager-11]
[sweepi_robot_manager_node.py-5] [INFO] [opennav_docking-10]: sending signal 'SIGINT' to process[opennav_docking-10]
[sweepi_robot_manager_node.py-5] [ERROR] [wavefront_explorer.py-13]: process has died [pid 22900, exit code -2, cmd '/home/sweepi/SweePi/install_diagnostic/sweepi_exploration/lib/sweepi_exploration/wavefront_explorer.py --ros-args -r __node:=wavefront_explorer --params-file /tmp/launch_params_c3qivn65'].
[sweepi_robot_manager_node.py-5] [INFO] [waypoint_follower-7]: sending signal 'SIGINT' to process[waypoint_follower-7]
[sweepi_robot_manager_node.py-5] [ERROR] [async_slam_toolbox_node-12]: process has died [pid 22899, exit code -2, cmd '/opt/ros/jazzy/lib/slam_toolbox/async_slam_toolbox_node --ros-args -r __node:=slam_toolbox -r __ns:=/ --params-file /tmp/launch_params_c8sase4z --params-file /tmp/launch_params_7ij_ro35 -r /map:=/slam_map'].
[sweepi_robot_manager_node.py-5] [INFO] [bt_navigator-6]: sending signal 'SIGINT' to process[bt_navigator-6]
[sweepi_robot_manager_node.py-5] [ERROR] [opennav_docking-10]: process has died [pid 22897, exit code -2, cmd '/opt/ros/jazzy/lib/opennav_docking/opennav_docking --ros-args --log-level info --ros-args -r __node:=docking_server -p use_sim_time:=False --params-file /tmp/launch_params_lgr2h3di -r /tf:=tf -r /tf_static:=tf_static'].
[sweepi_robot_manager_node.py-5] [INFO] [behavior_server-5]: sending signal 'SIGINT' to process[behavior_server-5]
[sweepi_robot_manager_node.py-5] [INFO] [route_server-4]: sending signal 'SIGINT' to process[route_server-4]
[sweepi_robot_manager_node.py-5] [ERROR] [waypoint_follower-7]: process has died [pid 22894, exit code -2, cmd '/opt/ros/jazzy/lib/nav2_waypoint_follower/waypoint_follower --ros-args --log-level info --ros-args -r __node:=waypoint_follower -p use_sim_time:=False --params-file /tmp/launch_params_lgr2h3di -r /tf:=tf -r /tf_static:=tf_static'].
[sweepi_robot_manager_node.py-5] [INFO] [planner_server-3]: sending signal 'SIGINT' to process[planner_server-3]
[sweepi_robot_manager_node.py-5] [INFO] [controller_server-1]: sending signal 'SIGINT' to process[controller_server-1]
[sweepi_robot_manager_node.py-5] [ERROR] [behavior_server-5]: process has died [pid 22892, exit code -2, cmd '/opt/ros/jazzy/lib/nav2_behaviors/behavior_server --ros-args --log-level info --ros-args -r __node:=behavior_server -p use_sim_time:=False --params-file /tmp/launch_params_lgr2h3di -r /tf:=tf -r /tf_static:=tf_static -r cmd_vel:=cmd_vel_nav'].
[sweepi_robot_manager_node.py-5] [controller_server-1] [INFO] [1783800731.155982395] [rclcpp]: signal_handler(SIGINT/SIGTERM)
[sweepi_robot_manager_node.py-5] [controller_server-1] [INFO] [1783800731.156106232] [controller_server]: Running Nav2 LifecycleNode rcl preshutdown (controller_server)
[sweepi_robot_manager_node.py-5] [controller_server-1] [INFO] [1783800731.156223624] [controller_server]: Deactivating
[sweepi_robot_manager_node.py-5] [controller_server-1] [INFO] [1783800731.156250069] [controller_server]: Deactivating controller: FollowPath of type regulated_pure_pursuit_controller::RegulatedPurePursuitController
[sweepi_robot_manager_node.py-5] [controller_server-1] [INFO] [1783800731.156294348] [local_costmap.local_costmap]: Deactivating
[sweepi_robot_manager_node.py-5] [ERROR] [route_server-4]: process has died [pid 22891, exit code -2, cmd '/opt/ros/jazzy/lib/nav2_route/route_server --ros-args --log-level info --ros-args -r __node:=route_server -p use_sim_time:=False --params-file /tmp/launch_params_lgr2h3di -r /tf:=tf -r /tf_static:=tf_static'].
[sweepi_robot_manager_node.py-5] [async_slam_toolbox_node-12] [INFO] [1783800731.156016507] [rclcpp]: signal_handler(SIGINT/SIGTERM)
[sweepi_robot_manager_node.py-5] [lifecycle_manager-11] [INFO] [1783800731.156047656] [rclcpp]: signal_handler(SIGINT/SIGTERM)
[sweepi_robot_manager_node.py-5] [lifecycle_manager-11] [INFO] [1783800731.156136214] [lifecycle_manager_navigation]: Running Nav2 LifecycleManager rcl preshutdown (lifecycle_manager_navigation)
[sweepi_robot_manager_node.py-5] [lifecycle_manager-11] [INFO] [1783800731.156195030] [lifecycle_manager_navigation]: [34m[1mTerminating bond timer...[0m[0m
[sweepi_robot_manager_node.py-5] [bt_navigator-6] [INFO] [1783800731.156114250] [rclcpp]: signal_handler(SIGINT/SIGTERM)
[sweepi_robot_manager_node.py-5] [bt_navigator-6] [INFO] [1783800731.156230716] [bt_navigator]: Running Nav2 LifecycleNode rcl preshutdown (bt_navigator)
[sweepi_robot_manager_node.py-5] [bt_navigator-6] [INFO] [1783800731.156330645] [bt_navigator]: Deactivating
[sweepi_robot_manager_node.py-5] [bt_navigator-6] [INFO] [1783800731.156388498] [bt_navigator]: Destroying bond (bt_navigator) to lifecycle manager.
[sweepi_robot_manager_node.py-5] [velocity_smoother-8] [INFO] [1783800731.156364220] [rclcpp]: signal_handler(SIGINT/SIGTERM)
[sweepi_robot_manager_node.py-5] [velocity_smoother-8] [INFO] [1783800731.156469463] [velocity_smoother]: Running Nav2 LifecycleNode rcl preshutdown (velocity_smoother)
[sweepi_robot_manager_node.py-5] [velocity_smoother-8] [INFO] [1783800731.156591078] [velocity_smoother]: Deactivating
[sweepi_robot_manager_node.py-5] [velocity_smoother-8] [INFO] [1783800731.156627968] [velocity_smoother]: Destroying bond (velocity_smoother) to lifecycle manager.
[sweepi_robot_manager_node.py-5] [smoother_server-2] [INFO] [1783800731.159406856] [rclcpp]: signal_handler(SIGINT/SIGTERM)
[sweepi_robot_manager_node.py-5] [smoother_server-2] [INFO] [1783800731.159580731] [smoother_server]: Running Nav2 LifecycleNode rcl preshutdown (smoother_server)
[sweepi_robot_manager_node.py-5] [smoother_server-2] [INFO] [1783800731.159699345] [smoother_server]: Deactivating
[sweepi_robot_manager_node.py-5] [smoother_server-2] [INFO] [1783800731.159735420] [smoother_server]: Destroying bond (smoother_server) to lifecycle manager.
[sweepi_robot_manager_node.py-5] [smoother_server-2] [INFO] [1783800731.261277875] [smoother_server]: Cleaning up
[sweepi_robot_manager_node.py-5] [smoother_server-2] [INFO] [1783800731.464917577] [smoother_server]: Destroying bond (smoother_server) to lifecycle manager.
[sweepi_robot_manager_node.py-5] [smoother_server-2] [INFO] [1783800731.544404080] [smoother_server]: Destroying
[sweepi_robot_manager_node.py-5] [planner_server-3] [INFO] [1783800731.159705215] [rclcpp]: signal_handler(SIGINT/SIGTERM)
[sweepi_robot_manager_node.py-5] [planner_server-3] [INFO] [1783800731.159868775] [planner_server]: Running Nav2 LifecycleNode rcl preshutdown (planner_server)
[sweepi_robot_manager_node.py-5] [planner_server-3] [INFO] [1783800731.159956352] [planner_server]: Deactivating
[sweepi_robot_manager_node.py-5] [planner_server-3] [INFO] [1783800731.160000260] [global_costmap.global_costmap]: Deactivating
[sweepi_robot_manager_node.py-5] [planner_server-3] [INFO] [1783800731.656510980] [planner_server]: Deactivating plugin GridBased of type NavfnPlanner
[sweepi_robot_manager_node.py-5] [planner_server-3] [INFO] [1783800731.656597798] [planner_server]: Destroying bond (planner_server) to lifecycle manager.
[sweepi_robot_manager_node.py-5] [planner_server-3] [INFO] [1783800731.737126087] [planner_server]: Cleaning up
[sweepi_robot_manager_node.py-5] [route_server-4] [INFO] [1783800731.161223755] [rclcpp]: signal_handler(SIGINT/SIGTERM)
[sweepi_robot_manager_node.py-5] [route_server-4] [INFO] [1783800731.161425168] [route_server]: Running Nav2 LifecycleNode rcl preshutdown (route_server)
[sweepi_robot_manager_node.py-5] [route_server-4] [INFO] [1783800731.161535319] [route_server]: Deactivating
[sweepi_robot_manager_node.py-5] [route_server-4] [INFO] [1783800731.161568135] [route_server]: Destroying bond (route_server) to lifecycle manager.
[sweepi_robot_manager_node.py-5] [route_server-4] [INFO] [1783800731.306918004] [route_server]: Cleaning up
[sweepi_robot_manager_node.py-5] [route_server-4] [INFO] [1783800731.645493227] [route_server]: Destroying bond (route_server) to lifecycle manager.
[sweepi_robot_manager_node.py-5] [route_server-4] [INFO] [1783800731.907923220] [route_server]: Destroying
[sweepi_robot_manager_node.py-5] [behavior_server-5] [INFO] [1783800731.161688842] [rclcpp]: signal_handler(SIGINT/SIGTERM)
[sweepi_robot_manager_node.py-5] [behavior_server-5] [INFO] [1783800731.161816716] [behavior_server]: Running Nav2 LifecycleNode rcl preshutdown (behavior_server)
[sweepi_robot_manager_node.py-5] [behavior_server-5] [INFO] [1783800731.161914551] [behavior_server]: Deactivating
[sweepi_robot_manager_node.py-5] [behavior_server-5] [INFO] [1783800731.161966164] [behavior_server]: Destroying bond (behavior_server) to lifecycle manager.
[sweepi_robot_manager_node.py-5] [behavior_server-5] [INFO] [1783800731.293010915] [behavior_server]: Cleaning up
[sweepi_robot_manager_node.py-5] [behavior_server-5] [INFO] [1783800731.521921691] [behavior_server]: Destroying bond (behavior_server) to lifecycle manager.
[sweepi_robot_manager_node.py-5] [behavior_server-5] [INFO] [1783800732.098448023] [behavior_server]: Destroying
[sweepi_robot_manager_node.py-5] [wavefront_explorer.py-13] [INFO] [1783800731.162111242] [wavefront_explorer]: Stopped
[sweepi_robot_manager_node.py-5] [wavefront_explorer.py-13] Failed to publish log message to rosout: publisher's context is invalid, at ./src/rcl/publisher.c:423
[sweepi_robot_manager_node.py-5] [wavefront_explorer.py-13] Traceback (most recent call last):
[sweepi_robot_manager_node.py-5] [wavefront_explorer.py-13]   File "/home/sweepi/SweePi/install_diagnostic/sweepi_exploration/lib/sweepi_exploration/wavefront_explorer.py", line 1535, in <module>
[sweepi_robot_manager_node.py-5] [wavefront_explorer.py-13]     main()
[sweepi_robot_manager_node.py-5] [wavefront_explorer.py-13]   File "/home/sweepi/SweePi/install_diagnostic/sweepi_exploration/lib/sweepi_exploration/wavefront_explorer.py", line 1531, in main
[sweepi_robot_manager_node.py-5] [wavefront_explorer.py-13]     rclpy.shutdown()
[sweepi_robot_manager_node.py-5] [wavefront_explorer.py-13]   File "/opt/ros/jazzy/lib/python3.12/site-packages/rclpy/__init__.py", line 134, in shutdown
[sweepi_robot_manager_node.py-5] [wavefront_explorer.py-13]     _shutdown(context=context)
[sweepi_robot_manager_node.py-5] [wavefront_explorer.py-13]   File "/opt/ros/jazzy/lib/python3.12/site-packages/rclpy/utilities.py", line 82, in shutdown
[sweepi_robot_manager_node.py-5] [wavefront_explorer.py-13]     context.shutdown()
[sweepi_robot_manager_node.py-5] [wavefront_explorer.py-13]   File "/opt/ros/jazzy/lib/python3.12/site-packages/rclpy/context.py", line 129, in shutdown
[sweepi_robot_manager_node.py-5] [wavefront_explorer.py-13]     self.__context.shutdown()
[sweepi_robot_manager_node.py-5] [wavefront_explorer.py-13] rclpy._rclpy_pybind11.RCLError: failed to shutdown: rcl_shutdown already called on the given context, at ./src/rcl/init.c:333
[sweepi_robot_manager_node.py-5] [collision_monitor-9] [INFO] [1783800731.168120271] [rclcpp]: signal_handler(SIGINT/SIGTERM)
[sweepi_robot_manager_node.py-5] [collision_monitor-9] [INFO] [1783800731.168284256] [collision_monitor]: Running Nav2 LifecycleNode rcl preshutdown (collision_monitor)
[sweepi_robot_manager_node.py-5] [collision_monitor-9] [INFO] [1783800731.168418815] [collision_monitor]: Deactivating
[sweepi_robot_manager_node.py-5] [collision_monitor-9] [INFO] [1783800731.168457891] [collision_monitor]: Destroying bond (collision_monitor) to lifecycle manager.
[sweepi_robot_manager_node.py-5] [collision_monitor-9] [INFO] [1783800731.271482681] [collision_monitor]: Cleaning up
[sweepi_robot_manager_node.py-5] [collision_monitor-9] [INFO] [1783800731.271562461] [collision_monitor]: [FootprintApproach]: Destroying Polygon
[sweepi_robot_manager_node.py-5] [collision_monitor-9] [INFO] [1783800731.271597684] [collision_monitor]: [scan]: Destroying Scan
[sweepi_robot_manager_node.py-5] [collision_monitor-9] [INFO] [1783800731.353592494] [collision_monitor]: Destroying bond (collision_monitor) to lifecycle manager.
[sweepi_robot_manager_node.py-5] [collision_monitor-9] [INFO] [1783800731.453380829] [collision_monitor]: Destroying
[sweepi_robot_manager_node.py-5] [waypoint_follower-7] [INFO] [1783800731.169003757] [rclcpp]: signal_handler(SIGINT/SIGTERM)
[sweepi_robot_manager_node.py-5] [waypoint_follower-7] [INFO] [1783800731.169126723] [waypoint_follower]: Running Nav2 LifecycleNode rcl preshutdown (waypoint_follower)
[sweepi_robot_manager_node.py-5] [waypoint_follower-7] [INFO] [1783800731.169229707] [waypoint_follower]: Deactivating
[sweepi_robot_manager_node.py-5] [waypoint_follower-7] [INFO] [1783800731.169276801] [waypoint_follower]: Destroying bond (waypoint_follower) to lifecycle manager.
[sweepi_robot_manager_node.py-5] [waypoint_follower-7] [INFO] [1783800731.269809933] [waypoint_follower]: Cleaning up
[sweepi_robot_manager_node.py-5] [waypoint_follower-7] [INFO] [1783800731.695125647] [waypoint_follower]: Destroying bond (waypoint_follower) to lifecycle manager.
[sweepi_robot_manager_node.py-5] [waypoint_follower-7] [INFO] [1783800731.726767314] [waypoint_follower]: Destroying
[sweepi_robot_manager_node.py-5] [opennav_docking-10] [INFO] [1783800731.176334969] [rclcpp]: signal_handler(SIGINT/SIGTERM)
[sweepi_robot_manager_node.py-5] [opennav_docking-10] [INFO] [1783800731.176513084] [docking_server]: Running Nav2 LifecycleNode rcl preshutdown (docking_server)
[sweepi_robot_manager_node.py-5] [opennav_docking-10] [INFO] [1783800731.179218693] [docking_server]: Deactivating docking_server
[sweepi_robot_manager_node.py-5] [opennav_docking-10] [INFO] [1783800731.482700676] [docking_server]: Destroying bond (docking_server) to lifecycle manager.
[sweepi_robot_manager_node.py-5] [opennav_docking-10] [INFO] [1783800731.544401914] [docking_server]: Cleaning up docking_server
[sweepi_robot_manager_node.py-5] [opennav_docking-10] [INFO] [1783800731.842610998] [docking_server]: Destroying bond (docking_server) to lifecycle manager.
[sweepi_robot_manager_node.py-5] [opennav_docking-10] [INFO] [1783800732.041657506] [docking_server]: Destroying
[sweepi_robot_manager_node.py-5] [bt_navigator-6] [INFO] [1783800731.187337055] [bt_navigator]: Cleaning up
[sweepi_robot_manager_node.py-5] [async_slam_toolbox_node-12] Unregistering sensor: Custom Described Lidar
[sweepi_robot_manager_node.py-5] [velocity_smoother-8] [INFO] [1783800731.207077316] [velocity_smoother]: Cleaning up
[sweepi_robot_manager_node.py-5] [velocity_smoother-8] [INFO] [1783800731.207208634] [velocity_smoother]: Destroying bond (velocity_smoother) to lifecycle manager.
[sweepi_robot_manager_node.py-5] [velocity_smoother-8] [INFO] [1783800731.315955946] [velocity_smoother]: Destroying
[sweepi_robot_manager_node.py-5] [controller_server-1] [INFO] [1783800731.389922637] [controller_server]: Destroying bond (controller_server) to lifecycle manager.
[sweepi_robot_manager_node.py-5] [controller_server-1] [INFO] [1783800731.530933003] [controller_server]: Cleaning up
[sweepi_robot_manager_node.py-5] [controller_server-1] [INFO] [1783800731.530993949] [controller_server]: Cleaning up controller: FollowPath of type regulated_pure_pursuit_controller::RegulatedPurePursuitController
[sweepi_robot_manager_node.py-5] [controller_server-1] [INFO] [1783800731.608611829] [local_costmap.local_costmap]: Cleaning up
[api_bridge_node-6] [INFO] [1783800734.198630423] [sweepi_api_bridge]: HTTP "GET /api/robot/status HTTP/1.1" 200 -
[sweepi_robot_manager_node.py-5] [lifecycle_manager-11] [INFO] [1783800734.377943849] [rclcpp]: signal_handler(SIGINT/SIGTERM)
[sweepi_robot_manager_node.py-5] [planner_server-3] [INFO] [1783800734.382463968] [global_costmap.global_costmap]: Cleaning up
[sweepi_robot_manager_node.py-5] [planner_server-3] [INFO] [1783800734.447077361] [planner_server]: Cleaning up plugin GridBased of type NavfnPlanner
[sweepi_robot_manager_node.py-5] [planner_server-3] [INFO] [1783800734.447634858] [planner_server]: Destroying plugin GridBased of type NavfnPlanner
[sweepi_robot_manager_node.py-5] [lifecycle_manager-11] [INFO] [1783800734.478359596] [lifecycle_manager_navigation]: Destroying lifecycle_manager_navigation
[ekf_node-2] [ERROR] [1783800734.529845772] [ekf_filter_node]: Failed to meet update rate! Took 0.88313767200000004021seconds. Try decreasing the rate, limiting sensor output frequency, or limiting the number of sensors.
[sweepi_robot_manager_node.py-5] [planner_server-3] [INFO] [1783800734.619501605] [planner_server]: Destroying bond (planner_server) to lifecycle manager.
[sweepi_robot_manager_node.py-5] [planner_server-3] [INFO] [1783800734.645337584] [rclcpp]: signal_handler(SIGINT/SIGTERM)
[sweepi_robot_manager_node.py-5] [planner_server-3] [INFO] [1783800734.665732160] [global_costmap.global_costmap]: Destroying
[sweepi_robot_manager_node.py-5] [INFO] [lifecycle_manager-11]: process has finished cleanly [pid 22898]
[sweepi_robot_manager_node.py-5] [planner_server-3] [INFO] [1783800734.792569662] [planner_server]: Destroying
[sweepi_robot_manager_node.py-5] [bt_navigator-6] [INFO] [1783800734.986200429] [bt_navigator]: Completed Cleaning up
[sweepi_robot_manager_node.py-5] [bt_navigator-6] [INFO] [1783800734.986291987] [bt_navigator]: Destroying bond (bt_navigator) to lifecycle manager.
[sweepi_robot_manager_node.py-5] [bt_navigator-6] [INFO] [1783800734.990537395] [rclcpp]: signal_handler(SIGINT/SIGTERM)
[sweepi_robot_manager_node.py-5] [bt_navigator-6] [INFO] [1783800734.998843652] [bt_navigator]: Destroying
[sweepi_robot_manager_node.py-5] [INFO] [planner_server-3]: process has finished cleanly [pid 22890]
[sweepi_robot_manager_node.py-5] [INFO] [bt_navigator-6]: process has finished cleanly [pid 22893]
[sweepi_robot_manager_node.py-5] [controller_server-1] [INFO] [1783800735.246751193] [controller_server]: Destroying bond (controller_server) to lifecycle manager.
[sweepi_robot_manager_node.py-5] [controller_server-1] [INFO] [1783800735.263030661] [rclcpp]: signal_handler(SIGINT/SIGTERM)
[sweepi_robot_manager_node.py-5] [controller_server-1] [INFO] [1783800735.271142302] [local_costmap.local_costmap]: Destroying
[sweepi_robot_manager_node.py-5] [controller_server-1] [INFO] [1783800735.346041228] [controller_server]: Destroying
[sweepi_robot_manager_node.py-5] [INFO] [controller_server-1]: process has finished cleanly [pid 22888]
[WARNING] [launch]: user interrupted with ctrl-c (SIGINT)
[robot_state_publisher-4] [INFO] [1783800839.225004413] [rclcpp]: signal_handler(SIGINT/SIGTERM)
[ekf_node-2] [INFO] [1783800839.225043840] [rclcpp]: signal_handler(SIGINT/SIGTERM)
[INFO] [api_bridge_node-6]: sending signal 'SIGINT' to process[api_bridge_node-6]
[INFO] [sweepi_robot_manager_node.py-5]: sending signal 'SIGINT' to process[sweepi_robot_manager_node.py-5]
[INFO] [robot_state_publisher-4]: sending signal 'SIGINT' to process[robot_state_publisher-4]
[INFO] [sllidar_node-3]: sending signal 'SIGINT' to process[sllidar_node-3]
[INFO] [ekf_node-2]: sending signal 'SIGINT' to process[ekf_node-2]
[INFO] [base_driver_node-1]: sending signal 'SIGINT' to process[base_driver_node-1]
[api_bridge_node-6] Traceback (most recent call last):
[api_bridge_node-6]   File "/home/sweepi/SweePi/install_diagnostic/sweepi_api_bridge/lib/sweepi_api_bridge/api_bridge_node", line 33, in <module>
[api_bridge_node-6]     sys.exit(load_entry_point('sweepi-api-bridge', 'console_scripts', 'api_bridge_node')())
[api_bridge_node-6]              ^^^^^^^^^^^^^^^^^^^^^^^^^^^^^^^^^^^^^^^^^^^^^^^^^^^^^^^^^^^^^^^^^^^^^^^^^^^^^
[api_bridge_node-6]   File "/home/sweepi/SweePi/build_diagnostic/sweepi_api_bridge/sweepi_api_bridge/api_bridge_node.py", line 2558, in main
[api_bridge_node-6]     except (KeyboardInterrupt, ExternalShutdownException):
[api_bridge_node-6]         ^^^^^^^^^^^^^^^^^^^
[api_bridge_node-6]   File "/home/sweepi/SweePi/build_diagnostic/sweepi_api_bridge/sweepi_api_bridge/api_bridge_node.py", line 202, in destroy_node
[api_bridge_node-6]     self.http_server.shutdown()
[api_bridge_node-6]   File "/usr/lib/python3.12/socketserver.py", line 255, in shutdown
[robot_state_publisher-4] [INFO] [1783800839.239008907] [rclcpp]: signal_handler(SIGINT/SIGTERM)
[api_bridge_node-6]     self.__is_shut_down.wait()
[api_bridge_node-6]   File "/usr/lib/python3.12/threading.py", line 655, in wait
[sweepi_robot_manager_node.py-5] Traceback (most recent call last):
[sweepi_robot_manager_node.py-5]   File "/home/sweepi/SweePi/install_diagnostic/sweepi_robot_manager/lib/sweepi_robot_manager/sweepi_robot_manager_node.py", line 1270, in <module>
[base_driver_node-1] Traceback (most recent call last):
[base_driver_node-1]   File "/home/sweepi/SweePi/install_diagnostic/sweepi_base_driver/lib/sweepi_base_driver/base_driver_node", line 33, in <module>
[base_driver_node-1]     sys.exit(load_entry_point('sweepi-base-driver', 'console_scripts', 'base_driver_node')())
[sweepi_robot_manager_node.py-5]     main()
[sweepi_robot_manager_node.py-5]   File "/home/sweepi/SweePi/install_diagnostic/sweepi_robot_manager/lib/sweepi_robot_manager/sweepi_robot_manager_node.py", line 1264, in main
[base_driver_node-1]              ^^^^^^^^^^^^^^^^^^^^^^^^^^^^^^^^^^^^^^^^^^^^^^^^^^^^^^^^^^^^^^^^^^^^^^^^^^^^^^^
[base_driver_node-1]   File "/home/sweepi/SweePi/build_diagnostic/sweepi_base_driver/sweepi_base_driver/base_driver_node.py", line 483, in main
[base_driver_node-1]     node.destroy_node()
[base_driver_node-1]   File "/opt/ros/jazzy/lib/python3.12/site-packages/rclpy/node.py", line 1956, in destroy_node
[sweepi_robot_manager_node.py-5]     node.destroy_node()
[sweepi_robot_manager_node.py-5]   File "/opt/ros/jazzy/lib/python3.12/site-packages/rclpy/node.py", line 1956, in destroy_node
[base_driver_node-1]     self.destroy_publisher(self._publishers[0])
[base_driver_node-1]   File "/opt/ros/jazzy/lib/python3.12/site-packages/rclpy/node.py", line 1836, in destroy_publisher
[sweepi_robot_manager_node.py-5]     self.destroy_publisher(self._publishers[0])
[sweepi_robot_manager_node.py-5]   File "/opt/ros/jazzy/lib/python3.12/site-packages/rclpy/node.py", line 1836, in destroy_publisher
[sweepi_robot_manager_node.py-5]     publisher.destroy()
[sweepi_robot_manager_node.py-5]   File "/opt/ros/jazzy/lib/python3.12/site-packages/rclpy/publisher.py", line 105, in destroy
[base_driver_node-1]     publisher.destroy()
[base_driver_node-1]   File "/opt/ros/jazzy/lib/python3.12/site-packages/rclpy/publisher.py", line 105, in destroy
[sweepi_robot_manager_node.py-5]     self.__publisher.destroy_when_not_in_use()
[sweepi_robot_manager_node.py-5] KeyboardInterrupt
[base_driver_node-1]     self.__publisher.destroy_when_not_in_use()
[base_driver_node-1] KeyboardInterrupt
[api_bridge_node-6]     signaled = self._cond.wait(timeout)
[api_bridge_node-6]                ^^^^^^^^^^^^^^^^^^^^^^^^
[api_bridge_node-6]   File "/usr/lib/python3.12/threading.py", line 355, in wait
[api_bridge_node-6]     waiter.acquire()
[api_bridge_node-6] KeyboardInterrupt
[ERROR] [ekf_node-2]: process has died [pid 21845, exit code -2, cmd '/opt/ros/jazzy/lib/robot_localization/ekf_node --ros-args -r __node:=ekf_filter_node --params-file /home/sweepi/SweePi/install_diagnostic/sweepi_state_estimation/share/sweepi_state_estimation/config/ekf.yaml --params-file /tmp/launch_params_vwz6h72m -r odometry/filtered:=/odom'].
[sllidar_node-3] [INFO] [1783800839.397510158] [sllidar_node]: Stop motor
[ERROR] [api_bridge_node-6]: process has died [pid 21849, exit code -2, cmd '/home/sweepi/SweePi/install_diagnostic/sweepi_api_bridge/lib/sweepi_api_bridge/api_bridge_node --ros-args -r __node:=sweepi_api_bridge --params-file /tmp/launch_params_qwkj50nk'].
[ERROR] [base_driver_node-1]: process has died [pid 21844, exit code -2, cmd '/home/sweepi/SweePi/install_diagnostic/sweepi_base_driver/lib/sweepi_base_driver/base_driver_node --ros-args -r __node:=base_driver_node --params-file /home/sweepi/SweePi/install_diagnostic/sweepi_base_driver/share/sweepi_base_driver/config/base_driver_params.yaml --params-file /tmp/launch_params_irr1pl7o'].
[ERROR] [sweepi_robot_manager_node.py-5]: process has died [pid 21848, exit code -2, cmd '/home/sweepi/SweePi/install_diagnostic/sweepi_robot_manager/lib/sweepi_robot_manager/sweepi_robot_manager_node.py --ros-args -r __node:=sweepi_robot_manager --params-file /tmp/launch_params_jw5p9tg5'].
[INFO] [robot_state_publisher-4]: process has finished cleanly [pid 21847]
[ERROR] [sllidar_node-3]: process[sllidar_node-3] failed to terminate '5' seconds after receiving 'SIGINT', escalating to 'SIGTERM'
[INFO] [sllidar_node-3]: sending signal 'SIGTERM' to process[sllidar_node-3]
[INFO] [sllidar_node-3]: process has finished cleanly [pid 21846]
