Type: sensor_msgs/msg/LaserScan

Publisher count: 1

Node name: sllidar_node
Node namespace: /
Topic type: sensor_msgs/msg/LaserScan
Topic type hash: RIHS01_64c191398013af96509d518dac71d5164f9382553fce5c1f8cca5be7924bd828
Endpoint type: PUBLISHER
GID: 01.0f.81.bf.56.55.d2.6d.00.00.00.00.00.00.14.03
QoS profile:
  Reliability: RELIABLE
  History (Depth): UNKNOWN
  Durability: VOLATILE
  Lifespan: Infinite
  Deadline: Infinite
  Liveliness: AUTOMATIC
  Liveliness lease duration: Infinite

Subscription count: 0

Type: nav_msgs/msg/Odometry

Publisher count: 1

Node name: base_driver_node
Node namespace: /
Topic type: nav_msgs/msg/Odometry
Topic type hash: RIHS01_3cc97dc7fb7502f8714462c526d369e35b603cfc34d946e3f2eda2766dfec6e0
Endpoint type: PUBLISHER
GID: 01.0f.81.bf.54.55.60.7b.00.00.00.00.00.00.14.03
QoS profile:
  Reliability: RELIABLE
  History (Depth): UNKNOWN
  Durability: VOLATILE
  Lifespan: Infinite
  Deadline: Infinite
  Liveliness: AUTOMATIC
  Liveliness lease duration: Infinite

Subscription count: 1

Node name: ekf_filter_node
Node namespace: /
Topic type: nav_msgs/msg/Odometry
Topic type hash: RIHS01_3cc97dc7fb7502f8714462c526d369e35b603cfc34d946e3f2eda2766dfec6e0
Endpoint type: SUBSCRIPTION
GID: 01.0f.81.bf.55.55.c9.cd.00.00.00.00.00.00.25.04
QoS profile:
  Reliability: BEST_EFFORT
  History (Depth): UNKNOWN
  Durability: VOLATILE
  Lifespan: Infinite
  Deadline: Infinite
  Liveliness: AUTOMATIC
  Liveliness lease duration: Infinite

Type: sensor_msgs/msg/Imu

Publisher count: 1

Node name: base_driver_node
Node namespace: /
Topic type: sensor_msgs/msg/Imu
Topic type hash: RIHS01_7d9a00ff131080897a5ec7e26e315954b8eae3353c3f995c55faf71574000b5b
Endpoint type: PUBLISHER
GID: 01.0f.81.bf.54.55.60.7b.00.00.00.00.00.00.15.03
QoS profile:
  Reliability: RELIABLE
  History (Depth): UNKNOWN
  Durability: VOLATILE
  Lifespan: Infinite
  Deadline: Infinite
  Liveliness: AUTOMATIC
  Liveliness lease duration: Infinite

Subscription count: 0

Type: nav_msgs/msg/Odometry

Publisher count: 1

Node name: ekf_filter_node
Node namespace: /
Topic type: nav_msgs/msg/Odometry
Topic type hash: RIHS01_3cc97dc7fb7502f8714462c526d369e35b603cfc34d946e3f2eda2766dfec6e0
Endpoint type: PUBLISHER
GID: 01.0f.81.bf.55.55.c9.cd.00.00.00.00.00.00.26.03
QoS profile:
  Reliability: RELIABLE
  History (Depth): UNKNOWN
  Durability: VOLATILE
  Lifespan: Infinite
  Deadline: Infinite
  Liveliness: AUTOMATIC
  Liveliness lease duration: Infinite

Subscription count: 0

Type: geometry_msgs/msg/Twist

Publisher count: 1

Node name: sweepi_api_bridge
Node namespace: /
Topic type: geometry_msgs/msg/Twist
Topic type hash: RIHS01_9c45bf16fe0983d80e3cfe750d6835843d265a9a6c46bd2e609fcddde6fb8d2a
Endpoint type: PUBLISHER
GID: 01.0f.81.bf.59.55.c2.85.00.00.00.00.00.00.37.03
QoS profile:
  Reliability: RELIABLE
  History (Depth): UNKNOWN
  Durability: VOLATILE
  Lifespan: Infinite
  Deadline: Infinite
  Liveliness: AUTOMATIC
  Liveliness lease duration: Infinite

Subscription count: 1

Node name: base_driver_node
Node namespace: /
Topic type: geometry_msgs/msg/Twist
Topic type hash: RIHS01_9c45bf16fe0983d80e3cfe750d6835843d265a9a6c46bd2e609fcddde6fb8d2a
Endpoint type: SUBSCRIPTION
GID: 01.0f.81.bf.54.55.60.7b.00.00.00.00.00.00.13.04
QoS profile:
  Reliability: RELIABLE
  History (Depth): UNKNOWN
  Durability: VOLATILE
  Lifespan: Infinite
  Deadline: Infinite
  Liveliness: AUTOMATIC
  Liveliness lease duration: Infinite

Type: std_msgs/msg/String

Publisher count: 1

Node name: sweepi_robot_manager
Node namespace: /
Topic type: std_msgs/msg/String
Topic type hash: RIHS01_df668c740482bbd48fb39d76a70dfd4bd59db1288021743503259e948f6b1a18
Endpoint type: PUBLISHER
GID: 01.0f.81.bf.58.55.1b.e8.00.00.00.00.00.00.13.03
QoS profile:
  Reliability: RELIABLE
  History (Depth): UNKNOWN
  Durability: VOLATILE
  Lifespan: Infinite
  Deadline: Infinite
  Liveliness: AUTOMATIC
  Liveliness lease duration: Infinite

Subscription count: 1

Node name: sweepi_api_bridge
Node namespace: /
Topic type: std_msgs/msg/String
Topic type hash: RIHS01_df668c740482bbd48fb39d76a70dfd4bd59db1288021743503259e948f6b1a18
Endpoint type: SUBSCRIPTION
GID: 01.0f.81.bf.59.55.c2.85.00.00.00.00.00.00.3b.04
QoS profile:
  Reliability: RELIABLE
  History (Depth): UNKNOWN
  Durability: VOLATILE
  Lifespan: Infinite
  Deadline: Infinite
  Liveliness: AUTOMATIC
  Liveliness lease duration: Infinite

/base_driver_node
Boolean value is: False
/ekf_filter_node
Boolean value is: False
/robot_state_publisher
Boolean value is: False
/sllidar_node
Boolean value is: False
/sweepi_robot_manager
Boolean value is: False
/sweepi_api_bridge
Boolean value is: False
