/base_driver_node
/ekf_filter_node
/robot_state_publisher
/sllidar_node
/sweepi_api_bridge
/sweepi_robot_manager
/transform_listener_impl_aaaae0c05db0
/amcl_pose [geometry_msgs/msg/PoseWithCovarianceStamped]
/cmd_vel [geometry_msgs/msg/Twist]
/coverage_execution_status [std_msgs/msg/String]
/coverage_map [nav_msgs/msg/OccupancyGrid]
/coverage_path [nav_msgs/msg/Path]
/coverage_percentage [std_msgs/msg/Float32]
/coverage_stats [std_msgs/msg/String]
/diagnostics [diagnostic_msgs/msg/DiagnosticArray]
/exploration/mode [std_msgs/msg/String]
/hardware/status [std_msgs/msg/String]
/imu/data [sensor_msgs/msg/Imu]
/initialpose [geometry_msgs/msg/PoseWithCovarianceStamped]
/joint_states [sensor_msgs/msg/JointState]
/map [nav_msgs/msg/OccupancyGrid]
/odom [nav_msgs/msg/Odometry]
/parameter_events [rcl_interfaces/msg/ParameterEvent]
/robot_description [std_msgs/msg/String]
/rosout [rcl_interfaces/msg/Log]
/scan [sensor_msgs/msg/LaserScan]
/set_pose [geometry_msgs/msg/PoseWithCovarianceStamped]
/sweepi_robot_manager/coverage/last_summary [std_msgs/msg/String]
/sweepi_robot_manager/status [std_msgs/msg/String]
/tf [tf2_msgs/msg/TFMessage]
/tf_static [tf2_msgs/msg/TFMessage]
/wheel/odom [nav_msgs/msg/Odometry]
/continue_coverage_follow_path [std_srvs/srv/Trigger]
/pause_coverage_follow_path [std_srvs/srv/Trigger]
/return_home_coverage_follow_path [std_srvs/srv/Trigger]
/start_coverage_follow_path [std_srvs/srv/Trigger]
/sweepi_robot_manager/coverage/continue [std_srvs/srv/Trigger]
/sweepi_robot_manager/coverage/last_summary [std_srvs/srv/Trigger]
/sweepi_robot_manager/coverage/pause [std_srvs/srv/Trigger]
/sweepi_robot_manager/coverage/reset [std_srvs/srv/Trigger]
/sweepi_robot_manager/coverage/return_home [std_srvs/srv/Trigger]
/sweepi_robot_manager/coverage/start [std_srvs/srv/Trigger]
/sweepi_robot_manager/coverage/stop [std_srvs/srv/Trigger]
/sweepi_robot_manager/coverage/validate [std_srvs/srv/Trigger]
/sweepi_robot_manager/describe_parameters [rcl_interfaces/srv/DescribeParameters]
/sweepi_robot_manager/exploration/manual [std_srvs/srv/Trigger]
/sweepi_robot_manager/exploration/start_auto [std_srvs/srv/Trigger]
/sweepi_robot_manager/exploration/stop [std_srvs/srv/Trigger]
/sweepi_robot_manager/exploration/stop_and_save [std_srvs/srv/Trigger]
/sweepi_robot_manager/exploration/switch_mode [sweepi_robot_manager_interfaces/srv/StartTask]
/sweepi_robot_manager/get_parameter_types [rcl_interfaces/srv/GetParameterTypes]
/sweepi_robot_manager/get_parameters [rcl_interfaces/srv/GetParameters]
/sweepi_robot_manager/get_type_description [type_description_interfaces/srv/GetTypeDescription]
/sweepi_robot_manager/list_parameters [rcl_interfaces/srv/ListParameters]
/sweepi_robot_manager/set_parameters [rcl_interfaces/srv/SetParameters]
/sweepi_robot_manager/set_parameters_atomically [rcl_interfaces/srv/SetParametersAtomically]
/sweepi_robot_manager/start_coverage [sweepi_robot_manager_interfaces/srv/StartTask]
/sweepi_robot_manager/start_exploration [sweepi_robot_manager_interfaces/srv/StartTask]
/sweepi_robot_manager/stop_task [std_srvs/srv/Trigger]
/switch_to_auto_exploration [std_srvs/srv/Trigger]
/validate_coverage_follow_path [std_srvs/srv/Trigger]
LISTEN 0      5            0.0.0.0:8080       0.0.0.0:*    users:(("api_bridge_node",pid=21849,fd=26))
{"success":true,"message":"API server is healthy.","error":null,"timestamp":"2026-07-11T20:06:55Z","status":"ok","robot_connected":true,"server":"sweepi_api_bridge","api":{"host":"0.0.0.0","port":8080,"prefix":"/api"},"manager_status":"task=idle map_name=(unset) arm_assist=false latest_coverage_status=(none) latest_exploration_mode=(none)","ros_time_sec":1783800415.8665555}
{"success":true,"message":"Robot status fetched.","error":null,"timestamp":"2026-07-11T20:06:55Z","state":"idle","robot_id":"sweepi-robot-001","active_task":null,"mode":null,"battery":{"percent":null,"charging":null},"pose":null,"localization":{"initial_pose_received":false,"initial_pose_confirmed":false,"initial_pose_source":null,"pose_available":false},"exploration":{"active":false,"mode":null,"map_name":null,"map_id":null,"map_available":false},"cleaning":{"active":false,"paused":false,"task_id":null,"cleaning_mode":null,"progress_percent":0.0,"map_id":null,"sections":[],"path_available":false,"coverage_path_available":false,"coverage_map_available":false,"coverage_validated":false,"execution_status":"WAITING_FOR_PATH","coverage_stats":"","task_finished":false,"task_result":null,"last_error":null},"map":{"map_id":null,"name":null,"live_available":false,"saved_available":false},"nav":{"execution_status":"WAITING_FOR_PATH"},"errors":[],"warnings":[]}
192.168.8.164 2402:4000:2351:2c8f:2ecf:67ff:fe90:ef47 
