Jul 11 23:09:49 sweepi kernel: Booting Linux on physical CPU 0x0000000000 [0x414fd0b1]
Jul 11 23:09:49 sweepi kernel: Linux version 6.8.0-1060-raspi (buildd@bos03-arm64-088) (aarch64-linux-gnu-gcc-13 (Ubuntu 13.3.0-6ubuntu2~24.04.1) 13.3.0, GNU ld (GNU Binutils for Ubuntu) 2.42) #64-Ubuntu SMP PREEMPT_DYNAMIC Mon Jun 29 09:05:15 UTC 2026 (Ubuntu 6.8.0-1060.64-raspi 6.8.12)
Jul 11 23:09:49 sweepi kernel: KASLR enabled
Jul 11 23:09:49 sweepi kernel: random: crng init done
Jul 11 23:09:49 sweepi kernel: Machine model: Raspberry Pi 5 Model B Rev 1.0
Jul 11 23:09:49 sweepi kernel: efi: UEFI not found.
Jul 11 23:09:49 sweepi kernel: Reserved memory: created CMA memory pool at 0x0000000002600000, size 320 MiB
Jul 11 23:09:49 sweepi kernel: OF: reserved mem: initialized node linux,cma, compatible id shared-dma-pool
Jul 11 23:09:49 sweepi kernel: OF: reserved mem: 0x0000000002600000..0x00000000165fffff (327680 KiB) map reusable linux,cma
Jul 11 23:09:49 sweepi kernel: OF: reserved mem: 0x0000000000000000..0x000000000007ffff (512 KiB) nomap non-reusable atf@0
Jul 11 23:09:49 sweepi kernel: OF: reserved mem: 0x000000003fd23780..0x000000003fd237b7 (0 KiB) nomap non-reusable nvram@0
Jul 11 23:09:49 sweepi kernel: Zone ranges:
Jul 11 23:09:49 sweepi kernel:   DMA      [mem 0x0000000000000000-0x00000000ffffffff]
Jul 11 23:09:49 sweepi kernel:   DMA32    empty
Jul 11 23:09:49 sweepi kernel:   Normal   [mem 0x0000000100000000-0x00000001ffffffff]
Jul 11 23:09:49 sweepi kernel: Movable zone start for each node
Jul 11 23:09:49 sweepi kernel: Early memory node ranges
Jul 11 23:09:49 sweepi kernel:   node   0: [mem 0x0000000000000000-0x000000000007ffff]
Jul 11 23:09:49 sweepi kernel:   node   0: [mem 0x0000000000080000-0x000000003fbfffff]
Jul 11 23:09:49 sweepi kernel:   node   0: [mem 0x0000000040000000-0x00000001ffffffff]
Jul 11 23:09:49 sweepi kernel: Initmem setup node 0 [mem 0x0000000000000000-0x00000001ffffffff]
Jul 11 23:09:49 sweepi kernel: On node 0, zone DMA: 1024 pages in unavailable ranges
Jul 11 23:09:49 sweepi kernel: psci: probing for conduit method from DT.
Jul 11 23:09:49 sweepi kernel: psci: PSCIv1.1 detected in firmware.
Jul 11 23:09:49 sweepi kernel: psci: Using standard PSCI v0.2 function IDs
Jul 11 23:09:49 sweepi kernel: psci: MIGRATE_INFO_TYPE not supported.
Jul 11 23:09:49 sweepi kernel: psci: SMC Calling Convention v1.2
Jul 11 23:09:49 sweepi kernel: percpu: Embedded 52 pages/cpu s88104 r8192 d116696 u212992
Jul 11 23:09:49 sweepi kernel: pcpu-alloc: s88104 r8192 d116696 u212992 alloc=52*4096
Jul 11 23:09:49 sweepi kernel: pcpu-alloc: [0] 0 [0] 1 [0] 2 [0] 3 
Jul 11 23:09:49 sweepi kernel: Detected PIPT I-cache on CPU0
Jul 11 23:09:49 sweepi kernel: CPU features: detected: Virtualization Host Extensions
Jul 11 23:09:49 sweepi kernel: CPU features: detected: Spectre-v4
Jul 11 23:09:49 sweepi kernel: CPU features: detected: Spectre-BHB
Jul 11 23:09:49 sweepi kernel: CPU features: kernel page table isolation forced ON by KASLR
Jul 11 23:09:49 sweepi kernel: CPU features: detected: Kernel page table isolation (KPTI)
Jul 11 23:09:49 sweepi kernel: CPU features: detected: SSBS not fully self-synchronizing
Jul 11 23:09:49 sweepi kernel: alternatives: applying boot alternatives
Jul 11 23:09:49 sweepi kernel: Kernel command line: reboot=w coherent_pool=1M 8250.nr_uarts=1 pci=pcie_bus_safe  smsc95xx.macaddr=2C:CF:67:90:EF:46 vc_mem.mem_base=0x3fc00000 vc_mem.mem_size=0x40000000  multipath=off dwc_otg.lpm_enable=0 console=tty1 root=LABEL=writable rootfstype=ext4 rootwait fixrtc cfg80211.ieee80211_regdom=LK
Jul 11 23:09:49 sweepi kernel: Unknown kernel command line parameters "fixrtc multipath=off", will be passed to user space.
Jul 11 23:09:49 sweepi kernel: Dentry cache hash table entries: 1048576 (order: 11, 8388608 bytes, linear)
Jul 11 23:09:49 sweepi kernel: Inode-cache hash table entries: 524288 (order: 10, 4194304 bytes, linear)
Jul 11 23:09:49 sweepi kernel: Built 1 zonelists, mobility grouping on.  Total pages: 2063360
Jul 11 23:09:49 sweepi kernel: mem auto-init: stack:off, heap alloc:off, heap free:off
Jul 11 23:09:49 sweepi kernel: software IO TLB: area num 4.
Jul 11 23:09:49 sweepi kernel: software IO TLB: mapped [mem 0x00000000fbfff000-0x00000000fffff000] (64MB)
Jul 11 23:09:49 sweepi kernel: Memory: 7734332K/8384512K available (15296K kernel code, 2728K rwdata, 9752K rodata, 6656K init, 896K bss, 322500K reserved, 327680K cma-reserved)
Jul 11 23:09:49 sweepi kernel: SLUB: HWalign=64, Order=0-3, MinObjects=0, CPUs=4, Nodes=1
Jul 11 23:09:49 sweepi kernel: ftrace: allocating 45682 entries in 179 pages
Jul 11 23:09:49 sweepi kernel: ftrace: allocated 179 pages with 5 groups
Jul 11 23:09:49 sweepi kernel: Dynamic Preempt: full
Jul 11 23:09:49 sweepi kernel: rcu: Preemptible hierarchical RCU implementation.
Jul 11 23:09:49 sweepi kernel: rcu:         RCU restricting CPUs from NR_CPUS=256 to nr_cpu_ids=4.
Jul 11 23:09:49 sweepi kernel:         Trampoline variant of Tasks RCU enabled.
Jul 11 23:09:49 sweepi kernel:         Rude variant of Tasks RCU enabled.
Jul 11 23:09:49 sweepi kernel:         Tracing variant of Tasks RCU enabled.
Jul 11 23:09:49 sweepi kernel: rcu: RCU calculated value of scheduler-enlistment delay is 100 jiffies.
Jul 11 23:09:49 sweepi kernel: rcu: Adjusting geometry for rcu_fanout_leaf=16, nr_cpu_ids=4
Jul 11 23:09:49 sweepi kernel: RCU Tasks: Setting shift to 2 and lim to 1 rcu_task_cb_adjust=1 rcu_task_cpu_ids=4.
Jul 11 23:09:49 sweepi kernel: RCU Tasks Rude: Setting shift to 2 and lim to 1 rcu_task_cb_adjust=1 rcu_task_cpu_ids=4.
Jul 11 23:09:49 sweepi kernel: RCU Tasks Trace: Setting shift to 2 and lim to 1 rcu_task_cb_adjust=1 rcu_task_cpu_ids=4.
Jul 11 23:09:49 sweepi kernel: NR_IRQS: 64, nr_irqs: 64, preallocated irqs: 0
Jul 11 23:09:49 sweepi kernel: Root IRQ handler: gic_handle_irq
Jul 11 23:09:49 sweepi kernel: GIC: Using split EOI/Deactivate mode
Jul 11 23:09:49 sweepi kernel: rcu: srcu_init: Setting srcu_struct sizes based on contention.
Jul 11 23:09:49 sweepi kernel: arch_timer: cp15 timer(s) running at 54.00MHz (phys).
Jul 11 23:09:49 sweepi kernel: clocksource: arch_sys_counter: mask: 0xffffffffffffff max_cycles: 0xc743ce346, max_idle_ns: 440795203123 ns
Jul 11 23:09:49 sweepi kernel: sched_clock: 56 bits at 54MHz, resolution 18ns, wraps every 4398046511102ns
Jul 11 23:09:49 sweepi kernel: Console: colour dummy device 80x25
Jul 11 23:09:49 sweepi kernel: printk: legacy console [tty1] enabled
Jul 11 23:09:49 sweepi kernel: Calibrating delay loop (skipped), value calculated using timer frequency.. 108.00 BogoMIPS (lpj=54000)
Jul 11 23:09:49 sweepi kernel: pid_max: default: 32768 minimum: 301
Jul 11 23:09:49 sweepi kernel: LSM: initializing lsm=lockdown,capability,landlock,yama,apparmor,integrity
Jul 11 23:09:49 sweepi kernel: landlock: Up and running.
Jul 11 23:09:49 sweepi kernel: Yama: becoming mindful.
Jul 11 23:09:49 sweepi kernel: AppArmor: AppArmor initialized
Jul 11 23:09:49 sweepi kernel: Mount-cache hash table entries: 16384 (order: 5, 131072 bytes, linear)
Jul 11 23:09:49 sweepi kernel: Mountpoint-cache hash table entries: 16384 (order: 5, 131072 bytes, linear)
Jul 11 23:09:49 sweepi kernel: rcu: Hierarchical SRCU implementation.
Jul 11 23:09:49 sweepi kernel: rcu:         Max phase no-delay instances is 400.
Jul 11 23:09:49 sweepi kernel: EFI services will not be available.
Jul 11 23:09:49 sweepi kernel: smp: Bringing up secondary CPUs ...
Jul 11 23:09:49 sweepi kernel: Detected PIPT I-cache on CPU1
Jul 11 23:09:49 sweepi kernel: CPU1: Booted secondary processor 0x0000000100 [0x414fd0b1]
Jul 11 23:09:49 sweepi kernel: Detected PIPT I-cache on CPU2
Jul 11 23:09:49 sweepi kernel: CPU2: Booted secondary processor 0x0000000200 [0x414fd0b1]
Jul 11 23:09:49 sweepi kernel: Detected PIPT I-cache on CPU3
Jul 11 23:09:49 sweepi kernel: CPU3: Booted secondary processor 0x0000000300 [0x414fd0b1]
Jul 11 23:09:49 sweepi kernel: smp: Brought up 1 node, 4 CPUs
Jul 11 23:09:49 sweepi kernel: SMP: Total of 4 processors activated.
Jul 11 23:09:49 sweepi kernel: CPU: All CPU(s) started at EL2
Jul 11 23:09:49 sweepi kernel: CPU features: detected: 32-bit EL0 Support
Jul 11 23:09:49 sweepi kernel: CPU features: detected: Data cache clean to the PoU not required for I/D coherence
Jul 11 23:09:49 sweepi kernel: CPU features: detected: Common not Private translations
Jul 11 23:09:49 sweepi kernel: CPU features: detected: CRC32 instructions
Jul 11 23:09:49 sweepi kernel: CPU features: detected: Data cache clean to Point of Persistence
Jul 11 23:09:49 sweepi kernel: CPU features: detected: RCpc load-acquire (LDAPR)
Jul 11 23:09:49 sweepi kernel: CPU features: detected: LSE atomic instructions
Jul 11 23:09:49 sweepi kernel: CPU features: detected: Privileged Access Never
Jul 11 23:09:49 sweepi kernel: CPU features: detected: Speculative Store Bypassing Safe (SSBS)
Jul 11 23:09:49 sweepi kernel: alternatives: applying system-wide alternatives
Jul 11 23:09:49 sweepi kernel: CPU features: detected: Hardware dirty bit management on CPU0-3
Jul 11 23:09:49 sweepi kernel: devtmpfs: initialized
Jul 11 23:09:49 sweepi kernel: Enabled cp15_barrier support
Jul 11 23:09:49 sweepi kernel: Enabled setend support
Jul 11 23:09:49 sweepi kernel: clocksource: jiffies: mask: 0xffffffff max_cycles: 0xffffffff, max_idle_ns: 1911260446275000 ns
Jul 11 23:09:49 sweepi kernel: futex hash table entries: 1024 (order: 4, 65536 bytes, linear)
Jul 11 23:09:49 sweepi kernel: pinctrl core: initialized pinctrl subsystem
Jul 11 23:09:49 sweepi kernel: DMI not present or invalid.
Jul 11 23:09:49 sweepi kernel: NET: Registered PF_NETLINK/PF_ROUTE protocol family
Jul 11 23:09:49 sweepi kernel: DMA: preallocated 1024 KiB GFP_KERNEL pool for atomic allocations
Jul 11 23:09:49 sweepi kernel: DMA: preallocated 1024 KiB GFP_KERNEL|GFP_DMA pool for atomic allocations
Jul 11 23:09:49 sweepi kernel: DMA: preallocated 1024 KiB GFP_KERNEL|GFP_DMA32 pool for atomic allocations
Jul 11 23:09:49 sweepi kernel: audit: initializing netlink subsys (disabled)
Jul 11 23:09:49 sweepi kernel: audit: type=2000 audit(0.010:1): state=initialized audit_enabled=0 res=1
Jul 11 23:09:49 sweepi kernel: thermal_sys: Registered thermal governor 'fair_share'
Jul 11 23:09:49 sweepi kernel: thermal_sys: Registered thermal governor 'bang_bang'
Jul 11 23:09:49 sweepi kernel: thermal_sys: Registered thermal governor 'step_wise'
Jul 11 23:09:49 sweepi kernel: thermal_sys: Registered thermal governor 'user_space'
Jul 11 23:09:49 sweepi kernel: cpuidle: using governor ladder
Jul 11 23:09:49 sweepi kernel: cpuidle: using governor menu
Jul 11 23:09:49 sweepi kernel: hw-breakpoint: found 6 breakpoint and 4 watchpoint registers.
Jul 11 23:09:49 sweepi kernel: ASID allocator initialised with 32768 entries
Jul 11 23:09:49 sweepi kernel: Serial: AMBA PL011 UART driver
Jul 11 23:09:49 sweepi kernel: bcm2835-mbox 107c013880.mailbox: mailbox enabled
Jul 11 23:09:49 sweepi kernel: 107d001000.serial: ttyAMA10 at MMIO 0x107d001000 (irq = 15, base_baud = 0) is a PL011 rev2
Jul 11 23:09:49 sweepi kernel: raspberrypi-firmware soc:firmware: Attached to firmware from 2025-11-05T17:37:18, variant start_cd
Jul 11 23:09:49 sweepi kernel: raspberrypi-firmware soc:firmware: Firmware hash is 57db150d00000000000000000000000000000000
Jul 11 23:09:49 sweepi kernel: /axi/interrupt-controller@7fff9000: Fixed dependency cycle(s) with /axi/interrupt-controller@7fff9000
Jul 11 23:09:49 sweepi kernel: Modules: 2G module region forced by RANDOMIZE_MODULE_REGION_FULL
Jul 11 23:09:49 sweepi kernel: Modules: 0 pages in range for non-PLT usage
Jul 11 23:09:49 sweepi kernel: Modules: 515392 pages in range for PLT usage
Jul 11 23:09:49 sweepi kernel: HugeTLB: registered 1.00 GiB page size, pre-allocated 0 pages
Jul 11 23:09:49 sweepi kernel: HugeTLB: 0 KiB vmemmap can be freed for a 1.00 GiB page
Jul 11 23:09:49 sweepi kernel: HugeTLB: registered 32.0 MiB page size, pre-allocated 0 pages
Jul 11 23:09:49 sweepi kernel: HugeTLB: 0 KiB vmemmap can be freed for a 32.0 MiB page
Jul 11 23:09:49 sweepi kernel: HugeTLB: registered 2.00 MiB page size, pre-allocated 0 pages
Jul 11 23:09:49 sweepi kernel: HugeTLB: 0 KiB vmemmap can be freed for a 2.00 MiB page
Jul 11 23:09:49 sweepi kernel: HugeTLB: registered 64.0 KiB page size, pre-allocated 0 pages
Jul 11 23:09:49 sweepi kernel: HugeTLB: 0 KiB vmemmap can be freed for a 64.0 KiB page
Jul 11 23:09:49 sweepi kernel: bcm2835-dma 1000010000.dma: DMA legacy API manager, dmachans=0x1
Jul 11 23:09:49 sweepi kernel: iommu: Default domain type: Translated
Jul 11 23:09:49 sweepi kernel: iommu: DMA domain TLB invalidation policy: strict mode
Jul 11 23:09:49 sweepi kernel: SCSI subsystem initialized
Jul 11 23:09:49 sweepi kernel: usbcore: registered new interface driver usbfs
Jul 11 23:09:49 sweepi kernel: usbcore: registered new interface driver hub
Jul 11 23:09:49 sweepi kernel: usbcore: registered new device driver usb
Jul 11 23:09:49 sweepi kernel: pps_core: LinuxPPS API ver. 1 registered
Jul 11 23:09:49 sweepi kernel: pps_core: Software ver. 5.3.6 - Copyright 2005-2007 Rodolfo Giometti <giometti@linux.it>
Jul 11 23:09:49 sweepi kernel: PTP clock support registered
Jul 11 23:09:49 sweepi kernel: EDAC MC: Ver: 3.0.0
Jul 11 23:09:49 sweepi kernel: NetLabel: Initializing
Jul 11 23:09:49 sweepi kernel: NetLabel:  domain hash size = 128
Jul 11 23:09:49 sweepi kernel: NetLabel:  protocols = UNLABELED CIPSOv4 CALIPSO
Jul 11 23:09:49 sweepi kernel: NetLabel:  unlabeled traffic allowed by default
Jul 11 23:09:49 sweepi kernel: clocksource: Switched to clocksource arch_sys_counter
Jul 11 23:09:49 sweepi kernel: VFS: Disk quotas dquot_6.6.0
Jul 11 23:09:49 sweepi kernel: VFS: Dquot-cache hash table entries: 512 (order 0, 4096 bytes)
Jul 11 23:09:49 sweepi kernel: AppArmor: AppArmor Filesystem Enabled
Jul 11 23:09:49 sweepi kernel: NET: Registered PF_INET protocol family
Jul 11 23:09:49 sweepi kernel: IP idents hash table entries: 131072 (order: 8, 1048576 bytes, linear)
Jul 11 23:09:49 sweepi kernel: tcp_listen_portaddr_hash hash table entries: 4096 (order: 4, 65536 bytes, linear)
Jul 11 23:09:49 sweepi kernel: Table-perturb hash table entries: 65536 (order: 6, 262144 bytes, linear)
Jul 11 23:09:49 sweepi kernel: TCP established hash table entries: 65536 (order: 7, 524288 bytes, linear)
Jul 11 23:09:49 sweepi kernel: TCP bind hash table entries: 65536 (order: 9, 2097152 bytes, linear)
Jul 11 23:09:49 sweepi kernel: TCP: Hash tables configured (established 65536 bind 65536)
Jul 11 23:09:49 sweepi kernel: MPTCP token hash table entries: 8192 (order: 6, 196608 bytes, linear)
Jul 11 23:09:49 sweepi kernel: UDP hash table entries: 4096 (order: 5, 131072 bytes, linear)
Jul 11 23:09:49 sweepi kernel: UDP-Lite hash table entries: 4096 (order: 5, 131072 bytes, linear)
Jul 11 23:09:49 sweepi kernel: NET: Registered PF_UNIX/PF_LOCAL protocol family
Jul 11 23:09:49 sweepi kernel: NET: Registered PF_XDP protocol family
Jul 11 23:09:49 sweepi kernel: PCI: CLS 0 bytes, default 64
Jul 11 23:09:49 sweepi kernel: Trying to unpack rootfs image as initramfs...
Jul 11 23:09:49 sweepi kernel: kvm [1]: IPA Size Limit: 40 bits
Jul 11 23:09:49 sweepi kernel: kvm [1]: vgic interrupt IRQ9
Jul 11 23:09:49 sweepi kernel: kvm [1]: VHE mode initialized successfully
Jul 11 23:09:49 sweepi kernel: Initialise system trusted keyrings
Jul 11 23:09:49 sweepi kernel: Key type blacklist registered
Jul 11 23:09:49 sweepi kernel: workingset: timestamp_bits=46 max_order=21 bucket_order=0
Jul 11 23:09:49 sweepi kernel: zbud: loaded
Jul 11 23:09:49 sweepi kernel: squashfs: version 4.0 (2009/01/31) Phillip Lougher
Jul 11 23:09:49 sweepi kernel: Key type asymmetric registered
Jul 11 23:09:49 sweepi kernel: Asymmetric key parser 'x509' registered
Jul 11 23:09:49 sweepi kernel: Block layer SCSI generic (bsg) driver version 0.4 loaded (major 246)
Jul 11 23:09:49 sweepi kernel: io scheduler mq-deadline registered
Jul 11 23:09:49 sweepi kernel: irq_brcmstb_l2: registered L2 intc (/soc/interrupt-controller@7c502000, parent irq: 26)
Jul 11 23:09:49 sweepi kernel: irq_brcmstb_l2: registered L2 intc (/soc/intc@7d503000, parent irq: 27)
Jul 11 23:09:49 sweepi kernel: irq_brcmstb_l2: registered L2 intc (/soc/intc@7d508380, parent irq: 28)
Jul 11 23:09:49 sweepi kernel: irq_brcmstb_l2: registered L2 intc (/soc/intc@7d508400, parent irq: 29)
Jul 11 23:09:49 sweepi kernel: irq_brcmstb_l2: registered L2 intc (/soc/interrupt-controller@7d510600, parent irq: 30)
Jul 11 23:09:49 sweepi kernel: irq_brcmstb_l2: registered L2 intc (/soc/intc@7d517b00, parent irq: 31)
Jul 11 23:09:49 sweepi kernel: Serial: 8250/16550 driver, 1 ports, IRQ sharing enabled
Jul 11 23:09:49 sweepi kernel: iproc-rng200 107d208000.rng: hwrng registered
Jul 11 23:09:49 sweepi kernel: vc-mem: phys_addr:0x00000000 mem_base=0x3fc00000 mem_size:0x40000000(1024 MiB)
Jul 11 23:09:49 sweepi kernel: bcm2712-iommu-cache 1000005b00.iommuc: bcm2712_iommu_cache_probe
Jul 11 23:09:49 sweepi kernel: loop: module loaded
Jul 11 23:09:49 sweepi kernel: bcm2835-power bcm2835-power: Broadcom BCM2835 power domains driver
Jul 11 23:09:49 sweepi kernel: usbcore: registered new interface driver lan78xx
Jul 11 23:09:49 sweepi kernel: usbcore: registered new interface driver smsc95xx
Jul 11 23:09:49 sweepi kernel: mousedev: PS/2 mouse device common for all mice
Jul 11 23:09:49 sweepi kernel: i2c_dev: i2c /dev entries driver
Jul 11 23:09:49 sweepi kernel: bcm2835-wdt bcm2835-wdt: Poweroff handler already present!
Jul 11 23:09:49 sweepi kernel: bcm2835-wdt bcm2835-wdt: Broadcom BCM2835 watchdog timer
Jul 11 23:09:49 sweepi kernel: sdhci: Secure Digital Host Controller Interface driver
Jul 11 23:09:49 sweepi kernel: sdhci: Copyright(c) Pierre Ossman
Jul 11 23:09:49 sweepi kernel: sdhci-pltfm: SDHCI platform and OF driver helper
Jul 11 23:09:49 sweepi kernel: ledtrig-cpu: registered to indicate activity on CPUs
Jul 11 23:09:49 sweepi kernel: SMCCC: SOC_ID: ARCH_SOC_ID not implemented, skipping ....
Jul 11 23:09:49 sweepi kernel: hid: raw HID events driver (C) Jiri Kosina
Jul 11 23:09:49 sweepi kernel: hw perfevents: enabled with armv8_cortex_a76 PMU driver, 7 counters available
Jul 11 23:09:49 sweepi kernel: NET: Registered PF_INET6 protocol family
Jul 11 23:09:49 sweepi kernel: watchdog: Delayed init of the lockup detector failed: -19
Jul 11 23:09:49 sweepi kernel: watchdog: Hard watchdog permanently disabled
Jul 11 23:09:49 sweepi kernel: Freeing initrd memory: 59016K
Jul 11 23:09:49 sweepi kernel: Segment Routing with IPv6
Jul 11 23:09:49 sweepi kernel: In-situ OAM (IOAM) with IPv6
Jul 11 23:09:49 sweepi kernel: NET: Registered PF_PACKET protocol family
Jul 11 23:09:49 sweepi kernel: Key type dns_resolver registered
Jul 11 23:09:49 sweepi kernel: registered taskstats version 1
Jul 11 23:09:49 sweepi kernel: Loading compiled-in X.509 certificates
Jul 11 23:09:49 sweepi kernel: Loaded X.509 cert 'Build time autogenerated kernel key: 249170eb174b04ad58da847f9c490aa337ea24a0'
Jul 11 23:09:49 sweepi kernel: Loaded X.509 cert 'Canonical Ltd. Live Patch Signing 2025 Kmod: d541cef61dc7e793b7eb7e899970a2eef0b5dc8c'
Jul 11 23:09:49 sweepi kernel: Loaded X.509 cert 'Canonical Ltd. Live Patch Signing: 14df34d1a87cf37625abec039ef2bf521249b969'
Jul 11 23:09:49 sweepi kernel: Loaded X.509 cert 'Canonical Ltd. Kernel Module Signing 2025 Kmod: 4627603d2357a2a3f81006370894c221175893e9'
Jul 11 23:09:49 sweepi kernel: Loaded X.509 cert 'Canonical Ltd. Kernel Module Signing: 88f752e560a1e0737e31163a466ad7b70a850c19'
Jul 11 23:09:49 sweepi kernel: blacklist: Loading compiled-in revocation X.509 certificates
Jul 11 23:09:49 sweepi kernel: Loaded X.509 cert 'Canonical Ltd. Secure Boot Signing: 61482aa2830d0ab2ad5af10b7250da9033ddcef0'
Jul 11 23:09:49 sweepi kernel: Loaded X.509 cert 'Canonical Ltd. Secure Boot Signing (2017): 242ade75ac4a15e50d50c84b0d45ff3eae707a03'
Jul 11 23:09:49 sweepi kernel: Loaded X.509 cert 'Canonical Ltd. Secure Boot Signing (ESM 2018): 365188c1d374d6b07c3c8f240f8ef722433d6a8b'
Jul 11 23:09:49 sweepi kernel: Loaded X.509 cert 'Canonical Ltd. Secure Boot Signing (2019): c0746fd6c5da3ae827864651ad66ae47fe24b3e8'
Jul 11 23:09:49 sweepi kernel: Loaded X.509 cert 'Canonical Ltd. Secure Boot Signing (2021 v1): a8d54bbb3825cfb94fa13c9f8a594a195c107b8d'
Jul 11 23:09:49 sweepi kernel: Loaded X.509 cert 'Canonical Ltd. Secure Boot Signing (2021 v2): 4cf046892d6fd3c9a5b03f98d845f90851dc6a8c'
Jul 11 23:09:49 sweepi kernel: Loaded X.509 cert 'Canonical Ltd. Secure Boot Signing (2021 v3): 100437bb6de6e469b581e61cd66bce3ef4ed53af'
Jul 11 23:09:49 sweepi kernel: Loaded X.509 cert 'Canonical Ltd. Secure Boot Signing (Ubuntu Core 2019): c1d57b8f6b743f23ee41f4f7ee292f06eecadfb9'
Jul 11 23:09:49 sweepi kernel: Key type .fscrypt registered
Jul 11 23:09:49 sweepi kernel: Key type fscrypt-provisioning registered
Jul 11 23:09:49 sweepi kernel: Key type encrypted registered
Jul 11 23:09:49 sweepi kernel: AppArmor: AppArmor sha256 policy hashing enabled
Jul 11 23:09:49 sweepi kernel: ima: No TPM chip found, activating TPM-bypass!
Jul 11 23:09:49 sweepi kernel: ima: Allocated hash algorithm: sha1
Jul 11 23:09:49 sweepi kernel: ima: No architecture policies found
Jul 11 23:09:49 sweepi kernel: evm: Initialising EVM extended attributes:
Jul 11 23:09:49 sweepi kernel: evm: security.selinux
Jul 11 23:09:49 sweepi kernel: evm: security.SMACK64
Jul 11 23:09:49 sweepi kernel: evm: security.SMACK64EXEC
Jul 11 23:09:49 sweepi kernel: evm: security.SMACK64TRANSMUTE
Jul 11 23:09:49 sweepi kernel: evm: security.SMACK64MMAP
Jul 11 23:09:49 sweepi kernel: evm: security.apparmor
Jul 11 23:09:49 sweepi kernel: evm: security.ima
Jul 11 23:09:49 sweepi kernel: evm: security.capability
Jul 11 23:09:49 sweepi kernel: evm: HMAC attrs: 0x1
Jul 11 23:09:49 sweepi kernel: bcm2712-iommu 1000005100.iommu: bcm2712_iommu_init: DEBUG_INFO = 0x20804774
Jul 11 23:09:49 sweepi kernel: bcm2712-iommu 1000005100.iommu: bcm2712_iommu_probe: Success
Jul 11 23:09:49 sweepi kernel: bcm2712-iommu 1000005200.iommu: bcm2712_iommu_init: DEBUG_INFO = 0x20804774
Jul 11 23:09:49 sweepi kernel: bcm2712-iommu 1000005200.iommu: bcm2712_iommu_probe: Success
Jul 11 23:09:49 sweepi kernel: bcm2712-iommu 1000005280.iommu: bcm2712_iommu_init: DEBUG_INFO = 0x20804774
Jul 11 23:09:49 sweepi kernel: bcm2712-iommu 1000005280.iommu: bcm2712_iommu_probe: Success
Jul 11 23:09:49 sweepi kernel: of_cfs_init
Jul 11 23:09:49 sweepi kernel: of_cfs_init: OK
Jul 11 23:09:49 sweepi kernel: clk: Disabling unused clocks
Jul 11 23:09:49 sweepi kernel: Freeing unused kernel memory: 6656K
Jul 11 23:09:49 sweepi kernel: Checked W+X mappings: passed, no W+X pages found
Jul 11 23:09:49 sweepi kernel: Run /init as init process
Jul 11 23:09:49 sweepi kernel:   with arguments:
Jul 11 23:09:49 sweepi kernel:     /init
Jul 11 23:09:49 sweepi kernel:     fixrtc
Jul 11 23:09:49 sweepi kernel:   with environment:
Jul 11 23:09:49 sweepi kernel:     HOME=/
Jul 11 23:09:49 sweepi kernel:     TERM=linux
Jul 11 23:09:49 sweepi kernel:     multipath=off
Jul 11 23:09:49 sweepi kernel: brcmstb-i2c 107d508200.i2c:  @97500hz registered in interrupt mode
Jul 11 23:09:49 sweepi kernel: brcm-pcie 1000120000.pcie: host bridge /axi/pcie@120000 ranges:
Jul 11 23:09:49 sweepi kernel: brcm-pcie 1000120000.pcie:   No bus range found for /axi/pcie@120000, using [bus 00-ff]
Jul 11 23:09:49 sweepi kernel: brcm-pcie 1000120000.pcie:      MEM 0x1f00000000..0x1ffffffffb -> 0x0000000000
Jul 11 23:09:49 sweepi kernel: brcm-pcie 1000120000.pcie:      MEM 0x1c00000000..0x1effffffff -> 0x0400000000
Jul 11 23:09:49 sweepi kernel: brcm-pcie 1000120000.pcie:   IB MEM 0x1f00000000..0x1f003fffff -> 0x0000000000
Jul 11 23:09:49 sweepi kernel: brcm-pcie 1000120000.pcie:   IB MEM 0x0000000000..0x0fffffffff -> 0x1000000000
Jul 11 23:09:49 sweepi kernel: brcm-pcie 1000120000.pcie: Forcing gen 2
Jul 11 23:09:49 sweepi kernel: brcm-pcie 1000120000.pcie: PCI host bridge to bus 0000:00
Jul 11 23:09:49 sweepi kernel: pci_bus 0000:00: root bus resource [bus 00-ff]
Jul 11 23:09:49 sweepi kernel: pci_bus 0000:00: root bus resource [mem 0x1f00000000-0x1ffffffffb] (bus address [0x00000000-0xfffffffb])
Jul 11 23:09:49 sweepi kernel: pci_bus 0000:00: root bus resource [mem 0x1c00000000-0x1effffffff pref] (bus address [0x400000000-0x6ffffffff])
Jul 11 23:09:49 sweepi kernel: pci 0000:00:00.0: [14e4:2712] type 01 class 0x060400 PCIe Root Port
Jul 11 23:09:49 sweepi kernel: pci 0000:00:00.0: PCI bridge to [bus 00]
Jul 11 23:09:49 sweepi kernel: pci 0000:00:00.0:   bridge window [mem 0x1f80000000-0x1fbfffffff]
Jul 11 23:09:49 sweepi kernel: pci 0000:00:00.0: PME# supported from D0 D3hot
Jul 11 23:09:49 sweepi kernel: pci 0000:00:00.0: bridge configuration invalid ([bus 00-00]), reconfiguring
Jul 11 23:09:49 sweepi kernel: brcmstb-i2c 107d508280.i2c:  @97500hz registered in interrupt mode
Jul 11 23:09:49 sweepi kernel: dwc2 1000480000.usb: supply vusb_d not found, using dummy regulator
Jul 11 23:09:49 sweepi kernel: dwc2 1000480000.usb: supply vusb_a not found, using dummy regulator
Jul 11 23:09:49 sweepi kernel: 107d50c000.serial: ttyS0 at MMIO 0x107d50c000 (irq = 38, base_baud = 6000000) is a Broadcom BCM7271 UART
Jul 11 23:09:49 sweepi kernel: serial serial0: tty port ttyS0 registered
Jul 11 23:09:49 sweepi kernel: rpi-rtc soc:rpi_rtc: registered as rtc0
Jul 11 23:09:49 sweepi kernel: rpi-rtc soc:rpi_rtc: setting system clock to 1970-01-01T00:00:13 UTC (13)
Jul 11 23:09:49 sweepi kernel: brcm-pcie 1000120000.pcie: clkreq-mode set to default
Jul 11 23:09:49 sweepi kernel: brcm-pcie 1000120000.pcie: link up, 5.0 GT/s PCIe x4 (!SSC)
Jul 11 23:09:49 sweepi kernel: pci 0000:01:00.0: [1de4:0001] type 00 class 0x020000 PCIe Endpoint
Jul 11 23:09:49 sweepi kernel: pci 0000:01:00.0: BAR 0 [mem 0xffffc000-0xffffffff]
Jul 11 23:09:49 sweepi kernel: pci 0000:01:00.0: BAR 1 [mem 0xffc00000-0xffffffff]
Jul 11 23:09:49 sweepi kernel: pci 0000:01:00.0: BAR 2 [mem 0xffff0000-0xffffffff]
Jul 11 23:09:49 sweepi kernel: pci 0000:01:00.0: supports D1
Jul 11 23:09:49 sweepi kernel: pci 0000:01:00.0: PME# supported from D0 D1 D3hot D3cold
Jul 11 23:09:49 sweepi kernel: pci_bus 0000:01: busn_res: [bus 01-ff] end is updated to 01
Jul 11 23:09:49 sweepi kernel: pci 0000:00:00.0: bridge window [mem 0x1f00000000-0x1f005fffff]: assigned
Jul 11 23:09:49 sweepi kernel: pci 0000:01:00.0: BAR 1 [mem 0x1f00000000-0x1f003fffff]: assigned
Jul 11 23:09:49 sweepi kernel: pci 0000:01:00.0: BAR 2 [mem 0x1f00400000-0x1f0040ffff]: assigned
Jul 11 23:09:49 sweepi kernel: pci 0000:01:00.0: BAR 0 [mem 0x1f00410000-0x1f00413fff]: assigned
Jul 11 23:09:49 sweepi kernel: pci 0000:00:00.0: PCI bridge to [bus 01]
Jul 11 23:09:49 sweepi kernel: pci 0000:00:00.0:   bridge window [mem 0x1f00000000-0x1f005fffff]
Jul 11 23:09:49 sweepi kernel: pci 0000:00:00.0: Max Payload Size set to  256/ 512 (was  128), Max Read Rq  512
Jul 11 23:09:49 sweepi kernel: pci 0000:01:00.0: Max Payload Size set to  256/ 256 (was  128), Max Read Rq  512
Jul 11 23:09:49 sweepi kernel: pcieport 0000:00:00.0: enabling device (0000 -> 0002)
Jul 11 23:09:49 sweepi kernel: pcieport 0000:00:00.0: PME: Signaling with IRQ 40
Jul 11 23:09:49 sweepi kernel: pcieport 0000:00:00.0: AER: enabled with IRQ 40
Jul 11 23:09:49 sweepi kernel: rp1 0000:01:00.0: bar0 len 0x4000, start 0x1f00410000, end 0x1f00413fff, flags, 0x40200
Jul 11 23:09:49 sweepi kernel: rp1 0000:01:00.0: bar1 len 0x400000, start 0x1f00000000, end 0x1f003fffff, flags, 0x40200
Jul 11 23:09:49 sweepi kernel: rp1 0000:01:00.0: enabling device (0000 -> 0002)
Jul 11 23:09:49 sweepi kernel: rp1 0000:01:00.0: chip_id 0x20001927
Jul 11 23:09:49 sweepi kernel: dw_axi_dmac_platform 1f00188000.dma: DesignWare AXI DMA Controller, 8 channels
Jul 11 23:09:49 sweepi kernel: input: pwr_button as /devices/platform/pwr_button/input/input2
Jul 11 23:09:49 sweepi kernel: sdhci-brcmstb 1000fff000.mmc: Got CD GPIO
Jul 11 23:09:49 sweepi kernel: pl011-axi 1f00030000.serial: cts_event_workaround enabled
Jul 11 23:09:49 sweepi kernel: 1f00030000.serial: ttyAMA0 at MMIO 0x1f00030000 (irq = 127, base_baud = 0) is a PL011 AXI
Jul 11 23:09:49 sweepi kernel: mmc1: CQHCI version 5.10
Jul 11 23:09:49 sweepi kernel: macb 1f00100000.ethernet eth0: Cadence GEM rev 0x00070109 at 0x1f00100000 irq 108 (2c:cf:67:90:ef:46)
Jul 11 23:09:49 sweepi kernel: mmc0: SDHCI controller on 1000fff000.mmc [1000fff000.mmc] using ADMA 64-bit
Jul 11 23:09:49 sweepi kernel: dwc2 1000480000.usb: EPs: 8, dedicated fifos, 4080 entries in SPRAM
Jul 11 23:09:49 sweepi kernel: dwc2 1000480000.usb: DWC OTG Controller
Jul 11 23:09:49 sweepi kernel: dwc2 1000480000.usb: new USB bus registered, assigned bus number 1
Jul 11 23:09:49 sweepi kernel: dwc2 1000480000.usb: irq 163, io mem 0x1000480000
Jul 11 23:09:49 sweepi kernel: usb usb1: New USB device found, idVendor=1d6b, idProduct=0002, bcdDevice= 6.08
Jul 11 23:09:49 sweepi kernel: usb usb1: New USB device strings: Mfr=3, Product=2, SerialNumber=1
Jul 11 23:09:49 sweepi kernel: usb usb1: Product: DWC OTG Controller
Jul 11 23:09:49 sweepi kernel: usb usb1: Manufacturer: Linux 6.8.0-1060-raspi dwc2_hsotg
Jul 11 23:09:49 sweepi kernel: usb usb1: SerialNumber: 1000480000.usb
Jul 11 23:09:49 sweepi kernel: hub 1-0:1.0: USB hub found
Jul 11 23:09:49 sweepi kernel: hub 1-0:1.0: 1 port detected
Jul 11 23:09:49 sweepi kernel: mmc0: cannot verify signal voltage switch
Jul 11 23:09:49 sweepi kernel: mmc0: new ultra high speed SDR104 SDXC card at address 0001
Jul 11 23:09:49 sweepi kernel: mmcblk0: mmc0:0001 SD16G 87.9 GiB
Jul 11 23:09:49 sweepi kernel:  mmcblk0: p1 p2
Jul 11 23:09:49 sweepi kernel: mmcblk0: mmc0:0001 SD16G 87.9 GiB
Jul 11 23:09:49 sweepi kernel: mmc1: SDHCI controller on 1001100000.mmc [1001100000.mmc] using ADMA 64-bit
Jul 11 23:09:49 sweepi kernel: xhci-hcd xhci-hcd.0: xHCI Host Controller
Jul 11 23:09:49 sweepi kernel: xhci-hcd xhci-hcd.0: new USB bus registered, assigned bus number 2
Jul 11 23:09:49 sweepi kernel: xhci-hcd xhci-hcd.0: hcc params 0x0240fe6d hci version 0x110 quirks 0x0000008000000810
Jul 11 23:09:49 sweepi kernel: xhci-hcd xhci-hcd.0: irq 133, io mem 0x1f00200000
Jul 11 23:09:49 sweepi kernel: xhci-hcd xhci-hcd.0: xHCI Host Controller
Jul 11 23:09:49 sweepi kernel: xhci-hcd xhci-hcd.0: new USB bus registered, assigned bus number 3
Jul 11 23:09:49 sweepi kernel: xhci-hcd xhci-hcd.0: Host supports USB 3.0 SuperSpeed
Jul 11 23:09:49 sweepi kernel: usb usb2: New USB device found, idVendor=1d6b, idProduct=0002, bcdDevice= 6.08
Jul 11 23:09:49 sweepi kernel: usb usb2: New USB device strings: Mfr=3, Product=2, SerialNumber=1
Jul 11 23:09:49 sweepi kernel: usb usb2: Product: xHCI Host Controller
Jul 11 23:09:49 sweepi kernel: usb usb2: Manufacturer: Linux 6.8.0-1060-raspi xhci-hcd
Jul 11 23:09:49 sweepi kernel: usb usb2: SerialNumber: xhci-hcd.0
Jul 11 23:09:49 sweepi kernel: hub 2-0:1.0: USB hub found
Jul 11 23:09:49 sweepi kernel: hub 2-0:1.0: 2 ports detected
Jul 11 23:09:49 sweepi kernel: mmc1: cannot verify signal voltage switch
Jul 11 23:09:49 sweepi kernel: usb usb3: New USB device found, idVendor=1d6b, idProduct=0003, bcdDevice= 6.08
Jul 11 23:09:49 sweepi kernel: usb usb3: New USB device strings: Mfr=3, Product=2, SerialNumber=1
Jul 11 23:09:49 sweepi kernel: usb usb3: Product: xHCI Host Controller
Jul 11 23:09:49 sweepi kernel: usb usb3: Manufacturer: Linux 6.8.0-1060-raspi xhci-hcd
Jul 11 23:09:49 sweepi kernel: usb usb3: SerialNumber: xhci-hcd.0
Jul 11 23:09:49 sweepi kernel: hub 3-0:1.0: USB hub found
Jul 11 23:09:49 sweepi kernel: hub 3-0:1.0: 1 port detected
Jul 11 23:09:49 sweepi kernel: xhci-hcd xhci-hcd.1: xHCI Host Controller
Jul 11 23:09:49 sweepi kernel: xhci-hcd xhci-hcd.1: new USB bus registered, assigned bus number 4
Jul 11 23:09:49 sweepi kernel: xhci-hcd xhci-hcd.1: hcc params 0x0240fe6d hci version 0x110 quirks 0x0000008000000810
Jul 11 23:09:49 sweepi kernel: xhci-hcd xhci-hcd.1: irq 138, io mem 0x1f00300000
Jul 11 23:09:49 sweepi kernel: xhci-hcd xhci-hcd.1: xHCI Host Controller
Jul 11 23:09:49 sweepi kernel: xhci-hcd xhci-hcd.1: new USB bus registered, assigned bus number 5
Jul 11 23:09:49 sweepi kernel: xhci-hcd xhci-hcd.1: Host supports USB 3.0 SuperSpeed
Jul 11 23:09:49 sweepi kernel: usb usb4: New USB device found, idVendor=1d6b, idProduct=0002, bcdDevice= 6.08
Jul 11 23:09:49 sweepi kernel: usb usb4: New USB device strings: Mfr=3, Product=2, SerialNumber=1
Jul 11 23:09:49 sweepi kernel: usb usb4: Product: xHCI Host Controller
Jul 11 23:09:49 sweepi kernel: usb usb4: Manufacturer: Linux 6.8.0-1060-raspi xhci-hcd
Jul 11 23:09:49 sweepi kernel: usb usb4: SerialNumber: xhci-hcd.1
Jul 11 23:09:49 sweepi kernel: hub 4-0:1.0: USB hub found
Jul 11 23:09:49 sweepi kernel: hub 4-0:1.0: 2 ports detected
Jul 11 23:09:49 sweepi kernel: usb usb5: New USB device found, idVendor=1d6b, idProduct=0003, bcdDevice= 6.08
Jul 11 23:09:49 sweepi kernel: usb usb5: New USB device strings: Mfr=3, Product=2, SerialNumber=1
Jul 11 23:09:49 sweepi kernel: usb usb5: Product: xHCI Host Controller
Jul 11 23:09:49 sweepi kernel: usb usb5: Manufacturer: Linux 6.8.0-1060-raspi xhci-hcd
Jul 11 23:09:49 sweepi kernel: usb usb5: SerialNumber: xhci-hcd.1
Jul 11 23:09:49 sweepi kernel: hub 5-0:1.0: USB hub found
Jul 11 23:09:49 sweepi kernel: hub 5-0:1.0: 1 port detected
Jul 11 23:09:49 sweepi kernel: mmc1: new ultra high speed DDR50 SDIO card at address 0001
Jul 11 23:09:49 sweepi kernel: usb 4-1: new full-speed USB device number 2 using xhci-hcd
Jul 11 23:09:49 sweepi kernel: usb 4-1: New USB device found, idVendor=10c4, idProduct=ea60, bcdDevice= 1.00
Jul 11 23:09:49 sweepi kernel: usb 4-1: New USB device strings: Mfr=1, Product=2, SerialNumber=3
Jul 11 23:09:49 sweepi kernel: usb 4-1: Product: CP2102N USB to UART Bridge Controller
Jul 11 23:09:49 sweepi kernel: usb 4-1: Manufacturer: Silicon Labs
Jul 11 23:09:49 sweepi kernel: usb 4-1: SerialNumber: 1c341230b5d5ef11bfaa744b49d2c684
Jul 11 23:09:49 sweepi kernel: raid6: neonx8   gen() 11563 MB/s
Jul 11 23:09:49 sweepi kernel: raid6: neonx4   gen() 11465 MB/s
Jul 11 23:09:49 sweepi kernel: raid6: neonx2   gen()  9848 MB/s
Jul 11 23:09:49 sweepi kernel: raid6: neonx1   gen()  7904 MB/s
Jul 11 23:09:49 sweepi kernel: raid6: int64x8  gen()  5611 MB/s
Jul 11 23:09:49 sweepi kernel: raid6: int64x4  gen()  5895 MB/s
Jul 11 23:09:49 sweepi kernel: raid6: int64x2  gen()  4917 MB/s
Jul 11 23:09:49 sweepi kernel: raid6: int64x1  gen()  4059 MB/s
Jul 11 23:09:49 sweepi kernel: raid6: using algorithm neonx8 gen() 11563 MB/s
Jul 11 23:09:49 sweepi kernel: raid6: .... xor() 8374 MB/s, rmw enabled
Jul 11 23:09:49 sweepi kernel: raid6: using neon recovery algorithm
Jul 11 23:09:49 sweepi kernel: xor: measuring software checksum speed
Jul 11 23:09:49 sweepi kernel:    8regs           : 15345 MB/sec
Jul 11 23:09:49 sweepi kernel:    32regs          : 15748 MB/sec
Jul 11 23:09:49 sweepi kernel:    arm64_neon      : 11160 MB/sec
Jul 11 23:09:49 sweepi kernel: xor: using function: 32regs (15748 MB/sec)
Jul 11 23:09:49 sweepi kernel: async_tx: api initialized (async)
Jul 11 23:09:49 sweepi kernel: Btrfs loaded, zoned=yes, fsverity=no
Jul 11 23:09:49 sweepi kernel: EXT4-fs (mmcblk0p2): mounted filesystem c5da9c27-d622-4e80-89db-6af2e32618b4 ro with ordered data mode. Quota mode: none.
Jul 11 23:09:49 sweepi systemd[1]: Inserted module 'autofs4'
Jul 11 23:09:49 sweepi systemd[1]: systemd 255.4-1ubuntu8.16 running in system mode (+PAM +AUDIT +SELINUX +APPARMOR +IMA +SMACK +SECCOMP +GCRYPT -GNUTLS +OPENSSL +ACL +BLKID +CURL +ELFUTILS +FIDO2 +IDN2 -IDN +IPTC +KMOD +LIBCRYPTSETUP +LIBFDISK +PCRE2 -PWQUALITY +P11KIT +QRENCODE +TPM2 +BZIP2 +LZ4 +XZ +ZLIB +ZSTD -BPF_FRAMEWORK -XKBCOMMON +UTMP +SYSVINIT default-hierarchy=unified)
Jul 11 23:09:49 sweepi systemd[1]: Detected architecture arm64.
Jul 11 23:09:49 sweepi systemd[1]: Hostname set to <sweepi>.
Jul 11 23:09:49 sweepi systemd[1]: Queued start job for default target graphical.target.
Jul 11 23:09:49 sweepi systemd[1]: Created slice system-modprobe.slice - Slice /system/modprobe.
Jul 11 23:09:49 sweepi systemd[1]: Created slice system-systemd\x2dfsck.slice - Slice /system/systemd-fsck.
Jul 11 23:09:49 sweepi systemd[1]: Created slice user.slice - User and Session Slice.
Jul 11 23:09:49 sweepi systemd[1]: Started systemd-ask-password-wall.path - Forward Password Requests to Wall Directory Watch.
Jul 11 23:09:49 sweepi systemd[1]: Set up automount proc-sys-fs-binfmt_misc.automount - Arbitrary Executable File Formats File System Automount Point.
Jul 11 23:09:49 sweepi systemd[1]: Expecting device dev-disk-by\x2dlabel-system\x2dboot.device - /dev/disk/by-label/system-boot...
Jul 11 23:09:49 sweepi systemd[1]: Expecting device sys-subsystem-net-devices-wlan0.device - /sys/subsystem/net/devices/wlan0...
Jul 11 23:09:49 sweepi systemd[1]: Reached target integritysetup.target - Local Integrity Protected Volumes.
Jul 11 23:09:49 sweepi systemd[1]: Reached target nss-user-lookup.target - User and Group Name Lookups.
Jul 11 23:09:49 sweepi systemd[1]: Reached target slices.target - Slice Units.
Jul 11 23:09:49 sweepi systemd[1]: Reached target snapd.mounts-pre.target - Mounting snaps.
Jul 11 23:09:49 sweepi systemd[1]: Reached target swap.target - Swaps.
Jul 11 23:09:49 sweepi systemd[1]: Reached target veritysetup.target - Local Verity Protected Volumes.
Jul 11 23:09:49 sweepi systemd[1]: Listening on dm-event.socket - Device-mapper event daemon FIFOs.
Jul 11 23:09:49 sweepi systemd[1]: Listening on lvm2-lvmpolld.socket - LVM2 poll daemon socket.
Jul 11 23:09:49 sweepi systemd[1]: multipathd.socket - multipathd control socket was skipped because of an unmet condition check (ConditionKernelCommandLine=!multipath=off).
Jul 11 23:09:49 sweepi systemd[1]: Listening on syslog.socket - Syslog Socket.
Jul 11 23:09:49 sweepi systemd[1]: Listening on systemd-fsckd.socket - fsck to fsckd communication Socket.
Jul 11 23:09:49 sweepi systemd[1]: Listening on systemd-initctl.socket - initctl Compatibility Named Pipe.
Jul 11 23:09:49 sweepi systemd[1]: Listening on systemd-journald-dev-log.socket - Journal Socket (/dev/log).
Jul 11 23:09:49 sweepi systemd[1]: Listening on systemd-journald.socket - Journal Socket.
Jul 11 23:09:49 sweepi systemd[1]: Listening on systemd-networkd.socket - Network Service Netlink Socket.
Jul 11 23:09:49 sweepi systemd[1]: systemd-pcrextend.socket - TPM2 PCR Extension (Varlink) was skipped because of an unmet condition check (ConditionSecurity=measured-uki).
Jul 11 23:09:49 sweepi systemd[1]: Listening on systemd-udevd-control.socket - udev Control Socket.
Jul 11 23:09:49 sweepi systemd[1]: Listening on systemd-udevd-kernel.socket - udev Kernel Socket.
Jul 11 23:09:49 sweepi systemd[1]: Mounting dev-hugepages.mount - Huge Pages File System...
Jul 11 23:09:49 sweepi systemd[1]: Mounting dev-mqueue.mount - POSIX Message Queue File System...
Jul 11 23:09:49 sweepi systemd[1]: Mounting sys-kernel-debug.mount - Kernel Debug File System...
Jul 11 23:09:49 sweepi systemd[1]: Mounting sys-kernel-tracing.mount - Kernel Trace File System...
Jul 11 23:09:49 sweepi systemd[1]: Starting systemd-journald.service - Journal Service...
Jul 11 23:09:49 sweepi systemd[1]: Starting keyboard-setup.service - Set the console keyboard layout...
Jul 11 23:09:49 sweepi systemd[1]: Starting kmod-static-nodes.service - Create List of Static Device Nodes...
Jul 11 23:09:49 sweepi systemd[1]: Starting lvm2-monitor.service - Monitoring of LVM2 mirrors, snapshots etc. using dmeventd or progress polling...
Jul 11 23:09:49 sweepi systemd[1]: Starting modprobe@configfs.service - Load Kernel Module configfs...
Jul 11 23:09:49 sweepi systemd[1]: Starting modprobe@dm_mod.service - Load Kernel Module dm_mod...
Jul 11 23:09:49 sweepi systemd[1]: Starting modprobe@drm.service - Load Kernel Module drm...
Jul 11 23:09:49 sweepi systemd[1]: Starting modprobe@efi_pstore.service - Load Kernel Module efi_pstore...
Jul 11 23:09:49 sweepi systemd[1]: Starting modprobe@fuse.service - Load Kernel Module fuse...
Jul 11 23:09:49 sweepi systemd[1]: Starting modprobe@loop.service - Load Kernel Module loop...
Jul 11 23:09:49 sweepi systemd[1]: netplan-ovs-cleanup.service - OpenVSwitch configuration for cleanup was skipped because of an unmet condition check (ConditionFileIsExecutable=/usr/bin/ovs-vsctl).
Jul 11 23:09:49 sweepi systemd[1]: systemd-fsck-root.service - File System Check on Root Device was skipped because of an unmet condition check (ConditionPathExists=!/run/initramfs/fsck-root).
Jul 11 23:09:49 sweepi systemd[1]: Starting systemd-modules-load.service - Load Kernel Modules...
Jul 11 23:09:49 sweepi systemd[1]: systemd-pcrmachine.service - TPM2 PCR Machine ID Measurement was skipped because of an unmet condition check (ConditionSecurity=measured-uki).
Jul 11 23:09:49 sweepi systemd[1]: Starting systemd-remount-fs.service - Remount Root and Kernel File Systems...
Jul 11 23:09:49 sweepi systemd[1]: systemd-tpm2-setup-early.service - TPM2 SRK Setup (Early) was skipped because of an unmet condition check (ConditionSecurity=measured-uki).
Jul 11 23:09:49 sweepi systemd[1]: Starting systemd-udev-trigger.service - Coldplug All udev Devices...
Jul 11 23:09:49 sweepi systemd[1]: Mounted dev-hugepages.mount - Huge Pages File System.
Jul 11 23:09:49 sweepi systemd[1]: Mounted dev-mqueue.mount - POSIX Message Queue File System.
Jul 11 23:09:49 sweepi systemd[1]: Mounted sys-kernel-debug.mount - Kernel Debug File System.
Jul 11 23:09:49 sweepi systemd[1]: Mounted sys-kernel-tracing.mount - Kernel Trace File System.
Jul 11 23:09:49 sweepi systemd[1]: Finished kmod-static-nodes.service - Create List of Static Device Nodes.
Jul 11 23:09:49 sweepi systemd[1]: modprobe@configfs.service: Deactivated successfully.
Jul 11 23:09:49 sweepi systemd[1]: Finished modprobe@configfs.service - Load Kernel Module configfs.
Jul 11 23:09:49 sweepi systemd[1]: modprobe@drm.service: Deactivated successfully.
Jul 11 23:09:49 sweepi systemd[1]: Finished modprobe@drm.service - Load Kernel Module drm.
Jul 11 23:09:49 sweepi systemd-journald[329]: Collecting audit messages is disabled.
Jul 11 23:09:49 sweepi systemd[1]: modprobe@efi_pstore.service: Deactivated successfully.
Jul 11 23:09:49 sweepi kernel: fuse: init (API version 7.39)
Jul 11 23:09:49 sweepi systemd[1]: Finished modprobe@efi_pstore.service - Load Kernel Module efi_pstore.
Jul 11 23:09:49 sweepi systemd[1]: modprobe@loop.service: Deactivated successfully.
Jul 11 23:09:49 sweepi systemd[1]: Finished modprobe@loop.service - Load Kernel Module loop.
Jul 11 23:09:49 sweepi systemd[1]: Mounting sys-kernel-config.mount - Kernel Configuration File System...
Jul 11 23:09:49 sweepi kernel: device-mapper: core: CONFIG_IMA_DISABLE_HTABLE is disabled. Duplicate IMA measurements will not be recorded in the IMA log.
Jul 11 23:09:49 sweepi kernel: device-mapper: uevent: version 1.0.3
Jul 11 23:09:49 sweepi kernel: device-mapper: ioctl: 4.48.0-ioctl (2023-03-01) initialised: dm-devel@redhat.com
Jul 11 23:09:49 sweepi systemd[1]: Starting systemd-tmpfiles-setup-dev-early.service - Create Static Device Nodes in /dev gracefully...
Jul 11 23:09:49 sweepi systemd[1]: modprobe@dm_mod.service: Deactivated successfully.
Jul 11 23:09:49 sweepi systemd[1]: Finished modprobe@dm_mod.service - Load Kernel Module dm_mod.
Jul 11 23:09:49 sweepi systemd[1]: modprobe@fuse.service: Deactivated successfully.
Jul 11 23:09:49 sweepi systemd[1]: Finished modprobe@fuse.service - Load Kernel Module fuse.
Jul 11 23:09:49 sweepi systemd[1]: Mounting sys-fs-fuse-connections.mount - FUSE Control File System...
Jul 11 23:09:49 sweepi systemd[1]: systemd-repart.service - Repartition Root Disk was skipped because no trigger condition checks were met.
Jul 11 23:09:49 sweepi kernel: EXT4-fs (mmcblk0p2): re-mounted c5da9c27-d622-4e80-89db-6af2e32618b4 r/w.
Jul 11 23:09:49 sweepi systemd[1]: Finished systemd-remount-fs.service - Remount Root and Kernel File Systems.
Jul 11 23:09:49 sweepi systemd[1]: Mounted sys-kernel-config.mount - Kernel Configuration File System.
Jul 11 23:09:49 sweepi systemd[1]: multipathd.service - Device-Mapper Multipath Device Controller was skipped because of an unmet condition check (ConditionKernelCommandLine=!multipath=off).
Jul 11 23:09:49 sweepi systemd[1]: systemd-hwdb-update.service - Rebuild Hardware Database was skipped because of an unmet condition check (ConditionNeedsUpdate=/etc).
Jul 11 23:09:49 sweepi systemd[1]: systemd-pstore.service - Platform Persistent Storage Archival was skipped because of an unmet condition check (ConditionDirectoryNotEmpty=/sys/fs/pstore).
Jul 11 23:09:49 sweepi systemd[1]: Starting systemd-random-seed.service - Load/Save OS Random Seed...
Jul 11 23:09:49 sweepi systemd[1]: systemd-tpm2-setup.service - TPM2 SRK Setup was skipped because of an unmet condition check (ConditionSecurity=measured-uki).
Jul 11 23:09:49 sweepi systemd[1]: Started systemd-journald.service - Journal Service.
Jul 11 23:09:49 sweepi systemd-journald[329]: Received client request to flush runtime journal.
Jul 11 23:09:49 sweepi systemd-journald[329]: /var/log/journal/72f54914ac4740aa93a063b346a240c4/system.journal: Realtime clock jumped backwards relative to last journal entry, rotating.
Jul 11 23:09:49 sweepi systemd-journald[329]: Rotating system journal.
Jul 11 23:09:49 sweepi kernel: loop0: detected capacity change from 0 to 85200
Jul 11 23:09:50 sweepi kernel: mc: Linux media interface: v0.10
Jul 11 23:09:50 sweepi kernel: rpi-gpiomem 107d508500.gpiomem: window base 0x107d508500 size 0x00000040
Jul 11 23:09:50 sweepi kernel: rpi-gpiomem 107d508500.gpiomem: initialised 1 regions as /dev/gpiomem1
Jul 11 23:09:50 sweepi kernel: rpi-gpiomem 107d517c00.gpiomem: window base 0x107d517c00 size 0x00000040
Jul 11 23:09:50 sweepi kernel: rpi-gpiomem 107d517c00.gpiomem: initialised 1 regions as /dev/gpiomem2
Jul 11 23:09:50 sweepi kernel: rpi-gpiomem 107d504100.gpiomem: window base 0x107d504100 size 0x00000020
Jul 11 23:09:50 sweepi kernel: rpi-gpiomem 107d504100.gpiomem: initialised 1 regions as /dev/gpiomem3
Jul 11 23:09:50 sweepi kernel: rpi-gpiomem 107d510700.gpiomem: window base 0x107d510700 size 0x00000020
Jul 11 23:09:50 sweepi kernel: rpi-gpiomem 107d510700.gpiomem: initialised 1 regions as /dev/gpiomem4
Jul 11 23:09:50 sweepi kernel: rpi-gpiomem 1f000d0000.gpiomem: window base 0x1f000d0000 size 0x00030000
Jul 11 23:09:50 sweepi kernel: [drm] Initialized v3d 1.0.0 20180419 for 1002000000.v3d on minor 0
Jul 11 23:09:50 sweepi kernel: videodev: Linux video capture interface: v2.00
Jul 11 23:09:50 sweepi kernel: rpi-gpiomem 1f000d0000.gpiomem: initialised 1 regions as /dev/gpiomem0
Jul 11 23:09:50 sweepi kernel: cfg80211: Loading compiled-in X.509 certificates for regulatory database
Jul 11 23:09:50 sweepi kernel: Loaded X.509 cert 'benh@debian.org: 577e021cb980e0e820821ba7b54b4961b8b4fadf'
Jul 11 23:09:50 sweepi kernel: Loaded X.509 cert 'romain.perier@gmail.com: 3abbc6ec146e09d1b6016ab9d6cf71dd233f0328'
Jul 11 23:09:50 sweepi kernel: Loaded X.509 cert 'sforshee: 00b28ddf47aef9cea7'
Jul 11 23:09:50 sweepi kernel: Loaded X.509 cert 'wens: 61c038651aabdcf94bd0ac7ff06c7248db18c600'
Jul 11 23:09:50 sweepi kernel: usbcore: registered new interface driver usbserial_generic
Jul 11 23:09:50 sweepi kernel: usbserial: USB Serial support registered for generic
Jul 11 23:09:50 sweepi kernel: usbcore: registered new interface driver cp210x
Jul 11 23:09:50 sweepi kernel: usbserial: USB Serial support registered for cp210x
Jul 11 23:09:50 sweepi kernel: cp210x 4-1:1.0: cp210x converter detected
Jul 11 23:09:50 sweepi kernel: pispbe 1000880000.pisp_be: bcm2712_iommu_of_xlate: MMU 1000005100.iommu
Jul 11 23:09:50 sweepi kernel: pispbe 1000880000.pisp_be: bcm2712_iommu_probe_device: MMU 1000005100.iommu
Jul 11 23:09:50 sweepi kernel: pispbe 1000880000.pisp_be: bcm2712_iommu_device_group: MMU 1000005100.iommu
Jul 11 23:09:50 sweepi kernel: pispbe 1000880000.pisp_be: Adding to iommu group 0
Jul 11 23:09:50 sweepi kernel: pispbe 1000880000.pisp_be: bcm2712_iommu_attach_dev: MMU 1000005100.iommu
Jul 11 23:09:50 sweepi kernel: pispbe 1000880000.pisp_be: pispbe_probe: HW version:  0x02252701
Jul 11 23:09:50 sweepi kernel: pispbe 1000880000.pisp_be: pispbe_probe: BatchStatus: 0x00000000
Jul 11 23:09:50 sweepi kernel: pispbe 1000880000.pisp_be: pispbe_probe: Status:      0x00000000
Jul 11 23:09:50 sweepi kernel: pispbe 1000880000.pisp_be: Register nodes for group 0
Jul 11 23:09:50 sweepi kernel: pispbe 1000880000.pisp_be: input device node registered as /dev/video20
Jul 11 23:09:50 sweepi kernel: pispbe 1000880000.pisp_be: tdn_input device node registered as /dev/video21
Jul 11 23:09:50 sweepi kernel: pispbe 1000880000.pisp_be: stitch_input device node registered as /dev/video22
Jul 11 23:09:50 sweepi kernel: pispbe 1000880000.pisp_be: hog_output device node registered as /dev/video23
Jul 11 23:09:50 sweepi kernel: pispbe 1000880000.pisp_be: output0 device node registered as /dev/video24
Jul 11 23:09:50 sweepi kernel: pispbe 1000880000.pisp_be: output1 device node registered as /dev/video25
Jul 11 23:09:50 sweepi kernel: pispbe 1000880000.pisp_be: tdn_output device node registered as /dev/video26
Jul 11 23:09:50 sweepi kernel: pispbe 1000880000.pisp_be: stitch_output device node registered as /dev/video27
Jul 11 23:09:50 sweepi kernel: pispbe 1000880000.pisp_be: config device node registered as /dev/video28
Jul 11 23:09:50 sweepi kernel: pispbe 1000880000.pisp_be: Register nodes for group 1
Jul 11 23:09:50 sweepi kernel: pispbe 1000880000.pisp_be: input device node registered as /dev/video29
Jul 11 23:09:50 sweepi kernel: pispbe 1000880000.pisp_be: tdn_input device node registered as /dev/video30
Jul 11 23:09:50 sweepi kernel: pispbe 1000880000.pisp_be: stitch_input device node registered as /dev/video31
Jul 11 23:09:50 sweepi kernel: pispbe 1000880000.pisp_be: hog_output device node registered as /dev/video32
Jul 11 23:09:50 sweepi kernel: pispbe 1000880000.pisp_be: output0 device node registered as /dev/video33
Jul 11 23:09:50 sweepi kernel: pispbe 1000880000.pisp_be: output1 device node registered as /dev/video34
Jul 11 23:09:50 sweepi kernel: pispbe 1000880000.pisp_be: tdn_output device node registered as /dev/video35
Jul 11 23:09:50 sweepi kernel: pispbe 1000880000.pisp_be: stitch_output device node registered as /dev/video36
Jul 11 23:09:50 sweepi kernel: pispbe 1000880000.pisp_be: config device node registered as /dev/video37
Jul 11 23:09:50 sweepi kernel: usb 4-1: cp210x converter now attached to ttyUSB0
Jul 11 23:09:50 sweepi kernel: rpivid_hevc: module is from the staging directory, the quality is unknown, you have been warned.
Jul 11 23:09:50 sweepi kernel: rpivid_hevc: module verification failed: signature and/or required key missing - tainting kernel
Jul 11 23:09:50 sweepi kernel: rpivid 1000800000.codec: bcm2712_iommu_of_xlate: MMU 1000005100.iommu
Jul 11 23:09:50 sweepi kernel: rpivid 1000800000.codec: bcm2712_iommu_probe_device: MMU 1000005100.iommu
Jul 11 23:09:50 sweepi kernel: rpivid 1000800000.codec: bcm2712_iommu_device_group: MMU 1000005100.iommu
Jul 11 23:09:50 sweepi kernel: rpivid 1000800000.codec: Adding to iommu group 0
Jul 11 23:09:50 sweepi kernel: rpivid 1000800000.codec: bcm2712_iommu_attach_dev: MMU 1000005100.iommu
Jul 11 23:09:50 sweepi kernel: brcmfmac: F1 signature read @0x18000000=0x15264345
Jul 11 23:09:50 sweepi kernel: brcmfmac: brcmf_fw_alloc_request: using brcm/brcmfmac43455-sdio for chip BCM4345/6
Jul 11 23:09:50 sweepi kernel: rpivid 1000800000.codec: Device registered as /dev/video19
Jul 11 23:09:50 sweepi kernel: usbcore: registered new interface driver brcmfmac
Jul 11 23:09:50 sweepi kernel: Bluetooth: Core ver 2.22
Jul 11 23:09:50 sweepi kernel: NET: Registered PF_BLUETOOTH protocol family
Jul 11 23:09:50 sweepi kernel: Bluetooth: HCI device and connection manager initialized
Jul 11 23:09:50 sweepi kernel: Bluetooth: HCI socket layer initialized
Jul 11 23:09:50 sweepi kernel: Bluetooth: L2CAP socket layer initialized
Jul 11 23:09:50 sweepi kernel: Bluetooth: SCO socket layer initialized
Jul 11 23:09:50 sweepi kernel: Bluetooth: HCI UART driver ver 2.3
Jul 11 23:09:50 sweepi kernel: Bluetooth: HCI UART protocol H4 registered
Jul 11 23:09:50 sweepi kernel: Bluetooth: HCI UART protocol BCSP registered
Jul 11 23:09:50 sweepi kernel: Bluetooth: HCI UART protocol LL registered
Jul 11 23:09:50 sweepi kernel: Bluetooth: HCI UART protocol ATH3K registered
Jul 11 23:09:50 sweepi kernel: Bluetooth: HCI UART protocol Three-wire (H5) registered
Jul 11 23:09:50 sweepi kernel: Bluetooth: HCI UART protocol Intel registered
Jul 11 23:09:50 sweepi kernel: hci_uart_bcm serial0-0: supply vbat not found, using dummy regulator
Jul 11 23:09:50 sweepi kernel: hci_uart_bcm serial0-0: supply vddio not found, using dummy regulator
Jul 11 23:09:50 sweepi kernel: Bluetooth: HCI UART protocol Broadcom registered
Jul 11 23:09:50 sweepi kernel: Bluetooth: HCI UART protocol QCA registered
Jul 11 23:09:50 sweepi kernel: Bluetooth: HCI UART protocol AG6XX registered
Jul 11 23:09:50 sweepi kernel: Bluetooth: HCI UART protocol Marvell registered
Jul 11 23:09:50 sweepi kernel: vc4-drm axi:gpu: bcm2712_iommu_of_xlate: MMU 1000005200.iommu
Jul 11 23:09:50 sweepi kernel: vc4-drm axi:gpu: bcm2712_iommu_probe_device: MMU 1000005200.iommu
Jul 11 23:09:50 sweepi kernel: vc4-drm axi:gpu: bcm2712_iommu_device_group: MMU 1000005200.iommu
Jul 11 23:09:50 sweepi kernel: vc4-drm axi:gpu: Adding to iommu group 1
Jul 11 23:09:50 sweepi kernel: vc4-drm axi:gpu: bcm2712_iommu_attach_dev: MMU 1000005200.iommu
Jul 11 23:09:50 sweepi kernel: vc4-drm axi:gpu: bound 107c580000.hvs (ops vc4_hvs_ops [vc4])
Jul 11 23:09:50 sweepi kernel: Registered IR keymap rc-cec
Jul 11 23:09:50 sweepi kernel: rc rc0: vc4-hdmi-0 as /devices/platform/soc/107c701400.hdmi/rc/rc0
Jul 11 23:09:50 sweepi kernel: input: vc4-hdmi-0 as /devices/platform/soc/107c701400.hdmi/rc/rc0/input3
Jul 11 23:09:50 sweepi kernel: input: vc4-hdmi-0 HDMI Jack as /devices/platform/soc/107c701400.hdmi/sound/card0/input4
Jul 11 23:09:50 sweepi kernel: vc4-drm axi:gpu: bound 107c701400.hdmi (ops vc4_hdmi_ops [vc4])
Jul 11 23:09:50 sweepi kernel: Registered IR keymap rc-cec
Jul 11 23:09:50 sweepi kernel: rc rc1: vc4-hdmi-1 as /devices/platform/soc/107c706400.hdmi/rc/rc1
Jul 11 23:09:50 sweepi kernel: input: vc4-hdmi-1 as /devices/platform/soc/107c706400.hdmi/rc/rc1/input5
Jul 11 23:09:50 sweepi kernel: input: vc4-hdmi-1 HDMI Jack as /devices/platform/soc/107c706400.hdmi/sound/card1/input6
Jul 11 23:09:50 sweepi kernel: vc4-drm axi:gpu: bound 107c706400.hdmi (ops vc4_hdmi_ops [vc4])
Jul 11 23:09:50 sweepi kernel: vc4-drm axi:gpu: bound 107c500000.mop (ops vc4_txp_ops [vc4])
Jul 11 23:09:50 sweepi kernel: vc4-drm axi:gpu: bound 107c501000.moplet (ops vc4_txp_ops [vc4])
Jul 11 23:09:50 sweepi kernel: vc4-drm axi:gpu: bound 107c410000.pixelvalve (ops vc4_crtc_ops [vc4])
Jul 11 23:09:50 sweepi kernel: vc4-drm axi:gpu: bound 107c411000.pixelvalve (ops vc4_crtc_ops [vc4])
Jul 11 23:09:50 sweepi kernel: [drm] Initialized vc4 0.0.0 20140616 for axi:gpu on minor 1
Jul 11 23:09:50 sweepi kernel: vc4-drm axi:gpu: [drm] Cannot find any crtc or sizes
Jul 11 23:09:50 sweepi kernel: vc4-drm axi:gpu: [drm] Cannot find any crtc or sizes
Jul 11 23:09:50 sweepi kernel: vc4-drm axi:gpu: [drm] Cannot find any crtc or sizes
Jul 11 23:09:50 sweepi kernel: audit: type=1400 audit(1783791590.545:2): apparmor="STATUS" operation="profile_load" profile="unconfined" name="Discord" pid=538 comm="apparmor_parser"
Jul 11 23:09:50 sweepi kernel: audit: type=1400 audit(1783791590.546:3): apparmor="STATUS" operation="profile_load" profile="unconfined" name="QtWebEngineProcess" pid=540 comm="apparmor_parser"
Jul 11 23:09:50 sweepi kernel: audit: type=1400 audit(1783791590.546:4): apparmor="STATUS" operation="profile_load" profile="unconfined" name=4D6F6E676F444220436F6D70617373 pid=539 comm="apparmor_parser"
Jul 11 23:09:50 sweepi kernel: audit: type=1400 audit(1783791590.546:5): apparmor="STATUS" operation="profile_load" profile="unconfined" name="1password" pid=537 comm="apparmor_parser"
Jul 11 23:09:50 sweepi kernel: audit: type=1400 audit(1783791590.552:6): apparmor="STATUS" operation="profile_load" profile="unconfined" name="balena-etcher" pid=541 comm="apparmor_parser"
Jul 11 23:09:50 sweepi kernel: audit: type=1400 audit(1783791590.552:7): apparmor="STATUS" operation="profile_load" profile="unconfined" name="brave" pid=542 comm="apparmor_parser"
Jul 11 23:09:50 sweepi kernel: audit: type=1400 audit(1783791590.554:8): apparmor="STATUS" operation="profile_load" profile="unconfined" name="buildah" pid=543 comm="apparmor_parser"
Jul 11 23:09:50 sweepi kernel: audit: type=1400 audit(1783791590.554:9): apparmor="STATUS" operation="profile_load" profile="unconfined" name="cam" pid=544 comm="apparmor_parser"
Jul 11 23:09:50 sweepi kernel: audit: type=1400 audit(1783791590.558:10): apparmor="STATUS" operation="profile_load" profile="unconfined" name="ch-checkns" pid=545 comm="apparmor_parser"
Jul 11 23:09:50 sweepi kernel: brcmfmac: brcmf_c_process_txcap_blob: no txcap_blob available (err=-2)
Jul 11 23:09:50 sweepi kernel: brcmfmac: brcmf_c_preinit_dcmds: Firmware: BCM4345/6 wl0: Apr 15 2021 03:03:20 version 7.45.234 (4ca95bb CY) FWID 01-996384e2
Jul 11 23:09:50 sweepi kernel: ieee80211 phy0: brcmf_cfg80211_reg_notifier: Firmware rejected country setting
Jul 11 23:09:50 sweepi kernel: Bluetooth: hci0: BCM: chip id 107
Jul 11 23:09:50 sweepi kernel: Bluetooth: hci0: BCM: features 0x2f
Jul 11 23:09:50 sweepi kernel: Bluetooth: hci0: BCM4345C0
Jul 11 23:09:50 sweepi kernel: Bluetooth: hci0: BCM4345C0 (003.001.025) build 0000
Jul 11 23:09:50 sweepi kernel: Bluetooth: hci0: BCM4345C0 'brcm/BCM4345C0.raspberrypi,5-model-b.hcd' Patch
Jul 12 00:36:40 sweepi kernel: kauditd_printk_skb: 51 callbacks suppressed
Jul 12 00:36:40 sweepi kernel: audit: type=1400 audit(1783796800.500:62): apparmor="STATUS" operation="profile_load" profile="unconfined" name="runc" pid=615 comm="apparmor_parser"
Jul 12 00:36:40 sweepi kernel: audit: type=1400 audit(1783796800.500:63): apparmor="STATUS" operation="profile_load" profile="unconfined" name="sbuild-abort" pid=617 comm="apparmor_parser"
Jul 12 00:36:40 sweepi kernel: audit: type=1400 audit(1783796800.500:64): apparmor="STATUS" operation="profile_load" profile="unconfined" name="sbuild" pid=616 comm="apparmor_parser"
Jul 12 00:36:40 sweepi kernel: audit: type=1400 audit(1783796800.503:65): apparmor="STATUS" operation="profile_load" profile="unconfined" name="sbuild-adduser" pid=618 comm="apparmor_parser"
Jul 12 00:36:40 sweepi kernel: audit: type=1400 audit(1783796800.511:66): apparmor="STATUS" operation="profile_load" profile="unconfined" name="sbuild-checkpackages" pid=621 comm="apparmor_parser"
Jul 12 00:36:40 sweepi kernel: audit: type=1400 audit(1783796800.511:67): apparmor="STATUS" operation="profile_load" profile="unconfined" name="sbuild-apt" pid=620 comm="apparmor_parser"
Jul 12 00:36:40 sweepi kernel: audit: type=1400 audit(1783796800.511:68): apparmor="STATUS" operation="profile_load" profile="unconfined" name="sbuild-createchroot" pid=623 comm="apparmor_parser"
Jul 12 00:36:40 sweepi kernel: audit: type=1400 audit(1783796800.513:69): apparmor="STATUS" operation="profile_load" profile="unconfined" name="sbuild-clean" pid=622 comm="apparmor_parser"
Jul 12 00:36:40 sweepi kernel: audit: type=1400 audit(1783796800.523:70): apparmor="STATUS" operation="profile_load" profile="unconfined" name="sbuild-shell" pid=627 comm="apparmor_parser"
Jul 12 00:36:40 sweepi kernel: audit: type=1400 audit(1783796800.524:71): apparmor="STATUS" operation="profile_load" profile="unconfined" name="sbuild-hold" pid=626 comm="apparmor_parser"
Jul 12 00:36:40 sweepi kernel: brcmfmac: brcmf_cfg80211_set_power_mgmt: power save enabled
Jul 12 00:36:41 sweepi kernel: Bluetooth: hci0: BCM: features 0x2f
Jul 12 00:36:41 sweepi kernel: Bluetooth: hci0: BCM43455 37.4MHz Raspberry Pi 3+-0190
Jul 12 00:36:41 sweepi kernel: Bluetooth: hci0: BCM4345C0 (003.001.025) build 0382
Jul 12 00:36:41 sweepi kernel: Bluetooth: hci0: BCM: Using default device address (43:45:c0:00:1f:ac)
Jul 12 00:36:43 sweepi kernel: Bluetooth: BNEP (Ethernet Emulation) ver 1.3
Jul 12 00:36:43 sweepi kernel: Bluetooth: BNEP filters: protocol multicast
Jul 12 00:36:43 sweepi kernel: Bluetooth: BNEP socket layer initialized
Jul 12 00:36:43 sweepi kernel: Bluetooth: MGMT ver 1.22
Jul 12 00:36:43 sweepi kernel: NET: Registered PF_ALG protocol family
Jul 12 00:36:44 sweepi kernel: Bluetooth: RFCOMM TTY layer initialized
Jul 12 00:36:44 sweepi kernel: Bluetooth: RFCOMM socket layer initialized
Jul 12 00:36:44 sweepi kernel: Bluetooth: RFCOMM ver 1.11
Jul 12 00:36:44 sweepi kernel: NET: Registered PF_QIPCRTR protocol family
Jul 12 00:36:47 sweepi kernel: loop1: detected capacity change from 0 to 8
Jul 12 00:36:47 sweepi kernel: kauditd_printk_skb: 55 callbacks suppressed
Jul 12 00:36:47 sweepi kernel: audit: type=1400 audit(1783796807.802:127): apparmor="STATUS" operation="profile_replace" info="same as current profile, skipping" profile="unconfined" name="/usr/lib/snapd/snap-confine" pid=967 comm="apparmor_parser"
Jul 12 00:36:48 sweepi kernel: audit: type=1400 audit(1783796808.766:128): apparmor="DENIED" operation="capable" class="cap" profile="/usr/sbin/cupsd" pid=1057 comm="cupsd" capability=12  capname="net_admin"
Jul 12 00:36:49 sweepi kernel: warning: `iwgetid' uses wireless extensions which will stop working for Wi-Fi 7 hardware; use nl80211
Jul 12 00:38:45 sweepi systemd-journald[329]: /var/log/journal/72f54914ac4740aa93a063b346a240c4/user-1000.journal: Journal file uses a different sequence number ID, rotating.
Jul 12 00:41:15 sweepi kernel: audit: type=1400 audit(1783797075.971:129): apparmor="AUDIT" operation="userns_create" class="namespace" info="Userns create - transitioning profile" profile="unconfined" pid=1886 comm="bwrap" requested="userns_create" target="unprivileged_userns"
Jul 12 00:41:15 sweepi kernel: audit: type=1400 audit(1783797075.973:130): apparmor="DENIED" operation="capable" class="cap" profile="unprivileged_userns" pid=1887 comm="bwrap" capability=8  capname="setpcap"
Jul 12 00:41:15 sweepi kernel: audit: type=1400 audit(1783797075.973:131): apparmor="DENIED" operation="capable" class="cap" profile="unprivileged_userns" pid=1887 comm="bwrap" capability=12  capname="net_admin"
Jul 12 00:42:58 sweepi kernel: loop1: detected capacity change from 0 to 88824
Jul 12 00:42:58 sweepi kernel: audit: type=1400 audit(1783797178.978:132): apparmor="STATUS" operation="profile_load" profile="unconfined" name="/snap/snapd/27407/usr/lib/snapd/snap-confine" pid=3563 comm="apparmor_parser"
Jul 12 00:43:04 sweepi kernel: loop2: detected capacity change from 0 to 8
Jul 12 00:43:04 sweepi kernel: audit: type=1400 audit(1783797184.589:133): apparmor="STATUS" operation="profile_replace" profile="unconfined" name="/snap/snapd/27407/usr/lib/snapd/snap-confine" pid=3642 comm="apparmor_parser"
Jul 12 00:43:05 sweepi kernel: audit: type=1400 audit(1783797185.679:134): apparmor="STATUS" operation="profile_replace" info="same as current profile, skipping" profile="unconfined" name="/snap/snapd/27407/usr/lib/snapd/snap-confine" pid=3658 comm="apparmor_parser"
Jul 12 00:43:34 sweepi kernel: cp210x ttyUSB0: failed set request 0x12 status: -110
Jul 12 00:44:12 sweepi kernel: pl011-axi 1f00030000.serial: DMA channel TX dma2chan2
Jul 12 00:44:12 sweepi kernel: pl011-axi 1f00030000.serial: DMA channel RX dma2chan3
Jul 12 00:57:42 sweepi kernel: audit: type=1400 audit(1783798062.034:135): apparmor="AUDIT" operation="userns_create" class="namespace" info="Userns create - transitioning profile" profile="unconfined" pid=5501 comm="bwrap" requested="userns_create" target="unprivileged_userns"
Jul 12 00:57:42 sweepi kernel: audit: type=1400 audit(1783798062.042:136): apparmor="DENIED" operation="capable" class="cap" profile="unprivileged_userns" pid=5502 comm="bwrap" capability=8  capname="setpcap"
Jul 12 00:57:42 sweepi kernel: audit: type=1400 audit(1783798062.042:137): apparmor="DENIED" operation="capable" class="cap" profile="unprivileged_userns" pid=5502 comm="bwrap" capability=12  capname="net_admin"
Jul 12 00:58:54 sweepi kernel: audit: type=1400 audit(1783798134.674:138): apparmor="AUDIT" operation="userns_create" class="namespace" info="Userns create - transitioning profile" profile="unconfined" pid=6261 comm="bwrap" requested="userns_create" target="unprivileged_userns"
Jul 12 00:58:54 sweepi kernel: audit: type=1400 audit(1783798134.676:139): apparmor="DENIED" operation="capable" class="cap" profile="unprivileged_userns" pid=6262 comm="bwrap" capability=8  capname="setpcap"
Jul 12 00:58:54 sweepi kernel: audit: type=1400 audit(1783798134.676:140): apparmor="DENIED" operation="capable" class="cap" profile="unprivileged_userns" pid=6262 comm="bwrap" capability=12  capname="net_admin"
Jul 12 00:59:10 sweepi kernel: audit: type=1400 audit(1783798150.584:141): apparmor="AUDIT" operation="userns_create" class="namespace" info="Userns create - transitioning profile" profile="unconfined" pid=6722 comm="bwrap" requested="userns_create" target="unprivileged_userns"
Jul 12 01:02:46 sweepi kernel: audit: type=1400 audit(1783798366.565:142): apparmor="AUDIT" operation="userns_create" class="namespace" info="Userns create - transitioning profile" profile="unconfined" pid=7682 comm="bwrap" requested="userns_create" target="unprivileged_userns"
Jul 12 01:02:46 sweepi kernel: audit: type=1400 audit(1783798366.567:143): apparmor="DENIED" operation="capable" class="cap" profile="unprivileged_userns" pid=7683 comm="bwrap" capability=8  capname="setpcap"
Jul 12 01:02:46 sweepi kernel: audit: type=1400 audit(1783798366.567:144): apparmor="DENIED" operation="capable" class="cap" profile="unprivileged_userns" pid=7683 comm="bwrap" capability=12  capname="net_admin"
Jul 12 01:05:08 sweepi kernel: audit: type=1400 audit(1783798508.034:145): apparmor="AUDIT" operation="userns_create" class="namespace" info="Userns create - transitioning profile" profile="unconfined" pid=9234 comm="bwrap" requested="userns_create" target="unprivileged_userns"
Jul 12 01:05:08 sweepi kernel: audit: type=1400 audit(1783798508.049:146): apparmor="AUDIT" operation="userns_create" class="namespace" info="Userns create - transitioning profile" profile="unconfined" pid=9238 comm="bwrap" requested="userns_create" target="unprivileged_userns"
