Jul 11 23:09:49 sweepi kernel: dwc2 1000480000.usb: supply vusb_d not found, using dummy regulator
Jul 11 23:09:49 sweepi kernel: dwc2 1000480000.usb: supply vusb_a not found, using dummy regulator
Jul 11 23:09:49 sweepi kernel: mmc0: cannot verify signal voltage switch
Jul 11 23:09:49 sweepi kernel: mmc1: cannot verify signal voltage switch
Jul 11 23:09:49 sweepi kernel: device-mapper: core: CONFIG_IMA_DISABLE_HTABLE is disabled. Duplicate IMA measurements will not be recorded in the IMA log.
Jul 11 23:09:49 sweepi (udev-worker)[420]: eth0: Config file /usr/lib/systemd/network/10-raspi-eth0.link is applied to device based on potentially unpredictable interface name.
Jul 11 23:09:50 sweepi kernel: rpivid_hevc: module is from the staging directory, the quality is unknown, you have been warned.
Jul 11 23:09:50 sweepi kernel: hci_uart_bcm serial0-0: supply vbat not found, using dummy regulator
Jul 11 23:09:50 sweepi kernel: hci_uart_bcm serial0-0: supply vddio not found, using dummy regulator
Jul 11 23:09:50 sweepi kernel: ieee80211 phy0: brcmf_cfg80211_reg_notifier: Firmware rejected country setting
Jul 12 00:36:40 sweepi kernel: kauditd_printk_skb: 51 callbacks suppressed
Jul 12 00:36:42 sweepi (uetoothd)[727]: bluetooth.service: ConfigurationDirectory 'bluetooth' already exists but the mode is different. (File system: 755 ConfigurationDirectoryMode: 555)
Jul 12 00:36:42 sweepi (sessiond)[732]: lttng-sessiond.service: Referenced but unset environment variable evaluates to an empty string: DAEMON_ARGS
Jul 12 00:36:44 sweepi bluetoothd[727]: profiles/audio/bap.c:bap_adapter_probe() BAP requires ISO Socket which is not enabled
Jul 12 00:36:44 sweepi bluetoothd[727]: bap: Operation not supported (95)
Jul 12 00:36:46 sweepi systemd[1]: sweepi-ble-provisioning.service: Failed with result 'exit-code'.
Jul 12 00:36:47 sweepi kernel: kauditd_printk_skb: 55 callbacks suppressed
Jul 12 00:36:48 sweepi (cron)[1072]: cron.service: Referenced but unset environment variable evaluates to an empty string: EXTRA_OPTS
Jul 12 00:36:49 sweepi kernel: warning: `iwgetid' uses wireless extensions which will stop working for Wi-Fi 7 hardware; use nl80211
Jul 12 00:36:49 sweepi systemd[1]: lightdm.service: Failed with result 'exit-code'.
Jul 12 00:36:50 sweepi systemd[1]: lightdm.service: Failed with result 'exit-code'.
Jul 12 00:36:50 sweepi systemd[1]: lightdm.service: Failed with result 'exit-code'.
Jul 12 00:36:51 sweepi systemd[1]: lightdm.service: Failed with result 'exit-code'.
Jul 12 00:36:51 sweepi systemd[1]: lightdm.service: Failed with result 'exit-code'.
Jul 12 00:36:52 sweepi systemd[1]: lightdm.service: Start request repeated too quickly.
Jul 12 00:36:52 sweepi systemd[1]: lightdm.service: Failed with result 'exit-code'.
Jul 12 00:36:52 sweepi systemd[1]: Failed to start lightdm.service - Light Display Manager.
Jul 12 00:38:45 sweepi pulseaudio[1225]: Failed to find a working profile.
Jul 12 00:38:45 sweepi pulseaudio[1225]: Failed to load module "module-alsa-card" (argument: "device_id="0" name="platform-107c701400.hdmi" card_name="alsa_card.platform-107c701400.hdmi" namereg_fail=false tsched=yes fixed_latency_range=no ignore_dB=no deferred_volume=yes use_ucm=yes avoid_resampling=no card_properties="module-udev-detect.discovered=1""): initialization failed.
Jul 12 00:38:45 sweepi pulseaudio[1225]: Failed to find a working profile.
Jul 12 00:38:45 sweepi pulseaudio[1225]: Failed to load module "module-alsa-card" (argument: "device_id="1" name="platform-107c706400.hdmi" card_name="alsa_card.platform-107c706400.hdmi" namereg_fail=false tsched=yes fixed_latency_range=no ignore_dB=no deferred_volume=yes use_ucm=yes avoid_resampling=no card_properties="module-udev-detect.discovered=1""): initialization failed.
Jul 12 00:43:34 sweepi kernel: cp210x ttyUSB0: failed set request 0x12 status: -110
Jul 12 00:43:37 sweepi xrdp[3847]: [WARN ] Received [MS-RDPBCGR] TS_UD_HEADER type 0xc006 is unknown (ignored)
Jul 12 00:43:37 sweepi xrdp[3847]: [WARN ] Received [MS-RDPBCGR] TS_UD_HEADER type 0xc00a is unknown (ignored)
Jul 12 00:43:37 sweepi xrdp[3847]: [WARN ] Client Capability: not enough orders supported by client, client wants off screen bitmap but offscreen bitmaps disabled
Jul 12 00:43:37 sweepi xrdp[3847]: [WARN ] local keymap file for 0x00000409 found and doesn't match built in keymap, using local keymap file
Jul 12 00:43:37 sweepi xrdp-sesman[1075]: [ERROR] sesman_data_in: scp_process_msg failed
Jul 12 00:43:37 sweepi xrdp-sesman[1075]: [ERROR] sesman_main_loop: trans_check_wait_objs failed, removing trans
Jul 12 00:43:41 sweepi xdg-desktop-por[4006]: Choosing gtk.portal for org.freedesktop.impl.portal.Lockdown as a last-resort fallback
Jul 12 00:43:41 sweepi xdg-desktop-por[4006]: The preferred method to match portal implementations to desktop environments is to use the portals.conf(5) configuration file
Jul 12 00:43:41 sweepi xdg-desktop-por[4006]: No skeleton to export
Jul 12 00:43:41 sweepi xdg-desktop-por[4006]: Choosing gtk.portal for org.freedesktop.impl.portal.FileChooser as a last-resort fallback
Jul 12 00:43:41 sweepi xdg-desktop-por[4006]: Choosing gtk.portal for org.freedesktop.impl.portal.AppChooser as a last-resort fallback
Jul 12 00:43:41 sweepi xdg-desktop-por[4006]: Choosing gtk.portal for org.freedesktop.impl.portal.Print as a last-resort fallback
Jul 12 00:43:41 sweepi xdg-desktop-por[4006]: Choosing gtk.portal for org.freedesktop.impl.portal.Notification as a last-resort fallback
Jul 12 00:43:42 sweepi xdg-desktop-por[4006]: Choosing gtk.portal for org.freedesktop.impl.portal.Inhibit as a last-resort fallback
Jul 12 00:43:42 sweepi xdg-desktop-por[4006]: Choosing gtk.portal for org.freedesktop.impl.portal.Access as a last-resort fallback
Jul 12 00:43:42 sweepi xdg-desktop-portal[4006]: pw.conf: can't load config client.conf: No such file or directory
Jul 12 00:43:42 sweepi xdg-desktop-portal[4006]: pw.conf: can't load config client.conf: No such file or directory
Jul 12 00:43:42 sweepi xdg-desktop-por[4006]: Failed connect to PipeWire: Couldn't create PipeWire context
Jul 12 00:43:42 sweepi xdg-desktop-por[4006]: Choosing gtk.portal for org.freedesktop.impl.portal.Account as a last-resort fallback
Jul 12 00:43:42 sweepi xdg-desktop-por[4006]: Choosing gtk.portal for org.freedesktop.impl.portal.Email as a last-resort fallback
Jul 12 00:43:42 sweepi xdg-desktop-por[4006]: Choosing gtk.portal for org.freedesktop.impl.portal.DynamicLauncher as a last-resort fallback
Jul 12 00:43:49 sweepi systemd[1]: fwupd.service: Failed with result 'exit-code'.
Jul 12 00:43:49 sweepi systemd[1]: Failed to start fwupd.service - Firmware update daemon.
Jul 12 00:43:52 sweepi evolution-calen[4337]: e_source_unset_last_credentials_required_arguments: assertion 'E_IS_SOURCE (source)' failed
Jul 12 00:44:14 sweepi systemd[1]: fwupd-refresh.service: Failed with result 'exit-code'.
Jul 12 00:44:14 sweepi systemd[1]: Failed to start fwupd-refresh.service - Refresh fwupd metadata and update motd.
