Jul 11 23:09:48 sweepi kernel: dwc2 1000480000.usb: supply vusb_d not found, using dummy regulator
Jul 11 23:09:48 sweepi kernel: dwc2 1000480000.usb: supply vusb_a not found, using dummy regulator
Jul 11 23:09:48 sweepi kernel: mmc0: cannot verify signal voltage switch
Jul 11 23:09:48 sweepi kernel: mmc1: cannot verify signal voltage switch
Jul 11 23:09:48 sweepi kernel: device-mapper: core: CONFIG_IMA_DISABLE_HTABLE is disabled. Duplicate IMA measurements will not be recorded in the IMA log.
Jul 11 23:09:48 sweepi (udev-worker)[423]: eth0: Config file /usr/lib/systemd/network/10-raspi-eth0.link is applied to device based on potentially unpredictable interface name.
Jul 11 23:09:49 sweepi kernel: rpivid_hevc: module is from the staging directory, the quality is unknown, you have been warned.
Jul 11 23:09:49 sweepi kernel: hci_uart_bcm serial0-0: supply vbat not found, using dummy regulator
Jul 11 23:09:49 sweepi kernel: hci_uart_bcm serial0-0: supply vddio not found, using dummy regulator
Jul 11 23:09:49 sweepi kernel: ieee80211 phy0: brcmf_cfg80211_reg_notifier: Firmware rejected country setting
Jul 11 23:09:49 sweepi kernel: kauditd_printk_skb: 68 callbacks suppressed
Jul 11 23:09:51 sweepi (uetoothd)[719]: bluetooth.service: ConfigurationDirectory 'bluetooth' already exists but the mode is different. (File system: 755 ConfigurationDirectoryMode: 555)
Jul 11 23:09:51 sweepi (sessiond)[724]: lttng-sessiond.service: Referenced but unset environment variable evaluates to an empty string: DAEMON_ARGS
Jul 11 23:09:53 sweepi bluetoothd[719]: profiles/audio/bap.c:bap_adapter_probe() BAP requires ISO Socket which is not enabled
Jul 11 23:09:53 sweepi bluetoothd[719]: bap: Operation not supported (95)
Jul 11 23:09:55 sweepi systemd[1]: sweepi-ble-provisioning.service: Failed with result 'exit-code'.
Jul 11 23:09:56 sweepi kernel: kauditd_printk_skb: 38 callbacks suppressed
Jul 11 23:09:56 sweepi avahi-daemon[718]: Host name conflict, retrying with sweepi-2
Jul 11 23:09:57 sweepi (cron)[1065]: cron.service: Referenced but unset environment variable evaluates to an empty string: EXTRA_OPTS
Jul 11 23:09:58 sweepi kernel: warning: `iwgetid' uses wireless extensions which will stop working for Wi-Fi 7 hardware; use nl80211
Jul 11 23:09:58 sweepi systemd[1]: lightdm.service: Failed with result 'exit-code'.
Jul 11 23:09:59 sweepi systemd[1]: lightdm.service: Failed with result 'exit-code'.
Jul 11 23:10:00 sweepi systemd[1]: lightdm.service: Failed with result 'exit-code'.
Jul 11 23:10:00 sweepi systemd[1]: lightdm.service: Failed with result 'exit-code'.
Jul 11 23:10:01 sweepi systemd[1]: lightdm.service: Failed with result 'exit-code'.
Jul 11 23:10:01 sweepi systemd[1]: lightdm.service: Start request repeated too quickly.
Jul 11 23:10:01 sweepi systemd[1]: lightdm.service: Failed with result 'exit-code'.
Jul 11 23:10:01 sweepi systemd[1]: Failed to start lightdm.service - Light Display Manager.
Jul 11 23:23:48 sweepi systemd[1]: fwupd.service: Failed with result 'exit-code'.
Jul 11 23:23:48 sweepi systemd[1]: Failed to start fwupd.service - Firmware update daemon.
Jul 11 23:24:13 sweepi systemd[1]: fwupd-refresh.service: Failed with result 'exit-code'.
Jul 11 23:24:13 sweepi systemd[1]: Failed to start fwupd-refresh.service - Refresh fwupd metadata and update motd.
Jul 12 00:36:37 sweepi systemd[1]: xrdp-sesman.service: Failed with result 'exit-code'.
