header:
  stamp:
    sec: 1783800241
    nanosec: 389648901
  frame_id: lidar_link
angle_min: -3.1415927410125732
angle_max: 3.1415927410125732
angle_increment: 0.008738784119486809
time_increment: 0.00013463966024573892
scan_time: 0.09680591523647308
range_min: 0.05000000074505806
range_max: 16.0
ranges:
- 1.9482500553131104
- 1.9482500553131104
- 1.9444999694824219
- .inf
- .inf
- .inf
- 1.9322500228881836
- 1.9322500228881836
- 1.9290000200271606
- 1.9259999990463257
- 1.9259999990463257
- 1.9225000143051147
- 1.9194999933242798
- 1.9190000295639038
- 1.9190000295639038
- 1.9187500476837158
- 1.9184999465942383
- 1.9184999465942383
- 1.9187500476837158
- 1.9190000295639038
- 1.9197499752044678
- 1.9197499752044678
- 1.9210000038146973
- 1.9217499494552612
- 1.9217499494552612
- 1.9225000143051147
- 1.9240000247955322
- 1.9240000247955322
- 1.9267499446868896
- 1.9294999837875366
- 1.9320000410079956
- 1.9320000410079956
