/ekf_filter_node
/robot_state_publisher
/sllidar_node
/transform_listener_impl_aaab14534db0
Type: sensor_msgs/msg/LaserScan

Publisher count: 1

Node name: sllidar_node
Node namespace: /
Topic type: sensor_msgs/msg/LaserScan
Topic type hash: RIHS01_64c191398013af96509d518dac71d5164f9382553fce5c1f8cca5be7924bd828
Endpoint type: PUBLISHER
GID: 01.0f.81.bf.5d.52.ff.6f.00.00.00.00.00.00.14.03
QoS profile:
  Reliability: RELIABLE
  History (Depth): UNKNOWN
  Durability: VOLATILE
  Lifespan: Infinite
  Deadline: Infinite
  Liveliness: AUTOMATIC
  Liveliness lease duration: Infinite

Subscription count: 0

 21085average rate: 9.991
	min: 0.098s max: 0.101s std dev: 0.00098s window: 11
average rate: 10.016
	min: 0.098s max: 0.101s std dev: 0.00109s window: 22
average rate: 10.009
	min: 0.098s max: 0.101s std dev: 0.00107s window: 32
average rate: 10.011
	min: 0.098s max: 0.101s std dev: 0.00110s window: 43
average rate: 10.016
	min: 0.098s max: 0.101s std dev: 0.00112s window: 54
average rate: 10.005
	min: 0.098s max: 0.101s std dev: 0.00107s window: 64
average rate: 10.010
	min: 0.098s max: 0.101s std dev: 0.00110s window: 75
average rate: 10.009
	min: 0.098s max: 0.101s std dev: 0.00110s window: 85
average rate: 10.009
	min: 0.097s max: 0.101s std dev: 0.00112s window: 96
average rate: 10.012
	min: 0.097s max: 0.101s std dev: 0.00113s window: 107
average rate: 10.009
	min: 0.097s max: 0.101s std dev: 0.00111s window: 117
average rate: 10.011
	min: 0.097s max: 0.101s std dev: 0.00113s window: 128
average rate: 10.012
	min: 0.097s max: 0.101s std dev: 0.00113s window: 139
average rate: 10.009
	min: 0.097s max: 0.101s std dev: 0.00112s window: 149
average rate: 10.011
	min: 0.097s max: 0.101s std dev: 0.00113s window: 160
average rate: 10.008
	min: 0.097s max: 0.101s std dev: 0.00112s window: 170
average rate: 10.011
	min: 0.097s max: 0.101s std dev: 0.00113s window: 181
