/_ros2cli_daemon_0_588e444e9c34406aa6bc7aebe7565a72 Node not found
/base_driver_node Boolean value is: False
/behavior_server Boolean value is: False
/bt_navigator Boolean value is: False
/bt_navigator_navigate_through_poses_rclcpp_node /bt_navigator_navigate_to_pose_rclcpp_node /collision_monitor Boolean value is: False
/controller_server Boolean value is: False
/docking_server Boolean value is: False
/ekf_filter_node Boolean value is: False
/global_costmap/global_costmap Boolean value is: False
/launch_ros_4580 Boolean value is: False
/lifecycle_manager_navigation /local_costmap/local_costmap Boolean value is: False
/planner_server Boolean value is: False
/robot_state_publisher Boolean value is: False
/route_server failed to check service availability: rcl node's context is invalid, at ./src/rcl/node.c:404
/rviz2 Boolean value is: False
/slam_toolbox Boolean value is: False
/sllidar_node Boolean value is: False
/smoother_server Boolean value is: False
/sweepi_api_bridge Boolean value is: False
/sweepi_robot_manager Boolean value is: False
/teleop_twist_keyboard Boolean value is: False
/transform_listener_impl_aaaad89e7c20 failed to check service availability: rcl node's context is invalid, at ./src/rcl/node.c:404
/transform_listener_impl_aaaaeff6a8d0 failed to check service availability: rcl node's context is invalid, at ./src/rcl/node.c:404
/transform_listener_impl_aaaaf7e17380 failed to check service availability: rcl node's context is invalid, at ./src/rcl/node.c:404
/transform_listener_impl_aaab0e2c35d0 failed to check service availability: rcl node's context is invalid, at ./src/rcl/node.c:404
/transform_listener_impl_ffff7c03b530 failed to check service availability: rcl node's context is invalid, at ./src/rcl/node.c:404
/velocity_smoother Boolean value is: False
/waypoint_follower Boolean value is: False
