2026-07-11 22:25 /home/sweepi/.ros/log/2026-07-11-22-25-29-636050-sweepi-3478/launch.log
2026-07-11 22:27 /home/sweepi/.ros/log/python3_3482_1783788930933.log
2026-07-11 22:31 /home/sweepi/.ros/log/python3_3996_1783789300395.log
2026-07-11 22:31 /home/sweepi/.ros/log/python3_4001_1783789299821.log
2026-07-11 22:31 /home/sweepi/.ros/log/python3_4002_1783789300770.log
2026-07-11 22:31 /home/sweepi/.ros/log/python3_4199_1783789309190.log
2026-07-11 22:31 /home/sweepi/.ros/log/python3_4241_1783789314177.log
2026-07-11 22:32 /home/sweepi/.ros/log/2026-07-11-22-31-37-639719-sweepi-3865/launch.log
2026-07-11 22:32 /home/sweepi/.ros/log/2026-07-11-22-31-48-747761-sweepi-4199/launch.log
2026-07-11 22:32 /home/sweepi/.ros/log/async_slam_toolbox_node_4240_1783789310408.log
2026-07-11 22:32 /home/sweepi/.ros/log/behavior_server_4233_1783789310135.log
2026-07-11 22:32 /home/sweepi/.ros/log/bt_navigator_4234_1783789309973.log
2026-07-11 22:32 /home/sweepi/.ros/log/collision_monitor_4237_1783789310139.log
2026-07-11 22:32 /home/sweepi/.ros/log/controller_server_4229_1783789310136.log
2026-07-11 22:32 /home/sweepi/.ros/log/ekf_node_3997_1783789298648.log
2026-07-11 22:32 /home/sweepi/.ros/log/lifecycle_manager_4239_1783789309870.log
2026-07-11 22:32 /home/sweepi/.ros/log/opennav_docking_4238_1783789310024.log
2026-07-11 22:32 /home/sweepi/.ros/log/planner_server_4231_1783789310030.log
2026-07-11 22:32 /home/sweepi/.ros/log/python3_4628_1783789331104.log
2026-07-11 22:32 /home/sweepi/.ros/log/robot_state_publisher_3999_1783789298648.log
2026-07-11 22:32 /home/sweepi/.ros/log/route_server_4232_1783789310037.log
2026-07-11 22:32 /home/sweepi/.ros/log/rviz2_4000_1783789299520.log
2026-07-11 22:32 /home/sweepi/.ros/log/sllidar_node_3998_1783789298648.log
2026-07-11 22:32 /home/sweepi/.ros/log/smoother_server_4230_1783789310099.log
2026-07-11 22:32 /home/sweepi/.ros/log/velocity_smoother_4236_1783789309790.log
2026-07-11 22:32 /home/sweepi/.ros/log/waypoint_follower_4235_1783789310036.log
2026-07-11 22:33 /home/sweepi/.ros/log/python3_5404_1783789381295.log
2026-07-11 22:33 /home/sweepi/.ros/log/python3_5409_1783789381536.log
2026-07-11 22:33 /home/sweepi/.ros/log/python3_5410_1783789381759.log
2026-07-11 22:33 /home/sweepi/.ros/log/python3_5554_1783789388345.log
2026-07-11 22:33 /home/sweepi/.ros/log/python3_5590_1783789391638.log
2026-07-11 22:33 /home/sweepi/.ros/log/python3_5825_1783789399231.log
2026-07-11 22:34 /home/sweepi/.ros/log/2026-07-11-22-32-59-895227-sweepi-5391/launch.log
2026-07-11 22:34 /home/sweepi/.ros/log/2026-07-11-22-33-07-932610-sweepi-5554/launch.log
2026-07-11 22:34 /home/sweepi/.ros/log/async_slam_toolbox_node_5588_1783789389120.log
2026-07-11 22:34 /home/sweepi/.ros/log/behavior_server_5581_1783789388788.log
2026-07-11 22:34 /home/sweepi/.ros/log/bt_navigator_5582_1783789389162.log
2026-07-11 22:34 /home/sweepi/.ros/log/collision_monitor_5585_1783789389401.log
2026-07-11 22:34 /home/sweepi/.ros/log/controller_server_5577_1783789388967.log
2026-07-11 22:34 /home/sweepi/.ros/log/ekf_node_5405_1783789380290.log
2026-07-11 22:34 /home/sweepi/.ros/log/lifecycle_manager_5587_1783789389134.log
2026-07-11 22:34 /home/sweepi/.ros/log/opennav_docking_5586_1783789389206.log
2026-07-11 22:34 /home/sweepi/.ros/log/planner_server_5579_1783789388886.log
2026-07-11 22:34 /home/sweepi/.ros/log/robot_state_publisher_5407_1783789380302.log
2026-07-11 22:34 /home/sweepi/.ros/log/route_server_5580_1783789388922.log
2026-07-11 22:34 /home/sweepi/.ros/log/rviz2_5408_1783789380842.log
2026-07-11 22:34 /home/sweepi/.ros/log/sllidar_node_5406_1783789380318.log
2026-07-11 22:34 /home/sweepi/.ros/log/smoother_server_5578_1783789389152.log
2026-07-11 22:34 /home/sweepi/.ros/log/velocity_smoother_5584_1783789389256.log
2026-07-11 22:34 /home/sweepi/.ros/log/waypoint_follower_5583_1783789389022.log
2026-07-11 22:35 /home/sweepi/.ros/log/2026-07-11-22-35-43-565057-sweepi-6691/launch.log
2026-07-11 22:35 /home/sweepi/.ros/log/async_slam_toolbox_node_6725_1783789544761.log
2026-07-11 22:35 /home/sweepi/.ros/log/behavior_server_6718_1783789544482.log
2026-07-11 22:35 /home/sweepi/.ros/log/bt_navigator_6719_1783789544738.log
2026-07-11 22:35 /home/sweepi/.ros/log/collision_monitor_6722_1783789544857.log
2026-07-11 22:35 /home/sweepi/.ros/log/controller_server_6714_1783789544667.log
2026-07-11 22:35 /home/sweepi/.ros/log/lifecycle_manager_6724_1783789544804.log
2026-07-11 22:35 /home/sweepi/.ros/log/opennav_docking_6723_1783789544715.log
2026-07-11 22:35 /home/sweepi/.ros/log/planner_server_6716_1783789544585.log
2026-07-11 22:35 /home/sweepi/.ros/log/python3_6560_1783789536666.log
2026-07-11 22:35 /home/sweepi/.ros/log/python3_6565_1783789536423.log
2026-07-11 22:35 /home/sweepi/.ros/log/python3_6566_1783789536407.log
2026-07-11 22:35 /home/sweepi/.ros/log/python3_6691_1783789543971.log
2026-07-11 22:35 /home/sweepi/.ros/log/route_server_6717_1783789544648.log
2026-07-11 22:35 /home/sweepi/.ros/log/smoother_server_6715_1783789544539.log
2026-07-11 22:35 /home/sweepi/.ros/log/velocity_smoother_6721_1783789544509.log
2026-07-11 22:35 /home/sweepi/.ros/log/waypoint_follower_6720_1783789544677.log
2026-07-11 22:36 /home/sweepi/.ros/log/2026-07-11-22-35-34-862276-sweepi-6556/launch.log
2026-07-11 22:36 /home/sweepi/.ros/log/ekf_node_6561_1783789535278.log
2026-07-11 22:36 /home/sweepi/.ros/log/python3_7431_1783789597722.log
2026-07-11 22:36 /home/sweepi/.ros/log/python3_7437_1783789598623.log
2026-07-11 22:36 /home/sweepi/.ros/log/python3_7554_1783789607261.log
2026-07-11 22:36 /home/sweepi/.ros/log/python3_7589_1783789610819.log
2026-07-11 22:36 /home/sweepi/.ros/log/robot_state_publisher_6563_1783789535273.log
2026-07-11 22:36 /home/sweepi/.ros/log/rviz2_6564_1783789535703.log
2026-07-11 22:36 /home/sweepi/.ros/log/sllidar_node_6562_1783789535234.log
2026-07-11 22:37 /home/sweepi/.ros/log/python3_7844_1783789622866.log
2026-07-11 22:38 /home/sweepi/.ros/log/2026-07-11-22-36-36-387318-sweepi-7427/launch.log
2026-07-11 22:38 /home/sweepi/.ros/log/2026-07-11-22-36-46-879439-sweepi-7554/launch.log
2026-07-11 22:38 /home/sweepi/.ros/log/async_slam_toolbox_node_7588_1783789608350.log
2026-07-11 22:38 /home/sweepi/.ros/log/behavior_server_7581_1783789608073.log
2026-07-11 22:38 /home/sweepi/.ros/log/bt_navigator_7582_1783789608187.log
2026-07-11 22:38 /home/sweepi/.ros/log/collision_monitor_7585_1783789608373.log
2026-07-11 22:38 /home/sweepi/.ros/log/controller_server_7577_1783789608165.log
2026-07-11 22:38 /home/sweepi/.ros/log/ekf_node_7432_1783789596785.log
2026-07-11 22:38 /home/sweepi/.ros/log/lifecycle_manager_7587_1783789608057.log
2026-07-11 22:38 /home/sweepi/.ros/log/opennav_docking_7586_1783789608440.log
2026-07-11 22:38 /home/sweepi/.ros/log/planner_server_7579_1783789607804.log
2026-07-11 22:38 /home/sweepi/.ros/log/python3_7436_1783789598061.log
2026-07-11 22:38 /home/sweepi/.ros/log/robot_state_publisher_7434_1783789596791.log
2026-07-11 22:38 /home/sweepi/.ros/log/route_server_7580_1783789608146.log
2026-07-11 22:38 /home/sweepi/.ros/log/rviz2_7435_1783789597224.log
2026-07-11 22:38 /home/sweepi/.ros/log/sllidar_node_7433_1783789596795.log
2026-07-11 22:38 /home/sweepi/.ros/log/smoother_server_7578_1783789607860.log
2026-07-11 22:38 /home/sweepi/.ros/log/velocity_smoother_7584_1783789608003.log
2026-07-11 22:38 /home/sweepi/.ros/log/waypoint_follower_7583_1783789608036.log
2026-07-12 00:43 /home/sweepi/.ros/log/2026-07-12-00-43-26-655051-sweepi-3749/launch.log
2026-07-12 00:43 /home/sweepi/.ros/log/ekf_node_3755_1783797207635.log
2026-07-12 00:43 /home/sweepi/.ros/log/python3_3760_1783797208595.log
2026-07-12 00:43 /home/sweepi/.ros/log/robot_state_publisher_3757_1783797207635.log
2026-07-12 00:43 /home/sweepi/.ros/log/sllidar_node_3756_1783797207635.log
2026-07-12 00:44 /home/sweepi/.ros/log/2026-07-12-00-44-07-578533-sweepi-4423/launch.log
2026-07-12 00:44 /home/sweepi/.ros/log/2026-07-12-00-44-26-314920-sweepi-4580/launch.log
2026-07-12 00:44 /home/sweepi/.ros/log/behavior_server_4603_1783797267661.log
2026-07-12 00:44 /home/sweepi/.ros/log/bt_navigator_4604_1783797267415.log
2026-07-12 00:44 /home/sweepi/.ros/log/collision_monitor_4607_1783797267741.log
2026-07-12 00:44 /home/sweepi/.ros/log/controller_server_4599_1783797267479.log
2026-07-12 00:44 /home/sweepi/.ros/log/opennav_docking_4608_1783797267558.log
2026-07-12 00:44 /home/sweepi/.ros/log/python3_4432_1783797250845.log
2026-07-12 00:44 /home/sweepi/.ros/log/python3_4580_1783797266740.log
2026-07-12 00:44 /home/sweepi/.ros/log/python3_4611_1783797270354.log
2026-07-12 00:44 /home/sweepi/.ros/log/python3_4826_1783797282808.log
2026-07-12 00:44 /home/sweepi/.ros/log/robot_state_publisher_4430_1783797248405.log
2026-07-12 00:44 /home/sweepi/.ros/log/route_server_4602_1783797267655.log
2026-07-12 00:44 /home/sweepi/.ros/log/rviz2_4431_1783797249855.log
2026-07-12 00:44 /home/sweepi/.ros/log/sllidar_node_4429_1783797248382.log
2026-07-12 00:44 /home/sweepi/.ros/log/smoother_server_4600_1783797267541.log
2026-07-12 00:44 /home/sweepi/.ros/log/velocity_smoother_4606_1783797267327.log
2026-07-12 00:44 /home/sweepi/.ros/log/waypoint_follower_4605_1783797267402.log
2026-07-12 01:06 /home/sweepi/.ros/log/python3_4433_1783797251993.log
2026-07-12 01:06 /home/sweepi/.ros/log/python3_9866_1783798611391.log
2026-07-12 01:06 /home/sweepi/.ros/log/python3_9869_1783798612290.log
2026-07-12 01:07 /home/sweepi/.ros/log/python3_10075_1783798661496.log
2026-07-12 01:07 /home/sweepi/.ros/log/python3_10105_1783798669838.log
2026-07-12 01:07 /home/sweepi/.ros/log/python3_10132_1783798678303.log
2026-07-12 01:08 /home/sweepi/.ros/log/python3_10159_1783798686755.log
2026-07-12 01:08 /home/sweepi/.ros/log/python3_10205_1783798695196.log
2026-07-12 01:08 /home/sweepi/.ros/log/python3_10232_1783798707683.log
2026-07-12 01:08 /home/sweepi/.ros/log/python3_10255_1783798714271.log
2026-07-12 01:08 /home/sweepi/.ros/log/python3_10278_1783798716981.log
2026-07-12 01:09 /home/sweepi/.ros/log/python3_10328_1783798746164.log
2026-07-12 01:09 /home/sweepi/.ros/log/tf2_echo_10362_1783798772610.log
2026-07-12 01:09 /home/sweepi/.ros/log/tf2_echo_10393_1783798778844.log
2026-07-12 01:09 /home/sweepi/.ros/log/tf2_echo_10424_1783798785108.log
2026-07-12 01:10 /home/sweepi/.ros/log/python3_10481_1783798802553.log
2026-07-12 01:10 /home/sweepi/.ros/log/python3_10505_1783798805043.log
2026-07-12 01:10 /home/sweepi/.ros/log/python3_10529_1783798808676.log
2026-07-12 01:10 /home/sweepi/.ros/log/python3_10568_1783798812616.log
2026-07-12 01:10 /home/sweepi/.ros/log/python3_10591_1783798817669.log
2026-07-12 01:10 /home/sweepi/.ros/log/python3_10644_1783798845349.log
2026-07-12 01:10 /home/sweepi/.ros/log/python3_10671_1783798851700.log
2026-07-12 01:10 /home/sweepi/.ros/log/tf2_monitor_10455_1783798791369.log
2026-07-12 01:12 /home/sweepi/.ros/log/planner_server_4601_1783797267594.log
2026-07-12 01:12 /home/sweepi/.ros/log/python3_10867_1783798973547.log
2026-07-12 01:13 /home/sweepi/.ros/log/lifecycle_manager_4609_1783797267402.log
2026-07-12 01:13 /home/sweepi/.ros/log/python3_10901_1783798986249.log
2026-07-12 01:13 /home/sweepi/.ros/log/python3_10917_1783798989103.log
2026-07-12 01:13 /home/sweepi/.ros/log/python3_10933_1783798991533.log
2026-07-12 01:13 /home/sweepi/.ros/log/python3_10949_1783798995025.log
2026-07-12 01:13 /home/sweepi/.ros/log/python3_10965_1783799000412.log
2026-07-12 01:13 /home/sweepi/.ros/log/python3_10981_1783799005788.log
2026-07-12 01:13 /home/sweepi/.ros/log/python3_10999_1783799008749.log
2026-07-12 01:13 /home/sweepi/.ros/log/python3_11015_1783799012642.log
2026-07-12 01:13 /home/sweepi/.ros/log/python3_11031_1783799015023.log
2026-07-12 01:13 /home/sweepi/.ros/log/python3_11047_1783799017476.log
2026-07-12 01:13 /home/sweepi/.ros/log/python3_11063_1783799020811.log
2026-07-12 01:13 /home/sweepi/.ros/log/python3_11079_1783799023689.log
2026-07-12 01:13 /home/sweepi/.ros/log/python3_11102_1783799029132.log
2026-07-12 01:13 /home/sweepi/.ros/log/python3_11118_1783799031615.log
2026-07-12 01:13 /home/sweepi/.ros/log/python3_11134_1783799035070.log
2026-07-12 01:13 /home/sweepi/.ros/log/python3_11150_1783799037461.log
2026-07-12 01:14 /home/sweepi/.ros/log/async_slam_toolbox_node_4610_1783797267831.log
2026-07-12 01:14 /home/sweepi/.ros/log/ekf_node_4428_1783797248576.log
2026-07-12 01:14 /home/sweepi/.ros/log/python3_11168_1783799043016.log
2026-07-12 01:14 /home/sweepi/.ros/log/python3_11184_1783799046137.log
2026-07-12 01:14 /home/sweepi/.ros/log/python3_11200_1783799049148.log
2026-07-12 01:14 /home/sweepi/.ros/log/python3_11216_1783799051521.log
2026-07-12 01:14 /home/sweepi/.ros/log/python3_11233_1783799054984.log
2026-07-12 01:14 /home/sweepi/.ros/log/python3_11267_1783799057433.log
2026-07-12 01:14 /home/sweepi/.ros/log/python3_11283_1783799060617.log
2026-07-12 01:14 /home/sweepi/.ros/log/python3_11299_1783799062990.log
2026-07-12 01:14 /home/sweepi/.ros/log/python3_11315_1783799068477.log
2026-07-12 01:14 /home/sweepi/.ros/log/python3_11332_1783799074073.log
2026-07-12 01:14 /home/sweepi/.ros/log/python3_11350_1783799079714.log
2026-07-12 01:14 /home/sweepi/.ros/log/python3_11366_1783799085052.log
2026-07-12 01:14 /home/sweepi/.ros/log/python3_11398_1783799090779.log
2026-07-12 01:14 /home/sweepi/.ros/log/python3_11414_1783799093129.log
2026-07-12 01:14 /home/sweepi/.ros/log/python3_4427_1783797251702.log
