src/sweepi_robot_manager/README.md:99:from an app or bridge because it first calls the exploration stop service
src/sweepi_api_bridge/sweepi_api_bridge/runtime_state.py:3:from dataclasses import asdict, dataclass, field
src/sweepi_api_bridge/sweepi_api_bridge/runtime_state.py:4:import threading
src/sweepi_api_bridge/sweepi_api_bridge/runtime_state.py:5:import time
src/sweepi_robot_manager/launch/exploration_task.launch.py:3:import os
src/sweepi_robot_manager/launch/exploration_task.launch.py:5:from ament_index_python.packages import get_package_share_directory
src/sweepi_robot_manager/launch/exploration_task.launch.py:6:from launch import LaunchDescription
src/sweepi_robot_manager/launch/exploration_task.launch.py:7:from launch.actions import DeclareLaunchArgument, IncludeLaunchDescription
src/sweepi_robot_manager/launch/exploration_task.launch.py:8:from launch.launch_description_sources import PythonLaunchDescriptionSource
src/sweepi_robot_manager/launch/exploration_task.launch.py:9:from launch.substitutions import LaunchConfiguration
src/sweepi_robot_manager/launch/master.launch.py:3:import os
src/sweepi_robot_manager/launch/master.launch.py:5:from ament_index_python.packages import get_package_share_directory
src/sweepi_robot_manager/launch/master.launch.py:6:from launch import LaunchDescription
src/sweepi_robot_manager/launch/master.launch.py:7:from launch.actions import DeclareLaunchArgument, IncludeLaunchDescription, LogInfo, OpaqueFunction
src/sweepi_robot_manager/launch/master.launch.py:8:from launch.conditions import IfCondition
src/sweepi_robot_manager/launch/master.launch.py:9:from launch.launch_description_sources import AnyLaunchDescriptionSource, PythonLaunchDescriptionSource
src/sweepi_robot_manager/launch/master.launch.py:10:from launch.substitutions import LaunchConfiguration, PythonExpression
src/sweepi_robot_manager/launch/master.launch.py:11:from launch_ros.actions import Node
src/sweepi_robot_manager/launch/coverage_task.launch.py:3:import os
src/sweepi_robot_manager/launch/coverage_task.launch.py:5:from ament_index_python.packages import get_package_share_directory
src/sweepi_robot_manager/launch/coverage_task.launch.py:6:from launch import LaunchDescription
src/sweepi_robot_manager/launch/coverage_task.launch.py:7:from launch.actions import DeclareLaunchArgument, IncludeLaunchDescription
src/sweepi_robot_manager/launch/coverage_task.launch.py:8:from launch.launch_description_sources import PythonLaunchDescriptionSource
src/sweepi_robot_manager/launch/coverage_task.launch.py:9:from launch.substitutions import LaunchConfiguration, PythonExpression
src/sweepi_api_bridge/sweepi_api_bridge/api_bridge_node.py:4:from datetime import datetime, timezone
src/sweepi_api_bridge/sweepi_api_bridge/api_bridge_node.py:5:from http.server import BaseHTTPRequestHandler, ThreadingHTTPServer
src/sweepi_api_bridge/sweepi_api_bridge/api_bridge_node.py:6:import math
src/sweepi_api_bridge/sweepi_api_bridge/api_bridge_node.py:7:import threading
src/sweepi_api_bridge/sweepi_api_bridge/api_bridge_node.py:8:import time
src/sweepi_api_bridge/sweepi_api_bridge/api_bridge_node.py:9:import traceback
src/sweepi_api_bridge/sweepi_api_bridge/api_bridge_node.py:11:import rclpy
src/sweepi_api_bridge/sweepi_api_bridge/api_bridge_node.py:12:from geometry_msgs.msg import PoseWithCovarianceStamped, Twist
src/sweepi_api_bridge/sweepi_api_bridge/api_bridge_node.py:13:from nav_msgs.msg import OccupancyGrid, Path
src/sweepi_api_bridge/sweepi_api_bridge/api_bridge_node.py:14:from rclpy.executors import ExternalShutdownException, MultiThreadedExecutor
src/sweepi_api_bridge/sweepi_api_bridge/api_bridge_node.py:15:from rclpy.duration import Duration
src/sweepi_api_bridge/sweepi_api_bridge/api_bridge_node.py:16:from rclpy.node import Node
src/sweepi_api_bridge/sweepi_api_bridge/api_bridge_node.py:17:from rclpy.qos import DurabilityPolicy, QoSProfile, ReliabilityPolicy
src/sweepi_api_bridge/sweepi_api_bridge/api_bridge_node.py:18:from rclpy.time import Time
src/sweepi_api_bridge/sweepi_api_bridge/api_bridge_node.py:19:from std_msgs.msg import Float32, String
src/sweepi_api_bridge/sweepi_api_bridge/api_bridge_node.py:20:from std_srvs.srv import Trigger
src/sweepi_api_bridge/sweepi_api_bridge/api_bridge_node.py:21:from tf2_ros import Buffer, TransformException, TransformListener
src/sweepi_api_bridge/sweepi_api_bridge/api_bridge_node.py:23:from sweepi_api_bridge.json_utils import (
src/sweepi_api_bridge/sweepi_api_bridge/api_bridge_node.py:33:from sweepi_api_bridge.map_store import MapStore, sanitize_map_id
src/sweepi_api_bridge/sweepi_api_bridge/api_bridge_node.py:34:from sweepi_api_bridge.runtime_state import StateStore
src/sweepi_api_bridge/sweepi_api_bridge/api_bridge_node.py:35:from sweepi_robot_manager_interfaces.srv import StartTask
src/sweepi_api_bridge/sweepi_api_bridge/json_utils.py:3:import json
src/sweepi_api_bridge/sweepi_api_bridge/json_utils.py:4:import math
src/sweepi_api_bridge/sweepi_api_bridge/json_utils.py:5:from urllib.parse import parse_qs, urlparse
src/sweepi_robot_manager/sweepi_robot_manager/sweepi_robot_manager_node.py:4:import os
src/sweepi_robot_manager/sweepi_robot_manager/sweepi_robot_manager_node.py:5:import signal
src/sweepi_robot_manager/sweepi_robot_manager/sweepi_robot_manager_node.py:6:import subprocess
src/sweepi_robot_manager/sweepi_robot_manager/sweepi_robot_manager_node.py:7:import time
src/sweepi_robot_manager/sweepi_robot_manager/sweepi_robot_manager_node.py:8:from shutil import which
src/sweepi_robot_manager/sweepi_robot_manager/sweepi_robot_manager_node.py:10:import rclpy
src/sweepi_robot_manager/sweepi_robot_manager/sweepi_robot_manager_node.py:11:from nav_msgs.msg import OccupancyGrid
src/sweepi_robot_manager/sweepi_robot_manager/sweepi_robot_manager_node.py:12:from nav2_msgs.srv import SaveMap
src/sweepi_robot_manager/sweepi_robot_manager/sweepi_robot_manager_node.py:13:from rclpy.node import Node
src/sweepi_robot_manager/sweepi_robot_manager/sweepi_robot_manager_node.py:14:from rclpy.qos import DurabilityPolicy, QoSProfile, ReliabilityPolicy
src/sweepi_robot_manager/sweepi_robot_manager/sweepi_robot_manager_node.py:15:from std_msgs.msg import String
src/sweepi_robot_manager/sweepi_robot_manager/sweepi_robot_manager_node.py:16:from std_srvs.srv import Trigger
src/sweepi_robot_manager/sweepi_robot_manager/sweepi_robot_manager_node.py:18:from sweepi_robot_manager_interfaces.srv import StartTask
src/sweepi_api_bridge/setup.py:1:from glob import glob
src/sweepi_api_bridge/setup.py:2:from setuptools import setup
src/sweepi_api_bridge/launch/api_bridge.launch.py:3:from launch import LaunchDescription
src/sweepi_api_bridge/launch/api_bridge.launch.py:4:from launch.actions import DeclareLaunchArgument
src/sweepi_api_bridge/launch/api_bridge.launch.py:5:from launch.substitutions import LaunchConfiguration, PythonExpression
src/sweepi_api_bridge/launch/api_bridge.launch.py:6:from launch_ros.actions import Node
src/sweepi_api_bridge/sweepi_api_bridge/map_store.py:3:from datetime import datetime, timezone
src/sweepi_api_bridge/sweepi_api_bridge/map_store.py:4:import json
src/sweepi_api_bridge/sweepi_api_bridge/map_store.py:5:import math
src/sweepi_api_bridge/sweepi_api_bridge/map_store.py:6:import os
src/sweepi_api_bridge/sweepi_api_bridge/map_store.py:7:import re
src/sweepi_coverage/launch/coverage_follow_path.launch.py:1:import os
src/sweepi_coverage/launch/coverage_follow_path.launch.py:3:from ament_index_python.packages import get_package_share_directory
src/sweepi_coverage/launch/coverage_follow_path.launch.py:4:from launch import LaunchDescription
src/sweepi_coverage/launch/coverage_follow_path.launch.py:5:from launch.actions import DeclareLaunchArgument
src/sweepi_coverage/launch/coverage_follow_path.launch.py:6:from launch.substitutions import LaunchConfiguration
src/sweepi_coverage/launch/coverage_follow_path.launch.py:7:from launch_ros.actions import Node
src/sweepi_coverage/launch/coverage_follow_path.launch.py:8:from launch_ros.parameter_descriptions import ParameterValue
src/sweepi_coverage/test/test_coverage_arm_follow_path_executor.py:3:import math
src/sweepi_coverage/test/test_coverage_arm_follow_path_executor.py:4:import time
src/sweepi_coverage/test/test_coverage_arm_follow_path_executor.py:5:from unittest.mock import Mock, patch
src/sweepi_coverage/test/test_coverage_arm_follow_path_executor.py:7:from geometry_msgs.msg import PoseStamped
src/sweepi_coverage/test/test_coverage_arm_follow_path_executor.py:8:from nav_msgs.msg import OccupancyGrid, Path
src/sweepi_coverage/test/test_coverage_arm_follow_path_executor.py:9:from sensor_msgs.msg import LaserScan, Range
src/sweepi_coverage/test/test_coverage_arm_follow_path_executor.py:10:from std_msgs.msg import String
src/sweepi_coverage/test/test_coverage_arm_follow_path_executor.py:11:from std_srvs.srv import Trigger
src/sweepi_coverage/test/test_coverage_arm_follow_path_executor.py:13:from sweepi_coverage.coverage_arm_follow_path_executor_node import (
src/sweepi_coverage/test/test_coverage_arm_follow_path_executor.py:16:from sweepi_coverage.coverage_follow_path_executor_node import (
src/sweepi_coverage/launch/coverage_system.launch.py:1:import os
src/sweepi_coverage/launch/coverage_system.launch.py:3:from ament_index_python.packages import get_package_share_directory
src/sweepi_coverage/launch/coverage_system.launch.py:4:from launch import LaunchDescription
src/sweepi_coverage/launch/coverage_system.launch.py:5:from launch.actions import DeclareLaunchArgument
src/sweepi_coverage/launch/coverage_system.launch.py:6:from launch.substitutions import LaunchConfiguration
src/sweepi_coverage/launch/coverage_system.launch.py:7:from launch_ros.actions import Node
src/sweepi_coverage/launch/nav2_bringup.launch.py:1:import os
src/sweepi_coverage/launch/nav2_bringup.launch.py:3:from ament_index_python.packages import get_package_share_directory
src/sweepi_coverage/launch/nav2_bringup.launch.py:4:from launch import LaunchDescription
src/sweepi_coverage/launch/nav2_bringup.launch.py:5:from launch.actions import (
src/sweepi_coverage/launch/nav2_bringup.launch.py:10:from launch.launch_description_sources import PythonLaunchDescriptionSource
src/sweepi_coverage/launch/nav2_bringup.launch.py:11:from launch.substitutions import LaunchConfiguration
src/sweepi_exploration/launch/exploration.launch.py:3:import os
src/sweepi_exploration/launch/exploration.launch.py:4:from ament_index_python.packages import get_package_share_directory
src/sweepi_exploration/launch/exploration.launch.py:5:from launch import LaunchDescription
src/sweepi_exploration/launch/exploration.launch.py:6:from launch.actions import DeclareLaunchArgument, IncludeLaunchDescription, LogInfo
src/sweepi_exploration/launch/exploration.launch.py:7:from launch.launch_description_sources import PythonLaunchDescriptionSource
src/sweepi_exploration/launch/exploration.launch.py:8:from launch.substitutions import LaunchConfiguration
src/sweepi_exploration/launch/exploration.launch.py:9:from launch_ros.actions import Node
src/sweepi_coverage/sweepi_coverage/coverage_utils.py:3:import math
src/sweepi_exploration/sweepi_exploration/wavefront_explorer.py:7:import copy
src/sweepi_exploration/sweepi_exploration/wavefront_explorer.py:8:import math
src/sweepi_exploration/sweepi_exploration/wavefront_explorer.py:9:import os
src/sweepi_exploration/sweepi_exploration/wavefront_explorer.py:10:from collections import deque
src/sweepi_exploration/sweepi_exploration/wavefront_explorer.py:11:from datetime import datetime
src/sweepi_exploration/sweepi_exploration/wavefront_explorer.py:13:import numpy as np
src/sweepi_exploration/sweepi_exploration/wavefront_explorer.py:14:import rclpy
src/sweepi_exploration/sweepi_exploration/wavefront_explorer.py:15:from action_msgs.msg import GoalStatus
src/sweepi_exploration/sweepi_exploration/wavefront_explorer.py:16:from geometry_msgs.msg import PoseStamped, Twist
src/sweepi_exploration/sweepi_exploration/wavefront_explorer.py:17:from nav2_msgs.action import NavigateToPose
src/sweepi_exploration/sweepi_exploration/wavefront_explorer.py:18:from nav2_msgs.srv import SaveMap
src/sweepi_exploration/sweepi_exploration/wavefront_explorer.py:19:from nav_msgs.msg import OccupancyGrid
src/sweepi_exploration/sweepi_exploration/wavefront_explorer.py:20:from rclpy.action import ActionClient
src/sweepi_exploration/sweepi_exploration/wavefront_explorer.py:21:from rclpy.node import Node
src/sweepi_exploration/sweepi_exploration/wavefront_explorer.py:22:from rclpy.qos import DurabilityPolicy, QoSProfile, ReliabilityPolicy
src/sweepi_exploration/sweepi_exploration/wavefront_explorer.py:23:from rclpy.time import Time
src/sweepi_exploration/sweepi_exploration/wavefront_explorer.py:24:from std_msgs.msg import String
src/sweepi_exploration/sweepi_exploration/wavefront_explorer.py:25:from std_srvs.srv import SetBool, Trigger
src/sweepi_exploration/sweepi_exploration/wavefront_explorer.py:26:from tf2_ros import Buffer, TransformException, TransformListener
src/sweepi_exploration/sweepi_exploration/wavefront_explorer.py:27:from visualization_msgs.msg import Marker, MarkerArray
src/sweepi_coverage/sweepi_coverage/coverage_tracker_node.py:4:import copy
src/sweepi_coverage/sweepi_coverage/coverage_tracker_node.py:5:import math
src/sweepi_coverage/sweepi_coverage/coverage_tracker_node.py:7:import rclpy
src/sweepi_coverage/sweepi_coverage/coverage_tracker_node.py:8:from nav_msgs.msg import OccupancyGrid
src/sweepi_coverage/sweepi_coverage/coverage_tracker_node.py:9:from rclpy.duration import Duration
src/sweepi_coverage/sweepi_coverage/coverage_tracker_node.py:10:from rclpy.executors import ExternalShutdownException
src/sweepi_coverage/sweepi_coverage/coverage_tracker_node.py:11:from rclpy.node import Node
src/sweepi_coverage/sweepi_coverage/coverage_tracker_node.py:12:from rclpy.qos import DurabilityPolicy, QoSProfile, ReliabilityPolicy
src/sweepi_coverage/sweepi_coverage/coverage_tracker_node.py:13:from rclpy.time import Time
src/sweepi_coverage/sweepi_coverage/coverage_tracker_node.py:14:from std_srvs.srv import Trigger
src/sweepi_coverage/sweepi_coverage/coverage_tracker_node.py:15:from tf2_ros import Buffer, TransformException, TransformListener
src/sweepi_coverage/sweepi_coverage/coverage_tracker_node.py:17:from sweepi_coverage.coverage_utils import (
src/sweepi_coverage/sweepi_coverage/coverage_arm_follow_path_executor_node.py:4:import copy
src/sweepi_coverage/sweepi_coverage/coverage_arm_follow_path_executor_node.py:5:import math
src/sweepi_coverage/sweepi_coverage/coverage_arm_follow_path_executor_node.py:6:import time
src/sweepi_coverage/sweepi_coverage/coverage_arm_follow_path_executor_node.py:7:import uuid
src/sweepi_coverage/sweepi_coverage/coverage_arm_follow_path_executor_node.py:9:import rclpy
src/sweepi_coverage/sweepi_coverage/coverage_arm_follow_path_executor_node.py:10:from action_msgs.msg import GoalStatus
src/sweepi_coverage/sweepi_coverage/coverage_arm_follow_path_executor_node.py:11:from geometry_msgs.msg import PoseStamped
src/sweepi_coverage/sweepi_coverage/coverage_arm_follow_path_executor_node.py:12:from nav2_msgs.action import Spin
src/sweepi_coverage/sweepi_coverage/coverage_arm_follow_path_executor_node.py:13:from rclpy.action import ActionClient
src/sweepi_coverage/sweepi_coverage/coverage_arm_follow_path_executor_node.py:14:from rclpy.duration import Duration
src/sweepi_coverage/sweepi_coverage/coverage_arm_follow_path_executor_node.py:15:from rclpy.executors import ExternalShutdownException
src/sweepi_coverage/sweepi_coverage/coverage_arm_follow_path_executor_node.py:16:from sensor_msgs.msg import LaserScan, Range
src/sweepi_coverage/sweepi_coverage/coverage_arm_follow_path_executor_node.py:17:from std_msgs.msg import String
src/sweepi_coverage/sweepi_coverage/coverage_arm_follow_path_executor_node.py:18:from std_srvs.srv import Trigger
src/sweepi_coverage/sweepi_coverage/coverage_arm_follow_path_executor_node.py:20:from sweepi_coverage.coverage_follow_path_executor_node import (
src/sweepi_coverage/sweepi_coverage/coverage_manager_node.py:4:import rclpy
src/sweepi_coverage/sweepi_coverage/coverage_manager_node.py:5:from rclpy.executors import ExternalShutdownException
src/sweepi_coverage/sweepi_coverage/coverage_manager_node.py:6:from rclpy.node import Node
src/sweepi_coverage/sweepi_coverage/coverage_executor_node.py:4:import copy
src/sweepi_coverage/sweepi_coverage/coverage_executor_node.py:5:import math
src/sweepi_coverage/sweepi_coverage/coverage_executor_node.py:7:import rclpy
src/sweepi_coverage/sweepi_coverage/coverage_executor_node.py:8:from action_msgs.msg import GoalStatus
src/sweepi_coverage/sweepi_coverage/coverage_executor_node.py:9:from geometry_msgs.msg import Point
src/sweepi_coverage/sweepi_coverage/coverage_executor_node.py:10:from nav2_msgs.action import NavigateThroughPoses
src/sweepi_coverage/sweepi_coverage/coverage_executor_node.py:11:from nav_msgs.msg import Path
src/sweepi_coverage/sweepi_coverage/coverage_executor_node.py:12:from rclpy.action import ActionClient
src/sweepi_coverage/sweepi_coverage/coverage_executor_node.py:13:from rclpy.duration import Duration
src/sweepi_coverage/sweepi_coverage/coverage_executor_node.py:14:from rclpy.executors import ExternalShutdownException
src/sweepi_coverage/sweepi_coverage/coverage_executor_node.py:15:from rclpy.node import Node
src/sweepi_coverage/sweepi_coverage/coverage_executor_node.py:16:from rclpy.qos import DurabilityPolicy, QoSProfile, ReliabilityPolicy
src/sweepi_coverage/sweepi_coverage/coverage_executor_node.py:17:from rclpy.time import Time
src/sweepi_coverage/sweepi_coverage/coverage_executor_node.py:18:from std_msgs.msg import String
src/sweepi_coverage/sweepi_coverage/coverage_executor_node.py:19:from tf2_ros import Buffer, TransformException, TransformListener
src/sweepi_coverage/sweepi_coverage/coverage_executor_node.py:20:from visualization_msgs.msg import Marker, MarkerArray
src/sweepi_coverage/sweepi_coverage/coverage_planner_node.py:4:from collections import deque
src/sweepi_coverage/sweepi_coverage/coverage_planner_node.py:5:import heapq
src/sweepi_coverage/sweepi_coverage/coverage_planner_node.py:6:import math
src/sweepi_coverage/sweepi_coverage/coverage_planner_node.py:8:import rclpy
src/sweepi_coverage/sweepi_coverage/coverage_planner_node.py:9:from geometry_msgs.msg import Point, PoseStamped
src/sweepi_coverage/sweepi_coverage/coverage_planner_node.py:10:from nav_msgs.msg import OccupancyGrid, Path
src/sweepi_coverage/sweepi_coverage/coverage_planner_node.py:11:from rclpy.duration import Duration
src/sweepi_coverage/sweepi_coverage/coverage_planner_node.py:12:from rclpy.executors import ExternalShutdownException
src/sweepi_coverage/sweepi_coverage/coverage_planner_node.py:13:from rclpy.node import Node
src/sweepi_coverage/sweepi_coverage/coverage_planner_node.py:14:from rclpy.qos import DurabilityPolicy, QoSProfile, ReliabilityPolicy
src/sweepi_coverage/sweepi_coverage/coverage_planner_node.py:15:from rclpy.time import Time
src/sweepi_coverage/sweepi_coverage/coverage_planner_node.py:16:from std_msgs.msg import Float32, String
src/sweepi_coverage/sweepi_coverage/coverage_planner_node.py:17:from std_srvs.srv import Trigger
src/sweepi_coverage/sweepi_coverage/coverage_planner_node.py:18:from tf2_ros import Buffer, TransformException, TransformListener
src/sweepi_coverage/sweepi_coverage/coverage_planner_node.py:19:from visualization_msgs.msg import Marker, MarkerArray
src/sweepi_coverage/sweepi_coverage/coverage_planner_node.py:21:from sweepi_coverage.coverage_utils import (
src/sweepi_coverage/sweepi_coverage/coverage_follow_path_executor_node.py:4:import copy
src/sweepi_coverage/sweepi_coverage/coverage_follow_path_executor_node.py:5:import heapq
src/sweepi_coverage/sweepi_coverage/coverage_follow_path_executor_node.py:6:import math
src/sweepi_coverage/sweepi_coverage/coverage_follow_path_executor_node.py:7:import time
src/sweepi_coverage/sweepi_coverage/coverage_follow_path_executor_node.py:9:import rclpy
src/sweepi_coverage/sweepi_coverage/coverage_follow_path_executor_node.py:10:from action_msgs.msg import GoalStatus
src/sweepi_coverage/sweepi_coverage/coverage_follow_path_executor_node.py:11:from geometry_msgs.msg import Point, PoseStamped, Twist
src/sweepi_coverage/sweepi_coverage/coverage_follow_path_executor_node.py:12:from nav2_msgs.action import ComputePathToPose, FollowPath, NavigateToPose, SmoothPath
src/sweepi_coverage/sweepi_coverage/coverage_follow_path_executor_node.py:13:from nav_msgs.msg import OccupancyGrid, Path
src/sweepi_coverage/sweepi_coverage/coverage_follow_path_executor_node.py:14:from rclpy.action import ActionClient
src/sweepi_coverage/sweepi_coverage/coverage_follow_path_executor_node.py:15:from rclpy.duration import Duration
src/sweepi_coverage/sweepi_coverage/coverage_follow_path_executor_node.py:16:from rclpy.exceptions import ParameterAlreadyDeclaredException
src/sweepi_coverage/sweepi_coverage/coverage_follow_path_executor_node.py:17:from rclpy.executors import ExternalShutdownException
src/sweepi_coverage/sweepi_coverage/coverage_follow_path_executor_node.py:18:from rclpy.node import Node
src/sweepi_coverage/sweepi_coverage/coverage_follow_path_executor_node.py:19:from rclpy.qos import DurabilityPolicy, QoSProfile, ReliabilityPolicy
src/sweepi_coverage/sweepi_coverage/coverage_follow_path_executor_node.py:20:from rclpy.time import Time
src/sweepi_coverage/sweepi_coverage/coverage_follow_path_executor_node.py:21:from std_msgs.msg import String
src/sweepi_coverage/sweepi_coverage/coverage_follow_path_executor_node.py:22:from std_srvs.srv import Trigger
src/sweepi_coverage/sweepi_coverage/coverage_follow_path_executor_node.py:23:from tf2_ros import Buffer, TransformException, TransformListener
src/sweepi_coverage/sweepi_coverage/coverage_follow_path_executor_node.py:24:from visualization_msgs.msg import Marker, MarkerArray
src/sweepi_coverage/sweepi_coverage/coverage_follow_path_executor_node.py:26:from sweepi_coverage.coverage_utils import in_bounds, map_to_flat_index, world_to_map
