/amcl_pose [geometry_msgs/msg/PoseWithCovarianceStamped]
/behavior_server/transition_event [lifecycle_msgs/msg/TransitionEvent]
/bond [bond/msg/Status]
/clicked_point [geometry_msgs/msg/PointStamped]
/cmd_vel [geometry_msgs/msg/Twist]
/cmd_vel_nav [geometry_msgs/msg/Twist]
/cmd_vel_teleop [geometry_msgs/msg/Twist]
/collision_monitor/collision_points_marker [visualization_msgs/msg/MarkerArray]
/collision_monitor/transition_event [lifecycle_msgs/msg/TransitionEvent]
/collision_monitor_state [nav2_msgs/msg/CollisionMonitorState]
/controller_selector [std_msgs/msg/String]
/controller_server/transition_event [lifecycle_msgs/msg/TransitionEvent]
/coverage_current_batch [nav_msgs/msg/Path]
/coverage_execution_status [std_msgs/msg/String]
/coverage_map [nav_msgs/msg/OccupancyGrid]
/coverage_path [nav_msgs/msg/Path]
/coverage_path_markers [visualization_msgs/msg/MarkerArray]
/coverage_percentage [std_msgs/msg/Float32]
/coverage_planning_mask [nav_msgs/msg/OccupancyGrid]
/coverage_planning_mask_updates [map_msgs/msg/OccupancyGridUpdate]
/coverage_stats [std_msgs/msg/String]
/coverage_waypoint_markers [visualization_msgs/msg/MarkerArray]
/coverage_waypoints [nav_msgs/msg/Path]
/curvature_lookahead_point [geometry_msgs/msg/PointStamped]
/detected_dock_pose [geometry_msgs/msg/PoseStamped]
/diagnostics [diagnostic_msgs/msg/DiagnosticArray]
/dock_pose [geometry_msgs/msg/PoseStamped]
/docking_server/transition_event [lifecycle_msgs/msg/TransitionEvent]
/docking_trajectory [nav_msgs/msg/Path]
/exploration/mode [std_msgs/msg/String]
/filtered_dock_pose [geometry_msgs/msg/PoseStamped]
/global_costmap/costmap [nav_msgs/msg/OccupancyGrid]
/global_costmap/costmap_raw [nav2_msgs/msg/Costmap]
/global_costmap/costmap_raw_updates [nav2_msgs/msg/CostmapUpdate]
/global_costmap/costmap_updates [map_msgs/msg/OccupancyGridUpdate]
/global_costmap/footprint [geometry_msgs/msg/Polygon]
/global_costmap/global_costmap/transition_event [lifecycle_msgs/msg/TransitionEvent]
/global_costmap/obstacle_layer [nav_msgs/msg/OccupancyGrid]
/global_costmap/obstacle_layer_raw [nav2_msgs/msg/Costmap]
/global_costmap/obstacle_layer_raw_updates [nav2_msgs/msg/CostmapUpdate]
/global_costmap/obstacle_layer_updates [map_msgs/msg/OccupancyGridUpdate]
/global_costmap/published_footprint [geometry_msgs/msg/PolygonStamped]
/global_costmap/static_layer [nav_msgs/msg/OccupancyGrid]
/global_costmap/static_layer_raw [nav2_msgs/msg/Costmap]
/global_costmap/static_layer_raw_updates [nav2_msgs/msg/CostmapUpdate]
/global_costmap/static_layer_updates [map_msgs/msg/OccupancyGridUpdate]
/goal_pose [geometry_msgs/msg/PoseStamped]
/hardware/status [std_msgs/msg/String]
/imu/data [sensor_msgs/msg/Imu]
/initialpose [geometry_msgs/msg/PoseWithCovarianceStamped]
/is_rotating_to_heading [std_msgs/msg/Bool]
/local_costmap/costmap [nav_msgs/msg/OccupancyGrid]
/local_costmap/costmap_raw [nav2_msgs/msg/Costmap]
/local_costmap/costmap_raw_updates [nav2_msgs/msg/CostmapUpdate]
/local_costmap/costmap_updates [map_msgs/msg/OccupancyGridUpdate]
/local_costmap/footprint [geometry_msgs/msg/Polygon]
/local_costmap/local_costmap/transition_event [lifecycle_msgs/msg/TransitionEvent]
/local_costmap/obstacle_layer [nav_msgs/msg/OccupancyGrid]
/local_costmap/obstacle_layer_raw [nav2_msgs/msg/Costmap]
/local_costmap/obstacle_layer_raw_updates [nav2_msgs/msg/CostmapUpdate]
/local_costmap/obstacle_layer_updates [map_msgs/msg/OccupancyGridUpdate]
/local_costmap/published_footprint [geometry_msgs/msg/PolygonStamped]
/lookahead_collision_arc [nav_msgs/msg/Path]
/lookahead_point [geometry_msgs/msg/PointStamped]
/map [nav_msgs/msg/OccupancyGrid]
/map_metadata [nav_msgs/msg/MapMetaData]
/map_updates [map_msgs/msg/OccupancyGridUpdate]
/odom [nav_msgs/msg/Odometry]
/parameter_events [rcl_interfaces/msg/ParameterEvent]
/plan [nav_msgs/msg/Path]
/plan_smoothed [nav_msgs/msg/Path]
/planner_selector [std_msgs/msg/String]
/planner_server/transition_event [lifecycle_msgs/msg/TransitionEvent]
/pose [geometry_msgs/msg/PoseWithCovarianceStamped]
/preempt_teleop [std_msgs/msg/Empty]
/received_global_plan [nav_msgs/msg/Path]
/robot_description [std_msgs/msg/String]
/rosout [rcl_interfaces/msg/Log]
/route_graph [visualization_msgs/msg/MarkerArray]
/route_server/transition_event [lifecycle_msgs/msg/TransitionEvent]
/scan [sensor_msgs/msg/LaserScan]
/slam_map [nav_msgs/msg/OccupancyGrid]
/slam_toolbox/feedback [visualization_msgs/msg/InteractiveMarkerFeedback]
/slam_toolbox/graph_visualization [visualization_msgs/msg/MarkerArray]
/slam_toolbox/scan_visualization [sensor_msgs/msg/LaserScan]
/slam_toolbox/transition_event [lifecycle_msgs/msg/TransitionEvent]
/slam_toolbox/update [visualization_msgs/msg/InteractiveMarkerUpdate]
/smoother_server/transition_event [lifecycle_msgs/msg/TransitionEvent]
/speed_limit [nav2_msgs/msg/SpeedLimit]
/staging_pose [geometry_msgs/msg/PoseStamped]
/sweepi_robot_manager/coverage/last_summary [std_msgs/msg/String]
/sweepi_robot_manager/status [std_msgs/msg/String]
/tf [tf2_msgs/msg/TFMessage]
/tf_static [tf2_msgs/msg/TFMessage]
/waypoint_follower/transition_event [lifecycle_msgs/msg/TransitionEvent]
/wheel/odom [nav_msgs/msg/Odometry]
