/base_driver_node/describe_parameters [rcl_interfaces/srv/DescribeParameters]
/base_driver_node/get_parameter_types [rcl_interfaces/srv/GetParameterTypes]
/base_driver_node/get_parameters [rcl_interfaces/srv/GetParameters]
/base_driver_node/get_type_description [type_description_interfaces/srv/GetTypeDescription]
/base_driver_node/list_parameters [rcl_interfaces/srv/ListParameters]
/base_driver_node/set_parameters [rcl_interfaces/srv/SetParameters]
/base_driver_node/set_parameters_atomically [rcl_interfaces/srv/SetParametersAtomically]
/behavior_server/change_state [lifecycle_msgs/srv/ChangeState]
/behavior_server/describe_parameters [rcl_interfaces/srv/DescribeParameters]
/behavior_server/get_available_states [lifecycle_msgs/srv/GetAvailableStates]
/behavior_server/get_available_transitions [lifecycle_msgs/srv/GetAvailableTransitions]
/behavior_server/get_parameter_types [rcl_interfaces/srv/GetParameterTypes]
/behavior_server/get_parameters [rcl_interfaces/srv/GetParameters]
/behavior_server/get_state [lifecycle_msgs/srv/GetState]
/behavior_server/get_transition_graph [lifecycle_msgs/srv/GetAvailableTransitions]
/behavior_server/get_type_description [type_description_interfaces/srv/GetTypeDescription]
/behavior_server/list_parameters [rcl_interfaces/srv/ListParameters]
/behavior_server/set_parameters [rcl_interfaces/srv/SetParameters]
/behavior_server/set_parameters_atomically [rcl_interfaces/srv/SetParametersAtomically]
/bt_navigator/change_state [lifecycle_msgs/srv/ChangeState]
/bt_navigator/describe_parameters [rcl_interfaces/srv/DescribeParameters]
/bt_navigator/get_available_states [lifecycle_msgs/srv/GetAvailableStates]
/bt_navigator/get_available_transitions [lifecycle_msgs/srv/GetAvailableTransitions]
/bt_navigator/get_parameter_types [rcl_interfaces/srv/GetParameterTypes]
/bt_navigator/get_parameters [rcl_interfaces/srv/GetParameters]
/bt_navigator/get_state [lifecycle_msgs/srv/GetState]
/bt_navigator/get_transition_graph [lifecycle_msgs/srv/GetAvailableTransitions]
/bt_navigator/get_type_description [type_description_interfaces/srv/GetTypeDescription]
/bt_navigator/list_parameters [rcl_interfaces/srv/ListParameters]
/bt_navigator/set_parameters [rcl_interfaces/srv/SetParameters]
/bt_navigator/set_parameters_atomically [rcl_interfaces/srv/SetParametersAtomically]
/bt_navigator_navigate_through_poses_rclcpp_node/describe_parameters [rcl_interfaces/srv/DescribeParameters]
/bt_navigator_navigate_through_poses_rclcpp_node/get_parameter_types [rcl_interfaces/srv/GetParameterTypes]
/bt_navigator_navigate_through_poses_rclcpp_node/get_parameters [rcl_interfaces/srv/GetParameters]
/bt_navigator_navigate_through_poses_rclcpp_node/get_type_description [type_description_interfaces/srv/GetTypeDescription]
/bt_navigator_navigate_through_poses_rclcpp_node/list_parameters [rcl_interfaces/srv/ListParameters]
/bt_navigator_navigate_through_poses_rclcpp_node/set_parameters [rcl_interfaces/srv/SetParameters]
/bt_navigator_navigate_through_poses_rclcpp_node/set_parameters_atomically [rcl_interfaces/srv/SetParametersAtomically]
/bt_navigator_navigate_to_pose_rclcpp_node/describe_parameters [rcl_interfaces/srv/DescribeParameters]
/bt_navigator_navigate_to_pose_rclcpp_node/get_parameter_types [rcl_interfaces/srv/GetParameterTypes]
/bt_navigator_navigate_to_pose_rclcpp_node/get_parameters [rcl_interfaces/srv/GetParameters]
/bt_navigator_navigate_to_pose_rclcpp_node/get_type_description [type_description_interfaces/srv/GetTypeDescription]
/bt_navigator_navigate_to_pose_rclcpp_node/list_parameters [rcl_interfaces/srv/ListParameters]
/bt_navigator_navigate_to_pose_rclcpp_node/set_parameters [rcl_interfaces/srv/SetParameters]
/bt_navigator_navigate_to_pose_rclcpp_node/set_parameters_atomically [rcl_interfaces/srv/SetParametersAtomically]
/collision_monitor/change_state [lifecycle_msgs/srv/ChangeState]
/collision_monitor/describe_parameters [rcl_interfaces/srv/DescribeParameters]
/collision_monitor/get_available_states [lifecycle_msgs/srv/GetAvailableStates]
/collision_monitor/get_available_transitions [lifecycle_msgs/srv/GetAvailableTransitions]
/collision_monitor/get_parameter_types [rcl_interfaces/srv/GetParameterTypes]
/collision_monitor/get_parameters [rcl_interfaces/srv/GetParameters]
/collision_monitor/get_state [lifecycle_msgs/srv/GetState]
/collision_monitor/get_transition_graph [lifecycle_msgs/srv/GetAvailableTransitions]
/collision_monitor/get_type_description [type_description_interfaces/srv/GetTypeDescription]
/collision_monitor/list_parameters [rcl_interfaces/srv/ListParameters]
/collision_monitor/set_parameters [rcl_interfaces/srv/SetParameters]
/collision_monitor/set_parameters_atomically [rcl_interfaces/srv/SetParametersAtomically]
/collision_monitor/toggle [nav2_msgs/srv/Toggle]
/continue_coverage_follow_path [std_srvs/srv/Trigger]
/controller_server/change_state [lifecycle_msgs/srv/ChangeState]
/controller_server/describe_parameters [rcl_interfaces/srv/DescribeParameters]
/controller_server/get_available_states [lifecycle_msgs/srv/GetAvailableStates]
/controller_server/get_available_transitions [lifecycle_msgs/srv/GetAvailableTransitions]
/controller_server/get_parameter_types [rcl_interfaces/srv/GetParameterTypes]
/controller_server/get_parameters [rcl_interfaces/srv/GetParameters]
/controller_server/get_state [lifecycle_msgs/srv/GetState]
/controller_server/get_transition_graph [lifecycle_msgs/srv/GetAvailableTransitions]
/controller_server/get_type_description [type_description_interfaces/srv/GetTypeDescription]
/controller_server/list_parameters [rcl_interfaces/srv/ListParameters]
/controller_server/set_parameters [rcl_interfaces/srv/SetParameters]
/controller_server/set_parameters_atomically [rcl_interfaces/srv/SetParametersAtomically]
/docking_server/change_state [lifecycle_msgs/srv/ChangeState]
/docking_server/describe_parameters [rcl_interfaces/srv/DescribeParameters]
/docking_server/get_available_states [lifecycle_msgs/srv/GetAvailableStates]
/docking_server/get_available_transitions [lifecycle_msgs/srv/GetAvailableTransitions]
/docking_server/get_parameter_types [rcl_interfaces/srv/GetParameterTypes]
/docking_server/get_parameters [rcl_interfaces/srv/GetParameters]
/docking_server/get_state [lifecycle_msgs/srv/GetState]
/docking_server/get_transition_graph [lifecycle_msgs/srv/GetAvailableTransitions]
/docking_server/get_type_description [type_description_interfaces/srv/GetTypeDescription]
/docking_server/list_parameters [rcl_interfaces/srv/ListParameters]
/docking_server/reload_database [nav2_msgs/srv/ReloadDockDatabase]
/docking_server/set_parameters [rcl_interfaces/srv/SetParameters]
/docking_server/set_parameters_atomically [rcl_interfaces/srv/SetParametersAtomically]
/ekf_filter_node/describe_parameters [rcl_interfaces/srv/DescribeParameters]
/ekf_filter_node/get_parameter_types [rcl_interfaces/srv/GetParameterTypes]
/ekf_filter_node/get_parameters [rcl_interfaces/srv/GetParameters]
/ekf_filter_node/get_type_description [type_description_interfaces/srv/GetTypeDescription]
/ekf_filter_node/list_parameters [rcl_interfaces/srv/ListParameters]
/ekf_filter_node/set_parameters [rcl_interfaces/srv/SetParameters]
/ekf_filter_node/set_parameters_atomically [rcl_interfaces/srv/SetParametersAtomically]
/enable [std_srvs/srv/Empty]
/fromLL [robot_localization/srv/FromLL]
/global_costmap/clear_around_global_costmap [nav2_msgs/srv/ClearCostmapAroundRobot]
/global_costmap/clear_around_pose_global_costmap [nav2_msgs/srv/ClearCostmapAroundPose]
/global_costmap/clear_entirely_global_costmap [nav2_msgs/srv/ClearEntireCostmap]
/global_costmap/clear_except_global_costmap [nav2_msgs/srv/ClearCostmapExceptRegion]
/global_costmap/get_cost_global_costmap [nav2_msgs/srv/GetCost]
/global_costmap/get_costmap [nav2_msgs/srv/GetCostmap]
/global_costmap/get_obstacle_layer [nav2_msgs/srv/GetCostmap]
/global_costmap/get_static_layer [nav2_msgs/srv/GetCostmap]
/global_costmap/global_costmap/change_state [lifecycle_msgs/srv/ChangeState]
/global_costmap/global_costmap/describe_parameters [rcl_interfaces/srv/DescribeParameters]
/global_costmap/global_costmap/get_available_states [lifecycle_msgs/srv/GetAvailableStates]
/global_costmap/global_costmap/get_available_transitions [lifecycle_msgs/srv/GetAvailableTransitions]
/global_costmap/global_costmap/get_parameter_types [rcl_interfaces/srv/GetParameterTypes]
/global_costmap/global_costmap/get_parameters [rcl_interfaces/srv/GetParameters]
/global_costmap/global_costmap/get_state [lifecycle_msgs/srv/GetState]
/global_costmap/global_costmap/get_transition_graph [lifecycle_msgs/srv/GetAvailableTransitions]
/global_costmap/global_costmap/get_type_description [type_description_interfaces/srv/GetTypeDescription]
/global_costmap/global_costmap/list_parameters [rcl_interfaces/srv/ListParameters]
/global_costmap/global_costmap/set_parameters [rcl_interfaces/srv/SetParameters]
/global_costmap/global_costmap/set_parameters_atomically [rcl_interfaces/srv/SetParametersAtomically]
/is_path_valid [nav2_msgs/srv/IsPathValid]
/launch_ros_4580/describe_parameters [rcl_interfaces/srv/DescribeParameters]
/launch_ros_4580/get_parameter_types [rcl_interfaces/srv/GetParameterTypes]
/launch_ros_4580/get_parameters [rcl_interfaces/srv/GetParameters]
/launch_ros_4580/get_type_description [type_description_interfaces/srv/GetTypeDescription]
/launch_ros_4580/list_parameters [rcl_interfaces/srv/ListParameters]
/launch_ros_4580/set_parameters [rcl_interfaces/srv/SetParameters]
/launch_ros_4580/set_parameters_atomically [rcl_interfaces/srv/SetParametersAtomically]
/lifecycle_manager_navigation/describe_parameters [rcl_interfaces/srv/DescribeParameters]
/lifecycle_manager_navigation/get_parameter_types [rcl_interfaces/srv/GetParameterTypes]
/lifecycle_manager_navigation/get_parameters [rcl_interfaces/srv/GetParameters]
/lifecycle_manager_navigation/get_type_description [type_description_interfaces/srv/GetTypeDescription]
/lifecycle_manager_navigation/is_active [std_srvs/srv/Trigger]
/lifecycle_manager_navigation/list_parameters [rcl_interfaces/srv/ListParameters]
/lifecycle_manager_navigation/manage_nodes [nav2_msgs/srv/ManageLifecycleNodes]
/lifecycle_manager_navigation/set_parameters [rcl_interfaces/srv/SetParameters]
/lifecycle_manager_navigation/set_parameters_atomically [rcl_interfaces/srv/SetParametersAtomically]
/local_costmap/clear_around_local_costmap [nav2_msgs/srv/ClearCostmapAroundRobot]
/local_costmap/clear_around_pose_local_costmap [nav2_msgs/srv/ClearCostmapAroundPose]
/local_costmap/clear_entirely_local_costmap [nav2_msgs/srv/ClearEntireCostmap]
/local_costmap/clear_except_local_costmap [nav2_msgs/srv/ClearCostmapExceptRegion]
/local_costmap/get_cost_local_costmap [nav2_msgs/srv/GetCost]
/local_costmap/get_costmap [nav2_msgs/srv/GetCostmap]
/local_costmap/get_obstacle_layer [nav2_msgs/srv/GetCostmap]
/local_costmap/local_costmap/change_state [lifecycle_msgs/srv/ChangeState]
/local_costmap/local_costmap/describe_parameters [rcl_interfaces/srv/DescribeParameters]
/local_costmap/local_costmap/get_available_states [lifecycle_msgs/srv/GetAvailableStates]
/local_costmap/local_costmap/get_available_transitions [lifecycle_msgs/srv/GetAvailableTransitions]
/local_costmap/local_costmap/get_parameter_types [rcl_interfaces/srv/GetParameterTypes]
/local_costmap/local_costmap/get_parameters [rcl_interfaces/srv/GetParameters]
/local_costmap/local_costmap/get_state [lifecycle_msgs/srv/GetState]
/local_costmap/local_costmap/get_transition_graph [lifecycle_msgs/srv/GetAvailableTransitions]
/local_costmap/local_costmap/get_type_description [type_description_interfaces/srv/GetTypeDescription]
/local_costmap/local_costmap/list_parameters [rcl_interfaces/srv/ListParameters]
/local_costmap/local_costmap/set_parameters [rcl_interfaces/srv/SetParameters]
/local_costmap/local_costmap/set_parameters_atomically [rcl_interfaces/srv/SetParametersAtomically]
/pause_coverage_follow_path [std_srvs/srv/Trigger]
/planner_server/change_state [lifecycle_msgs/srv/ChangeState]
/planner_server/describe_parameters [rcl_interfaces/srv/DescribeParameters]
/planner_server/get_available_states [lifecycle_msgs/srv/GetAvailableStates]
/planner_server/get_available_transitions [lifecycle_msgs/srv/GetAvailableTransitions]
/planner_server/get_parameter_types [rcl_interfaces/srv/GetParameterTypes]
/planner_server/get_parameters [rcl_interfaces/srv/GetParameters]
/planner_server/get_state [lifecycle_msgs/srv/GetState]
/planner_server/get_transition_graph [lifecycle_msgs/srv/GetAvailableTransitions]
/planner_server/get_type_description [type_description_interfaces/srv/GetTypeDescription]
/planner_server/list_parameters [rcl_interfaces/srv/ListParameters]
/planner_server/set_parameters [rcl_interfaces/srv/SetParameters]
/planner_server/set_parameters_atomically [rcl_interfaces/srv/SetParametersAtomically]
/reset [std_srvs/srv/Empty]
/return_home_coverage_follow_path [std_srvs/srv/Trigger]
/robot_state_publisher/describe_parameters [rcl_interfaces/srv/DescribeParameters]
/robot_state_publisher/get_parameter_types [rcl_interfaces/srv/GetParameterTypes]
/robot_state_publisher/get_parameters [rcl_interfaces/srv/GetParameters]
/robot_state_publisher/get_type_description [type_description_interfaces/srv/GetTypeDescription]
/robot_state_publisher/list_parameters [rcl_interfaces/srv/ListParameters]
/robot_state_publisher/set_parameters [rcl_interfaces/srv/SetParameters]
/robot_state_publisher/set_parameters_atomically [rcl_interfaces/srv/SetParametersAtomically]
/route_server/DynamicEdgesScorer/adjust_edges [nav2_msgs/srv/DynamicEdges]
/route_server/ReroutingService/reroute [std_srvs/srv/Trigger]
/route_server/change_state [lifecycle_msgs/srv/ChangeState]
/route_server/describe_parameters [rcl_interfaces/srv/DescribeParameters]
/route_server/get_available_states [lifecycle_msgs/srv/GetAvailableStates]
/route_server/get_available_transitions [lifecycle_msgs/srv/GetAvailableTransitions]
/route_server/get_parameter_types [rcl_interfaces/srv/GetParameterTypes]
/route_server/get_parameters [rcl_interfaces/srv/GetParameters]
/route_server/get_state [lifecycle_msgs/srv/GetState]
/route_server/get_transition_graph [lifecycle_msgs/srv/GetAvailableTransitions]
/route_server/get_type_description [type_description_interfaces/srv/GetTypeDescription]
/route_server/list_parameters [rcl_interfaces/srv/ListParameters]
/route_server/set_parameters [rcl_interfaces/srv/SetParameters]
/route_server/set_parameters_atomically [rcl_interfaces/srv/SetParametersAtomically]
/route_server/set_route_graph [nav2_msgs/srv/SetRouteGraph]
/rviz2/describe_parameters [rcl_interfaces/srv/DescribeParameters]
/rviz2/get_parameter_types [rcl_interfaces/srv/GetParameterTypes]
/rviz2/get_parameters [rcl_interfaces/srv/GetParameters]
/rviz2/get_type_description [type_description_interfaces/srv/GetTypeDescription]
/rviz2/list_parameters [rcl_interfaces/srv/ListParameters]
/rviz2/reset_time [std_srvs/srv/Empty]
/rviz2/set_parameters [rcl_interfaces/srv/SetParameters]
/rviz2/set_parameters_atomically [rcl_interfaces/srv/SetParametersAtomically]
/set_pose [robot_localization/srv/SetPose]
/slam_toolbox/change_state [lifecycle_msgs/srv/ChangeState]
/slam_toolbox/clear_changes [slam_toolbox/srv/Clear]
/slam_toolbox/describe_parameters [rcl_interfaces/srv/DescribeParameters]
/slam_toolbox/deserialize_map [slam_toolbox/srv/DeserializePoseGraph]
/slam_toolbox/dynamic_map [nav_msgs/srv/GetMap]
/slam_toolbox/get_available_states [lifecycle_msgs/srv/GetAvailableStates]
/slam_toolbox/get_available_transitions [lifecycle_msgs/srv/GetAvailableTransitions]
/slam_toolbox/get_interactive_markers [visualization_msgs/srv/GetInteractiveMarkers]
/slam_toolbox/get_parameter_types [rcl_interfaces/srv/GetParameterTypes]
/slam_toolbox/get_parameters [rcl_interfaces/srv/GetParameters]
/slam_toolbox/get_state [lifecycle_msgs/srv/GetState]
/slam_toolbox/get_transition_graph [lifecycle_msgs/srv/GetAvailableTransitions]
/slam_toolbox/get_type_description [type_description_interfaces/srv/GetTypeDescription]
/slam_toolbox/list_parameters [rcl_interfaces/srv/ListParameters]
/slam_toolbox/manual_loop_closure [slam_toolbox/srv/LoopClosure]
/slam_toolbox/pause_new_measurements [slam_toolbox/srv/Pause]
/slam_toolbox/reset [slam_toolbox/srv/Reset]
/slam_toolbox/save_map [slam_toolbox/srv/SaveMap]
/slam_toolbox/serialize_map [slam_toolbox/srv/SerializePoseGraph]
/slam_toolbox/set_parameters [rcl_interfaces/srv/SetParameters]
/slam_toolbox/set_parameters_atomically [rcl_interfaces/srv/SetParametersAtomically]
/slam_toolbox/toggle_interactive_mode [slam_toolbox/srv/ToggleInteractive]
/sllidar_node/describe_parameters [rcl_interfaces/srv/DescribeParameters]
/sllidar_node/get_parameter_types [rcl_interfaces/srv/GetParameterTypes]
/sllidar_node/get_parameters [rcl_interfaces/srv/GetParameters]
/sllidar_node/get_type_description [type_description_interfaces/srv/GetTypeDescription]
/sllidar_node/list_parameters [rcl_interfaces/srv/ListParameters]
/sllidar_node/set_parameters [rcl_interfaces/srv/SetParameters]
/sllidar_node/set_parameters_atomically [rcl_interfaces/srv/SetParametersAtomically]
/smoother_server/change_state [lifecycle_msgs/srv/ChangeState]
/smoother_server/describe_parameters [rcl_interfaces/srv/DescribeParameters]
/smoother_server/get_available_states [lifecycle_msgs/srv/GetAvailableStates]
/smoother_server/get_available_transitions [lifecycle_msgs/srv/GetAvailableTransitions]
/smoother_server/get_parameter_types [rcl_interfaces/srv/GetParameterTypes]
/smoother_server/get_parameters [rcl_interfaces/srv/GetParameters]
/smoother_server/get_state [lifecycle_msgs/srv/GetState]
/smoother_server/get_transition_graph [lifecycle_msgs/srv/GetAvailableTransitions]
/smoother_server/get_type_description [type_description_interfaces/srv/GetTypeDescription]
/smoother_server/list_parameters [rcl_interfaces/srv/ListParameters]
/smoother_server/set_parameters [rcl_interfaces/srv/SetParameters]
/smoother_server/set_parameters_atomically [rcl_interfaces/srv/SetParametersAtomically]
/start_coverage_follow_path [std_srvs/srv/Trigger]
/start_motor [std_srvs/srv/Empty]
/stop_motor [std_srvs/srv/Empty]
/sweepi_api_bridge/describe_parameters [rcl_interfaces/srv/DescribeParameters]
/sweepi_api_bridge/get_parameter_types [rcl_interfaces/srv/GetParameterTypes]
/sweepi_api_bridge/get_parameters [rcl_interfaces/srv/GetParameters]
/sweepi_api_bridge/get_type_description [type_description_interfaces/srv/GetTypeDescription]
/sweepi_api_bridge/list_parameters [rcl_interfaces/srv/ListParameters]
/sweepi_api_bridge/set_parameters [rcl_interfaces/srv/SetParameters]
/sweepi_api_bridge/set_parameters_atomically [rcl_interfaces/srv/SetParametersAtomically]
/sweepi_robot_manager/coverage/continue [std_srvs/srv/Trigger]
/sweepi_robot_manager/coverage/last_summary [std_srvs/srv/Trigger]
/sweepi_robot_manager/coverage/pause [std_srvs/srv/Trigger]
/sweepi_robot_manager/coverage/reset [std_srvs/srv/Trigger]
/sweepi_robot_manager/coverage/return_home [std_srvs/srv/Trigger]
/sweepi_robot_manager/coverage/start [std_srvs/srv/Trigger]
/sweepi_robot_manager/coverage/stop [std_srvs/srv/Trigger]
/sweepi_robot_manager/coverage/validate [std_srvs/srv/Trigger]
/sweepi_robot_manager/describe_parameters [rcl_interfaces/srv/DescribeParameters]
/sweepi_robot_manager/exploration/manual [std_srvs/srv/Trigger]
/sweepi_robot_manager/exploration/start_auto [std_srvs/srv/Trigger]
/sweepi_robot_manager/exploration/stop [std_srvs/srv/Trigger]
/sweepi_robot_manager/exploration/stop_and_save [std_srvs/srv/Trigger]
/sweepi_robot_manager/exploration/switch_mode [sweepi_robot_manager_interfaces/srv/StartTask]
/sweepi_robot_manager/get_parameter_types [rcl_interfaces/srv/GetParameterTypes]
/sweepi_robot_manager/get_parameters [rcl_interfaces/srv/GetParameters]
/sweepi_robot_manager/get_type_description [type_description_interfaces/srv/GetTypeDescription]
/sweepi_robot_manager/list_parameters [rcl_interfaces/srv/ListParameters]
/sweepi_robot_manager/set_parameters [rcl_interfaces/srv/SetParameters]
/sweepi_robot_manager/set_parameters_atomically [rcl_interfaces/srv/SetParametersAtomically]
/sweepi_robot_manager/start_coverage [sweepi_robot_manager_interfaces/srv/StartTask]
/sweepi_robot_manager/start_exploration [sweepi_robot_manager_interfaces/srv/StartTask]
/sweepi_robot_manager/stop_task [std_srvs/srv/Trigger]
/switch_to_auto_exploration [std_srvs/srv/Trigger]
/switch_to_manual_control [std_srvs/srv/Trigger]
/teleop_twist_keyboard/describe_parameters [rcl_interfaces/srv/DescribeParameters]
/teleop_twist_keyboard/get_parameter_types [rcl_interfaces/srv/GetParameterTypes]
/teleop_twist_keyboard/get_parameters [rcl_interfaces/srv/GetParameters]
/teleop_twist_keyboard/get_type_description [type_description_interfaces/srv/GetTypeDescription]
/teleop_twist_keyboard/list_parameters [rcl_interfaces/srv/ListParameters]
/teleop_twist_keyboard/set_parameters [rcl_interfaces/srv/SetParameters]
/teleop_twist_keyboard/set_parameters_atomically [rcl_interfaces/srv/SetParametersAtomically]
/toggle [robot_localization/srv/ToggleFilterProcessing]
/transform_listener_impl_aaaad89e7c20/get_type_description [type_description_interfaces/srv/GetTypeDescription]
/transform_listener_impl_aaaaeff6a8d0/get_type_description [type_description_interfaces/srv/GetTypeDescription]
/transform_listener_impl_aaaaf7e17380/get_type_description [type_description_interfaces/srv/GetTypeDescription]
/transform_listener_impl_aaab0e2c35d0/get_type_description [type_description_interfaces/srv/GetTypeDescription]
/transform_listener_impl_ffff7c03b530/get_type_description [type_description_interfaces/srv/GetTypeDescription]
/validate_coverage_follow_path [std_srvs/srv/Trigger]
/velocity_smoother/change_state [lifecycle_msgs/srv/ChangeState]
/velocity_smoother/describe_parameters [rcl_interfaces/srv/DescribeParameters]
/velocity_smoother/get_available_states [lifecycle_msgs/srv/GetAvailableStates]
/velocity_smoother/get_available_transitions [lifecycle_msgs/srv/GetAvailableTransitions]
/velocity_smoother/get_parameter_types [rcl_interfaces/srv/GetParameterTypes]
/velocity_smoother/get_parameters [rcl_interfaces/srv/GetParameters]
/velocity_smoother/get_state [lifecycle_msgs/srv/GetState]
/velocity_smoother/get_transition_graph [lifecycle_msgs/srv/GetAvailableTransitions]
/velocity_smoother/get_type_description [type_description_interfaces/srv/GetTypeDescription]
/velocity_smoother/list_parameters [rcl_interfaces/srv/ListParameters]
/velocity_smoother/set_parameters [rcl_interfaces/srv/SetParameters]
/velocity_smoother/set_parameters_atomically [rcl_interfaces/srv/SetParametersAtomically]
/waypoint_follower/change_state [lifecycle_msgs/srv/ChangeState]
/waypoint_follower/describe_parameters [rcl_interfaces/srv/DescribeParameters]
/waypoint_follower/get_available_states [lifecycle_msgs/srv/GetAvailableStates]
/waypoint_follower/get_available_transitions [lifecycle_msgs/srv/GetAvailableTransitions]
/waypoint_follower/get_parameter_types [rcl_interfaces/srv/GetParameterTypes]
/waypoint_follower/get_parameters [rcl_interfaces/srv/GetParameters]
/waypoint_follower/get_state [lifecycle_msgs/srv/GetState]
/waypoint_follower/get_transition_graph [lifecycle_msgs/srv/GetAvailableTransitions]
/waypoint_follower/get_type_description [type_description_interfaces/srv/GetTypeDescription]
/waypoint_follower/list_parameters [rcl_interfaces/srv/ListParameters]
/waypoint_follower/set_parameters [rcl_interfaces/srv/SetParameters]
/waypoint_follower/set_parameters_atomically [rcl_interfaces/srv/SetParametersAtomically]
