/_ros2cli_daemon_0_588e444e9c34406aa6bc7aebe7565a72
/base_driver_node
/behavior_server
/bt_navigator
/bt_navigator_navigate_through_poses_rclcpp_node
/bt_navigator_navigate_to_pose_rclcpp_node
/collision_monitor
/controller_server
/docking_server
/ekf_filter_node
/global_costmap/global_costmap
/launch_ros_4580
/lifecycle_manager_navigation
/local_costmap/local_costmap
/planner_server
/robot_state_publisher
/route_server
/rviz2
/slam_toolbox
/sllidar_node
/smoother_server
/sweepi_api_bridge
/sweepi_robot_manager
/teleop_twist_keyboard
/transform_listener_impl_aaaad89e7c20
/transform_listener_impl_aaaaeff6a8d0
/transform_listener_impl_aaaaf7e17380
/transform_listener_impl_aaab0e2c35d0
/transform_listener_impl_ffff7c03b530
/velocity_smoother
/waypoint_follower
