The daemon has been stopped
The daemon has been started
/continue_coverage_follow_path [std_srvs/srv/Trigger]
/pause_coverage_follow_path [std_srvs/srv/Trigger]
/return_home_coverage_follow_path [std_srvs/srv/Trigger]
/start_coverage_follow_path [std_srvs/srv/Trigger]
/sweepi_robot_manager/coverage/continue [std_srvs/srv/Trigger]
/sweepi_robot_manager/coverage/last_summary [std_srvs/srv/Trigger]
/sweepi_robot_manager/coverage/pause [std_srvs/srv/Trigger]
/sweepi_robot_manager/coverage/reset [std_srvs/srv/Trigger]
/sweepi_robot_manager/coverage/return_home [std_srvs/srv/Trigger]
/sweepi_robot_manager/coverage/start [std_srvs/srv/Trigger]
/sweepi_robot_manager/coverage/stop [std_srvs/srv/Trigger]
/sweepi_robot_manager/coverage/validate [std_srvs/srv/Trigger]
/sweepi_robot_manager/start_coverage [sweepi_robot_manager_interfaces/srv/StartTask]
/validate_coverage_follow_path [std_srvs/srv/Trigger]
/_ros2cli_daemon_0_fba20abd5d1f488d92766e5104130ce9
/ekf_filter_node
/robot_state_publisher
/sllidar_node
/sweepi_robot_manager
/transform_listener_impl_aaaae0c05db0
