/usr/bin/rosdep:6: DeprecationWarning: pkg_resources is deprecated as an API. See https://setuptools.pypa.io/en/latest/pkg_resources.html
  from pkg_resources import load_entry_point
ERROR[sweepi_api_bridge]: Cannot locate rosdep definition for [ament_python]
	rosdep key : ament_python
	OS name    : ubuntu
	OS version : noble
	Data:
<no data>
ERROR[sweepi_bringup]: Cannot locate rosdep definition for [gazebo_ros2_control]
	rosdep key : gazebo_ros2_control
	OS name    : ubuntu
	OS version : noble
	Data:
<no data>
ERROR[sweepi_temp_rpi_hardware]: Cannot locate rosdep definition for [ament_python]
	rosdep key : ament_python
	OS name    : ubuntu
	OS version : noble
	Data:
<no data>
ERROR[sweepi_base_driver]: Cannot locate rosdep definition for [ament_python]
	rosdep key : ament_python
	OS name    : ubuntu
	OS version : noble
	Data:
<no data>
All system dependencies have been satisfied
