[INFO] [launch]: All log files can be found below /home/sweepi/.ros/log/2026-07-12-01-29-52-889026-sweepi-20405
[INFO] [launch]: Default logging verbosity is set to INFO
[INFO] [base_driver_node-1]: process started with pid [20408]
[base_driver_node-1] [INFO] [1783799993.788715831] [base_driver_node]: SweePi base driver starting on /dev/ttyAMA0 at 115200 baud
[base_driver_node-1] [INFO] [1783799993.789305890] [base_driver_node]: Base driver parameters: serial_port=/dev/ttyAMA0, baud_rate=115200, wheel_radius=0.0615, wheel_separation=0.29, ticks_per_revolution=7392.0, left_encoder_sign=1.0, right_encoder_sign=1.0, left_motor_command_sign=1.0, right_motor_command_sign=1.0, command_rate_hz=50.0, feedback_poll_rate_hz=100.0, cmd_vel_timeout=0.5, gyro_units=rad_s, accel_units=m_s2
[base_driver_node-1] [INFO] [1783799993.790575325] [base_driver_node]: Connected to STM32 on /dev/ttyAMA0
[base_driver_node-1] [WARN] [1783799993.791826834] [base_driver_node]: Ignoring unknown STM32 packet: ,0,OK
[WARNING] [launch]: user interrupted with ctrl-c (SIGINT)
[INFO] [base_driver_node-1]: sending signal 'SIGINT' to process[base_driver_node-1]
[base_driver_node-1] Traceback (most recent call last):
[base_driver_node-1]   File "/home/sweepi/SweePi/install_diagnostic/sweepi_base_driver/lib/sweepi_base_driver/base_driver_node", line 33, in <module>
[base_driver_node-1]     sys.exit(load_entry_point('sweepi-base-driver', 'console_scripts', 'base_driver_node')())
[base_driver_node-1]              ^^^^^^^^^^^^^^^^^^^^^^^^^^^^^^^^^^^^^^^^^^^^^^^^^^^^^^^^^^^^^^^^^^^^^^^^^^^^^^^
[base_driver_node-1]   File "/home/sweepi/SweePi/build_diagnostic/sweepi_base_driver/sweepi_base_driver/base_driver_node.py", line 483, in main
[base_driver_node-1]     node.destroy_node()
[base_driver_node-1]   File "/opt/ros/jazzy/lib/python3.12/site-packages/rclpy/node.py", line 1958, in destroy_node
[base_driver_node-1]     self.destroy_subscription(self._subscriptions[0])
[base_driver_node-1]   File "/opt/ros/jazzy/lib/python3.12/site-packages/rclpy/node.py", line 1854, in destroy_subscription
[base_driver_node-1]     subscription.destroy()
[base_driver_node-1]   File "/opt/ros/jazzy/lib/python3.12/site-packages/rclpy/subscription.py", line 101, in destroy
[base_driver_node-1]     self.handle.destroy_when_not_in_use()
[base_driver_node-1] KeyboardInterrupt
[ERROR] [base_driver_node-1]: process has died [pid 20408, exit code -2, cmd '/home/sweepi/SweePi/install_diagnostic/sweepi_base_driver/lib/sweepi_base_driver/base_driver_node --ros-args -r __node:=base_driver_node --params-file /home/sweepi/SweePi/install_diagnostic/sweepi_base_driver/share/sweepi_base_driver/config/base_driver_params.yaml --params-file /tmp/launch_params_tv_3t77a'].
