/base_driver_node
/cmd_vel [geometry_msgs/msg/Twist]
/hardware/status [std_msgs/msg/String]
/imu/data [sensor_msgs/msg/Imu]
/parameter_events [rcl_interfaces/msg/ParameterEvent]
/rosout [rcl_interfaces/msg/Log]
/wheel/odom [nav_msgs/msg/Odometry]
Type: std_msgs/msg/String

Publisher count: 1

Node name: base_driver_node
Node namespace: /
Topic type: std_msgs/msg/String
Topic type hash: RIHS01_df668c740482bbd48fb39d76a70dfd4bd59db1288021743503259e948f6b1a18
Endpoint type: PUBLISHER
GID: 01.0f.81.bf.b8.4f.12.5a.00.00.00.00.00.00.16.03
QoS profile:
  Reliability: RELIABLE
  History (Depth): UNKNOWN
  Durability: VOLATILE
  Lifespan: Infinite
  Deadline: Infinite
  Liveliness: AUTOMATIC
  Liveliness lease duration: Infinite

Subscription count: 0

Type: nav_msgs/msg/Odometry

Publisher count: 1

Node name: base_driver_node
Node namespace: /
Topic type: nav_msgs/msg/Odometry
Topic type hash: RIHS01_3cc97dc7fb7502f8714462c526d369e35b603cfc34d946e3f2eda2766dfec6e0
Endpoint type: PUBLISHER
GID: 01.0f.81.bf.b8.4f.12.5a.00.00.00.00.00.00.14.03
QoS profile:
  Reliability: RELIABLE
  History (Depth): UNKNOWN
  Durability: VOLATILE
  Lifespan: Infinite
  Deadline: Infinite
  Liveliness: AUTOMATIC
  Liveliness lease duration: Infinite

Subscription count: 0

Type: sensor_msgs/msg/Imu

Publisher count: 1

Node name: base_driver_node
Node namespace: /
Topic type: sensor_msgs/msg/Imu
Topic type hash: RIHS01_7d9a00ff131080897a5ec7e26e315954b8eae3353c3f995c55faf71574000b5b
Endpoint type: PUBLISHER
GID: 01.0f.81.bf.b8.4f.12.5a.00.00.00.00.00.00.15.03
QoS profile:
  Reliability: RELIABLE
  History (Depth): UNKNOWN
  Durability: VOLATILE
  Lifespan: Infinite
  Deadline: Infinite
  Liveliness: AUTOMATIC
  Liveliness lease duration: Infinite

Subscription count: 0

 20408