data: '{"battery_voltage": 12.0, "connected": true, "dropped_feedback_packets": 0, "fault": 0, "feedback_age_sec": 0.000629411999852891...'
---
header:
  stamp:
    sec: 1783800035
    nanosec: 385920002
  frame_id: odom
child_frame_id: base_footprint
pose:
  pose:
    position:
      x: 0.0
      y: 0.0
      z: 0.0
    orientation:
      x: 0.0
      y: 0.0
      z: 0.0
      w: 1.0
  covariance:
  - 0.02
  - 0.0
  - 0.0
  - 0.0
  - 0.0
  - 0.0
  - 0.0
  - 0.02
  - 0.0
  - 0.0
  - 0.0
  - 0.0
  - 0.0
  - 0.0
  - 99999.0
  - 0.0
  - 0.0
  - 0.0
  - 0.0
  - 0.0
  - 0.0
  - 99999.0
  - 0.0
  - 0.0
  - 0.0
  - 0.0
  - 0.0
  - 0.0
  - 99999.0
  - 0.0
  - 0.0
  - 0.0
  - 0.0
  - 0.0
  - 0.0
  - 0.05
twist:
  twist:
    linear:
      x: 0.0
      y: 0.0
      z: 0.0
    angular:
      x: 0.0
      y: 0.0
      z: 0.0
  covariance:
  - 0.02
  - 0.0
  - 0.0
  - 0.0
  - 0.0
  - 0.0
  - 0.0
  - 99999.0
  - 0.0
  - 0.0
  - 0.0
  - 0.0
  - 0.0
  - 0.0
  - 99999.0
  - 0.0
  - 0.0
  - 0.0
  - 0.0
  - 0.0
  - 0.0
  - 99999.0
  - 0.0
  - 0.0
  - 0.0
  - 0.0
  - 0.0
  - 0.0
  - 99999.0
  - 0.0
  - 0.0
  - 0.0
  - 0.0
  - 0.0
  - 0.0
  - 0.05
---
header:
  stamp:
    sec: 1783800037
    nanosec: 45917863
  frame_id: imu_link
orientation:
  x: 0.0
  y: 0.0
  z: 0.0
  w: 1.0
orientation_covariance:
- -1.0
- 0.0
- 0.0
- 0.0
- 0.0
- 0.0
- 0.0
- 0.0
- 0.0
angular_velocity:
  x: 0.0008
  y: 0.0033
  z: 0.0119
angular_velocity_covariance:
- 0.05
- 0.0
- 0.0
- 0.0
- 0.05
- 0.0
- 0.0
- 0.0
- 0.02
linear_acceleration:
  x: 0.2347
  y: 0.3126
  z: 11.1057
linear_acceleration_covariance:
- 0.2
- 0.0
- 0.0
- 0.0
- 0.2
- 0.0
- 0.0
- 0.0
- 0.2
---
