[INFO] [1783798778.945220805] [tf2_echo]: Waiting for transform odom ->  base_footprint: Invalid frame ID "odom" passed to canTransform argument target_frame - frame does not exist
At time 1783798780.814493035
- Translation: [-2.076, -1.378, 0.000]
- Rotation: in Quaternion (xyzw) [0.000, 0.000, -0.430, 0.903]
- Rotation: in RPY (radian) [0.000, 0.000, -0.889]
- Rotation: in RPY (degree) [0.000, 0.000, -50.948]
- Matrix:
  0.630  0.777  0.000 -2.076
 -0.777  0.630 -0.000 -1.378
 -0.000  0.000  1.000  0.000
  0.000  0.000  0.000  1.000
At time 1783798781.824220308
- Translation: [-2.076, -1.378, 0.000]
- Rotation: in Quaternion (xyzw) [0.000, 0.000, -0.430, 0.903]
- Rotation: in RPY (radian) [0.000, 0.000, -0.889]
- Rotation: in RPY (degree) [0.000, 0.000, -50.948]
- Matrix:
  0.630  0.777  0.000 -2.076
 -0.777  0.630 -0.000 -1.378
 -0.000  0.000  1.000  0.000
  0.000  0.000  0.000  1.000
At time 1783798782.807802805
- Translation: [-2.076, -1.378, 0.000]
- Rotation: in Quaternion (xyzw) [0.000, 0.000, -0.430, 0.903]
- Rotation: in RPY (radian) [0.000, 0.000, -0.889]
- Rotation: in RPY (degree) [0.000, 0.000, -50.948]
- Matrix:
  0.630  0.777  0.000 -2.076
 -0.777  0.630 -0.000 -1.378
 -0.000  0.000  1.000  0.000
  0.000  0.000  0.000  1.000
At time 1783798783.818335398
- Translation: [-2.076, -1.378, 0.000]
- Rotation: in Quaternion (xyzw) [0.000, 0.000, -0.430, 0.903]
- Rotation: in RPY (radian) [0.000, 0.000, -0.889]
- Rotation: in RPY (degree) [0.000, 0.000, -50.948]
- Matrix:
  0.630  0.777  0.000 -2.076
 -0.777  0.630 -0.000 -1.378
 -0.000  0.000  1.000  0.000
  0.000  0.000  0.000  1.000
[INFO] [1783798784.196162265] [rclcpp]: signal_handler(SIGINT/SIGTERM)
