[INFO] [1783798772.722428676] [tf2_echo]: Waiting for transform map ->  odom: Invalid frame ID "map" passed to canTransform argument target_frame - frame does not exist
At time 1783798773.904215823
- Translation: [-1.948, -0.507, 0.000]
- Rotation: in Quaternion (xyzw) [0.000, 0.000, 0.981, -0.194]
- Rotation: in RPY (radian) [0.000, -0.000, -2.750]
- Rotation: in RPY (degree) [0.000, -0.000, -157.575]
- Matrix:
 -0.924  0.381  0.000 -1.948
 -0.381 -0.924  0.000 -0.507
  0.000  0.000  1.000  0.000
  0.000  0.000  0.000  1.000
At time 1783798774.997716804
- Translation: [-1.948, -0.507, 0.000]
- Rotation: in Quaternion (xyzw) [0.000, 0.000, 0.981, -0.194]
- Rotation: in RPY (radian) [0.000, -0.000, -2.750]
- Rotation: in RPY (degree) [0.000, -0.000, -157.575]
- Matrix:
 -0.924  0.381  0.000 -1.948
 -0.381 -0.924  0.000 -0.507
  0.000  0.000  1.000  0.000
  0.000  0.000  0.000  1.000
At time 1783798775.901679919
- Translation: [-1.948, -0.507, 0.000]
- Rotation: in Quaternion (xyzw) [0.000, 0.000, 0.981, -0.194]
- Rotation: in RPY (radian) [0.000, -0.000, -2.750]
- Rotation: in RPY (degree) [0.000, -0.000, -157.575]
- Matrix:
 -0.924  0.381  0.000 -1.948
 -0.381 -0.924  0.000 -0.507
  0.000  0.000  1.000  0.000
  0.000  0.000  0.000  1.000
At time 1783798776.999089140
- Translation: [-1.948, -0.507, 0.000]
- Rotation: in Quaternion (xyzw) [0.000, 0.000, 0.981, -0.194]
- Rotation: in RPY (radian) [0.000, -0.000, -2.750]
- Rotation: in RPY (degree) [0.000, -0.000, -157.575]
- Matrix:
 -0.924  0.381  0.000 -1.948
 -0.381 -0.924  0.000 -0.507
  0.000  0.000  1.000  0.000
  0.000  0.000  0.000  1.000
At time 1783798777.998423057
- Translation: [-1.948, -0.507, 0.000]
- Rotation: in Quaternion (xyzw) [0.000, 0.000, 0.981, -0.194]
- Rotation: in RPY (radian) [0.000, -0.000, -2.750]
- Rotation: in RPY (degree) [0.000, -0.000, -157.575]
- Matrix:
 -0.924  0.381  0.000 -1.948
 -0.381 -0.924  0.000 -0.507
  0.000  0.000  1.000  0.000
  0.000  0.000  0.000  1.000
[INFO] [1783798777.939621304] [rclcpp]: signal_handler(SIGINT/SIGTERM)
