Type: geometry_msgs/msg/Twist

Publisher count: 4

Node name: docking_server
Node namespace: /
Topic type: geometry_msgs/msg/Twist
Topic type hash: RIHS01_9c45bf16fe0983d80e3cfe750d6835843d265a9a6c46bd2e609fcddde6fb8d2a
Endpoint type: PUBLISHER
GID: 01.0f.81.bf.00.12.a3.2e.00.00.00.00.00.00.1f.03
QoS profile:
  Reliability: RELIABLE
  History (Depth): UNKNOWN
  Durability: VOLATILE
  Lifespan: Infinite
  Deadline: Infinite
  Liveliness: AUTOMATIC
  Liveliness lease duration: Infinite

Node name: sweepi_api_bridge
Node namespace: /
Topic type: geometry_msgs/msg/Twist
Topic type hash: RIHS01_9c45bf16fe0983d80e3cfe750d6835843d265a9a6c46bd2e609fcddde6fb8d2a
Endpoint type: PUBLISHER
GID: 01.0f.81.bf.51.11.38.8b.00.00.00.00.00.00.37.03
QoS profile:
  Reliability: RELIABLE
  History (Depth): UNKNOWN
  Durability: VOLATILE
  Lifespan: Infinite
  Deadline: Infinite
  Liveliness: AUTOMATIC
  Liveliness lease duration: Infinite

Node name: teleop_twist_keyboard
Node namespace: /
Topic type: geometry_msgs/msg/Twist
Topic type hash: RIHS01_9c45bf16fe0983d80e3cfe750d6835843d265a9a6c46bd2e609fcddde6fb8d2a
Endpoint type: PUBLISHER
GID: 01.0f.81.bf.da.12.f5.b3.00.00.00.00.00.00.13.03
QoS profile:
  Reliability: RELIABLE
  History (Depth): UNKNOWN
  Durability: VOLATILE
  Lifespan: Infinite
  Deadline: Infinite
  Liveliness: AUTOMATIC
  Liveliness lease duration: Infinite

Node name: collision_monitor
Node namespace: /
Topic type: geometry_msgs/msg/Twist
Topic type hash: RIHS01_9c45bf16fe0983d80e3cfe750d6835843d265a9a6c46bd2e609fcddde6fb8d2a
Endpoint type: PUBLISHER
GID: 01.0f.81.bf.ff.11.f9.7b.00.00.00.00.00.00.24.03
QoS profile:
  Reliability: RELIABLE
  History (Depth): UNKNOWN
  Durability: VOLATILE
  Lifespan: Infinite
  Deadline: Infinite
  Liveliness: AUTOMATIC
  Liveliness lease duration: Infinite

Subscription count: 1

Node name: base_driver_node
Node namespace: /
Topic type: geometry_msgs/msg/Twist
Topic type hash: RIHS01_9c45bf16fe0983d80e3cfe750d6835843d265a9a6c46bd2e609fcddde6fb8d2a
Endpoint type: SUBSCRIPTION
GID: 01.0f.81.bf.4b.11.bb.6a.00.00.00.00.00.00.13.04
QoS profile:
  Reliability: RELIABLE
  History (Depth): UNKNOWN
  Durability: VOLATILE
  Lifespan: Infinite
  Deadline: Infinite
  Liveliness: AUTOMATIC
  Liveliness lease duration: Infinite

