Type: nav_msgs/msg/Odometry

Publisher count: 1

Node name: base_driver_node
Node namespace: /
Topic type: nav_msgs/msg/Odometry
Topic type hash: RIHS01_3cc97dc7fb7502f8714462c526d369e35b603cfc34d946e3f2eda2766dfec6e0
Endpoint type: PUBLISHER
GID: 01.0f.81.bf.4b.11.bb.6a.00.00.00.00.00.00.14.03
QoS profile:
  Reliability: RELIABLE
  History (Depth): UNKNOWN
  Durability: VOLATILE
  Lifespan: Infinite
  Deadline: Infinite
  Liveliness: AUTOMATIC
  Liveliness lease duration: Infinite

Subscription count: 1

Node name: ekf_filter_node
Node namespace: /
Topic type: nav_msgs/msg/Odometry
Topic type hash: RIHS01_3cc97dc7fb7502f8714462c526d369e35b603cfc34d946e3f2eda2766dfec6e0
Endpoint type: SUBSCRIPTION
GID: 01.0f.81.bf.4c.11.e6.af.00.00.00.00.00.00.25.04
QoS profile:
  Reliability: BEST_EFFORT
  History (Depth): UNKNOWN
  Durability: VOLATILE
  Lifespan: Infinite
  Deadline: Infinite
  Liveliness: AUTOMATIC
  Liveliness lease duration: Infinite

