Type: geometry_msgs/msg/Twist

Publisher count: 6

Node name: controller_server
Node namespace: /
Topic type: geometry_msgs/msg/Twist
Topic type hash: RIHS01_9c45bf16fe0983d80e3cfe750d6835843d265a9a6c46bd2e609fcddde6fb8d2a
Endpoint type: PUBLISHER
GID: 01.0f.81.bf.f7.11.cb.8a.00.00.00.00.00.00.60.03
QoS profile:
  Reliability: RELIABLE
  History (Depth): UNKNOWN
  Durability: VOLATILE
  Lifespan: Infinite
  Deadline: Infinite
  Liveliness: AUTOMATIC
  Liveliness lease duration: Infinite

Node name: behavior_server
Node namespace: /
Topic type: geometry_msgs/msg/Twist
Topic type hash: RIHS01_9c45bf16fe0983d80e3cfe750d6835843d265a9a6c46bd2e609fcddde6fb8d2a
Endpoint type: PUBLISHER
GID: 01.0f.81.bf.fb.11.5b.f6.00.00.00.00.00.00.2c.03
QoS profile:
  Reliability: RELIABLE
  History (Depth): UNKNOWN
  Durability: VOLATILE
  Lifespan: Infinite
  Deadline: Infinite
  Liveliness: AUTOMATIC
  Liveliness lease duration: Infinite

Node name: behavior_server
Node namespace: /
Topic type: geometry_msgs/msg/Twist
Topic type hash: RIHS01_9c45bf16fe0983d80e3cfe750d6835843d265a9a6c46bd2e609fcddde6fb8d2a
Endpoint type: PUBLISHER
GID: 01.0f.81.bf.fb.11.5b.f6.00.00.00.00.00.00.35.03
QoS profile:
  Reliability: RELIABLE
  History (Depth): UNKNOWN
  Durability: VOLATILE
  Lifespan: Infinite
  Deadline: Infinite
  Liveliness: AUTOMATIC
  Liveliness lease duration: Infinite

Node name: behavior_server
Node namespace: /
Topic type: geometry_msgs/msg/Twist
Topic type hash: RIHS01_9c45bf16fe0983d80e3cfe750d6835843d265a9a6c46bd2e609fcddde6fb8d2a
Endpoint type: PUBLISHER
GID: 01.0f.81.bf.fb.11.5b.f6.00.00.00.00.00.00.3e.03
QoS profile:
  Reliability: RELIABLE
  History (Depth): UNKNOWN
  Durability: VOLATILE
  Lifespan: Infinite
  Deadline: Infinite
  Liveliness: AUTOMATIC
  Liveliness lease duration: Infinite

Node name: behavior_server
Node namespace: /
Topic type: geometry_msgs/msg/Twist
Topic type hash: RIHS01_9c45bf16fe0983d80e3cfe750d6835843d265a9a6c46bd2e609fcddde6fb8d2a
Endpoint type: PUBLISHER
GID: 01.0f.81.bf.fb.11.5b.f6.00.00.00.00.00.00.47.03
QoS profile:
  Reliability: RELIABLE
  History (Depth): UNKNOWN
  Durability: VOLATILE
  Lifespan: Infinite
  Deadline: Infinite
  Liveliness: AUTOMATIC
  Liveliness lease duration: Infinite

Node name: behavior_server
Node namespace: /
Topic type: geometry_msgs/msg/Twist
Topic type hash: RIHS01_9c45bf16fe0983d80e3cfe750d6835843d265a9a6c46bd2e609fcddde6fb8d2a
Endpoint type: PUBLISHER
GID: 01.0f.81.bf.fb.11.5b.f6.00.00.00.00.00.00.52.03
QoS profile:
  Reliability: RELIABLE
  History (Depth): UNKNOWN
  Durability: VOLATILE
  Lifespan: Infinite
  Deadline: Infinite
  Liveliness: AUTOMATIC
  Liveliness lease duration: Infinite

Subscription count: 1

Node name: velocity_smoother
Node namespace: /
Topic type: geometry_msgs/msg/Twist
Topic type hash: RIHS01_9c45bf16fe0983d80e3cfe750d6835843d265a9a6c46bd2e609fcddde6fb8d2a
Endpoint type: SUBSCRIPTION
GID: 01.0f.81.bf.fe.11.be.b9.00.00.00.00.00.00.20.04
QoS profile:
  Reliability: RELIABLE
  History (Depth): UNKNOWN
  Durability: VOLATILE
  Lifespan: Infinite
  Deadline: Infinite
  Liveliness: AUTOMATIC
  Liveliness lease duration: Infinite

