1783783274.0372114 [INFO] [launch]: All log files can be found below /home/sweepi/.ros/log/2026-07-11-20-51-14-033573-sweepi-4835
1783783274.0374200 [INFO] [launch]: Default logging verbosity is set to INFO
1783783274.4535675 [INFO] [base_driver_node-1]: process started with pid [4856]
1783783274.4539778 [INFO] [ekf_node-2]: process started with pid [4857]
1783783274.4541483 [INFO] [sllidar_node-3]: process started with pid [4858]
1783783274.4542654 [INFO] [robot_state_publisher-4]: process started with pid [4859]
1783783274.4543667 [INFO] [rviz2-5]: process started with pid [4860]
1783783274.4544702 [INFO] [sweepi_robot_manager_node.py-6]: process started with pid [4861]
1783783298.0185163 [WARNING] [launch]: user interrupted with ctrl-c (SIGINT)
1783783298.1938028 [INFO] [robot_state_publisher-4]: process has finished cleanly [pid 4859]
1783783298.2178092 [INFO] [ekf_node-2]: process has finished cleanly [pid 4857]
1783783298.3691092 [INFO] [rviz2-5]: process has finished cleanly [pid 4860]
1783783298.4223695 [INFO] [sweepi_robot_manager_node.py-6]: process has finished cleanly [pid 4861]
1783783298.4805334 [ERROR] [base_driver_node-1]: process has died [pid 4856, exit code 1, cmd '/home/sweepi/SweePi/install/sweepi_base_driver/lib/sweepi_base_driver/base_driver_node --ros-args -r __node:=base_driver_node --params-file /home/sweepi/SweePi/install/sweepi_base_driver/share/sweepi_base_driver/config/base_driver_params.yaml --params-file /tmp/launch_params_7cqb1m5x'].
1783783298.7544858 [WARNING] [launch]: user interrupted with ctrl-c (SIGINT) again, ignoring...
1783783299.0061834 [WARNING] [launch]: user interrupted with ctrl-c (SIGINT) again, ignoring...
1783783302.8253298 [WARNING] [launch]: user interrupted with ctrl-c (SIGINT) again, ignoring...
1783783303.0078063 [WARNING] [launch]: user interrupted with ctrl-c (SIGINT) again, ignoring...
1783783303.0281761 [ERROR] [sllidar_node-3]: process[sllidar_node-3] failed to terminate '5' seconds after receiving 'SIGINT', escalating to 'SIGTERM'
1783783303.0292256 [INFO] [sllidar_node-3]: sending signal 'SIGTERM' to process[sllidar_node-3]
1783783303.3015079 [WARNING] [launch]: user interrupted with ctrl-c (SIGINT) again, ignoring...
1783783303.5609570 [INFO] [sllidar_node-3]: process has finished cleanly [pid 4858]
