1783789308.7498450 [INFO] [launch]: All log files can be found below /home/sweepi/.ros/log/2026-07-11-22-31-48-747761-sweepi-4199
1783789308.7502182 [INFO] [launch]: Default logging verbosity is set to INFO
1783789309.1617913 [INFO] [launch.user]: 🚀 STARTING SWEEPI AUTONOMOUS EXPLORATION
1783789309.1620603 [INFO] [launch.user]: 💾 Map name: ${map_name}
1783789309.1622000 [INFO] [launch.user]: 📏 Proximity-based blocking: ${unreachable_region_radius}m
1783789309.1623468 [INFO] [launch.user]: 🔁 Completion retry sweeps: ${completion_retry_cycles}
1783789309.1624703 [INFO] [launch.user]: 🎮 Exploration mode: ${start_mode}
1783789309.6310301 [INFO] [controller_server-1]: process started with pid [4229]
1783789309.6315591 [INFO] [smoother_server-2]: process started with pid [4230]
1783789309.6317716 [INFO] [planner_server-3]: process started with pid [4231]
1783789309.6318982 [INFO] [route_server-4]: process started with pid [4232]
1783789309.6320062 [INFO] [behavior_server-5]: process started with pid [4233]
1783789309.6321034 [INFO] [bt_navigator-6]: process started with pid [4234]
1783789309.6322393 [INFO] [waypoint_follower-7]: process started with pid [4235]
1783789309.6323421 [INFO] [velocity_smoother-8]: process started with pid [4236]
1783789309.6324351 [INFO] [collision_monitor-9]: process started with pid [4237]
1783789309.6325128 [INFO] [opennav_docking-10]: process started with pid [4238]
1783789309.6325934 [INFO] [lifecycle_manager-11]: process started with pid [4239]
1783789309.6326838 [INFO] [async_slam_toolbox_node-12]: process started with pid [4240]
1783789309.6327896 [INFO] [wavefront_explorer.py-13]: process started with pid [4241]
1783789313.5466564 [INFO] [launch.user]: [LifecycleLaunch] SweePi SLAM Toolbox is activating.
1783789318.1293392 [ERROR] [wavefront_explorer.py-13]: process has died [pid 4241, exit code 1, cmd '/home/sweepi/SweePi/install/sweepi_exploration/lib/sweepi_exploration/wavefront_explorer.py --ros-args -r __node:=wavefront_explorer --params-file /tmp/launch_params_ad9_noj2'].
1783789351.1892281 [WARNING] [launch]: user interrupted with ctrl-c (SIGINT)
1783789351.8973954 [INFO] [async_slam_toolbox_node-12]: sending signal 'SIGINT' to process[async_slam_toolbox_node-12]
1783789351.9014773 [INFO] [lifecycle_manager-11]: sending signal 'SIGINT' to process[lifecycle_manager-11]
1783789351.9045587 [INFO] [opennav_docking-10]: sending signal 'SIGINT' to process[opennav_docking-10]
1783789351.9078152 [INFO] [collision_monitor-9]: sending signal 'SIGINT' to process[collision_monitor-9]
1783789351.9155617 [INFO] [velocity_smoother-8]: sending signal 'SIGINT' to process[velocity_smoother-8]
1783789351.9193673 [INFO] [waypoint_follower-7]: sending signal 'SIGINT' to process[waypoint_follower-7]
1783789351.9222717 [INFO] [bt_navigator-6]: sending signal 'SIGINT' to process[bt_navigator-6]
1783789351.9247644 [INFO] [behavior_server-5]: sending signal 'SIGINT' to process[behavior_server-5]
1783789351.9286189 [INFO] [route_server-4]: sending signal 'SIGINT' to process[route_server-4]
1783789351.9309900 [INFO] [planner_server-3]: sending signal 'SIGINT' to process[planner_server-3]
1783789351.9343123 [INFO] [smoother_server-2]: sending signal 'SIGINT' to process[smoother_server-2]
1783789351.9367990 [INFO] [controller_server-1]: sending signal 'SIGINT' to process[controller_server-1]
1783789351.9597583 [ERROR] [velocity_smoother-8]: process has died [pid 4236, exit code -2, cmd '/opt/ros/jazzy/lib/nav2_velocity_smoother/velocity_smoother --ros-args --log-level info --ros-args -r __node:=velocity_smoother -p use_sim_time:=False --params-file /tmp/launch_params_nneoud7n -r /tf:=tf -r /tf_static:=tf_static -r cmd_vel:=cmd_vel_nav'].
1783789351.9725714 [ERROR] [route_server-4]: process has died [pid 4232, exit code -2, cmd '/opt/ros/jazzy/lib/nav2_route/route_server --ros-args --log-level info --ros-args -r __node:=route_server -p use_sim_time:=False --params-file /tmp/launch_params_nneoud7n -r /tf:=tf -r /tf_static:=tf_static'].
1783789351.9744103 [ERROR] [async_slam_toolbox_node-12]: process has died [pid 4240, exit code -2, cmd '/opt/ros/jazzy/lib/slam_toolbox/async_slam_toolbox_node --ros-args -r __node:=slam_toolbox -r __ns:=/ --params-file /tmp/launch_params_u08mccny --params-file /tmp/launch_params_smh6_ucg -r /map:=/slam_map'].
1783789351.9757504 [ERROR] [collision_monitor-9]: process has died [pid 4237, exit code -2, cmd '/opt/ros/jazzy/lib/nav2_collision_monitor/collision_monitor --ros-args --log-level info --ros-args -r __node:=collision_monitor -p use_sim_time:=False --params-file /tmp/launch_params_nneoud7n -r /tf:=tf -r /tf_static:=tf_static'].
1783789351.9768004 [ERROR] [waypoint_follower-7]: process has died [pid 4235, exit code -2, cmd '/opt/ros/jazzy/lib/nav2_waypoint_follower/waypoint_follower --ros-args --log-level info --ros-args -r __node:=waypoint_follower -p use_sim_time:=False --params-file /tmp/launch_params_nneoud7n -r /tf:=tf -r /tf_static:=tf_static'].
1783789351.9771020 [ERROR] [smoother_server-2]: process has died [pid 4230, exit code -2, cmd '/opt/ros/jazzy/lib/nav2_smoother/smoother_server --ros-args --log-level info --ros-args -r __node:=smoother_server -p use_sim_time:=False --params-file /tmp/launch_params_nneoud7n -r /tf:=tf -r /tf_static:=tf_static'].
1783789352.1844282 [INFO] [opennav_docking-10]: process has finished cleanly [pid 4238]
1783789352.2542841 [INFO] [behavior_server-5]: process has finished cleanly [pid 4233]
1783789352.3004100 [INFO] [lifecycle_manager-11]: process has finished cleanly [pid 4239]
1783789352.3028243 [INFO] [controller_server-1]: process has finished cleanly [pid 4229]
1783789352.3254545 [INFO] [planner_server-3]: process has finished cleanly [pid 4231]
1783789352.4243822 [INFO] [bt_navigator-6]: process has finished cleanly [pid 4234]
