1783786921.3640914 [INFO] [launch]: All log files can be found below /home/sweepi/.ros/log/2026-07-11-21-52-01-362541-sweepi-7358
1783786921.3643038 [INFO] [launch]: Default logging verbosity is set to INFO
1783786921.7146168 [INFO] [base_driver_node-1]: process started with pid [7378]
1783786921.7149622 [INFO] [ekf_node-2]: process started with pid [7379]
1783786921.7151129 [INFO] [sllidar_node-3]: process started with pid [7380]
1783786921.7152295 [INFO] [robot_state_publisher-4]: process started with pid [7381]
1783786921.7153227 [INFO] [rviz2-5]: process started with pid [7382]
1783786921.7154186 [INFO] [sweepi_robot_manager_node.py-6]: process started with pid [7383]
1783786921.7155185 [INFO] [api_bridge_node-7]: process started with pid [7384]
1783786991.3378086 [WARNING] [launch]: user interrupted with ctrl-c (SIGINT)
1783786991.7400727 [INFO] [ekf_node-2]: process has finished cleanly [pid 7379]
1783786991.9174299 [INFO] [sllidar_node-3]: process has finished cleanly [pid 7380]
1783786991.9863834 [INFO] [robot_state_publisher-4]: process has finished cleanly [pid 7381]
1783786992.0045133 [WARNING] [launch]: user interrupted with ctrl-c (SIGINT) again, ignoring...
1783786992.0787477 [ERROR] [base_driver_node-1]: process has died [pid 7378, exit code -2, cmd '/home/sweepi/SweePi/install/sweepi_base_driver/lib/sweepi_base_driver/base_driver_node --ros-args -r __node:=base_driver_node --params-file /home/sweepi/SweePi/install/sweepi_base_driver/share/sweepi_base_driver/config/base_driver_params.yaml --params-file /tmp/launch_params__53kgx45'].
1783786992.1120892 [ERROR] [rviz2-5]: process has died [pid 7382, exit code -2, cmd '/opt/ros/jazzy/lib/rviz2/rviz2 -d /home/sweepi/SweePi/install/sweepi_bringup/share/sweepi_bringup/rviz/urdf_config.rviz --ros-args -r __node:=rviz2 --params-file /tmp/launch_params_1okwjnva'].
1783786992.1907780 [WARNING] [launch]: user interrupted with ctrl-c (SIGINT) again, ignoring...
1783786992.2345853 [ERROR] [api_bridge_node-7]: process has died [pid 7384, exit code -2, cmd '/home/sweepi/SweePi/install/sweepi_api_bridge/lib/sweepi_api_bridge/api_bridge_node --ros-args -r __node:=sweepi_api_bridge --params-file /tmp/launch_params_xp7ep2id'].
1783786992.4135127 [WARNING] [launch]: user interrupted with ctrl-c (SIGINT) again, ignoring...
1783786992.4275727 [ERROR] [sweepi_robot_manager_node.py-6]: process has died [pid 7383, exit code -2, cmd '/home/sweepi/SweePi/install/sweepi_robot_manager/lib/sweepi_robot_manager/sweepi_robot_manager_node.py --ros-args -r __node:=sweepi_robot_manager --params-file /tmp/launch_params_oao8x4sm'].
