1783784383.3491080 [INFO] [launch]: All log files can be found below /home/sweepi/.ros/log/2026-07-11-21-09-43-347654-sweepi-13196
1783784383.3493073 [INFO] [launch]: Default logging verbosity is set to INFO
1783784383.6612618 [INFO] [base_driver_node-1]: process started with pid [13200]
1783784383.6616697 [INFO] [ekf_node-2]: process started with pid [13201]
1783784383.6639636 [INFO] [sllidar_node-3]: process started with pid [13202]
1783784383.6644800 [INFO] [robot_state_publisher-4]: process started with pid [13203]
1783784383.6646819 [INFO] [rviz2-5]: process started with pid [13204]
1783784383.6648891 [INFO] [sweepi_robot_manager_node.py-6]: process started with pid [13205]
1783784383.6651099 [INFO] [api_bridge_node-7]: process started with pid [13206]
1783784457.8771679 [WARNING] [launch]: user interrupted with ctrl-c (SIGINT)
1783784458.1420956 [INFO] [robot_state_publisher-4]: process has finished cleanly [pid 13203]
1783784458.1696885 [INFO] [ekf_node-2]: process has finished cleanly [pid 13201]
1783784458.2972798 [INFO] [rviz2-5]: process has finished cleanly [pid 13204]
1783784458.3636708 [WARNING] [launch]: user interrupted with ctrl-c (SIGINT) again, ignoring...
1783784458.3842535 [ERROR] [sweepi_robot_manager_node.py-6]: process has died [pid 13205, exit code -2, cmd '/home/sweepi/SweePi/install/sweepi_robot_manager/lib/sweepi_robot_manager/sweepi_robot_manager_node.py --ros-args -r __node:=sweepi_robot_manager --params-file /tmp/launch_params_rd0x9hvg'].
1783784458.3847895 [ERROR] [api_bridge_node-7]: process has died [pid 13206, exit code -2, cmd '/home/sweepi/SweePi/install/sweepi_api_bridge/lib/sweepi_api_bridge/api_bridge_node --ros-args -r __node:=sweepi_api_bridge --params-file /tmp/launch_params_0eeq3zgq'].
1783784458.3849545 [ERROR] [base_driver_node-1]: process has died [pid 13200, exit code -2, cmd '/home/sweepi/SweePi/install/sweepi_base_driver/lib/sweepi_base_driver/base_driver_node --ros-args -r __node:=base_driver_node --params-file /home/sweepi/SweePi/install/sweepi_base_driver/share/sweepi_base_driver/config/base_driver_params.yaml --params-file /tmp/launch_params_uznplka5'].
1783784462.8908246 [ERROR] [sllidar_node-3]: process[sllidar_node-3] failed to terminate '5' seconds after receiving 'SIGINT', escalating to 'SIGTERM'
1783784462.8919065 [INFO] [sllidar_node-3]: sending signal 'SIGTERM' to process[sllidar_node-3]
1783784463.7518406 [INFO] [sllidar_node-3]: process has finished cleanly [pid 13202]
