[0.015s] Invoking command in '/home/sweepi/SweePi/build_diagnostic/sweepi_exploration': AMENT_PREFIX_PATH=/home/sweepi/SweePi/install_diagnostic/sweepi_slam:${AMENT_PREFIX_PATH} CMAKE_PREFIX_PATH=/home/sweepi/SweePi/install_diagnostic/sweepi_slam:/home/sweepi/SweePi/install/sweepi_robot_manager:/home/sweepi/SweePi/install/sweepi_real_bringup:/home/sweepi/SweePi/install/sweepi_state_estimation:/home/sweepi/SweePi/install/sweepi_exploration:/home/sweepi/SweePi/install/sweepi_bringup:/home/sweepi/SweePi/install/sweepi_slam:/home/sweepi/SweePi/install/sweepi_robot_manager_interfaces:/home/sweepi/SweePi/install/sweepi_description:/home/sweepi/SweePi/install/sweepi_coverage:/home/sweepi/SweePi/install/sllidar_ros2:/opt/ros/jazzy/opt/gz_sim_vendor:/opt/ros/jazzy/opt/gz_sensors_vendor:/opt/ros/jazzy/opt/gz_physics_vendor:/opt/ros/jazzy/opt/sdformat_vendor:/opt/ros/jazzy/opt/gz_gui_vendor:/opt/ros/jazzy/opt/gz_transport_vendor:/opt/ros/jazzy/opt/gz_rendering_vendor:/opt/ros/jazzy/opt/gz_plugin_vendor:/opt/ros/jazzy/opt/gz_fuel_tools_vendor:/opt/ros/jazzy/opt/gz_msgs_vendor:/opt/ros/jazzy/opt/gz_common_vendor:/opt/ros/jazzy/opt/gz_math_vendor:/opt/ros/jazzy/opt/gz_utils_vendor:/opt/ros/jazzy/opt/gz_tools_vendor:/opt/ros/jazzy/opt/gz_ogre_next_vendor:/opt/ros/jazzy/opt/gz_dartsim_vendor:/opt/ros/jazzy/opt/gz_cmake_vendor:/home/sweepi/SweePi/install/sweepi_temp_rpi_hardware:/home/sweepi/SweePi/install/sweepi_api_bridge:/home/sweepi/SweePi/install/sweepi_base_driver:/opt/ros/jazzy /usr/bin/cmake /home/sweepi/SweePi/src/sweepi_exploration -DAMENT_CMAKE_SYMLINK_INSTALL=1 -DCMAKE_INSTALL_PREFIX=/home/sweepi/SweePi/install_diagnostic/sweepi_exploration
[0.186s] -- The C compiler identification is GNU 13.3.0
[0.334s] -- The CXX compiler identification is GNU 13.3.0
[0.368s] -- Detecting C compiler ABI info
[0.663s] -- Detecting C compiler ABI info - done
[0.706s] -- Check for working C compiler: /usr/bin/cc - skipped
[0.709s] -- Detecting C compile features
[0.710s] -- Detecting C compile features - done
[0.741s] -- Detecting CXX compiler ABI info
[1.041s] -- Detecting CXX compiler ABI info - done
[1.064s] -- Check for working CXX compiler: /usr/bin/c++ - skipped
[1.066s] -- Detecting CXX compile features
[1.068s] -- Detecting CXX compile features - done
[1.081s] -- Found ament_cmake: 2.5.6 (/opt/ros/jazzy/share/ament_cmake/cmake)
[1.537s] -- Found Python3: /usr/bin/python3 (found version "3.12.3") found components: Interpreter 
[1.799s] -- Override CMake install command with custom implementation using symlinks instead of copying resources
[1.945s] -- Found rclpy: 7.1.11 (/opt/ros/jazzy/share/rclpy/cmake)
[2.510s] -- Configuring done (2.5s)
[2.530s] -- Generating done (0.0s)
[2.532s] -- Build files have been written to: /home/sweepi/SweePi/build_diagnostic/sweepi_exploration
[2.546s] Invoked command in '/home/sweepi/SweePi/build_diagnostic/sweepi_exploration' returned '0': AMENT_PREFIX_PATH=/home/sweepi/SweePi/install_diagnostic/sweepi_slam:${AMENT_PREFIX_PATH} CMAKE_PREFIX_PATH=/home/sweepi/SweePi/install_diagnostic/sweepi_slam:/home/sweepi/SweePi/install/sweepi_robot_manager:/home/sweepi/SweePi/install/sweepi_real_bringup:/home/sweepi/SweePi/install/sweepi_state_estimation:/home/sweepi/SweePi/install/sweepi_exploration:/home/sweepi/SweePi/install/sweepi_bringup:/home/sweepi/SweePi/install/sweepi_slam:/home/sweepi/SweePi/install/sweepi_robot_manager_interfaces:/home/sweepi/SweePi/install/sweepi_description:/home/sweepi/SweePi/install/sweepi_coverage:/home/sweepi/SweePi/install/sllidar_ros2:/opt/ros/jazzy/opt/gz_sim_vendor:/opt/ros/jazzy/opt/gz_sensors_vendor:/opt/ros/jazzy/opt/gz_physics_vendor:/opt/ros/jazzy/opt/sdformat_vendor:/opt/ros/jazzy/opt/gz_gui_vendor:/opt/ros/jazzy/opt/gz_transport_vendor:/opt/ros/jazzy/opt/gz_rendering_vendor:/opt/ros/jazzy/opt/gz_plugin_vendor:/opt/ros/jazzy/opt/gz_fuel_tools_vendor:/opt/ros/jazzy/opt/gz_msgs_vendor:/opt/ros/jazzy/opt/gz_common_vendor:/opt/ros/jazzy/opt/gz_math_vendor:/opt/ros/jazzy/opt/gz_utils_vendor:/opt/ros/jazzy/opt/gz_tools_vendor:/opt/ros/jazzy/opt/gz_ogre_next_vendor:/opt/ros/jazzy/opt/gz_dartsim_vendor:/opt/ros/jazzy/opt/gz_cmake_vendor:/home/sweepi/SweePi/install/sweepi_temp_rpi_hardware:/home/sweepi/SweePi/install/sweepi_api_bridge:/home/sweepi/SweePi/install/sweepi_base_driver:/opt/ros/jazzy /usr/bin/cmake /home/sweepi/SweePi/src/sweepi_exploration -DAMENT_CMAKE_SYMLINK_INSTALL=1 -DCMAKE_INSTALL_PREFIX=/home/sweepi/SweePi/install_diagnostic/sweepi_exploration
[2.546s] Invoking command in '/home/sweepi/SweePi/build_diagnostic/sweepi_exploration': AMENT_PREFIX_PATH=/home/sweepi/SweePi/install_diagnostic/sweepi_slam:${AMENT_PREFIX_PATH} CMAKE_PREFIX_PATH=/home/sweepi/SweePi/install_diagnostic/sweepi_slam:/home/sweepi/SweePi/install/sweepi_robot_manager:/home/sweepi/SweePi/install/sweepi_real_bringup:/home/sweepi/SweePi/install/sweepi_state_estimation:/home/sweepi/SweePi/install/sweepi_exploration:/home/sweepi/SweePi/install/sweepi_bringup:/home/sweepi/SweePi/install/sweepi_slam:/home/sweepi/SweePi/install/sweepi_robot_manager_interfaces:/home/sweepi/SweePi/install/sweepi_description:/home/sweepi/SweePi/install/sweepi_coverage:/home/sweepi/SweePi/install/sllidar_ros2:/opt/ros/jazzy/opt/gz_sim_vendor:/opt/ros/jazzy/opt/gz_sensors_vendor:/opt/ros/jazzy/opt/gz_physics_vendor:/opt/ros/jazzy/opt/sdformat_vendor:/opt/ros/jazzy/opt/gz_gui_vendor:/opt/ros/jazzy/opt/gz_transport_vendor:/opt/ros/jazzy/opt/gz_rendering_vendor:/opt/ros/jazzy/opt/gz_plugin_vendor:/opt/ros/jazzy/opt/gz_fuel_tools_vendor:/opt/ros/jazzy/opt/gz_msgs_vendor:/opt/ros/jazzy/opt/gz_common_vendor:/opt/ros/jazzy/opt/gz_math_vendor:/opt/ros/jazzy/opt/gz_utils_vendor:/opt/ros/jazzy/opt/gz_tools_vendor:/opt/ros/jazzy/opt/gz_ogre_next_vendor:/opt/ros/jazzy/opt/gz_dartsim_vendor:/opt/ros/jazzy/opt/gz_cmake_vendor:/home/sweepi/SweePi/install/sweepi_temp_rpi_hardware:/home/sweepi/SweePi/install/sweepi_api_bridge:/home/sweepi/SweePi/install/sweepi_base_driver:/opt/ros/jazzy /usr/bin/cmake --build /home/sweepi/SweePi/build_diagnostic/sweepi_exploration -- -j4 -l4
[2.674s] Built target ament_cmake_python_symlink_sweepi_exploration
[3.113s] running egg_info
[3.115s] creating sweepi_exploration.egg-info
[3.150s] writing sweepi_exploration.egg-info/PKG-INFO
[3.152s] writing dependency_links to sweepi_exploration.egg-info/dependency_links.txt
[3.153s] writing top-level names to sweepi_exploration.egg-info/top_level.txt
[3.153s] writing manifest file 'sweepi_exploration.egg-info/SOURCES.txt'
[3.266s] reading manifest file 'sweepi_exploration.egg-info/SOURCES.txt'
[3.269s] writing manifest file 'sweepi_exploration.egg-info/SOURCES.txt'
[3.368s] Built target ament_cmake_python_build_sweepi_exploration_egg
[3.393s] Invoked command in '/home/sweepi/SweePi/build_diagnostic/sweepi_exploration' returned '0': AMENT_PREFIX_PATH=/home/sweepi/SweePi/install_diagnostic/sweepi_slam:${AMENT_PREFIX_PATH} CMAKE_PREFIX_PATH=/home/sweepi/SweePi/install_diagnostic/sweepi_slam:/home/sweepi/SweePi/install/sweepi_robot_manager:/home/sweepi/SweePi/install/sweepi_real_bringup:/home/sweepi/SweePi/install/sweepi_state_estimation:/home/sweepi/SweePi/install/sweepi_exploration:/home/sweepi/SweePi/install/sweepi_bringup:/home/sweepi/SweePi/install/sweepi_slam:/home/sweepi/SweePi/install/sweepi_robot_manager_interfaces:/home/sweepi/SweePi/install/sweepi_description:/home/sweepi/SweePi/install/sweepi_coverage:/home/sweepi/SweePi/install/sllidar_ros2:/opt/ros/jazzy/opt/gz_sim_vendor:/opt/ros/jazzy/opt/gz_sensors_vendor:/opt/ros/jazzy/opt/gz_physics_vendor:/opt/ros/jazzy/opt/sdformat_vendor:/opt/ros/jazzy/opt/gz_gui_vendor:/opt/ros/jazzy/opt/gz_transport_vendor:/opt/ros/jazzy/opt/gz_rendering_vendor:/opt/ros/jazzy/opt/gz_plugin_vendor:/opt/ros/jazzy/opt/gz_fuel_tools_vendor:/opt/ros/jazzy/opt/gz_msgs_vendor:/opt/ros/jazzy/opt/gz_common_vendor:/opt/ros/jazzy/opt/gz_math_vendor:/opt/ros/jazzy/opt/gz_utils_vendor:/opt/ros/jazzy/opt/gz_tools_vendor:/opt/ros/jazzy/opt/gz_ogre_next_vendor:/opt/ros/jazzy/opt/gz_dartsim_vendor:/opt/ros/jazzy/opt/gz_cmake_vendor:/home/sweepi/SweePi/install/sweepi_temp_rpi_hardware:/home/sweepi/SweePi/install/sweepi_api_bridge:/home/sweepi/SweePi/install/sweepi_base_driver:/opt/ros/jazzy /usr/bin/cmake --build /home/sweepi/SweePi/build_diagnostic/sweepi_exploration -- -j4 -l4
[3.395s] Invoking command in '/home/sweepi/SweePi/build_diagnostic/sweepi_exploration': AMENT_PREFIX_PATH=/home/sweepi/SweePi/install_diagnostic/sweepi_slam:${AMENT_PREFIX_PATH} CMAKE_PREFIX_PATH=/home/sweepi/SweePi/install_diagnostic/sweepi_slam:/home/sweepi/SweePi/install/sweepi_robot_manager:/home/sweepi/SweePi/install/sweepi_real_bringup:/home/sweepi/SweePi/install/sweepi_state_estimation:/home/sweepi/SweePi/install/sweepi_exploration:/home/sweepi/SweePi/install/sweepi_bringup:/home/sweepi/SweePi/install/sweepi_slam:/home/sweepi/SweePi/install/sweepi_robot_manager_interfaces:/home/sweepi/SweePi/install/sweepi_description:/home/sweepi/SweePi/install/sweepi_coverage:/home/sweepi/SweePi/install/sllidar_ros2:/opt/ros/jazzy/opt/gz_sim_vendor:/opt/ros/jazzy/opt/gz_sensors_vendor:/opt/ros/jazzy/opt/gz_physics_vendor:/opt/ros/jazzy/opt/sdformat_vendor:/opt/ros/jazzy/opt/gz_gui_vendor:/opt/ros/jazzy/opt/gz_transport_vendor:/opt/ros/jazzy/opt/gz_rendering_vendor:/opt/ros/jazzy/opt/gz_plugin_vendor:/opt/ros/jazzy/opt/gz_fuel_tools_vendor:/opt/ros/jazzy/opt/gz_msgs_vendor:/opt/ros/jazzy/opt/gz_common_vendor:/opt/ros/jazzy/opt/gz_math_vendor:/opt/ros/jazzy/opt/gz_utils_vendor:/opt/ros/jazzy/opt/gz_tools_vendor:/opt/ros/jazzy/opt/gz_ogre_next_vendor:/opt/ros/jazzy/opt/gz_dartsim_vendor:/opt/ros/jazzy/opt/gz_cmake_vendor:/home/sweepi/SweePi/install/sweepi_temp_rpi_hardware:/home/sweepi/SweePi/install/sweepi_api_bridge:/home/sweepi/SweePi/install/sweepi_base_driver:/opt/ros/jazzy /usr/bin/cmake --install /home/sweepi/SweePi/build_diagnostic/sweepi_exploration
[3.414s] -- Install configuration: ""
[3.415s] -- Execute custom install script
[3.419s] -- Symlinking: /home/sweepi/SweePi/install_diagnostic/sweepi_exploration/share/sweepi_exploration/environment/pythonpath.sh
[3.440s] -- Symlinking: /home/sweepi/SweePi/install_diagnostic/sweepi_exploration/share/sweepi_exploration/environment/pythonpath.dsv
[3.463s] -- Symlinking: /home/sweepi/SweePi/install_diagnostic/sweepi_exploration/lib/python3.12/site-packages/sweepi_exploration-0.2.0-py3.12.egg-info/PKG-INFO
[3.488s] -- Symlinking: /home/sweepi/SweePi/install_diagnostic/sweepi_exploration/lib/python3.12/site-packages/sweepi_exploration-0.2.0-py3.12.egg-info/SOURCES.txt
[3.515s] -- Symlinking: /home/sweepi/SweePi/install_diagnostic/sweepi_exploration/lib/python3.12/site-packages/sweepi_exploration-0.2.0-py3.12.egg-info/dependency_links.txt
[3.543s] -- Symlinking: /home/sweepi/SweePi/install_diagnostic/sweepi_exploration/lib/python3.12/site-packages/sweepi_exploration-0.2.0-py3.12.egg-info/top_level.txt
[3.568s] -- Symlinking: /home/sweepi/SweePi/install_diagnostic/sweepi_exploration/lib/python3.12/site-packages/sweepi_exploration/__init__.py
[3.589s] -- Symlinking: /home/sweepi/SweePi/install_diagnostic/sweepi_exploration/lib/python3.12/site-packages/sweepi_exploration/wavefront_explorer.py
[3.610s] -- Symlinking: /home/sweepi/SweePi/install_diagnostic/sweepi_exploration/share/sweepi_exploration/launch/exploration.launch.py
[3.634s] -- Symlinking: /home/sweepi/SweePi/install_diagnostic/sweepi_exploration/lib/sweepi_exploration/wavefront_explorer.py
[3.659s] -- Symlinking: /home/sweepi/SweePi/install_diagnostic/sweepi_exploration/share/sweepi_exploration/config/config
[3.682s] -- Symlinking: /home/sweepi/SweePi/install_diagnostic/sweepi_exploration/share/sweepi_exploration/config/nav2_exploration_rpi_params.yaml
[3.705s] -- Symlinking: /home/sweepi/SweePi/install_diagnostic/sweepi_exploration/share/ament_index/resource_index/package_run_dependencies/sweepi_exploration
[3.729s] -- Symlinking: /home/sweepi/SweePi/install_diagnostic/sweepi_exploration/share/ament_index/resource_index/parent_prefix_path/sweepi_exploration
[3.753s] -- Symlinking: /home/sweepi/SweePi/install_diagnostic/sweepi_exploration/share/sweepi_exploration/environment/ament_prefix_path.sh
[3.776s] -- Symlinking: /home/sweepi/SweePi/install_diagnostic/sweepi_exploration/share/sweepi_exploration/environment/ament_prefix_path.dsv
[3.800s] -- Symlinking: /home/sweepi/SweePi/install_diagnostic/sweepi_exploration/share/sweepi_exploration/environment/path.sh
[3.823s] -- Symlinking: /home/sweepi/SweePi/install_diagnostic/sweepi_exploration/share/sweepi_exploration/environment/path.dsv
[3.846s] -- Symlinking: /home/sweepi/SweePi/install_diagnostic/sweepi_exploration/share/sweepi_exploration/local_setup.bash
[3.868s] -- Symlinking: /home/sweepi/SweePi/install_diagnostic/sweepi_exploration/share/sweepi_exploration/local_setup.sh
[3.890s] -- Symlinking: /home/sweepi/SweePi/install_diagnostic/sweepi_exploration/share/sweepi_exploration/local_setup.zsh
[3.913s] -- Symlinking: /home/sweepi/SweePi/install_diagnostic/sweepi_exploration/share/sweepi_exploration/local_setup.dsv
[3.936s] -- Symlinking: /home/sweepi/SweePi/install_diagnostic/sweepi_exploration/share/sweepi_exploration/package.dsv
[3.958s] -- Symlinking: /home/sweepi/SweePi/install_diagnostic/sweepi_exploration/share/ament_index/resource_index/packages/sweepi_exploration
[3.980s] -- Symlinking: /home/sweepi/SweePi/install_diagnostic/sweepi_exploration/share/sweepi_exploration/cmake/sweepi_explorationConfig.cmake
[4.002s] -- Symlinking: /home/sweepi/SweePi/install_diagnostic/sweepi_exploration/share/sweepi_exploration/cmake/sweepi_explorationConfig-version.cmake
[4.024s] -- Symlinking: /home/sweepi/SweePi/install_diagnostic/sweepi_exploration/share/sweepi_exploration/package.xml
[4.143s] Listing '/home/sweepi/SweePi/install_diagnostic/sweepi_exploration/lib/python3.12/site-packages/sweepi_exploration'...
[4.145s] Compiling '/home/sweepi/SweePi/install_diagnostic/sweepi_exploration/lib/python3.12/site-packages/sweepi_exploration/__init__.py'...
[4.145s] Compiling '/home/sweepi/SweePi/install_diagnostic/sweepi_exploration/lib/python3.12/site-packages/sweepi_exploration/wavefront_explorer.py'...
[4.170s] Invoked command in '/home/sweepi/SweePi/build_diagnostic/sweepi_exploration' returned '0': AMENT_PREFIX_PATH=/home/sweepi/SweePi/install_diagnostic/sweepi_slam:${AMENT_PREFIX_PATH} CMAKE_PREFIX_PATH=/home/sweepi/SweePi/install_diagnostic/sweepi_slam:/home/sweepi/SweePi/install/sweepi_robot_manager:/home/sweepi/SweePi/install/sweepi_real_bringup:/home/sweepi/SweePi/install/sweepi_state_estimation:/home/sweepi/SweePi/install/sweepi_exploration:/home/sweepi/SweePi/install/sweepi_bringup:/home/sweepi/SweePi/install/sweepi_slam:/home/sweepi/SweePi/install/sweepi_robot_manager_interfaces:/home/sweepi/SweePi/install/sweepi_description:/home/sweepi/SweePi/install/sweepi_coverage:/home/sweepi/SweePi/install/sllidar_ros2:/opt/ros/jazzy/opt/gz_sim_vendor:/opt/ros/jazzy/opt/gz_sensors_vendor:/opt/ros/jazzy/opt/gz_physics_vendor:/opt/ros/jazzy/opt/sdformat_vendor:/opt/ros/jazzy/opt/gz_gui_vendor:/opt/ros/jazzy/opt/gz_transport_vendor:/opt/ros/jazzy/opt/gz_rendering_vendor:/opt/ros/jazzy/opt/gz_plugin_vendor:/opt/ros/jazzy/opt/gz_fuel_tools_vendor:/opt/ros/jazzy/opt/gz_msgs_vendor:/opt/ros/jazzy/opt/gz_common_vendor:/opt/ros/jazzy/opt/gz_math_vendor:/opt/ros/jazzy/opt/gz_utils_vendor:/opt/ros/jazzy/opt/gz_tools_vendor:/opt/ros/jazzy/opt/gz_ogre_next_vendor:/opt/ros/jazzy/opt/gz_dartsim_vendor:/opt/ros/jazzy/opt/gz_cmake_vendor:/home/sweepi/SweePi/install/sweepi_temp_rpi_hardware:/home/sweepi/SweePi/install/sweepi_api_bridge:/home/sweepi/SweePi/install/sweepi_base_driver:/opt/ros/jazzy /usr/bin/cmake --install /home/sweepi/SweePi/build_diagnostic/sweepi_exploration
