-- The C compiler identification is GNU 13.3.0
-- The CXX compiler identification is GNU 13.3.0
-- Detecting C compiler ABI info
-- Detecting C compiler ABI info - done
-- Check for working C compiler: /usr/bin/cc - skipped
-- Detecting C compile features
-- Detecting C compile features - done
-- Detecting CXX compiler ABI info
-- Detecting CXX compiler ABI info - done
-- Check for working CXX compiler: /usr/bin/c++ - skipped
-- Detecting CXX compile features
-- Detecting CXX compile features - done
-- Found ament_cmake: 2.5.6 (/opt/ros/jazzy/share/ament_cmake/cmake)
-- Found Python3: /usr/bin/python3 (found version "3.12.3") found components: Interpreter 
-- Override CMake install command with custom implementation using symlinks instead of copying resources
-- Found action_msgs: 2.0.4 (/opt/ros/jazzy/share/action_msgs/cmake)
-- Found rosidl_generator_c: 4.6.9 (/opt/ros/jazzy/share/rosidl_generator_c/cmake)
-- Found rosidl_generator_cpp: 4.6.9 (/opt/ros/jazzy/share/rosidl_generator_cpp/cmake)
-- Using all available rosidl_typesupport_c: rosidl_typesupport_fastrtps_c;rosidl_typesupport_introspection_c
-- Using all available rosidl_typesupport_cpp: rosidl_typesupport_fastrtps_cpp;rosidl_typesupport_introspection_cpp
-- Found geometry_msgs: 5.3.8 (/opt/ros/jazzy/share/geometry_msgs/cmake)
-- Found nav_msgs: 5.3.8 (/opt/ros/jazzy/share/nav_msgs/cmake)
-- Found nav2_msgs: 1.3.12 (/opt/ros/jazzy/share/nav2_msgs/cmake)
-- Found rclpy: 7.1.11 (/opt/ros/jazzy/share/rclpy/cmake)
-- Found sensor_msgs: 5.3.8 (/opt/ros/jazzy/share/sensor_msgs/cmake)
-- Found std_srvs: 5.3.8 (/opt/ros/jazzy/share/std_srvs/cmake)
-- Found tf2_ros: 0.36.21 (/opt/ros/jazzy/share/tf2_ros/cmake)
-- Found rmw_implementation_cmake: 7.3.3 (/opt/ros/jazzy/share/rmw_implementation_cmake/cmake)
-- Found rmw_fastrtps_cpp: 8.4.4 (/opt/ros/jazzy/share/rmw_fastrtps_cpp/cmake)
-- Found OpenSSL: /usr/lib/aarch64-linux-gnu/libcrypto.so (found version "3.0.13")  
-- Found FastRTPS: /opt/ros/jazzy/include (Required is at least version "2.13") 
-- Using RMW implementation 'rmw_fastrtps_cpp' as default
-- Found visualization_msgs: 5.3.8 (/opt/ros/jazzy/share/visualization_msgs/cmake)
-- Found ament_cmake_pytest: 2.5.6 (/opt/ros/jazzy/share/ament_cmake_pytest/cmake)
-- Configuring done (6.2s)
-- Generating done (0.0s)
-- Build files have been written to: /home/sweepi/SweePi/build_diagnostic/sweepi_coverage
Built target ament_cmake_python_symlink_sweepi_coverage
running egg_info
creating sweepi_coverage.egg-info
writing sweepi_coverage.egg-info/PKG-INFO
writing dependency_links to sweepi_coverage.egg-info/dependency_links.txt
writing top-level names to sweepi_coverage.egg-info/top_level.txt
writing manifest file 'sweepi_coverage.egg-info/SOURCES.txt'
reading manifest file 'sweepi_coverage.egg-info/SOURCES.txt'
writing manifest file 'sweepi_coverage.egg-info/SOURCES.txt'
Built target ament_cmake_python_build_sweepi_coverage_egg
-- Install configuration: ""
-- Execute custom install script
-- Symlinking: /home/sweepi/SweePi/install_diagnostic/sweepi_coverage/share/sweepi_coverage/environment/pythonpath.sh
-- Symlinking: /home/sweepi/SweePi/install_diagnostic/sweepi_coverage/share/sweepi_coverage/environment/pythonpath.dsv
-- Symlinking: /home/sweepi/SweePi/install_diagnostic/sweepi_coverage/lib/python3.12/site-packages/sweepi_coverage-0.1.0-py3.12.egg-info/PKG-INFO
-- Symlinking: /home/sweepi/SweePi/install_diagnostic/sweepi_coverage/lib/python3.12/site-packages/sweepi_coverage-0.1.0-py3.12.egg-info/SOURCES.txt
-- Symlinking: /home/sweepi/SweePi/install_diagnostic/sweepi_coverage/lib/python3.12/site-packages/sweepi_coverage-0.1.0-py3.12.egg-info/dependency_links.txt
-- Symlinking: /home/sweepi/SweePi/install_diagnostic/sweepi_coverage/lib/python3.12/site-packages/sweepi_coverage-0.1.0-py3.12.egg-info/top_level.txt
-- Symlinking: /home/sweepi/SweePi/install_diagnostic/sweepi_coverage/lib/python3.12/site-packages/sweepi_coverage/__init__.py
-- Symlinking: /home/sweepi/SweePi/install_diagnostic/sweepi_coverage/lib/python3.12/site-packages/sweepi_coverage/coverage_arm_follow_path_executor_node.py
-- Symlinking: /home/sweepi/SweePi/install_diagnostic/sweepi_coverage/lib/python3.12/site-packages/sweepi_coverage/coverage_executor_node.py
-- Symlinking: /home/sweepi/SweePi/install_diagnostic/sweepi_coverage/lib/python3.12/site-packages/sweepi_coverage/coverage_follow_path_executor_node.py
-- Symlinking: /home/sweepi/SweePi/install_diagnostic/sweepi_coverage/lib/python3.12/site-packages/sweepi_coverage/coverage_manager_node.py
-- Symlinking: /home/sweepi/SweePi/install_diagnostic/sweepi_coverage/lib/python3.12/site-packages/sweepi_coverage/coverage_planner_node.py
-- Symlinking: /home/sweepi/SweePi/install_diagnostic/sweepi_coverage/lib/python3.12/site-packages/sweepi_coverage/coverage_tracker_node.py
-- Symlinking: /home/sweepi/SweePi/install_diagnostic/sweepi_coverage/lib/python3.12/site-packages/sweepi_coverage/coverage_utils.py
-- Symlinking: /home/sweepi/SweePi/install_diagnostic/sweepi_coverage/share/sweepi_coverage/launch/coverage_follow_path.launch.py
-- Symlinking: /home/sweepi/SweePi/install_diagnostic/sweepi_coverage/share/sweepi_coverage/launch/coverage_system.launch.py
-- Symlinking: /home/sweepi/SweePi/install_diagnostic/sweepi_coverage/share/sweepi_coverage/launch/nav2_bringup.launch.py
-- Symlinking: /home/sweepi/SweePi/install_diagnostic/sweepi_coverage/share/sweepi_coverage/config/coverage_follow_path_params.yaml
-- Symlinking: /home/sweepi/SweePi/install_diagnostic/sweepi_coverage/share/sweepi_coverage/config/coverage_params.yaml
-- Symlinking: /home/sweepi/SweePi/install_diagnostic/sweepi_coverage/share/sweepi_coverage/config/nav2_coverage_params.yaml
-- Symlinking: /home/sweepi/SweePi/install_diagnostic/sweepi_coverage/lib/sweepi_coverage/coverage_tracker_node.py
-- Symlinking: /home/sweepi/SweePi/install_diagnostic/sweepi_coverage/lib/sweepi_coverage/coverage_planner_node.py
-- Symlinking: /home/sweepi/SweePi/install_diagnostic/sweepi_coverage/lib/sweepi_coverage/coverage_executor_node.py
-- Symlinking: /home/sweepi/SweePi/install_diagnostic/sweepi_coverage/lib/sweepi_coverage/coverage_follow_path_executor_node.py
-- Symlinking: /home/sweepi/SweePi/install_diagnostic/sweepi_coverage/lib/sweepi_coverage/coverage_arm_follow_path_executor_node.py
-- Symlinking: /home/sweepi/SweePi/install_diagnostic/sweepi_coverage/lib/sweepi_coverage/coverage_manager_node.py
-- Symlinking: /home/sweepi/SweePi/install_diagnostic/sweepi_coverage/share/ament_index/resource_index/package_run_dependencies/sweepi_coverage
-- Symlinking: /home/sweepi/SweePi/install_diagnostic/sweepi_coverage/share/ament_index/resource_index/parent_prefix_path/sweepi_coverage
-- Symlinking: /home/sweepi/SweePi/install_diagnostic/sweepi_coverage/share/sweepi_coverage/environment/ament_prefix_path.sh
-- Symlinking: /home/sweepi/SweePi/install_diagnostic/sweepi_coverage/share/sweepi_coverage/environment/ament_prefix_path.dsv
-- Symlinking: /home/sweepi/SweePi/install_diagnostic/sweepi_coverage/share/sweepi_coverage/environment/path.sh
-- Symlinking: /home/sweepi/SweePi/install_diagnostic/sweepi_coverage/share/sweepi_coverage/environment/path.dsv
-- Symlinking: /home/sweepi/SweePi/install_diagnostic/sweepi_coverage/share/sweepi_coverage/local_setup.bash
-- Symlinking: /home/sweepi/SweePi/install_diagnostic/sweepi_coverage/share/sweepi_coverage/local_setup.sh
-- Symlinking: /home/sweepi/SweePi/install_diagnostic/sweepi_coverage/share/sweepi_coverage/local_setup.zsh
-- Symlinking: /home/sweepi/SweePi/install_diagnostic/sweepi_coverage/share/sweepi_coverage/local_setup.dsv
-- Symlinking: /home/sweepi/SweePi/install_diagnostic/sweepi_coverage/share/sweepi_coverage/package.dsv
-- Symlinking: /home/sweepi/SweePi/install_diagnostic/sweepi_coverage/share/ament_index/resource_index/packages/sweepi_coverage
-- Symlinking: /home/sweepi/SweePi/install_diagnostic/sweepi_coverage/share/sweepi_coverage/cmake/sweepi_coverageConfig.cmake
-- Symlinking: /home/sweepi/SweePi/install_diagnostic/sweepi_coverage/share/sweepi_coverage/cmake/sweepi_coverageConfig-version.cmake
-- Symlinking: /home/sweepi/SweePi/install_diagnostic/sweepi_coverage/share/sweepi_coverage/package.xml
Listing '/home/sweepi/SweePi/install_diagnostic/sweepi_coverage/lib/python3.12/site-packages/sweepi_coverage'...
Compiling '/home/sweepi/SweePi/install_diagnostic/sweepi_coverage/lib/python3.12/site-packages/sweepi_coverage/__init__.py'...
Compiling '/home/sweepi/SweePi/install_diagnostic/sweepi_coverage/lib/python3.12/site-packages/sweepi_coverage/coverage_arm_follow_path_executor_node.py'...
Compiling '/home/sweepi/SweePi/install_diagnostic/sweepi_coverage/lib/python3.12/site-packages/sweepi_coverage/coverage_executor_node.py'...
Compiling '/home/sweepi/SweePi/install_diagnostic/sweepi_coverage/lib/python3.12/site-packages/sweepi_coverage/coverage_follow_path_executor_node.py'...
Compiling '/home/sweepi/SweePi/install_diagnostic/sweepi_coverage/lib/python3.12/site-packages/sweepi_coverage/coverage_manager_node.py'...
Compiling '/home/sweepi/SweePi/install_diagnostic/sweepi_coverage/lib/python3.12/site-packages/sweepi_coverage/coverage_planner_node.py'...
Compiling '/home/sweepi/SweePi/install_diagnostic/sweepi_coverage/lib/python3.12/site-packages/sweepi_coverage/coverage_tracker_node.py'...
Compiling '/home/sweepi/SweePi/install_diagnostic/sweepi_coverage/lib/python3.12/site-packages/sweepi_coverage/coverage_utils.py'...
