[0.017s] Invoking command in '/home/sweepi/SweePi/build_diagnostic/sweepi_coverage': CMAKE_PREFIX_PATH=${CMAKE_PREFIX_PATH}:/home/sweepi/SweePi/install/sweepi_temp_rpi_hardware:/home/sweepi/SweePi/install/sweepi_api_bridge:/home/sweepi/SweePi/install/sweepi_base_driver:/opt/ros/jazzy /usr/bin/cmake /home/sweepi/SweePi/src/sweepi_coverage -DAMENT_CMAKE_SYMLINK_INSTALL=1 -DCMAKE_INSTALL_PREFIX=/home/sweepi/SweePi/install_diagnostic/sweepi_coverage
[0.207s] -- The C compiler identification is GNU 13.3.0
[0.384s] -- The CXX compiler identification is GNU 13.3.0
[0.428s] -- Detecting C compiler ABI info
[0.769s] -- Detecting C compiler ABI info - done
[0.793s] -- Check for working C compiler: /usr/bin/cc - skipped
[0.795s] -- Detecting C compile features
[0.797s] -- Detecting C compile features - done
[0.826s] -- Detecting CXX compiler ABI info
[1.108s] -- Detecting CXX compiler ABI info - done
[1.128s] -- Check for working CXX compiler: /usr/bin/c++ - skipped
[1.129s] -- Detecting CXX compile features
[1.131s] -- Detecting CXX compile features - done
[1.141s] -- Found ament_cmake: 2.5.6 (/opt/ros/jazzy/share/ament_cmake/cmake)
[1.553s] -- Found Python3: /usr/bin/python3 (found version "3.12.3") found components: Interpreter 
[1.813s] -- Override CMake install command with custom implementation using symlinks instead of copying resources
[1.961s] -- Found action_msgs: 2.0.4 (/opt/ros/jazzy/share/action_msgs/cmake)
[2.091s] -- Found rosidl_generator_c: 4.6.9 (/opt/ros/jazzy/share/rosidl_generator_c/cmake)
[2.136s] -- Found rosidl_generator_cpp: 4.6.9 (/opt/ros/jazzy/share/rosidl_generator_cpp/cmake)
[2.192s] -- Using all available rosidl_typesupport_c: rosidl_typesupport_fastrtps_c;rosidl_typesupport_introspection_c
[2.251s] -- Using all available rosidl_typesupport_cpp: rosidl_typesupport_fastrtps_cpp;rosidl_typesupport_introspection_cpp
[2.438s] -- Found geometry_msgs: 5.3.8 (/opt/ros/jazzy/share/geometry_msgs/cmake)
[2.526s] -- Found nav_msgs: 5.3.8 (/opt/ros/jazzy/share/nav_msgs/cmake)
[2.602s] -- Found nav2_msgs: 1.3.12 (/opt/ros/jazzy/share/nav2_msgs/cmake)
[2.834s] -- Found rclpy: 7.1.11 (/opt/ros/jazzy/share/rclpy/cmake)
[2.844s] -- Found sensor_msgs: 5.3.8 (/opt/ros/jazzy/share/sensor_msgs/cmake)
[2.905s] -- Found std_srvs: 5.3.8 (/opt/ros/jazzy/share/std_srvs/cmake)
[2.948s] -- Found tf2_ros: 0.36.21 (/opt/ros/jazzy/share/tf2_ros/cmake)
[3.243s] -- Found rmw_implementation_cmake: 7.3.3 (/opt/ros/jazzy/share/rmw_implementation_cmake/cmake)
[3.258s] -- Found rmw_fastrtps_cpp: 8.4.4 (/opt/ros/jazzy/share/rmw_fastrtps_cpp/cmake)
[3.544s] -- Found OpenSSL: /usr/lib/aarch64-linux-gnu/libcrypto.so (found version "3.0.13")  
[3.630s] -- Found FastRTPS: /opt/ros/jazzy/include (Required is at least version "2.13") 
[3.654s] -- Using RMW implementation 'rmw_fastrtps_cpp' as default
[4.057s] -- Found visualization_msgs: 5.3.8 (/opt/ros/jazzy/share/visualization_msgs/cmake)
[4.515s] -- Found ament_cmake_pytest: 2.5.6 (/opt/ros/jazzy/share/ament_cmake_pytest/cmake)
[6.261s] -- Configuring done (6.2s)
[6.294s] -- Generating done (0.0s)
[6.310s] -- Build files have been written to: /home/sweepi/SweePi/build_diagnostic/sweepi_coverage
[6.386s] Invoked command in '/home/sweepi/SweePi/build_diagnostic/sweepi_coverage' returned '0': CMAKE_PREFIX_PATH=${CMAKE_PREFIX_PATH}:/home/sweepi/SweePi/install/sweepi_temp_rpi_hardware:/home/sweepi/SweePi/install/sweepi_api_bridge:/home/sweepi/SweePi/install/sweepi_base_driver:/opt/ros/jazzy /usr/bin/cmake /home/sweepi/SweePi/src/sweepi_coverage -DAMENT_CMAKE_SYMLINK_INSTALL=1 -DCMAKE_INSTALL_PREFIX=/home/sweepi/SweePi/install_diagnostic/sweepi_coverage
[6.391s] Invoking command in '/home/sweepi/SweePi/build_diagnostic/sweepi_coverage': CMAKE_PREFIX_PATH=${CMAKE_PREFIX_PATH}:/home/sweepi/SweePi/install/sweepi_temp_rpi_hardware:/home/sweepi/SweePi/install/sweepi_api_bridge:/home/sweepi/SweePi/install/sweepi_base_driver:/opt/ros/jazzy /usr/bin/cmake --build /home/sweepi/SweePi/build_diagnostic/sweepi_coverage -- -j4 -l4
[6.572s] Built target ament_cmake_python_symlink_sweepi_coverage
[7.192s] running egg_info
[7.195s] creating sweepi_coverage.egg-info
[7.258s] writing sweepi_coverage.egg-info/PKG-INFO
[7.258s] writing dependency_links to sweepi_coverage.egg-info/dependency_links.txt
[7.258s] writing top-level names to sweepi_coverage.egg-info/top_level.txt
[7.259s] writing manifest file 'sweepi_coverage.egg-info/SOURCES.txt'
[7.391s] reading manifest file 'sweepi_coverage.egg-info/SOURCES.txt'
[7.394s] writing manifest file 'sweepi_coverage.egg-info/SOURCES.txt'
[7.559s] Built target ament_cmake_python_build_sweepi_coverage_egg
[7.600s] Invoked command in '/home/sweepi/SweePi/build_diagnostic/sweepi_coverage' returned '0': CMAKE_PREFIX_PATH=${CMAKE_PREFIX_PATH}:/home/sweepi/SweePi/install/sweepi_temp_rpi_hardware:/home/sweepi/SweePi/install/sweepi_api_bridge:/home/sweepi/SweePi/install/sweepi_base_driver:/opt/ros/jazzy /usr/bin/cmake --build /home/sweepi/SweePi/build_diagnostic/sweepi_coverage -- -j4 -l4
[7.600s] Invoking command in '/home/sweepi/SweePi/build_diagnostic/sweepi_coverage': CMAKE_PREFIX_PATH=${CMAKE_PREFIX_PATH}:/home/sweepi/SweePi/install/sweepi_temp_rpi_hardware:/home/sweepi/SweePi/install/sweepi_api_bridge:/home/sweepi/SweePi/install/sweepi_base_driver:/opt/ros/jazzy /usr/bin/cmake --install /home/sweepi/SweePi/build_diagnostic/sweepi_coverage
[7.630s] -- Install configuration: ""
[7.634s] -- Execute custom install script
[7.640s] -- Symlinking: /home/sweepi/SweePi/install_diagnostic/sweepi_coverage/share/sweepi_coverage/environment/pythonpath.sh
[7.664s] -- Symlinking: /home/sweepi/SweePi/install_diagnostic/sweepi_coverage/share/sweepi_coverage/environment/pythonpath.dsv
[7.697s] -- Symlinking: /home/sweepi/SweePi/install_diagnostic/sweepi_coverage/lib/python3.12/site-packages/sweepi_coverage-0.1.0-py3.12.egg-info/PKG-INFO
[7.729s] -- Symlinking: /home/sweepi/SweePi/install_diagnostic/sweepi_coverage/lib/python3.12/site-packages/sweepi_coverage-0.1.0-py3.12.egg-info/SOURCES.txt
[7.761s] -- Symlinking: /home/sweepi/SweePi/install_diagnostic/sweepi_coverage/lib/python3.12/site-packages/sweepi_coverage-0.1.0-py3.12.egg-info/dependency_links.txt
[7.784s] -- Symlinking: /home/sweepi/SweePi/install_diagnostic/sweepi_coverage/lib/python3.12/site-packages/sweepi_coverage-0.1.0-py3.12.egg-info/top_level.txt
[7.812s] -- Symlinking: /home/sweepi/SweePi/install_diagnostic/sweepi_coverage/lib/python3.12/site-packages/sweepi_coverage/__init__.py
[7.843s] -- Symlinking: /home/sweepi/SweePi/install_diagnostic/sweepi_coverage/lib/python3.12/site-packages/sweepi_coverage/coverage_arm_follow_path_executor_node.py
[7.869s] -- Symlinking: /home/sweepi/SweePi/install_diagnostic/sweepi_coverage/lib/python3.12/site-packages/sweepi_coverage/coverage_executor_node.py
[7.894s] -- Symlinking: /home/sweepi/SweePi/install_diagnostic/sweepi_coverage/lib/python3.12/site-packages/sweepi_coverage/coverage_follow_path_executor_node.py
[7.921s] -- Symlinking: /home/sweepi/SweePi/install_diagnostic/sweepi_coverage/lib/python3.12/site-packages/sweepi_coverage/coverage_manager_node.py
[7.943s] -- Symlinking: /home/sweepi/SweePi/install_diagnostic/sweepi_coverage/lib/python3.12/site-packages/sweepi_coverage/coverage_planner_node.py
[7.974s] -- Symlinking: /home/sweepi/SweePi/install_diagnostic/sweepi_coverage/lib/python3.12/site-packages/sweepi_coverage/coverage_tracker_node.py
[8.021s] -- Symlinking: /home/sweepi/SweePi/install_diagnostic/sweepi_coverage/lib/python3.12/site-packages/sweepi_coverage/coverage_utils.py
[8.051s] -- Symlinking: /home/sweepi/SweePi/install_diagnostic/sweepi_coverage/share/sweepi_coverage/launch/coverage_follow_path.launch.py
[8.079s] -- Symlinking: /home/sweepi/SweePi/install_diagnostic/sweepi_coverage/share/sweepi_coverage/launch/coverage_system.launch.py
[8.109s] -- Symlinking: /home/sweepi/SweePi/install_diagnostic/sweepi_coverage/share/sweepi_coverage/launch/nav2_bringup.launch.py
[8.135s] -- Symlinking: /home/sweepi/SweePi/install_diagnostic/sweepi_coverage/share/sweepi_coverage/config/coverage_follow_path_params.yaml
[8.158s] -- Symlinking: /home/sweepi/SweePi/install_diagnostic/sweepi_coverage/share/sweepi_coverage/config/coverage_params.yaml
[8.189s] -- Symlinking: /home/sweepi/SweePi/install_diagnostic/sweepi_coverage/share/sweepi_coverage/config/nav2_coverage_params.yaml
[8.216s] -- Symlinking: /home/sweepi/SweePi/install_diagnostic/sweepi_coverage/lib/sweepi_coverage/coverage_tracker_node.py
[8.246s] -- Symlinking: /home/sweepi/SweePi/install_diagnostic/sweepi_coverage/lib/sweepi_coverage/coverage_planner_node.py
[8.273s] -- Symlinking: /home/sweepi/SweePi/install_diagnostic/sweepi_coverage/lib/sweepi_coverage/coverage_executor_node.py
[8.301s] -- Symlinking: /home/sweepi/SweePi/install_diagnostic/sweepi_coverage/lib/sweepi_coverage/coverage_follow_path_executor_node.py
[8.327s] -- Symlinking: /home/sweepi/SweePi/install_diagnostic/sweepi_coverage/lib/sweepi_coverage/coverage_arm_follow_path_executor_node.py
[8.355s] -- Symlinking: /home/sweepi/SweePi/install_diagnostic/sweepi_coverage/lib/sweepi_coverage/coverage_manager_node.py
[8.384s] -- Symlinking: /home/sweepi/SweePi/install_diagnostic/sweepi_coverage/share/ament_index/resource_index/package_run_dependencies/sweepi_coverage
[8.413s] -- Symlinking: /home/sweepi/SweePi/install_diagnostic/sweepi_coverage/share/ament_index/resource_index/parent_prefix_path/sweepi_coverage
[8.442s] -- Symlinking: /home/sweepi/SweePi/install_diagnostic/sweepi_coverage/share/sweepi_coverage/environment/ament_prefix_path.sh
[8.472s] -- Symlinking: /home/sweepi/SweePi/install_diagnostic/sweepi_coverage/share/sweepi_coverage/environment/ament_prefix_path.dsv
[8.502s] -- Symlinking: /home/sweepi/SweePi/install_diagnostic/sweepi_coverage/share/sweepi_coverage/environment/path.sh
[8.529s] -- Symlinking: /home/sweepi/SweePi/install_diagnostic/sweepi_coverage/share/sweepi_coverage/environment/path.dsv
[8.561s] -- Symlinking: /home/sweepi/SweePi/install_diagnostic/sweepi_coverage/share/sweepi_coverage/local_setup.bash
[8.587s] -- Symlinking: /home/sweepi/SweePi/install_diagnostic/sweepi_coverage/share/sweepi_coverage/local_setup.sh
[8.614s] -- Symlinking: /home/sweepi/SweePi/install_diagnostic/sweepi_coverage/share/sweepi_coverage/local_setup.zsh
[8.642s] -- Symlinking: /home/sweepi/SweePi/install_diagnostic/sweepi_coverage/share/sweepi_coverage/local_setup.dsv
[8.673s] -- Symlinking: /home/sweepi/SweePi/install_diagnostic/sweepi_coverage/share/sweepi_coverage/package.dsv
[8.710s] -- Symlinking: /home/sweepi/SweePi/install_diagnostic/sweepi_coverage/share/ament_index/resource_index/packages/sweepi_coverage
[8.738s] -- Symlinking: /home/sweepi/SweePi/install_diagnostic/sweepi_coverage/share/sweepi_coverage/cmake/sweepi_coverageConfig.cmake
[8.769s] -- Symlinking: /home/sweepi/SweePi/install_diagnostic/sweepi_coverage/share/sweepi_coverage/cmake/sweepi_coverageConfig-version.cmake
[8.800s] -- Symlinking: /home/sweepi/SweePi/install_diagnostic/sweepi_coverage/share/sweepi_coverage/package.xml
[9.111s] Listing '/home/sweepi/SweePi/install_diagnostic/sweepi_coverage/lib/python3.12/site-packages/sweepi_coverage'...
[9.112s] Compiling '/home/sweepi/SweePi/install_diagnostic/sweepi_coverage/lib/python3.12/site-packages/sweepi_coverage/__init__.py'...
[9.113s] Compiling '/home/sweepi/SweePi/install_diagnostic/sweepi_coverage/lib/python3.12/site-packages/sweepi_coverage/coverage_arm_follow_path_executor_node.py'...
[9.113s] Compiling '/home/sweepi/SweePi/install_diagnostic/sweepi_coverage/lib/python3.12/site-packages/sweepi_coverage/coverage_executor_node.py'...
[9.114s] Compiling '/home/sweepi/SweePi/install_diagnostic/sweepi_coverage/lib/python3.12/site-packages/sweepi_coverage/coverage_follow_path_executor_node.py'...
[9.115s] Compiling '/home/sweepi/SweePi/install_diagnostic/sweepi_coverage/lib/python3.12/site-packages/sweepi_coverage/coverage_manager_node.py'...
[9.116s] Compiling '/home/sweepi/SweePi/install_diagnostic/sweepi_coverage/lib/python3.12/site-packages/sweepi_coverage/coverage_planner_node.py'...
[9.117s] Compiling '/home/sweepi/SweePi/install_diagnostic/sweepi_coverage/lib/python3.12/site-packages/sweepi_coverage/coverage_tracker_node.py'...
[9.117s] Compiling '/home/sweepi/SweePi/install_diagnostic/sweepi_coverage/lib/python3.12/site-packages/sweepi_coverage/coverage_utils.py'...
[9.146s] Invoked command in '/home/sweepi/SweePi/build_diagnostic/sweepi_coverage' returned '0': CMAKE_PREFIX_PATH=${CMAKE_PREFIX_PATH}:/home/sweepi/SweePi/install/sweepi_temp_rpi_hardware:/home/sweepi/SweePi/install/sweepi_api_bridge:/home/sweepi/SweePi/install/sweepi_base_driver:/opt/ros/jazzy /usr/bin/cmake --install /home/sweepi/SweePi/build_diagnostic/sweepi_coverage
