[0.037s] Invoking command in '/home/sweepi/SweePi/build_diagnostic/sweepi_description': CMAKE_PREFIX_PATH=${CMAKE_PREFIX_PATH}:/home/sweepi/SweePi/install/sweepi_temp_rpi_hardware:/home/sweepi/SweePi/install/sweepi_api_bridge:/home/sweepi/SweePi/install/sweepi_base_driver:/opt/ros/jazzy /usr/bin/cmake --build /home/sweepi/SweePi/build_diagnostic/sweepi_description -- -j4 -l4
[0.480s] Invoked command in '/home/sweepi/SweePi/build_diagnostic/sweepi_description' returned '0': CMAKE_PREFIX_PATH=${CMAKE_PREFIX_PATH}:/home/sweepi/SweePi/install/sweepi_temp_rpi_hardware:/home/sweepi/SweePi/install/sweepi_api_bridge:/home/sweepi/SweePi/install/sweepi_base_driver:/opt/ros/jazzy /usr/bin/cmake --build /home/sweepi/SweePi/build_diagnostic/sweepi_description -- -j4 -l4
[0.498s] Invoking command in '/home/sweepi/SweePi/build_diagnostic/sweepi_description': CMAKE_PREFIX_PATH=${CMAKE_PREFIX_PATH}:/home/sweepi/SweePi/install/sweepi_temp_rpi_hardware:/home/sweepi/SweePi/install/sweepi_api_bridge:/home/sweepi/SweePi/install/sweepi_base_driver:/opt/ros/jazzy /usr/bin/cmake --install /home/sweepi/SweePi/build_diagnostic/sweepi_description
[0.522s] -- Install configuration: ""
[0.524s] -- Execute custom install script
[0.524s] -- Up-to-date symlink: /home/sweepi/SweePi/install_diagnostic/sweepi_description/share/sweepi_description//urdf/camera.xacro
[0.524s] -- Up-to-date symlink: /home/sweepi/SweePi/install_diagnostic/sweepi_description/share/sweepi_description//urdf/cliff_sensors.xacro
[0.531s] -- Up-to-date symlink: /home/sweepi/SweePi/install_diagnostic/sweepi_description/share/sweepi_description//urdf/front_tof.xacro
[0.537s] -- Up-to-date symlink: /home/sweepi/SweePi/install_diagnostic/sweepi_description/share/sweepi_description//urdf/imu.xacro
[0.538s] -- Up-to-date symlink: /home/sweepi/SweePi/install_diagnostic/sweepi_description/share/sweepi_description//urdf/lidar.xacro
[0.539s] -- Up-to-date symlink: /home/sweepi/SweePi/install_diagnostic/sweepi_description/share/sweepi_description//urdf/robot_base.xacro
[0.541s] -- Up-to-date symlink: /home/sweepi/SweePi/install_diagnostic/sweepi_description/share/sweepi_description//urdf/robot_base_gazebo.xacro
[0.544s] -- Up-to-date symlink: /home/sweepi/SweePi/install_diagnostic/sweepi_description/share/sweepi_description//urdf/sweepi.urdf.xacro
[0.546s] -- Up-to-date symlink: /home/sweepi/SweePi/install_diagnostic/sweepi_description/share/sweepi_description//launch/display.launch.py
[0.547s] -- Up-to-date symlink: /home/sweepi/SweePi/install_diagnostic/sweepi_description/share/sweepi_description//launch/display.launch.xml
[0.551s] -- Up-to-date symlink: /home/sweepi/SweePi/install_diagnostic/sweepi_description/share/sweepi_description//rviz/urdf_config.rviz
[0.552s] -- Up-to-date symlink: /home/sweepi/SweePi/install_diagnostic/sweepi_description/share/ament_index/resource_index/package_run_dependencies/sweepi_description
[0.552s] -- Up-to-date symlink: /home/sweepi/SweePi/install_diagnostic/sweepi_description/share/ament_index/resource_index/parent_prefix_path/sweepi_description
[0.553s] -- Up-to-date symlink: /home/sweepi/SweePi/install_diagnostic/sweepi_description/share/sweepi_description/environment/ament_prefix_path.sh
[0.553s] -- Up-to-date symlink: /home/sweepi/SweePi/install_diagnostic/sweepi_description/share/sweepi_description/environment/ament_prefix_path.dsv
[0.553s] -- Up-to-date symlink: /home/sweepi/SweePi/install_diagnostic/sweepi_description/share/sweepi_description/environment/path.sh
[0.553s] -- Up-to-date symlink: /home/sweepi/SweePi/install_diagnostic/sweepi_description/share/sweepi_description/environment/path.dsv
[0.554s] -- Up-to-date symlink: /home/sweepi/SweePi/install_diagnostic/sweepi_description/share/sweepi_description/local_setup.bash
[0.572s] -- Up-to-date symlink: /home/sweepi/SweePi/install_diagnostic/sweepi_description/share/sweepi_description/local_setup.sh
[0.572s] -- Up-to-date symlink: /home/sweepi/SweePi/install_diagnostic/sweepi_description/share/sweepi_description/local_setup.zsh
[0.572s] -- Up-to-date symlink: /home/sweepi/SweePi/install_diagnostic/sweepi_description/share/sweepi_description/local_setup.dsv
[0.572s] -- Symlinking: /home/sweepi/SweePi/install_diagnostic/sweepi_description/share/sweepi_description/package.dsv
[0.573s] -- Up-to-date symlink: /home/sweepi/SweePi/install_diagnostic/sweepi_description/share/ament_index/resource_index/packages/sweepi_description
[0.573s] -- Up-to-date symlink: /home/sweepi/SweePi/install_diagnostic/sweepi_description/share/sweepi_description/cmake/sweepi_descriptionConfig.cmake
[0.573s] -- Up-to-date symlink: /home/sweepi/SweePi/install_diagnostic/sweepi_description/share/sweepi_description/cmake/sweepi_descriptionConfig-version.cmake
[0.608s] -- Up-to-date symlink: /home/sweepi/SweePi/install_diagnostic/sweepi_description/share/sweepi_description/package.xml
[0.636s] Invoked command in '/home/sweepi/SweePi/build_diagnostic/sweepi_description' returned '0': CMAKE_PREFIX_PATH=${CMAKE_PREFIX_PATH}:/home/sweepi/SweePi/install/sweepi_temp_rpi_hardware:/home/sweepi/SweePi/install/sweepi_api_bridge:/home/sweepi/SweePi/install/sweepi_base_driver:/opt/ros/jazzy /usr/bin/cmake --install /home/sweepi/SweePi/build_diagnostic/sweepi_description
