-- Install configuration: ""
-- Execute custom install script
-- Up-to-date symlink: /home/sweepi/SweePi/install_diagnostic/sweepi_slam/share/sweepi_slam//config/mapper_params_online_async.yaml
-- Up-to-date symlink: /home/sweepi/SweePi/install_diagnostic/sweepi_slam/share/sweepi_slam//launch/slam_toolbox.launch.py
-- Up-to-date symlink: /home/sweepi/SweePi/install_diagnostic/sweepi_slam/share/sweepi_slam//rviz/slam_config.rviz
-- Up-to-date symlink: /home/sweepi/SweePi/install_diagnostic/sweepi_slam/lib/sweepi_slam/save_map.sh
-- Up-to-date symlink: /home/sweepi/SweePi/install_diagnostic/sweepi_slam/lib/sweepi_slam/load_map.sh
-- Up-to-date symlink: /home/sweepi/SweePi/install_diagnostic/sweepi_slam/share/ament_index/resource_index/package_run_dependencies/sweepi_slam
-- Up-to-date symlink: /home/sweepi/SweePi/install_diagnostic/sweepi_slam/share/ament_index/resource_index/parent_prefix_path/sweepi_slam
-- Up-to-date symlink: /home/sweepi/SweePi/install_diagnostic/sweepi_slam/share/sweepi_slam/environment/ament_prefix_path.sh
-- Up-to-date symlink: /home/sweepi/SweePi/install_diagnostic/sweepi_slam/share/sweepi_slam/environment/ament_prefix_path.dsv
-- Up-to-date symlink: /home/sweepi/SweePi/install_diagnostic/sweepi_slam/share/sweepi_slam/environment/path.sh
-- Up-to-date symlink: /home/sweepi/SweePi/install_diagnostic/sweepi_slam/share/sweepi_slam/environment/path.dsv
-- Up-to-date symlink: /home/sweepi/SweePi/install_diagnostic/sweepi_slam/share/sweepi_slam/local_setup.bash
-- Up-to-date symlink: /home/sweepi/SweePi/install_diagnostic/sweepi_slam/share/sweepi_slam/local_setup.sh
-- Up-to-date symlink: /home/sweepi/SweePi/install_diagnostic/sweepi_slam/share/sweepi_slam/local_setup.zsh
-- Up-to-date symlink: /home/sweepi/SweePi/install_diagnostic/sweepi_slam/share/sweepi_slam/local_setup.dsv
-- Symlinking: /home/sweepi/SweePi/install_diagnostic/sweepi_slam/share/sweepi_slam/package.dsv
-- Up-to-date symlink: /home/sweepi/SweePi/install_diagnostic/sweepi_slam/share/ament_index/resource_index/packages/sweepi_slam
-- Up-to-date symlink: /home/sweepi/SweePi/install_diagnostic/sweepi_slam/share/sweepi_slam/cmake/sweepi_slamConfig.cmake
-- Up-to-date symlink: /home/sweepi/SweePi/install_diagnostic/sweepi_slam/share/sweepi_slam/cmake/sweepi_slamConfig-version.cmake
-- Up-to-date symlink: /home/sweepi/SweePi/install_diagnostic/sweepi_slam/share/sweepi_slam/package.xml
