1783779003.5431783 [INFO] [launch]: All log files can be found below /home/sweepi/.ros/log/2026-07-11-19-40-03-541564-sweepi-5446
1783779003.5434275 [INFO] [launch]: Default logging verbosity is set to INFO
1783779003.9362593 [INFO] [launch.user]: 🚀 STARTING SWEEPI AUTONOMOUS EXPLORATION
1783779003.9366119 [INFO] [launch.user]: 💾 Map name: ${map_name}
1783779003.9367774 [INFO] [launch.user]: 📏 Proximity-based blocking: ${unreachable_region_radius}m
1783779003.9369578 [INFO] [launch.user]: 🔁 Completion retry sweeps: ${completion_retry_cycles}
1783779003.9370832 [INFO] [launch.user]: 🎮 Exploration mode: ${start_mode}
1783779004.4352655 [ERROR] [launch]: Caught exception in launch (see debug for traceback): executable 'wavefront_explorer.py' not found on the libexec directory '/home/sweepi/SweePi/install/sweepi_exploration/lib/sweepi_exploration' 
1783779005.7966228 [INFO] [controller_server-1]: process started with pid [5498]
1783779005.7970321 [INFO] [smoother_server-2]: process started with pid [5500]
1783779005.7972383 [INFO] [planner_server-3]: process started with pid [5502]
1783779005.7973824 [INFO] [route_server-4]: process started with pid [5503]
1783779005.7975216 [INFO] [behavior_server-5]: process started with pid [5504]
1783779005.7976885 [INFO] [bt_navigator-6]: process started with pid [5505]
1783779005.8039486 [INFO] [waypoint_follower-7]: process started with pid [5506]
1783779005.8042789 [INFO] [velocity_smoother-8]: process started with pid [5507]
1783779005.8044331 [INFO] [collision_monitor-9]: process started with pid [5508]
1783779005.8046467 [INFO] [opennav_docking-10]: process started with pid [5509]
1783779005.8048909 [INFO] [lifecycle_manager-11]: process started with pid [5510]
1783779005.8050404 [INFO] [async_slam_toolbox_node-12]: process started with pid [5511]
