1783789606.8810160 [INFO] [launch]: All log files can be found below /home/sweepi/.ros/log/2026-07-11-22-36-46-879439-sweepi-7554
1783789606.8812542 [INFO] [launch]: Default logging verbosity is set to INFO
1783789607.2337532 [INFO] [launch.user]: 🚀 STARTING SWEEPI AUTONOMOUS EXPLORATION
1783789607.2340746 [INFO] [launch.user]: 💾 Map name: ${map_name}
1783789607.2342720 [INFO] [launch.user]: 📏 Proximity-based blocking: ${unreachable_region_radius}m
1783789607.2345700 [INFO] [launch.user]: 🔁 Completion retry sweeps: ${completion_retry_cycles}
1783789607.2347462 [INFO] [launch.user]: 🎮 Exploration mode: ${start_mode}
1783789607.7026498 [INFO] [controller_server-1]: process started with pid [7577]
1783789607.7030063 [INFO] [smoother_server-2]: process started with pid [7578]
1783789607.7317498 [INFO] [planner_server-3]: process started with pid [7579]
1783789607.7325108 [INFO] [route_server-4]: process started with pid [7580]
1783789607.7327468 [INFO] [behavior_server-5]: process started with pid [7581]
1783789607.7329090 [INFO] [bt_navigator-6]: process started with pid [7582]
1783789607.7330325 [INFO] [waypoint_follower-7]: process started with pid [7583]
1783789607.7332048 [INFO] [velocity_smoother-8]: process started with pid [7584]
1783789607.7333369 [INFO] [collision_monitor-9]: process started with pid [7585]
1783789607.7453768 [INFO] [opennav_docking-10]: process started with pid [7586]
1783789607.7458858 [INFO] [lifecycle_manager-11]: process started with pid [7587]
1783789607.7460811 [INFO] [async_slam_toolbox_node-12]: process started with pid [7588]
1783789607.7598429 [INFO] [wavefront_explorer.py-13]: process started with pid [7589]
1783789612.9881821 [INFO] [launch.user]: [LifecycleLaunch] SweePi SLAM Toolbox is activating.
1783789618.3123221 [ERROR] [wavefront_explorer.py-13]: process has died [pid 7589, exit code 1, cmd '/home/sweepi/SweePi/install/sweepi_exploration/lib/sweepi_exploration/wavefront_explorer.py --ros-args -r __node:=wavefront_explorer --params-file /tmp/launch_params_hc0iin76'].
1783789702.8955328 [WARNING] [launch]: user interrupted with ctrl-c (SIGINT)
1783789703.7555125 [INFO] [async_slam_toolbox_node-12]: sending signal 'SIGINT' to process[async_slam_toolbox_node-12]
1783789703.7586648 [INFO] [lifecycle_manager-11]: sending signal 'SIGINT' to process[lifecycle_manager-11]
1783789703.7646325 [INFO] [opennav_docking-10]: sending signal 'SIGINT' to process[opennav_docking-10]
1783789703.7690051 [INFO] [collision_monitor-9]: sending signal 'SIGINT' to process[collision_monitor-9]
1783789703.7737708 [INFO] [velocity_smoother-8]: sending signal 'SIGINT' to process[velocity_smoother-8]
1783789703.7796938 [INFO] [waypoint_follower-7]: sending signal 'SIGINT' to process[waypoint_follower-7]
1783789703.7831595 [INFO] [bt_navigator-6]: sending signal 'SIGINT' to process[bt_navigator-6]
1783789703.7858827 [INFO] [behavior_server-5]: sending signal 'SIGINT' to process[behavior_server-5]
1783789703.7889500 [INFO] [route_server-4]: sending signal 'SIGINT' to process[route_server-4]
1783789703.7915852 [INFO] [planner_server-3]: sending signal 'SIGINT' to process[planner_server-3]
1783789703.7949662 [INFO] [smoother_server-2]: sending signal 'SIGINT' to process[smoother_server-2]
1783789703.7978458 [INFO] [controller_server-1]: sending signal 'SIGINT' to process[controller_server-1]
1783789703.8202100 [ERROR] [route_server-4]: process has died [pid 7580, exit code -2, cmd '/opt/ros/jazzy/lib/nav2_route/route_server --ros-args --log-level info --ros-args -r __node:=route_server -p use_sim_time:=False --params-file /tmp/launch_params_s6v24v2z -r /tf:=tf -r /tf_static:=tf_static'].
1783789703.8453200 [ERROR] [waypoint_follower-7]: process has died [pid 7583, exit code -2, cmd '/opt/ros/jazzy/lib/nav2_waypoint_follower/waypoint_follower --ros-args --log-level info --ros-args -r __node:=waypoint_follower -p use_sim_time:=False --params-file /tmp/launch_params_s6v24v2z -r /tf:=tf -r /tf_static:=tf_static'].
1783789703.8541996 [ERROR] [velocity_smoother-8]: process has died [pid 7584, exit code -2, cmd '/opt/ros/jazzy/lib/nav2_velocity_smoother/velocity_smoother --ros-args --log-level info --ros-args -r __node:=velocity_smoother -p use_sim_time:=False --params-file /tmp/launch_params_s6v24v2z -r /tf:=tf -r /tf_static:=tf_static -r cmd_vel:=cmd_vel_nav'].
1783789703.8747852 [ERROR] [smoother_server-2]: process has died [pid 7578, exit code -2, cmd '/opt/ros/jazzy/lib/nav2_smoother/smoother_server --ros-args --log-level info --ros-args -r __node:=smoother_server -p use_sim_time:=False --params-file /tmp/launch_params_s6v24v2z -r /tf:=tf -r /tf_static:=tf_static'].
1783789703.8751700 [ERROR] [collision_monitor-9]: process has died [pid 7585, exit code -2, cmd '/opt/ros/jazzy/lib/nav2_collision_monitor/collision_monitor --ros-args --log-level info --ros-args -r __node:=collision_monitor -p use_sim_time:=False --params-file /tmp/launch_params_s6v24v2z -r /tf:=tf -r /tf_static:=tf_static'].
1783789703.8763225 [ERROR] [async_slam_toolbox_node-12]: process has died [pid 7588, exit code -2, cmd '/opt/ros/jazzy/lib/slam_toolbox/async_slam_toolbox_node --ros-args -r __node:=slam_toolbox -r __ns:=/ --params-file /tmp/launch_params_h10avieb --params-file /tmp/launch_params_mu1qmtld -r /map:=/slam_map'].
1783789704.1158404 [INFO] [lifecycle_manager-11]: process has finished cleanly [pid 7587]
1783789704.1428680 [INFO] [opennav_docking-10]: process has finished cleanly [pid 7586]
1783789704.1699927 [INFO] [behavior_server-5]: process has finished cleanly [pid 7581]
1783789704.2169178 [INFO] [planner_server-3]: process has finished cleanly [pid 7579]
1783789704.2412903 [INFO] [controller_server-1]: process has finished cleanly [pid 7577]
1783789704.2973812 [INFO] [bt_navigator-6]: process has finished cleanly [pid 7582]
