1783781284.0278339 [INFO] [launch]: All log files can be found below /home/sweepi/.ros/log/2026-07-11-20-18-04-025838-sweepi-19558
1783781284.0280430 [INFO] [launch]: Default logging verbosity is set to INFO
1783781285.4372945 [INFO] [component_container_isolated-1]: process started with pid [19593]
1783781285.4383941 [INFO] [coverage_tracker_node.py-2]: process started with pid [19594]
1783781285.4386380 [INFO] [coverage_planner_node.py-3]: process started with pid [19595]
1783781285.4394500 [INFO] [coverage_arm_follow_path_executor_node.py-4]: process started with pid [19596]
1783781285.4396679 [INFO] [coverage_manager_node.py-5]: process started with pid [19597]
1783781286.3984029 [INFO] [launch_ros.actions.load_composable_nodes]: Loaded node '/map_server' in container '/nav2_container'
1783781286.5613899 [ERROR] [coverage_manager_node.py-5]: process has died [pid 19597, exit code 1, cmd '/home/sweepi/SweePi/install/sweepi_coverage/lib/sweepi_coverage/coverage_manager_node.py --ros-args -r __node:=coverage_manager_node --params-file /home/sweepi/SweePi/install/sweepi_coverage/share/sweepi_coverage/config/coverage_follow_path_params.yaml --params-file /tmp/launch_params_pzxx_y5w'].
1783781286.6528847 [INFO] [launch_ros.actions.load_composable_nodes]: Loaded node '/amcl' in container '/nav2_container'
1783781286.9922938 [INFO] [launch_ros.actions.load_composable_nodes]: Loaded node '/controller_server' in container '/nav2_container'
1783781287.1058233 [INFO] [launch_ros.actions.load_composable_nodes]: Loaded node '/lifecycle_manager_localization' in container '/nav2_container'
1783781287.9387615 [INFO] [launch_ros.actions.load_composable_nodes]: Loaded node '/smoother_server' in container '/nav2_container'
1783781287.9714622 [ERROR] [coverage_tracker_node.py-2]: process has died [pid 19594, exit code 1, cmd '/home/sweepi/SweePi/install/sweepi_coverage/lib/sweepi_coverage/coverage_tracker_node.py --ros-args -r __node:=coverage_tracker_node --params-file /home/sweepi/SweePi/install/sweepi_coverage/share/sweepi_coverage/config/coverage_follow_path_params.yaml --params-file /tmp/launch_params_jw7lxujj'].
1783781288.2907550 [ERROR] [coverage_planner_node.py-3]: process has died [pid 19595, exit code 1, cmd '/home/sweepi/SweePi/install/sweepi_coverage/lib/sweepi_coverage/coverage_planner_node.py --ros-args -r __node:=coverage_planner_node --params-file /home/sweepi/SweePi/install/sweepi_coverage/share/sweepi_coverage/config/coverage_follow_path_params.yaml --params-file /tmp/launch_params_l0fjkpcz'].
1783781288.3716302 [INFO] [launch_ros.actions.load_composable_nodes]: Loaded node '/planner_server' in container '/nav2_container'
1783781288.4688437 [INFO] [launch_ros.actions.load_composable_nodes]: Loaded node '/route_server' in container '/nav2_container'
1783781288.5613282 [INFO] [launch_ros.actions.load_composable_nodes]: Loaded node '/behavior_server' in container '/nav2_container'
1783781288.6824028 [INFO] [launch_ros.actions.load_composable_nodes]: Loaded node '/bt_navigator' in container '/nav2_container'
1783781288.8097053 [INFO] [launch_ros.actions.load_composable_nodes]: Loaded node '/waypoint_follower' in container '/nav2_container'
1783781288.9265351 [INFO] [launch_ros.actions.load_composable_nodes]: Loaded node '/velocity_smoother' in container '/nav2_container'
1783781289.0597513 [INFO] [launch_ros.actions.load_composable_nodes]: Loaded node '/collision_monitor' in container '/nav2_container'
1783781289.0600259 [ERROR] [coverage_arm_follow_path_executor_node.py-4]: process has died [pid 19596, exit code 1, cmd '/home/sweepi/SweePi/install/sweepi_coverage/lib/sweepi_coverage/coverage_arm_follow_path_executor_node.py --ros-args -r __node:=coverage_follow_path_executor_node --params-file /home/sweepi/SweePi/install/sweepi_coverage/share/sweepi_coverage/config/coverage_follow_path_params.yaml --params-file /tmp/launch_params_6mb2l8n0 --params-file /tmp/launch_params_vgj5yyo7'].
1783781289.1363168 [INFO] [launch_ros.actions.load_composable_nodes]: Loaded node '/docking_server' in container '/nav2_container'
1783781289.2078383 [INFO] [launch_ros.actions.load_composable_nodes]: Loaded node '/lifecycle_manager_navigation' in container '/nav2_container'
1783781353.4798486 [WARNING] [launch]: user interrupted with ctrl-c (SIGINT)
1783781354.2964880 [INFO] [component_container_isolated-1]: sending signal 'SIGINT' to process[component_container_isolated-1]
1783781359.3013980 [ERROR] [component_container_isolated-1]: process[component_container_isolated-1] failed to terminate '5' seconds after receiving 'SIGINT', escalating to 'SIGTERM'
1783781359.3042662 [INFO] [component_container_isolated-1]: sending signal 'SIGTERM' to process[component_container_isolated-1]
1783781364.3039861 [ERROR] [component_container_isolated-1]: process[component_container_isolated-1] failed to terminate '10.0' seconds after receiving 'SIGTERM', escalating to 'SIGKILL'
1783781364.3051376 [INFO] [component_container_isolated-1]: sending signal 'SIGKILL' to process[component_container_isolated-1]
1783781364.3415465 [ERROR] [component_container_isolated-1]: process has died [pid 19593, exit code -9, cmd '/opt/ros/jazzy/lib/rclcpp_components/component_container_isolated --ros-args --log-level info --ros-args -r __node:=nav2_container --params-file /tmp/launch_params_qlhwffox --params-file /tmp/launch_params__bsfyhak -r /tf:=tf -r /tf_static:=tf_static'].
