running develop
running egg_info
creating sweepi_api_bridge.egg-info
writing sweepi_api_bridge.egg-info/PKG-INFO
writing dependency_links to sweepi_api_bridge.egg-info/dependency_links.txt
writing entry points to sweepi_api_bridge.egg-info/entry_points.txt
writing requirements to sweepi_api_bridge.egg-info/requires.txt
writing top-level names to sweepi_api_bridge.egg-info/top_level.txt
writing manifest file 'sweepi_api_bridge.egg-info/SOURCES.txt'
reading manifest file 'sweepi_api_bridge.egg-info/SOURCES.txt'
writing manifest file 'sweepi_api_bridge.egg-info/SOURCES.txt'
running build_ext
Creating /home/sweepi/SweePi/install_diagnostic/sweepi_api_bridge/lib/python3.12/site-packages/sweepi-api-bridge.egg-link (link to .)
Installing api_bridge_node script to /home/sweepi/SweePi/install_diagnostic/sweepi_api_bridge/lib/sweepi_api_bridge

Installed /home/sweepi/SweePi/build_diagnostic/sweepi_api_bridge
running symlink_data
creating /home/sweepi/SweePi/install_diagnostic/sweepi_api_bridge/share/ament_index
creating /home/sweepi/SweePi/install_diagnostic/sweepi_api_bridge/share/ament_index/resource_index
creating /home/sweepi/SweePi/install_diagnostic/sweepi_api_bridge/share/ament_index/resource_index/packages
symbolically linking /home/sweepi/SweePi/build_diagnostic/sweepi_api_bridge/resource/sweepi_api_bridge -> /home/sweepi/SweePi/install_diagnostic/sweepi_api_bridge/share/ament_index/resource_index/packages
symbolically linking /home/sweepi/SweePi/build_diagnostic/sweepi_api_bridge/package.xml -> /home/sweepi/SweePi/install_diagnostic/sweepi_api_bridge/share/sweepi_api_bridge
creating /home/sweepi/SweePi/install_diagnostic/sweepi_api_bridge/share/sweepi_api_bridge/launch
symbolically linking /home/sweepi/SweePi/build_diagnostic/sweepi_api_bridge/launch/api_bridge.launch.py -> /home/sweepi/SweePi/install_diagnostic/sweepi_api_bridge/share/sweepi_api_bridge/launch
