[1.998s] Invoking command in '/home/sweepi/SweePi/build_diagnostic/sweepi_api_bridge': AMENT_PREFIX_PATH=/home/sweepi/SweePi/install_diagnostic/sweepi_robot_manager_interfaces:${AMENT_PREFIX_PATH} CMAKE_PREFIX_PATH=/home/sweepi/SweePi/install_diagnostic/sweepi_robot_manager_interfaces:${CMAKE_PREFIX_PATH} LD_LIBRARY_PATH=/home/sweepi/SweePi/install_diagnostic/sweepi_robot_manager_interfaces/lib:${LD_LIBRARY_PATH} PYTHONPATH=/home/sweepi/SweePi/build_diagnostic/sweepi_api_bridge/prefix_override:/usr/lib/python3/dist-packages/colcon_core/task/python/colcon_distutils_commands:/home/sweepi/SweePi/install_diagnostic/sweepi_api_bridge/lib/python3.12/site-packages:/home/sweepi/SweePi/install_diagnostic/sweepi_robot_manager_interfaces/lib/python3.12/site-packages:${PYTHONPATH} /usr/bin/python3 -W ignore:setup.py install is deprecated -W ignore:easy_install command is deprecated setup.py develop --editable --build-directory /home/sweepi/SweePi/build_diagnostic/sweepi_api_bridge/build --no-deps symlink_data
[2.519s] running develop
[2.830s] running egg_info
[2.831s] creating sweepi_api_bridge.egg-info
[2.861s] writing sweepi_api_bridge.egg-info/PKG-INFO
[2.863s] writing dependency_links to sweepi_api_bridge.egg-info/dependency_links.txt
[2.863s] writing entry points to sweepi_api_bridge.egg-info/entry_points.txt
[2.864s] writing requirements to sweepi_api_bridge.egg-info/requires.txt
[2.864s] writing top-level names to sweepi_api_bridge.egg-info/top_level.txt
[2.864s] writing manifest file 'sweepi_api_bridge.egg-info/SOURCES.txt'
[2.925s] reading manifest file 'sweepi_api_bridge.egg-info/SOURCES.txt'
[2.926s] writing manifest file 'sweepi_api_bridge.egg-info/SOURCES.txt'
[2.958s] running build_ext
[2.959s] Creating /home/sweepi/SweePi/install_diagnostic/sweepi_api_bridge/lib/python3.12/site-packages/sweepi-api-bridge.egg-link (link to .)
[2.960s] Installing api_bridge_node script to /home/sweepi/SweePi/install_diagnostic/sweepi_api_bridge/lib/sweepi_api_bridge
[2.960s] 
[2.961s] Installed /home/sweepi/SweePi/build_diagnostic/sweepi_api_bridge
[2.961s] running symlink_data
[2.961s] creating /home/sweepi/SweePi/install_diagnostic/sweepi_api_bridge/share/ament_index
[2.962s] creating /home/sweepi/SweePi/install_diagnostic/sweepi_api_bridge/share/ament_index/resource_index
[2.962s] creating /home/sweepi/SweePi/install_diagnostic/sweepi_api_bridge/share/ament_index/resource_index/packages
[2.963s] symbolically linking /home/sweepi/SweePi/build_diagnostic/sweepi_api_bridge/resource/sweepi_api_bridge -> /home/sweepi/SweePi/install_diagnostic/sweepi_api_bridge/share/ament_index/resource_index/packages
[2.963s] symbolically linking /home/sweepi/SweePi/build_diagnostic/sweepi_api_bridge/package.xml -> /home/sweepi/SweePi/install_diagnostic/sweepi_api_bridge/share/sweepi_api_bridge
[2.963s] creating /home/sweepi/SweePi/install_diagnostic/sweepi_api_bridge/share/sweepi_api_bridge/launch
[2.963s] symbolically linking /home/sweepi/SweePi/build_diagnostic/sweepi_api_bridge/launch/api_bridge.launch.py -> /home/sweepi/SweePi/install_diagnostic/sweepi_api_bridge/share/sweepi_api_bridge/launch
[3.079s] Invoked command in '/home/sweepi/SweePi/build_diagnostic/sweepi_api_bridge' returned '0': AMENT_PREFIX_PATH=/home/sweepi/SweePi/install_diagnostic/sweepi_robot_manager_interfaces:${AMENT_PREFIX_PATH} CMAKE_PREFIX_PATH=/home/sweepi/SweePi/install_diagnostic/sweepi_robot_manager_interfaces:${CMAKE_PREFIX_PATH} LD_LIBRARY_PATH=/home/sweepi/SweePi/install_diagnostic/sweepi_robot_manager_interfaces/lib:${LD_LIBRARY_PATH} PYTHONPATH=/home/sweepi/SweePi/build_diagnostic/sweepi_api_bridge/prefix_override:/usr/lib/python3/dist-packages/colcon_core/task/python/colcon_distutils_commands:/home/sweepi/SweePi/install_diagnostic/sweepi_api_bridge/lib/python3.12/site-packages:/home/sweepi/SweePi/install_diagnostic/sweepi_robot_manager_interfaces/lib/python3.12/site-packages:${PYTHONPATH} /usr/bin/python3 -W ignore:setup.py install is deprecated -W ignore:easy_install command is deprecated setup.py develop --editable --build-directory /home/sweepi/SweePi/build_diagnostic/sweepi_api_bridge/build --no-deps symlink_data
