1783785040.4060848 [INFO] [launch]: All log files can be found below /home/sweepi/.ros/log/2026-07-11-21-20-40-404655-sweepi-4695
1783785040.4062846 [INFO] [launch]: Default logging verbosity is set to INFO
1783785041.8133802 [INFO] [component_container_isolated-1]: process started with pid [4723]
1783785041.8138728 [INFO] [coverage_tracker_node.py-2]: process started with pid [4724]
1783785041.8141203 [INFO] [coverage_planner_node.py-3]: process started with pid [4725]
1783785041.8157275 [INFO] [coverage_arm_follow_path_executor_node.py-4]: process started with pid [4726]
1783785041.8160837 [INFO] [coverage_manager_node.py-5]: process started with pid [4727]
1783785043.0114324 [INFO] [launch_ros.actions.load_composable_nodes]: Loaded node '/map_server' in container '/nav2_container'
1783785043.4010608 [INFO] [launch_ros.actions.load_composable_nodes]: Loaded node '/controller_server' in container '/nav2_container'
1783785043.5790730 [INFO] [launch_ros.actions.load_composable_nodes]: Loaded node '/amcl' in container '/nav2_container'
1783785043.8595278 [INFO] [launch_ros.actions.load_composable_nodes]: Loaded node '/smoother_server' in container '/nav2_container'
1783785044.2789094 [INFO] [launch_ros.actions.load_composable_nodes]: Loaded node '/lifecycle_manager_localization' in container '/nav2_container'
1783785044.8730054 [INFO] [launch_ros.actions.load_composable_nodes]: Loaded node '/planner_server' in container '/nav2_container'
1783785045.1418407 [INFO] [launch_ros.actions.load_composable_nodes]: Loaded node '/route_server' in container '/nav2_container'
1783785045.2828321 [INFO] [launch_ros.actions.load_composable_nodes]: Loaded node '/behavior_server' in container '/nav2_container'
1783785045.4875841 [INFO] [launch_ros.actions.load_composable_nodes]: Loaded node '/bt_navigator' in container '/nav2_container'
1783785045.6210611 [INFO] [launch_ros.actions.load_composable_nodes]: Loaded node '/waypoint_follower' in container '/nav2_container'
1783785045.7520289 [INFO] [launch_ros.actions.load_composable_nodes]: Loaded node '/velocity_smoother' in container '/nav2_container'
1783785045.9572554 [INFO] [launch_ros.actions.load_composable_nodes]: Loaded node '/collision_monitor' in container '/nav2_container'
1783785046.1616547 [INFO] [launch_ros.actions.load_composable_nodes]: Loaded node '/docking_server' in container '/nav2_container'
1783785046.4719331 [INFO] [launch_ros.actions.load_composable_nodes]: Loaded node '/lifecycle_manager_navigation' in container '/nav2_container'
1783785085.3765419 [WARNING] [launch]: user interrupted with ctrl-c (SIGINT)
1783785085.8998506 [INFO] [coverage_manager_node.py-5]: sending signal 'SIGINT' to process[coverage_manager_node.py-5]
1783785085.9009953 [INFO] [coverage_arm_follow_path_executor_node.py-4]: sending signal 'SIGINT' to process[coverage_arm_follow_path_executor_node.py-4]
1783785085.9046180 [INFO] [coverage_planner_node.py-3]: sending signal 'SIGINT' to process[coverage_planner_node.py-3]
1783785085.9057553 [INFO] [coverage_tracker_node.py-2]: sending signal 'SIGINT' to process[coverage_tracker_node.py-2]
1783785085.9068573 [INFO] [component_container_isolated-1]: sending signal 'SIGINT' to process[component_container_isolated-1]
1783785085.9346423 [ERROR] [coverage_manager_node.py-5]: process has died [pid 4727, exit code -2, cmd '/home/sweepi/SweePi/install/sweepi_coverage/lib/sweepi_coverage/coverage_manager_node.py --ros-args -r __node:=coverage_manager_node --params-file /home/sweepi/SweePi/install/sweepi_coverage/share/sweepi_coverage/config/coverage_follow_path_params.yaml --params-file /tmp/launch_params_xf6vigy9'].
1783785085.9389758 [ERROR] [coverage_tracker_node.py-2]: process has died [pid 4724, exit code -2, cmd '/home/sweepi/SweePi/install/sweepi_coverage/lib/sweepi_coverage/coverage_tracker_node.py --ros-args -r __node:=coverage_tracker_node --params-file /home/sweepi/SweePi/install/sweepi_coverage/share/sweepi_coverage/config/coverage_follow_path_params.yaml --params-file /tmp/launch_params_5ay1lryi'].
1783785085.9744670 [ERROR] [coverage_arm_follow_path_executor_node.py-4]: process has died [pid 4726, exit code -2, cmd '/home/sweepi/SweePi/install/sweepi_coverage/lib/sweepi_coverage/coverage_arm_follow_path_executor_node.py --ros-args -r __node:=coverage_follow_path_executor_node --params-file /home/sweepi/SweePi/install/sweepi_coverage/share/sweepi_coverage/config/coverage_follow_path_params.yaml --params-file /tmp/launch_params__r77sn1j --params-file /tmp/launch_params_1txnedzc'].
1783785085.9759047 [ERROR] [coverage_planner_node.py-3]: process has died [pid 4725, exit code -2, cmd '/home/sweepi/SweePi/install/sweepi_coverage/lib/sweepi_coverage/coverage_planner_node.py --ros-args -r __node:=coverage_planner_node --params-file /home/sweepi/SweePi/install/sweepi_coverage/share/sweepi_coverage/config/coverage_follow_path_params.yaml --params-file /tmp/launch_params_sfchl86r'].
1783785089.0354452 [ERROR] [component_container_isolated-1]: process has died [pid 4723, exit code -6, cmd '/opt/ros/jazzy/lib/rclcpp_components/component_container_isolated --ros-args --log-level info --ros-args -r __node:=nav2_container --params-file /tmp/launch_params_sbh_0pe6 --params-file /tmp/launch_params_f4dtd4ts -r /tf:=tf -r /tf_static:=tf_static'].
