1783785406.2323890 [INFO] [launch]: All log files can be found below /home/sweepi/.ros/log/2026-07-11-21-26-46-230844-sweepi-6558
1783785406.2325990 [INFO] [launch]: Default logging verbosity is set to INFO
1783785407.6130042 [INFO] [component_container_isolated-1]: process started with pid [6592]
1783785407.6135063 [INFO] [coverage_tracker_node.py-2]: process started with pid [6593]
1783785407.6137407 [INFO] [coverage_planner_node.py-3]: process started with pid [6594]
1783785407.6140842 [INFO] [coverage_arm_follow_path_executor_node.py-4]: process started with pid [6595]
1783785407.6142638 [INFO] [coverage_manager_node.py-5]: process started with pid [6596]
1783785408.1236250 [INFO] [launch_ros.actions.load_composable_nodes]: Loaded node '/controller_server' in container '/nav2_container'
1783785408.2715373 [INFO] [launch_ros.actions.load_composable_nodes]: Loaded node '/amcl' in container '/nav2_container'
1783785408.4123979 [INFO] [launch_ros.actions.load_composable_nodes]: Loaded node '/map_server' in container '/nav2_container'
1783785408.5337288 [INFO] [launch_ros.actions.load_composable_nodes]: Loaded node '/smoother_server' in container '/nav2_container'
1783785408.6665616 [INFO] [launch_ros.actions.load_composable_nodes]: Loaded node '/lifecycle_manager_localization' in container '/nav2_container'
1783785409.2695949 [INFO] [launch_ros.actions.load_composable_nodes]: Loaded node '/planner_server' in container '/nav2_container'
1783785409.5344326 [INFO] [launch_ros.actions.load_composable_nodes]: Loaded node '/route_server' in container '/nav2_container'
1783785409.7842581 [INFO] [launch_ros.actions.load_composable_nodes]: Loaded node '/behavior_server' in container '/nav2_container'
1783785410.0657754 [INFO] [launch_ros.actions.load_composable_nodes]: Loaded node '/bt_navigator' in container '/nav2_container'
1783785410.2580841 [INFO] [launch_ros.actions.load_composable_nodes]: Loaded node '/waypoint_follower' in container '/nav2_container'
1783785410.4485471 [INFO] [launch_ros.actions.load_composable_nodes]: Loaded node '/velocity_smoother' in container '/nav2_container'
1783785410.7162473 [INFO] [launch_ros.actions.load_composable_nodes]: Loaded node '/collision_monitor' in container '/nav2_container'
1783785410.9385211 [INFO] [launch_ros.actions.load_composable_nodes]: Loaded node '/docking_server' in container '/nav2_container'
1783785411.1250052 [INFO] [launch_ros.actions.load_composable_nodes]: Loaded node '/lifecycle_manager_navigation' in container '/nav2_container'
1783785469.5582938 [WARNING] [launch]: user interrupted with ctrl-c (SIGINT)
1783785470.3030229 [INFO] [coverage_manager_node.py-5]: sending signal 'SIGINT' to process[coverage_manager_node.py-5]
1783785470.3039563 [INFO] [coverage_arm_follow_path_executor_node.py-4]: sending signal 'SIGINT' to process[coverage_arm_follow_path_executor_node.py-4]
1783785470.3056173 [INFO] [coverage_planner_node.py-3]: sending signal 'SIGINT' to process[coverage_planner_node.py-3]
1783785470.3071008 [INFO] [coverage_tracker_node.py-2]: sending signal 'SIGINT' to process[coverage_tracker_node.py-2]
1783785470.3120556 [INFO] [component_container_isolated-1]: sending signal 'SIGINT' to process[component_container_isolated-1]
1783785470.3403299 [ERROR] [coverage_planner_node.py-3]: process has died [pid 6594, exit code -2, cmd '/home/sweepi/SweePi/install/sweepi_coverage/lib/sweepi_coverage/coverage_planner_node.py --ros-args -r __node:=coverage_planner_node --params-file /home/sweepi/SweePi/install/sweepi_coverage/share/sweepi_coverage/config/coverage_follow_path_params.yaml --params-file /tmp/launch_params_3gx8bkzf'].
1783785470.3407116 [ERROR] [coverage_tracker_node.py-2]: process has died [pid 6593, exit code -2, cmd '/home/sweepi/SweePi/install/sweepi_coverage/lib/sweepi_coverage/coverage_tracker_node.py --ros-args -r __node:=coverage_tracker_node --params-file /home/sweepi/SweePi/install/sweepi_coverage/share/sweepi_coverage/config/coverage_follow_path_params.yaml --params-file /tmp/launch_params_rrjfio6e'].
1783785470.3495100 [ERROR] [coverage_manager_node.py-5]: process has died [pid 6596, exit code -2, cmd '/home/sweepi/SweePi/install/sweepi_coverage/lib/sweepi_coverage/coverage_manager_node.py --ros-args -r __node:=coverage_manager_node --params-file /home/sweepi/SweePi/install/sweepi_coverage/share/sweepi_coverage/config/coverage_follow_path_params.yaml --params-file /tmp/launch_params_boepo5tu'].
1783785470.8172979 [ERROR] [coverage_arm_follow_path_executor_node.py-4]: process has died [pid 6595, exit code 1, cmd '/home/sweepi/SweePi/install/sweepi_coverage/lib/sweepi_coverage/coverage_arm_follow_path_executor_node.py --ros-args -r __node:=coverage_follow_path_executor_node --params-file /home/sweepi/SweePi/install/sweepi_coverage/share/sweepi_coverage/config/coverage_follow_path_params.yaml --params-file /tmp/launch_params_r677fi1o --params-file /tmp/launch_params_l8zoemm1'].
1783785472.5840158 [ERROR] [component_container_isolated-1]: process has died [pid 6592, exit code -6, cmd '/opt/ros/jazzy/lib/rclcpp_components/component_container_isolated --ros-args --log-level info --ros-args -r __node:=nav2_container --params-file /tmp/launch_params_9w9nged5 --params-file /tmp/launch_params_qmdj_h4s -r /tf:=tf -r /tf_static:=tf_static'].
