1783797266.3165781 [INFO] [launch]: All log files can be found below /home/sweepi/.ros/log/2026-07-12-00-44-26-314920-sweepi-4580
1783797266.3168085 [INFO] [launch]: Default logging verbosity is set to INFO
1783797266.7090104 [INFO] [launch.user]: 🚀 STARTING SWEEPI AUTONOMOUS EXPLORATION
1783797266.7094731 [INFO] [launch.user]: 💾 Map name: ${map_name}
1783797266.7096491 [INFO] [launch.user]: 📏 Proximity-based blocking: ${unreachable_region_radius}m
1783797266.7098160 [INFO] [launch.user]: 🔁 Completion retry sweeps: ${completion_retry_cycles}
1783797266.7099552 [INFO] [launch.user]: 🎮 Exploration mode: ${start_mode}
1783797267.1701214 [INFO] [controller_server-1]: process started with pid [4599]
1783797267.1745787 [INFO] [smoother_server-2]: process started with pid [4600]
1783797267.1748443 [INFO] [planner_server-3]: process started with pid [4601]
1783797267.1749444 [INFO] [route_server-4]: process started with pid [4602]
1783797267.1750500 [INFO] [behavior_server-5]: process started with pid [4603]
1783797267.1751416 [INFO] [bt_navigator-6]: process started with pid [4604]
1783797267.1752191 [INFO] [waypoint_follower-7]: process started with pid [4605]
1783797267.1767588 [INFO] [velocity_smoother-8]: process started with pid [4606]
1783797267.1769624 [INFO] [collision_monitor-9]: process started with pid [4607]
1783797267.1770434 [INFO] [opennav_docking-10]: process started with pid [4608]
1783797267.1771381 [INFO] [lifecycle_manager-11]: process started with pid [4609]
1783797267.1772196 [INFO] [async_slam_toolbox_node-12]: process started with pid [4610]
1783797267.1773002 [INFO] [wavefront_explorer.py-13]: process started with pid [4611]
1783797271.1687703 [INFO] [launch.user]: [LifecycleLaunch] SweePi SLAM Toolbox is activating.
1783797275.2794588 [ERROR] [wavefront_explorer.py-13]: process has died [pid 4611, exit code 1, cmd '/home/sweepi/SweePi/install/sweepi_exploration/lib/sweepi_exploration/wavefront_explorer.py --ros-args -r __node:=wavefront_explorer --params-file /tmp/launch_params_s8j0js6i'].
