-- The C compiler identification is GNU 13.3.0
-- The CXX compiler identification is GNU 13.3.0
-- Detecting C compiler ABI info
-- Detecting C compiler ABI info - done
-- Check for working C compiler: /usr/bin/cc - skipped
-- Detecting C compile features
-- Detecting C compile features - done
-- Detecting CXX compiler ABI info
-- Detecting CXX compiler ABI info - done
-- Check for working CXX compiler: /usr/bin/c++ - skipped
-- Detecting CXX compile features
-- Detecting CXX compile features - done
-- Found ament_cmake: 2.5.6 (/opt/ros/jazzy/share/ament_cmake/cmake)
-- Found Python3: /usr/bin/python3 (found version "3.12.3") found components: Interpreter 
-- Override CMake install command with custom implementation using symlinks instead of copying resources
-- Found rosidl_default_generators: 1.6.1 (/opt/ros/jazzy/share/rosidl_default_generators/cmake)
-- Using all available rosidl_typesupport_c: rosidl_typesupport_fastrtps_c;rosidl_typesupport_introspection_c
-- Using all available rosidl_typesupport_cpp: rosidl_typesupport_fastrtps_cpp;rosidl_typesupport_introspection_cpp
-- Found rosidl_adapter: 4.6.9 (/opt/ros/jazzy/share/rosidl_adapter/cmake)
-- Found ament_cmake_ros: 0.12.1 (/opt/ros/jazzy/share/ament_cmake_ros/cmake)
-- Using all available rosidl_typesupport_c: rosidl_typesupport_fastrtps_c;rosidl_typesupport_introspection_c
-- Using all available rosidl_typesupport_cpp: rosidl_typesupport_fastrtps_cpp;rosidl_typesupport_introspection_cpp
-- Found python_cmake_module: 0.11.1 (/opt/ros/jazzy/share/python_cmake_module/cmake)
-- Found PythonExtra: /usr/bin/python3  
-- Found Python3: /usr/bin/python3 (found version "3.12.3") found components: Interpreter Development NumPy Development.Module Development.Embed 
-- Found Python3: /usr/bin/python3 (found version "3.12.3") found components: Interpreter 
-- Configuring done (8.6s)
-- Generating done (0.1s)
-- Build files have been written to: /home/sweepi/SweePi/build_diagnostic/sweepi_robot_manager_interfaces
[  2%] Generating type hashes for ROS interfaces
[  2%] Built target sweepi_robot_manager_interfaces__rosidl_generator_type_description
[  2%] Built target ament_cmake_python_symlink_sweepi_robot_manager_interfaces
[  5%] Generating C++ code for ROS interfaces
[  5%] Built target sweepi_robot_manager_interfaces__cpp
running egg_info
creating sweepi_robot_manager_interfaces.egg-info
writing sweepi_robot_manager_interfaces.egg-info/PKG-INFO
writing dependency_links to sweepi_robot_manager_interfaces.egg-info/dependency_links.txt
writing top-level names to sweepi_robot_manager_interfaces.egg-info/top_level.txt
writing manifest file 'sweepi_robot_manager_interfaces.egg-info/SOURCES.txt'
reading manifest file 'sweepi_robot_manager_interfaces.egg-info/SOURCES.txt'
writing manifest file 'sweepi_robot_manager_interfaces.egg-info/SOURCES.txt'
[  5%] Built target ament_cmake_python_build_sweepi_robot_manager_interfaces_egg
[  8%] Generating C code for ROS interfaces
[ 11%] Building C object CMakeFiles/sweepi_robot_manager_interfaces__rosidl_generator_c.dir/rosidl_generator_c/sweepi_robot_manager_interfaces/srv/detail/start_task__description.c.o
[ 14%] Building C object CMakeFiles/sweepi_robot_manager_interfaces__rosidl_generator_c.dir/rosidl_generator_c/sweepi_robot_manager_interfaces/srv/detail/start_task__type_support.c.o
[ 17%] Building C object CMakeFiles/sweepi_robot_manager_interfaces__rosidl_generator_c.dir/rosidl_generator_c/sweepi_robot_manager_interfaces/srv/detail/start_task__functions.c.o
[ 20%] Linking C shared library libsweepi_robot_manager_interfaces__rosidl_generator_c.so
[ 20%] Built target sweepi_robot_manager_interfaces__rosidl_generator_c
[ 22%] Generating Rust code for ROS interfaces
[ 22%] Built target sweepi_robot_manager_interfaces__rs
[ 25%] Generating C type support for eProsima Fast-RTPS
[ 28%] Building CXX object CMakeFiles/sweepi_robot_manager_interfaces__rosidl_typesupport_fastrtps_c.dir/rosidl_typesupport_fastrtps_c/sweepi_robot_manager_interfaces/srv/detail/start_task__type_support_c.cpp.o
[ 31%] Linking CXX shared library libsweepi_robot_manager_interfaces__rosidl_typesupport_fastrtps_c.so
[ 31%] Built target sweepi_robot_manager_interfaces__rosidl_typesupport_fastrtps_c
[ 34%] Generating C introspection for ROS interfaces
[ 37%] Building C object CMakeFiles/sweepi_robot_manager_interfaces__rosidl_typesupport_introspection_c.dir/rosidl_typesupport_introspection_c/sweepi_robot_manager_interfaces/srv/detail/start_task__type_support.c.o
[ 40%] Linking C shared library libsweepi_robot_manager_interfaces__rosidl_typesupport_introspection_c.so
[ 40%] Built target sweepi_robot_manager_interfaces__rosidl_typesupport_introspection_c
[ 42%] Generating C type support dispatch for ROS interfaces
[ 45%] Building CXX object CMakeFiles/sweepi_robot_manager_interfaces__rosidl_typesupport_c.dir/rosidl_typesupport_c/sweepi_robot_manager_interfaces/srv/start_task__type_support.cpp.o
[ 48%] Linking CXX shared library libsweepi_robot_manager_interfaces__rosidl_typesupport_c.so
[ 48%] Built target sweepi_robot_manager_interfaces__rosidl_typesupport_c
[ 51%] Generating C++ type support for eProsima Fast-RTPS
[ 54%] Building CXX object CMakeFiles/sweepi_robot_manager_interfaces__rosidl_typesupport_fastrtps_cpp.dir/rosidl_typesupport_fastrtps_cpp/sweepi_robot_manager_interfaces/srv/detail/dds_fastrtps/start_task__type_support.cpp.o
[ 57%] Linking CXX shared library libsweepi_robot_manager_interfaces__rosidl_typesupport_fastrtps_cpp.so
[ 57%] Built target sweepi_robot_manager_interfaces__rosidl_typesupport_fastrtps_cpp
[ 60%] Generating C++ type support dispatch for ROS interfaces
[ 62%] Building CXX object CMakeFiles/sweepi_robot_manager_interfaces__rosidl_typesupport_cpp.dir/rosidl_typesupport_cpp/sweepi_robot_manager_interfaces/srv/start_task__type_support.cpp.o
[ 65%] Linking CXX shared library libsweepi_robot_manager_interfaces__rosidl_typesupport_cpp.so
[ 65%] Built target sweepi_robot_manager_interfaces__rosidl_typesupport_cpp
[ 68%] Generating C++ introspection for ROS interfaces
[ 71%] Building CXX object CMakeFiles/sweepi_robot_manager_interfaces__rosidl_typesupport_introspection_cpp.dir/rosidl_typesupport_introspection_cpp/sweepi_robot_manager_interfaces/srv/detail/start_task__type_support.cpp.o
[ 74%] Linking CXX shared library libsweepi_robot_manager_interfaces__rosidl_typesupport_introspection_cpp.so
[ 74%] Built target sweepi_robot_manager_interfaces__rosidl_typesupport_introspection_cpp
[ 74%] Built target sweepi_robot_manager_interfaces
[ 77%] Generating Python code for ROS interfaces
[ 77%] Built target sweepi_robot_manager_interfaces__py
[ 80%] Building C object CMakeFiles/sweepi_robot_manager_interfaces__rosidl_generator_py.dir/rosidl_generator_py/sweepi_robot_manager_interfaces/srv/_start_task_s.c.o
[ 82%] Linking C shared library libsweepi_robot_manager_interfaces__rosidl_generator_py.so
[ 82%] Built target sweepi_robot_manager_interfaces__rosidl_generator_py
[ 85%] Building C object CMakeFiles/sweepi_robot_manager_interfaces_s__rosidl_typesupport_fastrtps_c.dir/rosidl_generator_py/sweepi_robot_manager_interfaces/_sweepi_robot_manager_interfaces_s.ep.rosidl_typesupport_fastrtps_c.c.o
[ 88%] Linking C shared module rosidl_generator_py/sweepi_robot_manager_interfaces/sweepi_robot_manager_interfaces_s__rosidl_typesupport_fastrtps_c.so
[ 88%] Built target sweepi_robot_manager_interfaces_s__rosidl_typesupport_fastrtps_c
[ 91%] Building C object CMakeFiles/sweepi_robot_manager_interfaces_s__rosidl_typesupport_c.dir/rosidl_generator_py/sweepi_robot_manager_interfaces/_sweepi_robot_manager_interfaces_s.ep.rosidl_typesupport_c.c.o
[ 94%] Linking C shared module rosidl_generator_py/sweepi_robot_manager_interfaces/sweepi_robot_manager_interfaces_s__rosidl_typesupport_c.so
[ 94%] Built target sweepi_robot_manager_interfaces_s__rosidl_typesupport_c
[ 97%] Building C object CMakeFiles/sweepi_robot_manager_interfaces_s__rosidl_typesupport_introspection_c.dir/rosidl_generator_py/sweepi_robot_manager_interfaces/_sweepi_robot_manager_interfaces_s.ep.rosidl_typesupport_introspection_c.c.o
[100%] Linking C shared module rosidl_generator_py/sweepi_robot_manager_interfaces/sweepi_robot_manager_interfaces_s__rosidl_typesupport_introspection_c.so
[100%] Built target sweepi_robot_manager_interfaces_s__rosidl_typesupport_introspection_c
-- Install configuration: ""
-- Execute custom install script
-- Symlinking: /home/sweepi/SweePi/install_diagnostic/sweepi_robot_manager_interfaces/share/ament_index/resource_index/rosidl_interfaces/sweepi_robot_manager_interfaces
-- Symlinking: /home/sweepi/SweePi/install_diagnostic/sweepi_robot_manager_interfaces/share/sweepi_robot_manager_interfaces/srv/StartTask.json
-- Symlinking: /home/sweepi/SweePi/install_diagnostic/sweepi_robot_manager_interfaces/include/sweepi_robot_manager_interfaces/sweepi_robot_manager_interfaces/msg/rosidl_generator_c__visibility_control.h
-- Symlinking: /home/sweepi/SweePi/install_diagnostic/sweepi_robot_manager_interfaces/include/sweepi_robot_manager_interfaces/sweepi_robot_manager_interfaces/srv/detail/start_task__functions.h
-- Symlinking: /home/sweepi/SweePi/install_diagnostic/sweepi_robot_manager_interfaces/include/sweepi_robot_manager_interfaces/sweepi_robot_manager_interfaces/srv/detail/start_task__struct.h
-- Symlinking: /home/sweepi/SweePi/install_diagnostic/sweepi_robot_manager_interfaces/include/sweepi_robot_manager_interfaces/sweepi_robot_manager_interfaces/srv/detail/start_task__type_support.h
-- Symlinking: /home/sweepi/SweePi/install_diagnostic/sweepi_robot_manager_interfaces/include/sweepi_robot_manager_interfaces/sweepi_robot_manager_interfaces/srv/start_task.h
-- Symlinking: /home/sweepi/SweePi/install_diagnostic/sweepi_robot_manager_interfaces/share/sweepi_robot_manager_interfaces/environment/library_path.sh
-- Symlinking: /home/sweepi/SweePi/install_diagnostic/sweepi_robot_manager_interfaces/share/sweepi_robot_manager_interfaces/environment/library_path.dsv
-- Symlinking: /home/sweepi/SweePi/install_diagnostic/sweepi_robot_manager_interfaces/include/sweepi_robot_manager_interfaces/sweepi_robot_manager_interfaces/msg/rosidl_typesupport_fastrtps_c__visibility_control.h
-- Symlinking: /home/sweepi/SweePi/install_diagnostic/sweepi_robot_manager_interfaces/include/sweepi_robot_manager_interfaces/sweepi_robot_manager_interfaces/srv/detail/start_task__rosidl_typesupport_fastrtps_c.h
-- Symlinking: /home/sweepi/SweePi/install_diagnostic/sweepi_robot_manager_interfaces/include/sweepi_robot_manager_interfaces/sweepi_robot_manager_interfaces/msg/rosidl_typesupport_introspection_c__visibility_control.h
-- Symlinking: /home/sweepi/SweePi/install_diagnostic/sweepi_robot_manager_interfaces/include/sweepi_robot_manager_interfaces/sweepi_robot_manager_interfaces/srv/detail/start_task__rosidl_typesupport_introspection_c.h
-- Symlinking: /home/sweepi/SweePi/install_diagnostic/sweepi_robot_manager_interfaces/include/sweepi_robot_manager_interfaces/sweepi_robot_manager_interfaces/msg/rosidl_generator_cpp__visibility_control.hpp
-- Symlinking: /home/sweepi/SweePi/install_diagnostic/sweepi_robot_manager_interfaces/include/sweepi_robot_manager_interfaces/sweepi_robot_manager_interfaces/srv/detail/start_task__builder.hpp
-- Symlinking: /home/sweepi/SweePi/install_diagnostic/sweepi_robot_manager_interfaces/include/sweepi_robot_manager_interfaces/sweepi_robot_manager_interfaces/srv/detail/start_task__struct.hpp
-- Symlinking: /home/sweepi/SweePi/install_diagnostic/sweepi_robot_manager_interfaces/include/sweepi_robot_manager_interfaces/sweepi_robot_manager_interfaces/srv/detail/start_task__traits.hpp
-- Symlinking: /home/sweepi/SweePi/install_diagnostic/sweepi_robot_manager_interfaces/include/sweepi_robot_manager_interfaces/sweepi_robot_manager_interfaces/srv/detail/start_task__type_support.hpp
-- Symlinking: /home/sweepi/SweePi/install_diagnostic/sweepi_robot_manager_interfaces/include/sweepi_robot_manager_interfaces/sweepi_robot_manager_interfaces/srv/start_task.hpp
-- Symlinking: /home/sweepi/SweePi/install_diagnostic/sweepi_robot_manager_interfaces/include/sweepi_robot_manager_interfaces/sweepi_robot_manager_interfaces/msg/rosidl_typesupport_fastrtps_cpp__visibility_control.h
-- Symlinking: /home/sweepi/SweePi/install_diagnostic/sweepi_robot_manager_interfaces/include/sweepi_robot_manager_interfaces/sweepi_robot_manager_interfaces/srv/detail/start_task__rosidl_typesupport_fastrtps_cpp.hpp
-- Symlinking: /home/sweepi/SweePi/install_diagnostic/sweepi_robot_manager_interfaces/include/sweepi_robot_manager_interfaces/sweepi_robot_manager_interfaces/srv/detail/start_task__rosidl_typesupport_introspection_cpp.hpp
-- Symlinking: /home/sweepi/SweePi/install_diagnostic/sweepi_robot_manager_interfaces/share/sweepi_robot_manager_interfaces/environment/pythonpath.sh
-- Symlinking: /home/sweepi/SweePi/install_diagnostic/sweepi_robot_manager_interfaces/share/sweepi_robot_manager_interfaces/environment/pythonpath.dsv
-- Symlinking: /home/sweepi/SweePi/install_diagnostic/sweepi_robot_manager_interfaces/lib/python3.12/site-packages/sweepi_robot_manager_interfaces-0.1.0-py3.12.egg-info/PKG-INFO
-- Symlinking: /home/sweepi/SweePi/install_diagnostic/sweepi_robot_manager_interfaces/lib/python3.12/site-packages/sweepi_robot_manager_interfaces-0.1.0-py3.12.egg-info/SOURCES.txt
-- Symlinking: /home/sweepi/SweePi/install_diagnostic/sweepi_robot_manager_interfaces/lib/python3.12/site-packages/sweepi_robot_manager_interfaces-0.1.0-py3.12.egg-info/dependency_links.txt
-- Symlinking: /home/sweepi/SweePi/install_diagnostic/sweepi_robot_manager_interfaces/lib/python3.12/site-packages/sweepi_robot_manager_interfaces-0.1.0-py3.12.egg-info/top_level.txt
-- Symlinking: /home/sweepi/SweePi/install_diagnostic/sweepi_robot_manager_interfaces/lib/python3.12/site-packages/sweepi_robot_manager_interfaces/__init__.py
-- Symlinking: /home/sweepi/SweePi/install_diagnostic/sweepi_robot_manager_interfaces/lib/python3.12/site-packages/sweepi_robot_manager_interfaces/_sweepi_robot_manager_interfaces_s.ep.rosidl_typesupport_c.c
-- Symlinking: /home/sweepi/SweePi/install_diagnostic/sweepi_robot_manager_interfaces/lib/python3.12/site-packages/sweepi_robot_manager_interfaces/_sweepi_robot_manager_interfaces_s.ep.rosidl_typesupport_fastrtps_c.c
-- Symlinking: /home/sweepi/SweePi/install_diagnostic/sweepi_robot_manager_interfaces/lib/python3.12/site-packages/sweepi_robot_manager_interfaces/_sweepi_robot_manager_interfaces_s.ep.rosidl_typesupport_introspection_c.c
-- Symlinking: /home/sweepi/SweePi/install_diagnostic/sweepi_robot_manager_interfaces/lib/python3.12/site-packages/sweepi_robot_manager_interfaces/srv/__init__.py
-- Symlinking: /home/sweepi/SweePi/install_diagnostic/sweepi_robot_manager_interfaces/lib/python3.12/site-packages/sweepi_robot_manager_interfaces/srv/_start_task.py
-- Symlinking: /home/sweepi/SweePi/install_diagnostic/sweepi_robot_manager_interfaces/lib/python3.12/site-packages/sweepi_robot_manager_interfaces/srv/_start_task_s.c
-- Symlinking: /home/sweepi/SweePi/install_diagnostic/sweepi_robot_manager_interfaces/lib/python3.12/site-packages/sweepi_robot_manager_interfaces/sweepi_robot_manager_interfaces_s__rosidl_typesupport_c.so
-- Symlinking: /home/sweepi/SweePi/install_diagnostic/sweepi_robot_manager_interfaces/lib/python3.12/site-packages/sweepi_robot_manager_interfaces/sweepi_robot_manager_interfaces_s__rosidl_typesupport_fastrtps_c.so
-- Symlinking: /home/sweepi/SweePi/install_diagnostic/sweepi_robot_manager_interfaces/lib/python3.12/site-packages/sweepi_robot_manager_interfaces/sweepi_robot_manager_interfaces_s__rosidl_typesupport_introspection_c.so
-- Up-to-date symlink: /home/sweepi/SweePi/install_diagnostic/sweepi_robot_manager_interfaces/lib/python3.12/site-packages/sweepi_robot_manager_interfaces/sweepi_robot_manager_interfaces_s__rosidl_typesupport_fastrtps_c.so
-- Up-to-date symlink: /home/sweepi/SweePi/install_diagnostic/sweepi_robot_manager_interfaces/lib/python3.12/site-packages/sweepi_robot_manager_interfaces/sweepi_robot_manager_interfaces_s__rosidl_typesupport_introspection_c.so
-- Up-to-date symlink: /home/sweepi/SweePi/install_diagnostic/sweepi_robot_manager_interfaces/lib/python3.12/site-packages/sweepi_robot_manager_interfaces/sweepi_robot_manager_interfaces_s__rosidl_typesupport_c.so
-- Symlinking: /home/sweepi/SweePi/install_diagnostic/sweepi_robot_manager_interfaces/share/ament_index/resource_index/rust_packages/sweepi_robot_manager_interfaces
-- Symlinking: /home/sweepi/SweePi/install_diagnostic/sweepi_robot_manager_interfaces/share/sweepi_robot_manager_interfaces/rust/Cargo.toml
-- Symlinking: /home/sweepi/SweePi/install_diagnostic/sweepi_robot_manager_interfaces/share/sweepi_robot_manager_interfaces/rust/build.rs
-- Symlinking: /home/sweepi/SweePi/install_diagnostic/sweepi_robot_manager_interfaces/share/sweepi_robot_manager_interfaces/rust/src/lib.rs
-- Symlinking: /home/sweepi/SweePi/install_diagnostic/sweepi_robot_manager_interfaces/share/sweepi_robot_manager_interfaces/rust/src/srv.rs
-- Symlinking: /home/sweepi/SweePi/install_diagnostic/sweepi_robot_manager_interfaces/share/sweepi_robot_manager_interfaces/rust/src/srv/rmw.rs
-- Symlinking: /home/sweepi/SweePi/install_diagnostic/sweepi_robot_manager_interfaces/share/sweepi_robot_manager_interfaces/srv/StartTask.idl
-- Symlinking: /home/sweepi/SweePi/install_diagnostic/sweepi_robot_manager_interfaces/share/sweepi_robot_manager_interfaces/srv/StartTask.srv
-- Symlinking: /home/sweepi/SweePi/install_diagnostic/sweepi_robot_manager_interfaces/share/ament_index/resource_index/package_run_dependencies/sweepi_robot_manager_interfaces
-- Symlinking: /home/sweepi/SweePi/install_diagnostic/sweepi_robot_manager_interfaces/share/ament_index/resource_index/parent_prefix_path/sweepi_robot_manager_interfaces
-- Symlinking: /home/sweepi/SweePi/install_diagnostic/sweepi_robot_manager_interfaces/share/sweepi_robot_manager_interfaces/environment/ament_prefix_path.sh
-- Symlinking: /home/sweepi/SweePi/install_diagnostic/sweepi_robot_manager_interfaces/share/sweepi_robot_manager_interfaces/environment/ament_prefix_path.dsv
-- Symlinking: /home/sweepi/SweePi/install_diagnostic/sweepi_robot_manager_interfaces/share/sweepi_robot_manager_interfaces/environment/path.sh
-- Symlinking: /home/sweepi/SweePi/install_diagnostic/sweepi_robot_manager_interfaces/share/sweepi_robot_manager_interfaces/environment/path.dsv
-- Symlinking: /home/sweepi/SweePi/install_diagnostic/sweepi_robot_manager_interfaces/share/sweepi_robot_manager_interfaces/local_setup.bash
-- Symlinking: /home/sweepi/SweePi/install_diagnostic/sweepi_robot_manager_interfaces/share/sweepi_robot_manager_interfaces/local_setup.sh
-- Symlinking: /home/sweepi/SweePi/install_diagnostic/sweepi_robot_manager_interfaces/share/sweepi_robot_manager_interfaces/local_setup.zsh
-- Symlinking: /home/sweepi/SweePi/install_diagnostic/sweepi_robot_manager_interfaces/share/sweepi_robot_manager_interfaces/local_setup.dsv
-- Symlinking: /home/sweepi/SweePi/install_diagnostic/sweepi_robot_manager_interfaces/share/sweepi_robot_manager_interfaces/package.dsv
-- Symlinking: /home/sweepi/SweePi/install_diagnostic/sweepi_robot_manager_interfaces/share/ament_index/resource_index/packages/sweepi_robot_manager_interfaces
-- Symlinking: /home/sweepi/SweePi/install_diagnostic/sweepi_robot_manager_interfaces/share/sweepi_robot_manager_interfaces/cmake/rosidl_cmake-extras.cmake
-- Symlinking: /home/sweepi/SweePi/install_diagnostic/sweepi_robot_manager_interfaces/share/sweepi_robot_manager_interfaces/cmake/ament_cmake_export_dependencies-extras.cmake
-- Symlinking: /home/sweepi/SweePi/install_diagnostic/sweepi_robot_manager_interfaces/share/sweepi_robot_manager_interfaces/cmake/ament_cmake_export_include_directories-extras.cmake
-- Symlinking: /home/sweepi/SweePi/install_diagnostic/sweepi_robot_manager_interfaces/share/sweepi_robot_manager_interfaces/cmake/ament_cmake_export_libraries-extras.cmake
-- Symlinking: /home/sweepi/SweePi/install_diagnostic/sweepi_robot_manager_interfaces/share/sweepi_robot_manager_interfaces/cmake/ament_cmake_export_targets-extras.cmake
-- Symlinking: /home/sweepi/SweePi/install_diagnostic/sweepi_robot_manager_interfaces/share/sweepi_robot_manager_interfaces/cmake/rosidl_cmake_export_typesupport_targets-extras.cmake
-- Symlinking: /home/sweepi/SweePi/install_diagnostic/sweepi_robot_manager_interfaces/share/sweepi_robot_manager_interfaces/cmake/rosidl_cmake_export_typesupport_libraries-extras.cmake
-- Symlinking: /home/sweepi/SweePi/install_diagnostic/sweepi_robot_manager_interfaces/share/sweepi_robot_manager_interfaces/cmake/rosidl_cmake_aggregate_target-extras.cmake
-- Symlinking: /home/sweepi/SweePi/install_diagnostic/sweepi_robot_manager_interfaces/share/sweepi_robot_manager_interfaces/cmake/sweepi_robot_manager_interfacesConfig.cmake
-- Symlinking: /home/sweepi/SweePi/install_diagnostic/sweepi_robot_manager_interfaces/share/sweepi_robot_manager_interfaces/cmake/sweepi_robot_manager_interfacesConfig-version.cmake
-- Symlinking: /home/sweepi/SweePi/install_diagnostic/sweepi_robot_manager_interfaces/share/sweepi_robot_manager_interfaces/package.xml
-- Installing: /home/sweepi/SweePi/install_diagnostic/sweepi_robot_manager_interfaces/lib/libsweepi_robot_manager_interfaces__rosidl_generator_c.so
-- Set non-toolchain portion of runtime path of "/home/sweepi/SweePi/install_diagnostic/sweepi_robot_manager_interfaces/lib/libsweepi_robot_manager_interfaces__rosidl_generator_c.so" to ""
-- Installing: /home/sweepi/SweePi/install_diagnostic/sweepi_robot_manager_interfaces/lib/libsweepi_robot_manager_interfaces__rosidl_typesupport_fastrtps_c.so
-- Set non-toolchain portion of runtime path of "/home/sweepi/SweePi/install_diagnostic/sweepi_robot_manager_interfaces/lib/libsweepi_robot_manager_interfaces__rosidl_typesupport_fastrtps_c.so" to ""
-- Installing: /home/sweepi/SweePi/install_diagnostic/sweepi_robot_manager_interfaces/lib/libsweepi_robot_manager_interfaces__rosidl_typesupport_introspection_c.so
-- Set non-toolchain portion of runtime path of "/home/sweepi/SweePi/install_diagnostic/sweepi_robot_manager_interfaces/lib/libsweepi_robot_manager_interfaces__rosidl_typesupport_introspection_c.so" to ""
-- Installing: /home/sweepi/SweePi/install_diagnostic/sweepi_robot_manager_interfaces/lib/libsweepi_robot_manager_interfaces__rosidl_typesupport_c.so
-- Set non-toolchain portion of runtime path of "/home/sweepi/SweePi/install_diagnostic/sweepi_robot_manager_interfaces/lib/libsweepi_robot_manager_interfaces__rosidl_typesupport_c.so" to ""
-- Installing: /home/sweepi/SweePi/install_diagnostic/sweepi_robot_manager_interfaces/lib/libsweepi_robot_manager_interfaces__rosidl_typesupport_fastrtps_cpp.so
-- Set non-toolchain portion of runtime path of "/home/sweepi/SweePi/install_diagnostic/sweepi_robot_manager_interfaces/lib/libsweepi_robot_manager_interfaces__rosidl_typesupport_fastrtps_cpp.so" to ""
-- Installing: /home/sweepi/SweePi/install_diagnostic/sweepi_robot_manager_interfaces/lib/libsweepi_robot_manager_interfaces__rosidl_typesupport_introspection_cpp.so
-- Set non-toolchain portion of runtime path of "/home/sweepi/SweePi/install_diagnostic/sweepi_robot_manager_interfaces/lib/libsweepi_robot_manager_interfaces__rosidl_typesupport_introspection_cpp.so" to ""
-- Installing: /home/sweepi/SweePi/install_diagnostic/sweepi_robot_manager_interfaces/lib/libsweepi_robot_manager_interfaces__rosidl_typesupport_cpp.so
-- Set non-toolchain portion of runtime path of "/home/sweepi/SweePi/install_diagnostic/sweepi_robot_manager_interfaces/lib/libsweepi_robot_manager_interfaces__rosidl_typesupport_cpp.so" to ""
Listing '/home/sweepi/SweePi/install_diagnostic/sweepi_robot_manager_interfaces/lib/python3.12/site-packages/sweepi_robot_manager_interfaces'...
Compiling '/home/sweepi/SweePi/install_diagnostic/sweepi_robot_manager_interfaces/lib/python3.12/site-packages/sweepi_robot_manager_interfaces/__init__.py'...
Listing '/home/sweepi/SweePi/install_diagnostic/sweepi_robot_manager_interfaces/lib/python3.12/site-packages/sweepi_robot_manager_interfaces/srv'...
Compiling '/home/sweepi/SweePi/install_diagnostic/sweepi_robot_manager_interfaces/lib/python3.12/site-packages/sweepi_robot_manager_interfaces/srv/__init__.py'...
Compiling '/home/sweepi/SweePi/install_diagnostic/sweepi_robot_manager_interfaces/lib/python3.12/site-packages/sweepi_robot_manager_interfaces/srv/_start_task.py'...
-- Installing: /home/sweepi/SweePi/install_diagnostic/sweepi_robot_manager_interfaces/lib/libsweepi_robot_manager_interfaces__rosidl_generator_py.so
-- Set non-toolchain portion of runtime path of "/home/sweepi/SweePi/install_diagnostic/sweepi_robot_manager_interfaces/lib/libsweepi_robot_manager_interfaces__rosidl_generator_py.so" to ""
-- Installing: /home/sweepi/SweePi/install_diagnostic/sweepi_robot_manager_interfaces/share/sweepi_robot_manager_interfaces/cmake/export_sweepi_robot_manager_interfaces__rosidl_generator_cExport.cmake
-- Installing: /home/sweepi/SweePi/install_diagnostic/sweepi_robot_manager_interfaces/share/sweepi_robot_manager_interfaces/cmake/export_sweepi_robot_manager_interfaces__rosidl_generator_cExport-noconfig.cmake
-- Installing: /home/sweepi/SweePi/install_diagnostic/sweepi_robot_manager_interfaces/share/sweepi_robot_manager_interfaces/cmake/export_sweepi_robot_manager_interfaces__rosidl_typesupport_fastrtps_cExport.cmake
-- Installing: /home/sweepi/SweePi/install_diagnostic/sweepi_robot_manager_interfaces/share/sweepi_robot_manager_interfaces/cmake/export_sweepi_robot_manager_interfaces__rosidl_typesupport_fastrtps_cExport-noconfig.cmake
-- Installing: /home/sweepi/SweePi/install_diagnostic/sweepi_robot_manager_interfaces/share/sweepi_robot_manager_interfaces/cmake/sweepi_robot_manager_interfaces__rosidl_typesupport_introspection_cExport.cmake
-- Installing: /home/sweepi/SweePi/install_diagnostic/sweepi_robot_manager_interfaces/share/sweepi_robot_manager_interfaces/cmake/sweepi_robot_manager_interfaces__rosidl_typesupport_introspection_cExport-noconfig.cmake
-- Installing: /home/sweepi/SweePi/install_diagnostic/sweepi_robot_manager_interfaces/share/sweepi_robot_manager_interfaces/cmake/sweepi_robot_manager_interfaces__rosidl_typesupport_cExport.cmake
-- Installing: /home/sweepi/SweePi/install_diagnostic/sweepi_robot_manager_interfaces/share/sweepi_robot_manager_interfaces/cmake/sweepi_robot_manager_interfaces__rosidl_typesupport_cExport-noconfig.cmake
-- Installing: /home/sweepi/SweePi/install_diagnostic/sweepi_robot_manager_interfaces/share/sweepi_robot_manager_interfaces/cmake/export_sweepi_robot_manager_interfaces__rosidl_generator_cppExport.cmake
-- Installing: /home/sweepi/SweePi/install_diagnostic/sweepi_robot_manager_interfaces/share/sweepi_robot_manager_interfaces/cmake/export_sweepi_robot_manager_interfaces__rosidl_typesupport_fastrtps_cppExport.cmake
-- Installing: /home/sweepi/SweePi/install_diagnostic/sweepi_robot_manager_interfaces/share/sweepi_robot_manager_interfaces/cmake/export_sweepi_robot_manager_interfaces__rosidl_typesupport_fastrtps_cppExport-noconfig.cmake
-- Installing: /home/sweepi/SweePi/install_diagnostic/sweepi_robot_manager_interfaces/share/sweepi_robot_manager_interfaces/cmake/sweepi_robot_manager_interfaces__rosidl_typesupport_introspection_cppExport.cmake
-- Installing: /home/sweepi/SweePi/install_diagnostic/sweepi_robot_manager_interfaces/share/sweepi_robot_manager_interfaces/cmake/sweepi_robot_manager_interfaces__rosidl_typesupport_introspection_cppExport-noconfig.cmake
-- Installing: /home/sweepi/SweePi/install_diagnostic/sweepi_robot_manager_interfaces/share/sweepi_robot_manager_interfaces/cmake/sweepi_robot_manager_interfaces__rosidl_typesupport_cppExport.cmake
-- Installing: /home/sweepi/SweePi/install_diagnostic/sweepi_robot_manager_interfaces/share/sweepi_robot_manager_interfaces/cmake/sweepi_robot_manager_interfaces__rosidl_typesupport_cppExport-noconfig.cmake
-- Installing: /home/sweepi/SweePi/install_diagnostic/sweepi_robot_manager_interfaces/share/sweepi_robot_manager_interfaces/cmake/export_sweepi_robot_manager_interfaces__rosidl_generator_pyExport.cmake
-- Installing: /home/sweepi/SweePi/install_diagnostic/sweepi_robot_manager_interfaces/share/sweepi_robot_manager_interfaces/cmake/export_sweepi_robot_manager_interfaces__rosidl_generator_pyExport-noconfig.cmake
