[0.013s] Invoking command in '/home/sweepi/SweePi/build_diagnostic/sweepi_robot_manager_interfaces': CMAKE_PREFIX_PATH=${CMAKE_PREFIX_PATH}:/home/sweepi/SweePi/install/sweepi_temp_rpi_hardware:/home/sweepi/SweePi/install/sweepi_api_bridge:/home/sweepi/SweePi/install/sweepi_base_driver:/opt/ros/jazzy /usr/bin/cmake /home/sweepi/SweePi/src/sweepi_robot_manager_interfaces -DAMENT_CMAKE_SYMLINK_INSTALL=1 -DCMAKE_INSTALL_PREFIX=/home/sweepi/SweePi/install_diagnostic/sweepi_robot_manager_interfaces
[0.150s] -- The C compiler identification is GNU 13.3.0
[0.306s] -- The CXX compiler identification is GNU 13.3.0
[0.344s] -- Detecting C compiler ABI info
[0.613s] -- Detecting C compiler ABI info - done
[0.637s] -- Check for working C compiler: /usr/bin/cc - skipped
[0.642s] -- Detecting C compile features
[0.642s] -- Detecting C compile features - done
[0.660s] -- Detecting CXX compiler ABI info
[0.992s] -- Detecting CXX compiler ABI info - done
[1.020s] -- Check for working CXX compiler: /usr/bin/c++ - skipped
[1.020s] -- Detecting CXX compile features
[1.020s] -- Detecting CXX compile features - done
[1.033s] -- Found ament_cmake: 2.5.6 (/opt/ros/jazzy/share/ament_cmake/cmake)
[1.832s] -- Found Python3: /usr/bin/python3 (found version "3.12.3") found components: Interpreter 
[1.832s] -- Override CMake install command with custom implementation using symlinks instead of copying resources
[1.833s] -- Found rosidl_default_generators: 1.6.1 (/opt/ros/jazzy/share/rosidl_default_generators/cmake)
[1.834s] -- Using all available rosidl_typesupport_c: rosidl_typesupport_fastrtps_c;rosidl_typesupport_introspection_c
[1.976s] -- Using all available rosidl_typesupport_cpp: rosidl_typesupport_fastrtps_cpp;rosidl_typesupport_introspection_cpp
[2.142s] -- Found rosidl_adapter: 4.6.9 (/opt/ros/jazzy/share/rosidl_adapter/cmake)
[3.954s] -- Found ament_cmake_ros: 0.12.1 (/opt/ros/jazzy/share/ament_cmake_ros/cmake)
[5.155s] -- Using all available rosidl_typesupport_c: rosidl_typesupport_fastrtps_c;rosidl_typesupport_introspection_c
[6.661s] -- Using all available rosidl_typesupport_cpp: rosidl_typesupport_fastrtps_cpp;rosidl_typesupport_introspection_cpp
[6.674s] -- Found python_cmake_module: 0.11.1 (/opt/ros/jazzy/share/python_cmake_module/cmake)
[7.074s] -- Found PythonExtra: /usr/bin/python3  
[8.322s] -- Found Python3: /usr/bin/python3 (found version "3.12.3") found components: Interpreter Development NumPy Development.Module Development.Embed 
[8.522s] -- Found Python3: /usr/bin/python3 (found version "3.12.3") found components: Interpreter 
[8.595s] -- Configuring done (8.6s)
[8.757s] -- Generating done (0.1s)
[8.808s] -- Build files have been written to: /home/sweepi/SweePi/build_diagnostic/sweepi_robot_manager_interfaces
[8.845s] Invoked command in '/home/sweepi/SweePi/build_diagnostic/sweepi_robot_manager_interfaces' returned '0': CMAKE_PREFIX_PATH=${CMAKE_PREFIX_PATH}:/home/sweepi/SweePi/install/sweepi_temp_rpi_hardware:/home/sweepi/SweePi/install/sweepi_api_bridge:/home/sweepi/SweePi/install/sweepi_base_driver:/opt/ros/jazzy /usr/bin/cmake /home/sweepi/SweePi/src/sweepi_robot_manager_interfaces -DAMENT_CMAKE_SYMLINK_INSTALL=1 -DCMAKE_INSTALL_PREFIX=/home/sweepi/SweePi/install_diagnostic/sweepi_robot_manager_interfaces
[8.846s] Invoking command in '/home/sweepi/SweePi/build_diagnostic/sweepi_robot_manager_interfaces': CMAKE_PREFIX_PATH=${CMAKE_PREFIX_PATH}:/home/sweepi/SweePi/install/sweepi_temp_rpi_hardware:/home/sweepi/SweePi/install/sweepi_api_bridge:/home/sweepi/SweePi/install/sweepi_base_driver:/opt/ros/jazzy /usr/bin/cmake --build /home/sweepi/SweePi/build_diagnostic/sweepi_robot_manager_interfaces -- -j4 -l4
[8.993s] [  2%] Generating type hashes for ROS interfaces
[9.554s] [  2%] Built target sweepi_robot_manager_interfaces__rosidl_generator_type_description
[9.627s] [  2%] Built target ament_cmake_python_symlink_sweepi_robot_manager_interfaces
[9.677s] [  5%] Generating C++ code for ROS interfaces
[10.641s] [  5%] Built target sweepi_robot_manager_interfaces__cpp
[11.185s] running egg_info
[11.187s] creating sweepi_robot_manager_interfaces.egg-info
[11.240s] writing sweepi_robot_manager_interfaces.egg-info/PKG-INFO
[11.243s] writing dependency_links to sweepi_robot_manager_interfaces.egg-info/dependency_links.txt
[11.243s] writing top-level names to sweepi_robot_manager_interfaces.egg-info/top_level.txt
[11.243s] writing manifest file 'sweepi_robot_manager_interfaces.egg-info/SOURCES.txt'
[11.392s] reading manifest file 'sweepi_robot_manager_interfaces.egg-info/SOURCES.txt'
[11.393s] writing manifest file 'sweepi_robot_manager_interfaces.egg-info/SOURCES.txt'
[11.523s] [  5%] Built target ament_cmake_python_build_sweepi_robot_manager_interfaces_egg
[11.559s] [  8%] Generating C code for ROS interfaces
[12.336s] [ 11%] Building C object CMakeFiles/sweepi_robot_manager_interfaces__rosidl_generator_c.dir/rosidl_generator_c/sweepi_robot_manager_interfaces/srv/detail/start_task__description.c.o
[12.451s] [ 14%] Building C object CMakeFiles/sweepi_robot_manager_interfaces__rosidl_generator_c.dir/rosidl_generator_c/sweepi_robot_manager_interfaces/srv/detail/start_task__type_support.c.o
[12.543s] [ 17%] Building C object CMakeFiles/sweepi_robot_manager_interfaces__rosidl_generator_c.dir/rosidl_generator_c/sweepi_robot_manager_interfaces/srv/detail/start_task__functions.c.o
[12.727s] [ 20%] Linking C shared library libsweepi_robot_manager_interfaces__rosidl_generator_c.so
[12.822s] [ 20%] Built target sweepi_robot_manager_interfaces__rosidl_generator_c
[12.870s] [ 22%] Generating Rust code for ROS interfaces
[13.405s] [ 22%] Built target sweepi_robot_manager_interfaces__rs
[13.428s] [ 25%] Generating C type support for eProsima Fast-RTPS
[14.057s] [ 28%] Building CXX object CMakeFiles/sweepi_robot_manager_interfaces__rosidl_typesupport_fastrtps_c.dir/rosidl_typesupport_fastrtps_c/sweepi_robot_manager_interfaces/srv/detail/start_task__type_support_c.cpp.o
[14.914s] [ 31%] Linking CXX shared library libsweepi_robot_manager_interfaces__rosidl_typesupport_fastrtps_c.so
[15.086s] [ 31%] Built target sweepi_robot_manager_interfaces__rosidl_typesupport_fastrtps_c
[15.109s] [ 34%] Generating C introspection for ROS interfaces
[17.785s] [ 37%] Building C object CMakeFiles/sweepi_robot_manager_interfaces__rosidl_typesupport_introspection_c.dir/rosidl_typesupport_introspection_c/sweepi_robot_manager_interfaces/srv/detail/start_task__type_support.c.o
[17.875s] [ 40%] Linking C shared library libsweepi_robot_manager_interfaces__rosidl_typesupport_introspection_c.so
[17.942s] [ 40%] Built target sweepi_robot_manager_interfaces__rosidl_typesupport_introspection_c
[17.963s] [ 42%] Generating C type support dispatch for ROS interfaces
[18.356s] [ 45%] Building CXX object CMakeFiles/sweepi_robot_manager_interfaces__rosidl_typesupport_c.dir/rosidl_typesupport_c/sweepi_robot_manager_interfaces/srv/start_task__type_support.cpp.o
[18.443s] [ 48%] Linking CXX shared library libsweepi_robot_manager_interfaces__rosidl_typesupport_c.so
[18.517s] [ 48%] Built target sweepi_robot_manager_interfaces__rosidl_typesupport_c
[18.537s] [ 51%] Generating C++ type support for eProsima Fast-RTPS
[19.021s] [ 54%] Building CXX object CMakeFiles/sweepi_robot_manager_interfaces__rosidl_typesupport_fastrtps_cpp.dir/rosidl_typesupport_fastrtps_cpp/sweepi_robot_manager_interfaces/srv/detail/dds_fastrtps/start_task__type_support.cpp.o
[20.014s] [ 57%] Linking CXX shared library libsweepi_robot_manager_interfaces__rosidl_typesupport_fastrtps_cpp.so
[20.191s] [ 57%] Built target sweepi_robot_manager_interfaces__rosidl_typesupport_fastrtps_cpp
[20.212s] [ 60%] Generating C++ type support dispatch for ROS interfaces
[20.590s] [ 62%] Building CXX object CMakeFiles/sweepi_robot_manager_interfaces__rosidl_typesupport_cpp.dir/rosidl_typesupport_cpp/sweepi_robot_manager_interfaces/srv/start_task__type_support.cpp.o
[21.222s] [ 65%] Linking CXX shared library libsweepi_robot_manager_interfaces__rosidl_typesupport_cpp.so
[21.384s] [ 65%] Built target sweepi_robot_manager_interfaces__rosidl_typesupport_cpp
[21.406s] [ 68%] Generating C++ introspection for ROS interfaces
[21.840s] [ 71%] Building CXX object CMakeFiles/sweepi_robot_manager_interfaces__rosidl_typesupport_introspection_cpp.dir/rosidl_typesupport_introspection_cpp/sweepi_robot_manager_interfaces/srv/detail/start_task__type_support.cpp.o
[22.501s] [ 74%] Linking CXX shared library libsweepi_robot_manager_interfaces__rosidl_typesupport_introspection_cpp.so
[22.674s] [ 74%] Built target sweepi_robot_manager_interfaces__rosidl_typesupport_introspection_cpp
[22.715s] [ 74%] Built target sweepi_robot_manager_interfaces
[22.758s] [ 77%] Generating Python code for ROS interfaces
[23.396s] [ 77%] Built target sweepi_robot_manager_interfaces__py
[23.438s] [ 80%] Building C object CMakeFiles/sweepi_robot_manager_interfaces__rosidl_generator_py.dir/rosidl_generator_py/sweepi_robot_manager_interfaces/srv/_start_task_s.c.o
[23.753s] [ 82%] Linking C shared library libsweepi_robot_manager_interfaces__rosidl_generator_py.so
[23.842s] [ 82%] Built target sweepi_robot_manager_interfaces__rosidl_generator_py
[23.883s] [ 85%] Building C object CMakeFiles/sweepi_robot_manager_interfaces_s__rosidl_typesupport_fastrtps_c.dir/rosidl_generator_py/sweepi_robot_manager_interfaces/_sweepi_robot_manager_interfaces_s.ep.rosidl_typesupport_fastrtps_c.c.o
[24.070s] [ 88%] Linking C shared module rosidl_generator_py/sweepi_robot_manager_interfaces/sweepi_robot_manager_interfaces_s__rosidl_typesupport_fastrtps_c.so
[24.131s] [ 88%] Built target sweepi_robot_manager_interfaces_s__rosidl_typesupport_fastrtps_c
[24.173s] [ 91%] Building C object CMakeFiles/sweepi_robot_manager_interfaces_s__rosidl_typesupport_c.dir/rosidl_generator_py/sweepi_robot_manager_interfaces/_sweepi_robot_manager_interfaces_s.ep.rosidl_typesupport_c.c.o
[24.356s] [ 94%] Linking C shared module rosidl_generator_py/sweepi_robot_manager_interfaces/sweepi_robot_manager_interfaces_s__rosidl_typesupport_c.so
[24.418s] [ 94%] Built target sweepi_robot_manager_interfaces_s__rosidl_typesupport_c
[24.460s] [ 97%] Building C object CMakeFiles/sweepi_robot_manager_interfaces_s__rosidl_typesupport_introspection_c.dir/rosidl_generator_py/sweepi_robot_manager_interfaces/_sweepi_robot_manager_interfaces_s.ep.rosidl_typesupport_introspection_c.c.o
[24.649s] [100%] Linking C shared module rosidl_generator_py/sweepi_robot_manager_interfaces/sweepi_robot_manager_interfaces_s__rosidl_typesupport_introspection_c.so
[24.710s] [100%] Built target sweepi_robot_manager_interfaces_s__rosidl_typesupport_introspection_c
[24.735s] Invoked command in '/home/sweepi/SweePi/build_diagnostic/sweepi_robot_manager_interfaces' returned '0': CMAKE_PREFIX_PATH=${CMAKE_PREFIX_PATH}:/home/sweepi/SweePi/install/sweepi_temp_rpi_hardware:/home/sweepi/SweePi/install/sweepi_api_bridge:/home/sweepi/SweePi/install/sweepi_base_driver:/opt/ros/jazzy /usr/bin/cmake --build /home/sweepi/SweePi/build_diagnostic/sweepi_robot_manager_interfaces -- -j4 -l4
[24.737s] Invoking command in '/home/sweepi/SweePi/build_diagnostic/sweepi_robot_manager_interfaces': CMAKE_PREFIX_PATH=${CMAKE_PREFIX_PATH}:/home/sweepi/SweePi/install/sweepi_temp_rpi_hardware:/home/sweepi/SweePi/install/sweepi_api_bridge:/home/sweepi/SweePi/install/sweepi_base_driver:/opt/ros/jazzy /usr/bin/cmake --install /home/sweepi/SweePi/build_diagnostic/sweepi_robot_manager_interfaces
[24.753s] -- Install configuration: ""
[24.754s] -- Execute custom install script
[24.755s] -- Symlinking: /home/sweepi/SweePi/install_diagnostic/sweepi_robot_manager_interfaces/share/ament_index/resource_index/rosidl_interfaces/sweepi_robot_manager_interfaces
[24.775s] -- Symlinking: /home/sweepi/SweePi/install_diagnostic/sweepi_robot_manager_interfaces/share/sweepi_robot_manager_interfaces/srv/StartTask.json
[24.795s] -- Symlinking: /home/sweepi/SweePi/install_diagnostic/sweepi_robot_manager_interfaces/include/sweepi_robot_manager_interfaces/sweepi_robot_manager_interfaces/msg/rosidl_generator_c__visibility_control.h
[24.813s] -- Symlinking: /home/sweepi/SweePi/install_diagnostic/sweepi_robot_manager_interfaces/include/sweepi_robot_manager_interfaces/sweepi_robot_manager_interfaces/srv/detail/start_task__functions.h
[24.833s] -- Symlinking: /home/sweepi/SweePi/install_diagnostic/sweepi_robot_manager_interfaces/include/sweepi_robot_manager_interfaces/sweepi_robot_manager_interfaces/srv/detail/start_task__struct.h
[24.851s] -- Symlinking: /home/sweepi/SweePi/install_diagnostic/sweepi_robot_manager_interfaces/include/sweepi_robot_manager_interfaces/sweepi_robot_manager_interfaces/srv/detail/start_task__type_support.h
[24.870s] -- Symlinking: /home/sweepi/SweePi/install_diagnostic/sweepi_robot_manager_interfaces/include/sweepi_robot_manager_interfaces/sweepi_robot_manager_interfaces/srv/start_task.h
[24.889s] -- Symlinking: /home/sweepi/SweePi/install_diagnostic/sweepi_robot_manager_interfaces/share/sweepi_robot_manager_interfaces/environment/library_path.sh
[24.910s] -- Symlinking: /home/sweepi/SweePi/install_diagnostic/sweepi_robot_manager_interfaces/share/sweepi_robot_manager_interfaces/environment/library_path.dsv
[24.928s] -- Symlinking: /home/sweepi/SweePi/install_diagnostic/sweepi_robot_manager_interfaces/include/sweepi_robot_manager_interfaces/sweepi_robot_manager_interfaces/msg/rosidl_typesupport_fastrtps_c__visibility_control.h
[24.946s] -- Symlinking: /home/sweepi/SweePi/install_diagnostic/sweepi_robot_manager_interfaces/include/sweepi_robot_manager_interfaces/sweepi_robot_manager_interfaces/srv/detail/start_task__rosidl_typesupport_fastrtps_c.h
[24.965s] -- Symlinking: /home/sweepi/SweePi/install_diagnostic/sweepi_robot_manager_interfaces/include/sweepi_robot_manager_interfaces/sweepi_robot_manager_interfaces/msg/rosidl_typesupport_introspection_c__visibility_control.h
[24.984s] -- Symlinking: /home/sweepi/SweePi/install_diagnostic/sweepi_robot_manager_interfaces/include/sweepi_robot_manager_interfaces/sweepi_robot_manager_interfaces/srv/detail/start_task__rosidl_typesupport_introspection_c.h
[25.004s] -- Symlinking: /home/sweepi/SweePi/install_diagnostic/sweepi_robot_manager_interfaces/include/sweepi_robot_manager_interfaces/sweepi_robot_manager_interfaces/msg/rosidl_generator_cpp__visibility_control.hpp
[25.024s] -- Symlinking: /home/sweepi/SweePi/install_diagnostic/sweepi_robot_manager_interfaces/include/sweepi_robot_manager_interfaces/sweepi_robot_manager_interfaces/srv/detail/start_task__builder.hpp
[25.043s] -- Symlinking: /home/sweepi/SweePi/install_diagnostic/sweepi_robot_manager_interfaces/include/sweepi_robot_manager_interfaces/sweepi_robot_manager_interfaces/srv/detail/start_task__struct.hpp
[25.063s] -- Symlinking: /home/sweepi/SweePi/install_diagnostic/sweepi_robot_manager_interfaces/include/sweepi_robot_manager_interfaces/sweepi_robot_manager_interfaces/srv/detail/start_task__traits.hpp
[25.082s] -- Symlinking: /home/sweepi/SweePi/install_diagnostic/sweepi_robot_manager_interfaces/include/sweepi_robot_manager_interfaces/sweepi_robot_manager_interfaces/srv/detail/start_task__type_support.hpp
[25.103s] -- Symlinking: /home/sweepi/SweePi/install_diagnostic/sweepi_robot_manager_interfaces/include/sweepi_robot_manager_interfaces/sweepi_robot_manager_interfaces/srv/start_task.hpp
[25.123s] -- Symlinking: /home/sweepi/SweePi/install_diagnostic/sweepi_robot_manager_interfaces/include/sweepi_robot_manager_interfaces/sweepi_robot_manager_interfaces/msg/rosidl_typesupport_fastrtps_cpp__visibility_control.h
[25.142s] -- Symlinking: /home/sweepi/SweePi/install_diagnostic/sweepi_robot_manager_interfaces/include/sweepi_robot_manager_interfaces/sweepi_robot_manager_interfaces/srv/detail/start_task__rosidl_typesupport_fastrtps_cpp.hpp
[25.162s] -- Symlinking: /home/sweepi/SweePi/install_diagnostic/sweepi_robot_manager_interfaces/include/sweepi_robot_manager_interfaces/sweepi_robot_manager_interfaces/srv/detail/start_task__rosidl_typesupport_introspection_cpp.hpp
[25.181s] -- Symlinking: /home/sweepi/SweePi/install_diagnostic/sweepi_robot_manager_interfaces/share/sweepi_robot_manager_interfaces/environment/pythonpath.sh
[25.201s] -- Symlinking: /home/sweepi/SweePi/install_diagnostic/sweepi_robot_manager_interfaces/share/sweepi_robot_manager_interfaces/environment/pythonpath.dsv
[25.221s] -- Symlinking: /home/sweepi/SweePi/install_diagnostic/sweepi_robot_manager_interfaces/lib/python3.12/site-packages/sweepi_robot_manager_interfaces-0.1.0-py3.12.egg-info/PKG-INFO
[25.241s] -- Symlinking: /home/sweepi/SweePi/install_diagnostic/sweepi_robot_manager_interfaces/lib/python3.12/site-packages/sweepi_robot_manager_interfaces-0.1.0-py3.12.egg-info/SOURCES.txt
[25.261s] -- Symlinking: /home/sweepi/SweePi/install_diagnostic/sweepi_robot_manager_interfaces/lib/python3.12/site-packages/sweepi_robot_manager_interfaces-0.1.0-py3.12.egg-info/dependency_links.txt
[25.281s] -- Symlinking: /home/sweepi/SweePi/install_diagnostic/sweepi_robot_manager_interfaces/lib/python3.12/site-packages/sweepi_robot_manager_interfaces-0.1.0-py3.12.egg-info/top_level.txt
[25.301s] -- Symlinking: /home/sweepi/SweePi/install_diagnostic/sweepi_robot_manager_interfaces/lib/python3.12/site-packages/sweepi_robot_manager_interfaces/__init__.py
[25.320s] -- Symlinking: /home/sweepi/SweePi/install_diagnostic/sweepi_robot_manager_interfaces/lib/python3.12/site-packages/sweepi_robot_manager_interfaces/_sweepi_robot_manager_interfaces_s.ep.rosidl_typesupport_c.c
[25.340s] -- Symlinking: /home/sweepi/SweePi/install_diagnostic/sweepi_robot_manager_interfaces/lib/python3.12/site-packages/sweepi_robot_manager_interfaces/_sweepi_robot_manager_interfaces_s.ep.rosidl_typesupport_fastrtps_c.c
[25.359s] -- Symlinking: /home/sweepi/SweePi/install_diagnostic/sweepi_robot_manager_interfaces/lib/python3.12/site-packages/sweepi_robot_manager_interfaces/_sweepi_robot_manager_interfaces_s.ep.rosidl_typesupport_introspection_c.c
[25.378s] -- Symlinking: /home/sweepi/SweePi/install_diagnostic/sweepi_robot_manager_interfaces/lib/python3.12/site-packages/sweepi_robot_manager_interfaces/srv/__init__.py
[25.397s] -- Symlinking: /home/sweepi/SweePi/install_diagnostic/sweepi_robot_manager_interfaces/lib/python3.12/site-packages/sweepi_robot_manager_interfaces/srv/_start_task.py
[25.417s] -- Symlinking: /home/sweepi/SweePi/install_diagnostic/sweepi_robot_manager_interfaces/lib/python3.12/site-packages/sweepi_robot_manager_interfaces/srv/_start_task_s.c
[25.436s] -- Symlinking: /home/sweepi/SweePi/install_diagnostic/sweepi_robot_manager_interfaces/lib/python3.12/site-packages/sweepi_robot_manager_interfaces/sweepi_robot_manager_interfaces_s__rosidl_typesupport_c.so
[25.456s] -- Symlinking: /home/sweepi/SweePi/install_diagnostic/sweepi_robot_manager_interfaces/lib/python3.12/site-packages/sweepi_robot_manager_interfaces/sweepi_robot_manager_interfaces_s__rosidl_typesupport_fastrtps_c.so
[25.475s] -- Symlinking: /home/sweepi/SweePi/install_diagnostic/sweepi_robot_manager_interfaces/lib/python3.12/site-packages/sweepi_robot_manager_interfaces/sweepi_robot_manager_interfaces_s__rosidl_typesupport_introspection_c.so
[25.497s] -- Up-to-date symlink: /home/sweepi/SweePi/install_diagnostic/sweepi_robot_manager_interfaces/lib/python3.12/site-packages/sweepi_robot_manager_interfaces/sweepi_robot_manager_interfaces_s__rosidl_typesupport_fastrtps_c.so
[25.497s] -- Up-to-date symlink: /home/sweepi/SweePi/install_diagnostic/sweepi_robot_manager_interfaces/lib/python3.12/site-packages/sweepi_robot_manager_interfaces/sweepi_robot_manager_interfaces_s__rosidl_typesupport_introspection_c.so
[25.497s] -- Up-to-date symlink: /home/sweepi/SweePi/install_diagnostic/sweepi_robot_manager_interfaces/lib/python3.12/site-packages/sweepi_robot_manager_interfaces/sweepi_robot_manager_interfaces_s__rosidl_typesupport_c.so
[25.498s] -- Symlinking: /home/sweepi/SweePi/install_diagnostic/sweepi_robot_manager_interfaces/share/ament_index/resource_index/rust_packages/sweepi_robot_manager_interfaces
[25.517s] -- Symlinking: /home/sweepi/SweePi/install_diagnostic/sweepi_robot_manager_interfaces/share/sweepi_robot_manager_interfaces/rust/Cargo.toml
[25.537s] -- Symlinking: /home/sweepi/SweePi/install_diagnostic/sweepi_robot_manager_interfaces/share/sweepi_robot_manager_interfaces/rust/build.rs
[25.556s] -- Symlinking: /home/sweepi/SweePi/install_diagnostic/sweepi_robot_manager_interfaces/share/sweepi_robot_manager_interfaces/rust/src/lib.rs
[25.576s] -- Symlinking: /home/sweepi/SweePi/install_diagnostic/sweepi_robot_manager_interfaces/share/sweepi_robot_manager_interfaces/rust/src/srv.rs
[25.595s] -- Symlinking: /home/sweepi/SweePi/install_diagnostic/sweepi_robot_manager_interfaces/share/sweepi_robot_manager_interfaces/rust/src/srv/rmw.rs
[25.615s] -- Symlinking: /home/sweepi/SweePi/install_diagnostic/sweepi_robot_manager_interfaces/share/sweepi_robot_manager_interfaces/srv/StartTask.idl
[25.635s] -- Symlinking: /home/sweepi/SweePi/install_diagnostic/sweepi_robot_manager_interfaces/share/sweepi_robot_manager_interfaces/srv/StartTask.srv
[25.656s] -- Symlinking: /home/sweepi/SweePi/install_diagnostic/sweepi_robot_manager_interfaces/share/ament_index/resource_index/package_run_dependencies/sweepi_robot_manager_interfaces
[25.676s] -- Symlinking: /home/sweepi/SweePi/install_diagnostic/sweepi_robot_manager_interfaces/share/ament_index/resource_index/parent_prefix_path/sweepi_robot_manager_interfaces
[25.696s] -- Symlinking: /home/sweepi/SweePi/install_diagnostic/sweepi_robot_manager_interfaces/share/sweepi_robot_manager_interfaces/environment/ament_prefix_path.sh
[25.717s] -- Symlinking: /home/sweepi/SweePi/install_diagnostic/sweepi_robot_manager_interfaces/share/sweepi_robot_manager_interfaces/environment/ament_prefix_path.dsv
[25.737s] -- Symlinking: /home/sweepi/SweePi/install_diagnostic/sweepi_robot_manager_interfaces/share/sweepi_robot_manager_interfaces/environment/path.sh
[25.756s] -- Symlinking: /home/sweepi/SweePi/install_diagnostic/sweepi_robot_manager_interfaces/share/sweepi_robot_manager_interfaces/environment/path.dsv
[25.776s] -- Symlinking: /home/sweepi/SweePi/install_diagnostic/sweepi_robot_manager_interfaces/share/sweepi_robot_manager_interfaces/local_setup.bash
[25.795s] -- Symlinking: /home/sweepi/SweePi/install_diagnostic/sweepi_robot_manager_interfaces/share/sweepi_robot_manager_interfaces/local_setup.sh
[25.815s] -- Symlinking: /home/sweepi/SweePi/install_diagnostic/sweepi_robot_manager_interfaces/share/sweepi_robot_manager_interfaces/local_setup.zsh
[25.834s] -- Symlinking: /home/sweepi/SweePi/install_diagnostic/sweepi_robot_manager_interfaces/share/sweepi_robot_manager_interfaces/local_setup.dsv
[25.854s] -- Symlinking: /home/sweepi/SweePi/install_diagnostic/sweepi_robot_manager_interfaces/share/sweepi_robot_manager_interfaces/package.dsv
[25.872s] -- Symlinking: /home/sweepi/SweePi/install_diagnostic/sweepi_robot_manager_interfaces/share/ament_index/resource_index/packages/sweepi_robot_manager_interfaces
[25.890s] -- Symlinking: /home/sweepi/SweePi/install_diagnostic/sweepi_robot_manager_interfaces/share/sweepi_robot_manager_interfaces/cmake/rosidl_cmake-extras.cmake
[25.910s] -- Symlinking: /home/sweepi/SweePi/install_diagnostic/sweepi_robot_manager_interfaces/share/sweepi_robot_manager_interfaces/cmake/ament_cmake_export_dependencies-extras.cmake
[25.929s] -- Symlinking: /home/sweepi/SweePi/install_diagnostic/sweepi_robot_manager_interfaces/share/sweepi_robot_manager_interfaces/cmake/ament_cmake_export_include_directories-extras.cmake
[25.948s] -- Symlinking: /home/sweepi/SweePi/install_diagnostic/sweepi_robot_manager_interfaces/share/sweepi_robot_manager_interfaces/cmake/ament_cmake_export_libraries-extras.cmake
[25.967s] -- Symlinking: /home/sweepi/SweePi/install_diagnostic/sweepi_robot_manager_interfaces/share/sweepi_robot_manager_interfaces/cmake/ament_cmake_export_targets-extras.cmake
[25.986s] -- Symlinking: /home/sweepi/SweePi/install_diagnostic/sweepi_robot_manager_interfaces/share/sweepi_robot_manager_interfaces/cmake/rosidl_cmake_export_typesupport_targets-extras.cmake
[26.005s] -- Symlinking: /home/sweepi/SweePi/install_diagnostic/sweepi_robot_manager_interfaces/share/sweepi_robot_manager_interfaces/cmake/rosidl_cmake_export_typesupport_libraries-extras.cmake
[26.023s] -- Symlinking: /home/sweepi/SweePi/install_diagnostic/sweepi_robot_manager_interfaces/share/sweepi_robot_manager_interfaces/cmake/rosidl_cmake_aggregate_target-extras.cmake
[26.044s] -- Symlinking: /home/sweepi/SweePi/install_diagnostic/sweepi_robot_manager_interfaces/share/sweepi_robot_manager_interfaces/cmake/sweepi_robot_manager_interfacesConfig.cmake
[26.062s] -- Symlinking: /home/sweepi/SweePi/install_diagnostic/sweepi_robot_manager_interfaces/share/sweepi_robot_manager_interfaces/cmake/sweepi_robot_manager_interfacesConfig-version.cmake
[26.082s] -- Symlinking: /home/sweepi/SweePi/install_diagnostic/sweepi_robot_manager_interfaces/share/sweepi_robot_manager_interfaces/package.xml
[26.101s] -- Installing: /home/sweepi/SweePi/install_diagnostic/sweepi_robot_manager_interfaces/lib/libsweepi_robot_manager_interfaces__rosidl_generator_c.so
[26.102s] -- Set non-toolchain portion of runtime path of "/home/sweepi/SweePi/install_diagnostic/sweepi_robot_manager_interfaces/lib/libsweepi_robot_manager_interfaces__rosidl_generator_c.so" to ""
[26.102s] -- Installing: /home/sweepi/SweePi/install_diagnostic/sweepi_robot_manager_interfaces/lib/libsweepi_robot_manager_interfaces__rosidl_typesupport_fastrtps_c.so
[26.104s] -- Set non-toolchain portion of runtime path of "/home/sweepi/SweePi/install_diagnostic/sweepi_robot_manager_interfaces/lib/libsweepi_robot_manager_interfaces__rosidl_typesupport_fastrtps_c.so" to ""
[26.104s] -- Installing: /home/sweepi/SweePi/install_diagnostic/sweepi_robot_manager_interfaces/lib/libsweepi_robot_manager_interfaces__rosidl_typesupport_introspection_c.so
[26.105s] -- Set non-toolchain portion of runtime path of "/home/sweepi/SweePi/install_diagnostic/sweepi_robot_manager_interfaces/lib/libsweepi_robot_manager_interfaces__rosidl_typesupport_introspection_c.so" to ""
[26.107s] -- Installing: /home/sweepi/SweePi/install_diagnostic/sweepi_robot_manager_interfaces/lib/libsweepi_robot_manager_interfaces__rosidl_typesupport_c.so
[26.108s] -- Set non-toolchain portion of runtime path of "/home/sweepi/SweePi/install_diagnostic/sweepi_robot_manager_interfaces/lib/libsweepi_robot_manager_interfaces__rosidl_typesupport_c.so" to ""
[26.108s] -- Installing: /home/sweepi/SweePi/install_diagnostic/sweepi_robot_manager_interfaces/lib/libsweepi_robot_manager_interfaces__rosidl_typesupport_fastrtps_cpp.so
[26.108s] -- Set non-toolchain portion of runtime path of "/home/sweepi/SweePi/install_diagnostic/sweepi_robot_manager_interfaces/lib/libsweepi_robot_manager_interfaces__rosidl_typesupport_fastrtps_cpp.so" to ""
[26.108s] -- Installing: /home/sweepi/SweePi/install_diagnostic/sweepi_robot_manager_interfaces/lib/libsweepi_robot_manager_interfaces__rosidl_typesupport_introspection_cpp.so
[26.109s] -- Set non-toolchain portion of runtime path of "/home/sweepi/SweePi/install_diagnostic/sweepi_robot_manager_interfaces/lib/libsweepi_robot_manager_interfaces__rosidl_typesupport_introspection_cpp.so" to ""
[26.109s] -- Installing: /home/sweepi/SweePi/install_diagnostic/sweepi_robot_manager_interfaces/lib/libsweepi_robot_manager_interfaces__rosidl_typesupport_cpp.so
[26.111s] -- Set non-toolchain portion of runtime path of "/home/sweepi/SweePi/install_diagnostic/sweepi_robot_manager_interfaces/lib/libsweepi_robot_manager_interfaces__rosidl_typesupport_cpp.so" to ""
[26.180s] Listing '/home/sweepi/SweePi/install_diagnostic/sweepi_robot_manager_interfaces/lib/python3.12/site-packages/sweepi_robot_manager_interfaces'...
[26.181s] Compiling '/home/sweepi/SweePi/install_diagnostic/sweepi_robot_manager_interfaces/lib/python3.12/site-packages/sweepi_robot_manager_interfaces/__init__.py'...
[26.181s] Listing '/home/sweepi/SweePi/install_diagnostic/sweepi_robot_manager_interfaces/lib/python3.12/site-packages/sweepi_robot_manager_interfaces/srv'...
[26.181s] Compiling '/home/sweepi/SweePi/install_diagnostic/sweepi_robot_manager_interfaces/lib/python3.12/site-packages/sweepi_robot_manager_interfaces/srv/__init__.py'...
[26.181s] Compiling '/home/sweepi/SweePi/install_diagnostic/sweepi_robot_manager_interfaces/lib/python3.12/site-packages/sweepi_robot_manager_interfaces/srv/_start_task.py'...
[26.197s] -- Installing: /home/sweepi/SweePi/install_diagnostic/sweepi_robot_manager_interfaces/lib/libsweepi_robot_manager_interfaces__rosidl_generator_py.so
[26.198s] -- Set non-toolchain portion of runtime path of "/home/sweepi/SweePi/install_diagnostic/sweepi_robot_manager_interfaces/lib/libsweepi_robot_manager_interfaces__rosidl_generator_py.so" to ""
[26.199s] -- Installing: /home/sweepi/SweePi/install_diagnostic/sweepi_robot_manager_interfaces/share/sweepi_robot_manager_interfaces/cmake/export_sweepi_robot_manager_interfaces__rosidl_generator_cExport.cmake
[26.199s] -- Installing: /home/sweepi/SweePi/install_diagnostic/sweepi_robot_manager_interfaces/share/sweepi_robot_manager_interfaces/cmake/export_sweepi_robot_manager_interfaces__rosidl_generator_cExport-noconfig.cmake
[26.200s] -- Installing: /home/sweepi/SweePi/install_diagnostic/sweepi_robot_manager_interfaces/share/sweepi_robot_manager_interfaces/cmake/export_sweepi_robot_manager_interfaces__rosidl_typesupport_fastrtps_cExport.cmake
[26.200s] -- Installing: /home/sweepi/SweePi/install_diagnostic/sweepi_robot_manager_interfaces/share/sweepi_robot_manager_interfaces/cmake/export_sweepi_robot_manager_interfaces__rosidl_typesupport_fastrtps_cExport-noconfig.cmake
[26.201s] -- Installing: /home/sweepi/SweePi/install_diagnostic/sweepi_robot_manager_interfaces/share/sweepi_robot_manager_interfaces/cmake/sweepi_robot_manager_interfaces__rosidl_typesupport_introspection_cExport.cmake
[26.201s] -- Installing: /home/sweepi/SweePi/install_diagnostic/sweepi_robot_manager_interfaces/share/sweepi_robot_manager_interfaces/cmake/sweepi_robot_manager_interfaces__rosidl_typesupport_introspection_cExport-noconfig.cmake
[26.202s] -- Installing: /home/sweepi/SweePi/install_diagnostic/sweepi_robot_manager_interfaces/share/sweepi_robot_manager_interfaces/cmake/sweepi_robot_manager_interfaces__rosidl_typesupport_cExport.cmake
[26.202s] -- Installing: /home/sweepi/SweePi/install_diagnostic/sweepi_robot_manager_interfaces/share/sweepi_robot_manager_interfaces/cmake/sweepi_robot_manager_interfaces__rosidl_typesupport_cExport-noconfig.cmake
[26.202s] -- Installing: /home/sweepi/SweePi/install_diagnostic/sweepi_robot_manager_interfaces/share/sweepi_robot_manager_interfaces/cmake/export_sweepi_robot_manager_interfaces__rosidl_generator_cppExport.cmake
[26.202s] -- Installing: /home/sweepi/SweePi/install_diagnostic/sweepi_robot_manager_interfaces/share/sweepi_robot_manager_interfaces/cmake/export_sweepi_robot_manager_interfaces__rosidl_typesupport_fastrtps_cppExport.cmake
[26.202s] -- Installing: /home/sweepi/SweePi/install_diagnostic/sweepi_robot_manager_interfaces/share/sweepi_robot_manager_interfaces/cmake/export_sweepi_robot_manager_interfaces__rosidl_typesupport_fastrtps_cppExport-noconfig.cmake
[26.203s] -- Installing: /home/sweepi/SweePi/install_diagnostic/sweepi_robot_manager_interfaces/share/sweepi_robot_manager_interfaces/cmake/sweepi_robot_manager_interfaces__rosidl_typesupport_introspection_cppExport.cmake
[26.203s] -- Installing: /home/sweepi/SweePi/install_diagnostic/sweepi_robot_manager_interfaces/share/sweepi_robot_manager_interfaces/cmake/sweepi_robot_manager_interfaces__rosidl_typesupport_introspection_cppExport-noconfig.cmake
[26.204s] -- Installing: /home/sweepi/SweePi/install_diagnostic/sweepi_robot_manager_interfaces/share/sweepi_robot_manager_interfaces/cmake/sweepi_robot_manager_interfaces__rosidl_typesupport_cppExport.cmake
[26.204s] -- Installing: /home/sweepi/SweePi/install_diagnostic/sweepi_robot_manager_interfaces/share/sweepi_robot_manager_interfaces/cmake/sweepi_robot_manager_interfaces__rosidl_typesupport_cppExport-noconfig.cmake
[26.204s] -- Installing: /home/sweepi/SweePi/install_diagnostic/sweepi_robot_manager_interfaces/share/sweepi_robot_manager_interfaces/cmake/export_sweepi_robot_manager_interfaces__rosidl_generator_pyExport.cmake
[26.205s] -- Installing: /home/sweepi/SweePi/install_diagnostic/sweepi_robot_manager_interfaces/share/sweepi_robot_manager_interfaces/cmake/export_sweepi_robot_manager_interfaces__rosidl_generator_pyExport-noconfig.cmake
[26.208s] Invoked command in '/home/sweepi/SweePi/build_diagnostic/sweepi_robot_manager_interfaces' returned '0': CMAKE_PREFIX_PATH=${CMAKE_PREFIX_PATH}:/home/sweepi/SweePi/install/sweepi_temp_rpi_hardware:/home/sweepi/SweePi/install/sweepi_api_bridge:/home/sweepi/SweePi/install/sweepi_base_driver:/opt/ros/jazzy /usr/bin/cmake --install /home/sweepi/SweePi/build_diagnostic/sweepi_robot_manager_interfaces
