Built target ament_cmake_python_symlink_sweepi_exploration
running egg_info
writing sweepi_exploration.egg-info/PKG-INFO
writing dependency_links to sweepi_exploration.egg-info/dependency_links.txt
writing top-level names to sweepi_exploration.egg-info/top_level.txt
reading manifest file 'sweepi_exploration.egg-info/SOURCES.txt'
writing manifest file 'sweepi_exploration.egg-info/SOURCES.txt'
Built target ament_cmake_python_build_sweepi_exploration_egg
-- Install configuration: ""
-- Execute custom install script
-- Up-to-date symlink: /home/sweepi/SweePi/install_diagnostic/sweepi_exploration/share/sweepi_exploration/environment/pythonpath.sh
-- Up-to-date symlink: /home/sweepi/SweePi/install_diagnostic/sweepi_exploration/share/sweepi_exploration/environment/pythonpath.dsv
-- Up-to-date symlink: /home/sweepi/SweePi/install_diagnostic/sweepi_exploration/lib/python3.12/site-packages/sweepi_exploration-0.2.0-py3.12.egg-info/PKG-INFO
-- Up-to-date symlink: /home/sweepi/SweePi/install_diagnostic/sweepi_exploration/lib/python3.12/site-packages/sweepi_exploration-0.2.0-py3.12.egg-info/SOURCES.txt
-- Up-to-date symlink: /home/sweepi/SweePi/install_diagnostic/sweepi_exploration/lib/python3.12/site-packages/sweepi_exploration-0.2.0-py3.12.egg-info/dependency_links.txt
-- Up-to-date symlink: /home/sweepi/SweePi/install_diagnostic/sweepi_exploration/lib/python3.12/site-packages/sweepi_exploration-0.2.0-py3.12.egg-info/top_level.txt
-- Up-to-date symlink: /home/sweepi/SweePi/install_diagnostic/sweepi_exploration/lib/python3.12/site-packages/sweepi_exploration/__init__.py
-- Up-to-date symlink: /home/sweepi/SweePi/install_diagnostic/sweepi_exploration/lib/python3.12/site-packages/sweepi_exploration/wavefront_explorer.py
-- Up-to-date symlink: /home/sweepi/SweePi/install_diagnostic/sweepi_exploration/share/sweepi_exploration/launch/exploration.launch.py
-- Up-to-date symlink: /home/sweepi/SweePi/install_diagnostic/sweepi_exploration/lib/sweepi_exploration/wavefront_explorer.py
-- Up-to-date symlink: /home/sweepi/SweePi/install_diagnostic/sweepi_exploration/share/sweepi_exploration/config/config
-- Up-to-date symlink: /home/sweepi/SweePi/install_diagnostic/sweepi_exploration/share/sweepi_exploration/config/nav2_exploration_rpi_params.yaml
-- Up-to-date symlink: /home/sweepi/SweePi/install_diagnostic/sweepi_exploration/share/ament_index/resource_index/package_run_dependencies/sweepi_exploration
-- Up-to-date symlink: /home/sweepi/SweePi/install_diagnostic/sweepi_exploration/share/ament_index/resource_index/parent_prefix_path/sweepi_exploration
-- Up-to-date symlink: /home/sweepi/SweePi/install_diagnostic/sweepi_exploration/share/sweepi_exploration/environment/ament_prefix_path.sh
-- Up-to-date symlink: /home/sweepi/SweePi/install_diagnostic/sweepi_exploration/share/sweepi_exploration/environment/ament_prefix_path.dsv
-- Up-to-date symlink: /home/sweepi/SweePi/install_diagnostic/sweepi_exploration/share/sweepi_exploration/environment/path.sh
-- Up-to-date symlink: /home/sweepi/SweePi/install_diagnostic/sweepi_exploration/share/sweepi_exploration/environment/path.dsv
-- Up-to-date symlink: /home/sweepi/SweePi/install_diagnostic/sweepi_exploration/share/sweepi_exploration/local_setup.bash
-- Up-to-date symlink: /home/sweepi/SweePi/install_diagnostic/sweepi_exploration/share/sweepi_exploration/local_setup.sh
-- Up-to-date symlink: /home/sweepi/SweePi/install_diagnostic/sweepi_exploration/share/sweepi_exploration/local_setup.zsh
-- Up-to-date symlink: /home/sweepi/SweePi/install_diagnostic/sweepi_exploration/share/sweepi_exploration/local_setup.dsv
-- Symlinking: /home/sweepi/SweePi/install_diagnostic/sweepi_exploration/share/sweepi_exploration/package.dsv
-- Up-to-date symlink: /home/sweepi/SweePi/install_diagnostic/sweepi_exploration/share/ament_index/resource_index/packages/sweepi_exploration
-- Up-to-date symlink: /home/sweepi/SweePi/install_diagnostic/sweepi_exploration/share/sweepi_exploration/cmake/sweepi_explorationConfig.cmake
-- Up-to-date symlink: /home/sweepi/SweePi/install_diagnostic/sweepi_exploration/share/sweepi_exploration/cmake/sweepi_explorationConfig-version.cmake
-- Up-to-date symlink: /home/sweepi/SweePi/install_diagnostic/sweepi_exploration/share/sweepi_exploration/package.xml
Listing '/home/sweepi/SweePi/install_diagnostic/sweepi_exploration/lib/python3.12/site-packages/sweepi_exploration'...
Compiling '/home/sweepi/SweePi/install_diagnostic/sweepi_exploration/lib/python3.12/site-packages/sweepi_exploration/wavefront_explorer.py'...
