[0.019s] Invoking command in '/home/sweepi/SweePi/build_diagnostic/sweepi_exploration': AMENT_PREFIX_PATH=/home/sweepi/SweePi/install_diagnostic/sweepi_slam:${AMENT_PREFIX_PATH} CMAKE_PREFIX_PATH=/home/sweepi/SweePi/install_diagnostic/sweepi_slam:/home/sweepi/SweePi/install/sweepi_robot_manager:/home/sweepi/SweePi/install/sweepi_real_bringup:/home/sweepi/SweePi/install/sweepi_state_estimation:/home/sweepi/SweePi/install/sweepi_exploration:/home/sweepi/SweePi/install/sweepi_bringup:/home/sweepi/SweePi/install/sweepi_slam:/home/sweepi/SweePi/install/sweepi_robot_manager_interfaces:/home/sweepi/SweePi/install/sweepi_description:/home/sweepi/SweePi/install/sweepi_coverage:/home/sweepi/SweePi/install/sllidar_ros2:/opt/ros/jazzy/opt/gz_sim_vendor:/opt/ros/jazzy/opt/gz_sensors_vendor:/opt/ros/jazzy/opt/gz_physics_vendor:/opt/ros/jazzy/opt/sdformat_vendor:/opt/ros/jazzy/opt/gz_gui_vendor:/opt/ros/jazzy/opt/gz_transport_vendor:/opt/ros/jazzy/opt/gz_rendering_vendor:/opt/ros/jazzy/opt/gz_plugin_vendor:/opt/ros/jazzy/opt/gz_fuel_tools_vendor:/opt/ros/jazzy/opt/gz_msgs_vendor:/opt/ros/jazzy/opt/gz_common_vendor:/opt/ros/jazzy/opt/gz_math_vendor:/opt/ros/jazzy/opt/gz_utils_vendor:/opt/ros/jazzy/opt/gz_tools_vendor:/opt/ros/jazzy/opt/gz_ogre_next_vendor:/opt/ros/jazzy/opt/gz_dartsim_vendor:/opt/ros/jazzy/opt/gz_cmake_vendor:/home/sweepi/SweePi/install/sweepi_temp_rpi_hardware:/home/sweepi/SweePi/install/sweepi_api_bridge:/home/sweepi/SweePi/install/sweepi_base_driver:/opt/ros/jazzy /usr/bin/cmake --build /home/sweepi/SweePi/build_diagnostic/sweepi_exploration -- -j4 -l4
[0.171s] Built target ament_cmake_python_symlink_sweepi_exploration
[0.592s] running egg_info
[0.625s] writing sweepi_exploration.egg-info/PKG-INFO
[0.632s] writing dependency_links to sweepi_exploration.egg-info/dependency_links.txt
[0.635s] writing top-level names to sweepi_exploration.egg-info/top_level.txt
[0.742s] reading manifest file 'sweepi_exploration.egg-info/SOURCES.txt'
[0.745s] writing manifest file 'sweepi_exploration.egg-info/SOURCES.txt'
[0.901s] Built target ament_cmake_python_build_sweepi_exploration_egg
[0.937s] Invoked command in '/home/sweepi/SweePi/build_diagnostic/sweepi_exploration' returned '0': AMENT_PREFIX_PATH=/home/sweepi/SweePi/install_diagnostic/sweepi_slam:${AMENT_PREFIX_PATH} CMAKE_PREFIX_PATH=/home/sweepi/SweePi/install_diagnostic/sweepi_slam:/home/sweepi/SweePi/install/sweepi_robot_manager:/home/sweepi/SweePi/install/sweepi_real_bringup:/home/sweepi/SweePi/install/sweepi_state_estimation:/home/sweepi/SweePi/install/sweepi_exploration:/home/sweepi/SweePi/install/sweepi_bringup:/home/sweepi/SweePi/install/sweepi_slam:/home/sweepi/SweePi/install/sweepi_robot_manager_interfaces:/home/sweepi/SweePi/install/sweepi_description:/home/sweepi/SweePi/install/sweepi_coverage:/home/sweepi/SweePi/install/sllidar_ros2:/opt/ros/jazzy/opt/gz_sim_vendor:/opt/ros/jazzy/opt/gz_sensors_vendor:/opt/ros/jazzy/opt/gz_physics_vendor:/opt/ros/jazzy/opt/sdformat_vendor:/opt/ros/jazzy/opt/gz_gui_vendor:/opt/ros/jazzy/opt/gz_transport_vendor:/opt/ros/jazzy/opt/gz_rendering_vendor:/opt/ros/jazzy/opt/gz_plugin_vendor:/opt/ros/jazzy/opt/gz_fuel_tools_vendor:/opt/ros/jazzy/opt/gz_msgs_vendor:/opt/ros/jazzy/opt/gz_common_vendor:/opt/ros/jazzy/opt/gz_math_vendor:/opt/ros/jazzy/opt/gz_utils_vendor:/opt/ros/jazzy/opt/gz_tools_vendor:/opt/ros/jazzy/opt/gz_ogre_next_vendor:/opt/ros/jazzy/opt/gz_dartsim_vendor:/opt/ros/jazzy/opt/gz_cmake_vendor:/home/sweepi/SweePi/install/sweepi_temp_rpi_hardware:/home/sweepi/SweePi/install/sweepi_api_bridge:/home/sweepi/SweePi/install/sweepi_base_driver:/opt/ros/jazzy /usr/bin/cmake --build /home/sweepi/SweePi/build_diagnostic/sweepi_exploration -- -j4 -l4
[0.941s] Invoking command in '/home/sweepi/SweePi/build_diagnostic/sweepi_exploration': AMENT_PREFIX_PATH=/home/sweepi/SweePi/install_diagnostic/sweepi_slam:${AMENT_PREFIX_PATH} CMAKE_PREFIX_PATH=/home/sweepi/SweePi/install_diagnostic/sweepi_slam:/home/sweepi/SweePi/install/sweepi_robot_manager:/home/sweepi/SweePi/install/sweepi_real_bringup:/home/sweepi/SweePi/install/sweepi_state_estimation:/home/sweepi/SweePi/install/sweepi_exploration:/home/sweepi/SweePi/install/sweepi_bringup:/home/sweepi/SweePi/install/sweepi_slam:/home/sweepi/SweePi/install/sweepi_robot_manager_interfaces:/home/sweepi/SweePi/install/sweepi_description:/home/sweepi/SweePi/install/sweepi_coverage:/home/sweepi/SweePi/install/sllidar_ros2:/opt/ros/jazzy/opt/gz_sim_vendor:/opt/ros/jazzy/opt/gz_sensors_vendor:/opt/ros/jazzy/opt/gz_physics_vendor:/opt/ros/jazzy/opt/sdformat_vendor:/opt/ros/jazzy/opt/gz_gui_vendor:/opt/ros/jazzy/opt/gz_transport_vendor:/opt/ros/jazzy/opt/gz_rendering_vendor:/opt/ros/jazzy/opt/gz_plugin_vendor:/opt/ros/jazzy/opt/gz_fuel_tools_vendor:/opt/ros/jazzy/opt/gz_msgs_vendor:/opt/ros/jazzy/opt/gz_common_vendor:/opt/ros/jazzy/opt/gz_math_vendor:/opt/ros/jazzy/opt/gz_utils_vendor:/opt/ros/jazzy/opt/gz_tools_vendor:/opt/ros/jazzy/opt/gz_ogre_next_vendor:/opt/ros/jazzy/opt/gz_dartsim_vendor:/opt/ros/jazzy/opt/gz_cmake_vendor:/home/sweepi/SweePi/install/sweepi_temp_rpi_hardware:/home/sweepi/SweePi/install/sweepi_api_bridge:/home/sweepi/SweePi/install/sweepi_base_driver:/opt/ros/jazzy /usr/bin/cmake --install /home/sweepi/SweePi/build_diagnostic/sweepi_exploration
[0.974s] -- Install configuration: ""
[0.976s] -- Execute custom install script
[0.978s] -- Up-to-date symlink: /home/sweepi/SweePi/install_diagnostic/sweepi_exploration/share/sweepi_exploration/environment/pythonpath.sh
[0.981s] -- Up-to-date symlink: /home/sweepi/SweePi/install_diagnostic/sweepi_exploration/share/sweepi_exploration/environment/pythonpath.dsv
[1.003s] -- Up-to-date symlink: /home/sweepi/SweePi/install_diagnostic/sweepi_exploration/lib/python3.12/site-packages/sweepi_exploration-0.2.0-py3.12.egg-info/PKG-INFO
[1.003s] -- Up-to-date symlink: /home/sweepi/SweePi/install_diagnostic/sweepi_exploration/lib/python3.12/site-packages/sweepi_exploration-0.2.0-py3.12.egg-info/SOURCES.txt
[1.004s] -- Up-to-date symlink: /home/sweepi/SweePi/install_diagnostic/sweepi_exploration/lib/python3.12/site-packages/sweepi_exploration-0.2.0-py3.12.egg-info/dependency_links.txt
[1.004s] -- Up-to-date symlink: /home/sweepi/SweePi/install_diagnostic/sweepi_exploration/lib/python3.12/site-packages/sweepi_exploration-0.2.0-py3.12.egg-info/top_level.txt
[1.004s] -- Up-to-date symlink: /home/sweepi/SweePi/install_diagnostic/sweepi_exploration/lib/python3.12/site-packages/sweepi_exploration/__init__.py
[1.004s] -- Up-to-date symlink: /home/sweepi/SweePi/install_diagnostic/sweepi_exploration/lib/python3.12/site-packages/sweepi_exploration/wavefront_explorer.py
[1.006s] -- Up-to-date symlink: /home/sweepi/SweePi/install_diagnostic/sweepi_exploration/share/sweepi_exploration/launch/exploration.launch.py
[1.007s] -- Up-to-date symlink: /home/sweepi/SweePi/install_diagnostic/sweepi_exploration/lib/sweepi_exploration/wavefront_explorer.py
[1.009s] -- Up-to-date symlink: /home/sweepi/SweePi/install_diagnostic/sweepi_exploration/share/sweepi_exploration/config/config
[1.009s] -- Up-to-date symlink: /home/sweepi/SweePi/install_diagnostic/sweepi_exploration/share/sweepi_exploration/config/nav2_exploration_rpi_params.yaml
[1.010s] -- Up-to-date symlink: /home/sweepi/SweePi/install_diagnostic/sweepi_exploration/share/ament_index/resource_index/package_run_dependencies/sweepi_exploration
[1.011s] -- Up-to-date symlink: /home/sweepi/SweePi/install_diagnostic/sweepi_exploration/share/ament_index/resource_index/parent_prefix_path/sweepi_exploration
[1.012s] -- Up-to-date symlink: /home/sweepi/SweePi/install_diagnostic/sweepi_exploration/share/sweepi_exploration/environment/ament_prefix_path.sh
[1.013s] -- Up-to-date symlink: /home/sweepi/SweePi/install_diagnostic/sweepi_exploration/share/sweepi_exploration/environment/ament_prefix_path.dsv
[1.013s] -- Up-to-date symlink: /home/sweepi/SweePi/install_diagnostic/sweepi_exploration/share/sweepi_exploration/environment/path.sh
[1.014s] -- Up-to-date symlink: /home/sweepi/SweePi/install_diagnostic/sweepi_exploration/share/sweepi_exploration/environment/path.dsv
[1.015s] -- Up-to-date symlink: /home/sweepi/SweePi/install_diagnostic/sweepi_exploration/share/sweepi_exploration/local_setup.bash
[1.015s] -- Up-to-date symlink: /home/sweepi/SweePi/install_diagnostic/sweepi_exploration/share/sweepi_exploration/local_setup.sh
[1.016s] -- Up-to-date symlink: /home/sweepi/SweePi/install_diagnostic/sweepi_exploration/share/sweepi_exploration/local_setup.zsh
[1.017s] -- Up-to-date symlink: /home/sweepi/SweePi/install_diagnostic/sweepi_exploration/share/sweepi_exploration/local_setup.dsv
[1.018s] -- Symlinking: /home/sweepi/SweePi/install_diagnostic/sweepi_exploration/share/sweepi_exploration/package.dsv
[1.019s] -- Up-to-date symlink: /home/sweepi/SweePi/install_diagnostic/sweepi_exploration/share/ament_index/resource_index/packages/sweepi_exploration
[1.020s] -- Up-to-date symlink: /home/sweepi/SweePi/install_diagnostic/sweepi_exploration/share/sweepi_exploration/cmake/sweepi_explorationConfig.cmake
[1.021s] -- Up-to-date symlink: /home/sweepi/SweePi/install_diagnostic/sweepi_exploration/share/sweepi_exploration/cmake/sweepi_explorationConfig-version.cmake
[1.022s] -- Up-to-date symlink: /home/sweepi/SweePi/install_diagnostic/sweepi_exploration/share/sweepi_exploration/package.xml
[1.110s] Listing '/home/sweepi/SweePi/install_diagnostic/sweepi_exploration/lib/python3.12/site-packages/sweepi_exploration'...
[1.110s] Compiling '/home/sweepi/SweePi/install_diagnostic/sweepi_exploration/lib/python3.12/site-packages/sweepi_exploration/wavefront_explorer.py'...
[1.133s] Invoked command in '/home/sweepi/SweePi/build_diagnostic/sweepi_exploration' returned '0': AMENT_PREFIX_PATH=/home/sweepi/SweePi/install_diagnostic/sweepi_slam:${AMENT_PREFIX_PATH} CMAKE_PREFIX_PATH=/home/sweepi/SweePi/install_diagnostic/sweepi_slam:/home/sweepi/SweePi/install/sweepi_robot_manager:/home/sweepi/SweePi/install/sweepi_real_bringup:/home/sweepi/SweePi/install/sweepi_state_estimation:/home/sweepi/SweePi/install/sweepi_exploration:/home/sweepi/SweePi/install/sweepi_bringup:/home/sweepi/SweePi/install/sweepi_slam:/home/sweepi/SweePi/install/sweepi_robot_manager_interfaces:/home/sweepi/SweePi/install/sweepi_description:/home/sweepi/SweePi/install/sweepi_coverage:/home/sweepi/SweePi/install/sllidar_ros2:/opt/ros/jazzy/opt/gz_sim_vendor:/opt/ros/jazzy/opt/gz_sensors_vendor:/opt/ros/jazzy/opt/gz_physics_vendor:/opt/ros/jazzy/opt/sdformat_vendor:/opt/ros/jazzy/opt/gz_gui_vendor:/opt/ros/jazzy/opt/gz_transport_vendor:/opt/ros/jazzy/opt/gz_rendering_vendor:/opt/ros/jazzy/opt/gz_plugin_vendor:/opt/ros/jazzy/opt/gz_fuel_tools_vendor:/opt/ros/jazzy/opt/gz_msgs_vendor:/opt/ros/jazzy/opt/gz_common_vendor:/opt/ros/jazzy/opt/gz_math_vendor:/opt/ros/jazzy/opt/gz_utils_vendor:/opt/ros/jazzy/opt/gz_tools_vendor:/opt/ros/jazzy/opt/gz_ogre_next_vendor:/opt/ros/jazzy/opt/gz_dartsim_vendor:/opt/ros/jazzy/opt/gz_cmake_vendor:/home/sweepi/SweePi/install/sweepi_temp_rpi_hardware:/home/sweepi/SweePi/install/sweepi_api_bridge:/home/sweepi/SweePi/install/sweepi_base_driver:/opt/ros/jazzy /usr/bin/cmake --install /home/sweepi/SweePi/build_diagnostic/sweepi_exploration
