1783786604.4670930 [INFO] [launch]: All log files can be found below /home/sweepi/.ros/log/2026-07-11-21-46-44-465676-sweepi-6288
1783786604.4672844 [INFO] [launch]: Default logging verbosity is set to INFO
1783786604.7824798 [INFO] [base_driver_node-1]: process started with pid [6292]
1783786604.7827740 [INFO] [ekf_node-2]: process started with pid [6293]
1783786604.7829094 [INFO] [sllidar_node-3]: process started with pid [6294]
1783786604.7830291 [INFO] [robot_state_publisher-4]: process started with pid [6295]
1783786604.7831433 [INFO] [rviz2-5]: process started with pid [6296]
1783786604.7832704 [INFO] [sweepi_robot_manager_node.py-6]: process started with pid [6297]
1783786604.7833910 [INFO] [api_bridge_node-7]: process started with pid [6298]
1783786701.5744922 [WARNING] [launch]: user interrupted with ctrl-c (SIGINT)
1783786701.7526278 [WARNING] [launch]: user interrupted with ctrl-c (SIGINT) again, ignoring...
1783786701.7764919 [ERROR] [robot_state_publisher-4]: process has died [pid 6295, exit code -2, cmd '/opt/ros/jazzy/lib/robot_state_publisher/robot_state_publisher --ros-args -r __node:=robot_state_publisher --params-file /tmp/launch_params__hcjjysd'].
1783786701.7773569 [ERROR] [ekf_node-2]: process has died [pid 6293, exit code -2, cmd '/opt/ros/jazzy/lib/robot_localization/ekf_node --ros-args -r __node:=ekf_filter_node --params-file /home/sweepi/SweePi/install/sweepi_state_estimation/share/sweepi_state_estimation/config/ekf.yaml --params-file /tmp/launch_params_pl0eqn91 -r odometry/filtered:=/odom'].
1783786701.8164907 [ERROR] [rviz2-5]: process has died [pid 6296, exit code -2, cmd '/opt/ros/jazzy/lib/rviz2/rviz2 -d /home/sweepi/SweePi/install/sweepi_bringup/share/sweepi_bringup/rviz/urdf_config.rviz --ros-args -r __node:=rviz2 --params-file /tmp/launch_params_eemqgxba'].
1783786701.9532366 [WARNING] [launch]: user interrupted with ctrl-c (SIGINT) again, ignoring...
1783786701.9650772 [ERROR] [base_driver_node-1]: process has died [pid 6292, exit code -2, cmd '/home/sweepi/SweePi/install/sweepi_base_driver/lib/sweepi_base_driver/base_driver_node --ros-args -r __node:=base_driver_node --params-file /home/sweepi/SweePi/install/sweepi_base_driver/share/sweepi_base_driver/config/base_driver_params.yaml --params-file /tmp/launch_params__ht6ogrx'].
1783786701.9711134 [ERROR] [sweepi_robot_manager_node.py-6]: process has died [pid 6297, exit code -2, cmd '/home/sweepi/SweePi/install/sweepi_robot_manager/lib/sweepi_robot_manager/sweepi_robot_manager_node.py --ros-args -r __node:=sweepi_robot_manager --params-file /tmp/launch_params_qns1kkap'].
1783786701.9731920 [ERROR] [api_bridge_node-7]: process has died [pid 6298, exit code -2, cmd '/home/sweepi/SweePi/install/sweepi_api_bridge/lib/sweepi_api_bridge/api_bridge_node --ros-args -r __node:=sweepi_api_bridge --params-file /tmp/launch_params_uom6gqni'].
1783786702.1490924 [WARNING] [launch]: user interrupted with ctrl-c (SIGINT) again, ignoring...
1783786702.3019576 [WARNING] [launch]: user interrupted with ctrl-c (SIGINT) again, ignoring...
1783786702.4856327 [WARNING] [launch]: user interrupted with ctrl-c (SIGINT) again, ignoring...
1783786702.6806939 [WARNING] [launch]: user interrupted with ctrl-c (SIGINT) again, ignoring...
1783786702.8401163 [WARNING] [launch]: user interrupted with ctrl-c (SIGINT) again, ignoring...
1783786703.1662211 [WARNING] [launch]: user interrupted with ctrl-c (SIGINT) again, ignoring...
1783786706.5858524 [ERROR] [sllidar_node-3]: process[sllidar_node-3] failed to terminate '5' seconds after receiving 'SIGINT', escalating to 'SIGTERM'
1783786706.5869565 [INFO] [sllidar_node-3]: sending signal 'SIGTERM' to process[sllidar_node-3]
1783786707.4198253 [ERROR] [sllidar_node-3]: process has died [pid 6294, exit code -2, cmd '/home/sweepi/SweePi/install/sllidar_ros2/lib/sllidar_ros2/sllidar_node --ros-args -r __node:=sllidar_node --params-file /tmp/launch_params_0m0s49ub'].
