[0.024s] Invoking command in '/home/sweepi/SweePi/build_diagnostic/sweepi_state_estimation': CMAKE_PREFIX_PATH=${CMAKE_PREFIX_PATH}:/home/sweepi/SweePi/install/sweepi_temp_rpi_hardware:/home/sweepi/SweePi/install/sweepi_api_bridge:/home/sweepi/SweePi/install/sweepi_base_driver:/opt/ros/jazzy /usr/bin/cmake --build /home/sweepi/SweePi/build_diagnostic/sweepi_state_estimation -- -j4 -l4
[0.650s] Invoked command in '/home/sweepi/SweePi/build_diagnostic/sweepi_state_estimation' returned '0': CMAKE_PREFIX_PATH=${CMAKE_PREFIX_PATH}:/home/sweepi/SweePi/install/sweepi_temp_rpi_hardware:/home/sweepi/SweePi/install/sweepi_api_bridge:/home/sweepi/SweePi/install/sweepi_base_driver:/opt/ros/jazzy /usr/bin/cmake --build /home/sweepi/SweePi/build_diagnostic/sweepi_state_estimation -- -j4 -l4
[0.652s] Invoking command in '/home/sweepi/SweePi/build_diagnostic/sweepi_state_estimation': CMAKE_PREFIX_PATH=${CMAKE_PREFIX_PATH}:/home/sweepi/SweePi/install/sweepi_temp_rpi_hardware:/home/sweepi/SweePi/install/sweepi_api_bridge:/home/sweepi/SweePi/install/sweepi_base_driver:/opt/ros/jazzy /usr/bin/cmake --install /home/sweepi/SweePi/build_diagnostic/sweepi_state_estimation
[0.666s] -- Install configuration: ""
[0.671s] -- Execute custom install script
[0.673s] -- Up-to-date symlink: /home/sweepi/SweePi/install_diagnostic/sweepi_state_estimation/share/sweepi_state_estimation//config/ekf.yaml
[0.674s] -- Up-to-date symlink: /home/sweepi/SweePi/install_diagnostic/sweepi_state_estimation/share/sweepi_state_estimation//launch/ekf.launch.py
[0.674s] -- Up-to-date symlink: /home/sweepi/SweePi/install_diagnostic/sweepi_state_estimation/share/ament_index/resource_index/package_run_dependencies/sweepi_state_estimation
[0.676s] -- Up-to-date symlink: /home/sweepi/SweePi/install_diagnostic/sweepi_state_estimation/share/ament_index/resource_index/parent_prefix_path/sweepi_state_estimation
[0.676s] -- Up-to-date symlink: /home/sweepi/SweePi/install_diagnostic/sweepi_state_estimation/share/sweepi_state_estimation/environment/ament_prefix_path.sh
[0.678s] -- Up-to-date symlink: /home/sweepi/SweePi/install_diagnostic/sweepi_state_estimation/share/sweepi_state_estimation/environment/ament_prefix_path.dsv
[0.678s] -- Up-to-date symlink: /home/sweepi/SweePi/install_diagnostic/sweepi_state_estimation/share/sweepi_state_estimation/environment/path.sh
[0.678s] -- Up-to-date symlink: /home/sweepi/SweePi/install_diagnostic/sweepi_state_estimation/share/sweepi_state_estimation/environment/path.dsv
[0.681s] -- Up-to-date symlink: /home/sweepi/SweePi/install_diagnostic/sweepi_state_estimation/share/sweepi_state_estimation/local_setup.bash
[0.682s] -- Up-to-date symlink: /home/sweepi/SweePi/install_diagnostic/sweepi_state_estimation/share/sweepi_state_estimation/local_setup.sh
[0.683s] -- Up-to-date symlink: /home/sweepi/SweePi/install_diagnostic/sweepi_state_estimation/share/sweepi_state_estimation/local_setup.zsh
[0.685s] -- Up-to-date symlink: /home/sweepi/SweePi/install_diagnostic/sweepi_state_estimation/share/sweepi_state_estimation/local_setup.dsv
[0.686s] -- Symlinking: /home/sweepi/SweePi/install_diagnostic/sweepi_state_estimation/share/sweepi_state_estimation/package.dsv
[0.733s] -- Up-to-date symlink: /home/sweepi/SweePi/install_diagnostic/sweepi_state_estimation/share/ament_index/resource_index/packages/sweepi_state_estimation
[0.733s] -- Up-to-date symlink: /home/sweepi/SweePi/install_diagnostic/sweepi_state_estimation/share/sweepi_state_estimation/cmake/sweepi_state_estimationConfig.cmake
[0.733s] -- Up-to-date symlink: /home/sweepi/SweePi/install_diagnostic/sweepi_state_estimation/share/sweepi_state_estimation/cmake/sweepi_state_estimationConfig-version.cmake
[0.735s] -- Up-to-date symlink: /home/sweepi/SweePi/install_diagnostic/sweepi_state_estimation/share/sweepi_state_estimation/package.xml
[0.747s] Invoked command in '/home/sweepi/SweePi/build_diagnostic/sweepi_state_estimation' returned '0': CMAKE_PREFIX_PATH=${CMAKE_PREFIX_PATH}:/home/sweepi/SweePi/install/sweepi_temp_rpi_hardware:/home/sweepi/SweePi/install/sweepi_api_bridge:/home/sweepi/SweePi/install/sweepi_base_driver:/opt/ros/jazzy /usr/bin/cmake --install /home/sweepi/SweePi/build_diagnostic/sweepi_state_estimation
