1783797206.6588454 [INFO] [launch]: All log files can be found below /home/sweepi/.ros/log/2026-07-12-00-43-26-655051-sweepi-3749
1783797206.6591091 [INFO] [launch]: Default logging verbosity is set to INFO
1783797207.1157045 [INFO] [base_driver_node-1]: process started with pid [3754]
1783797207.1161718 [INFO] [ekf_node-2]: process started with pid [3755]
1783797207.1164298 [INFO] [sllidar_node-3]: process started with pid [3756]
1783797207.1165986 [INFO] [robot_state_publisher-4]: process started with pid [3757]
1783797207.1167345 [INFO] [rviz2-5]: process started with pid [3758]
1783797207.1168635 [INFO] [sweepi_robot_manager_node.py-6]: process started with pid [3760]
1783797207.1169939 [INFO] [api_bridge_node-7]: process started with pid [3761]
1783797208.6408496 [WARNING] [launch]: user interrupted with ctrl-c (SIGINT)
1783797208.8441451 [INFO] [robot_state_publisher-4]: process has finished cleanly [pid 3757]
1783797208.8508177 [WARNING] [launch]: user interrupted with ctrl-c (SIGINT) again, ignoring...
1783797208.8561623 [ERROR] [ekf_node-2]: process has died [pid 3755, exit code -2, cmd '/opt/ros/jazzy/lib/robot_localization/ekf_node --ros-args -r __node:=ekf_filter_node --params-file /home/sweepi/SweePi/install/sweepi_state_estimation/share/sweepi_state_estimation/config/ekf.yaml --params-file /tmp/launch_params_kzge8kcf -r odometry/filtered:=/odom'].
1783797208.8577497 [ERROR] [sweepi_robot_manager_node.py-6]: process has died [pid 3760, exit code -2, cmd '/home/sweepi/SweePi/install/sweepi_robot_manager/lib/sweepi_robot_manager/sweepi_robot_manager_node.py --ros-args -r __node:=sweepi_robot_manager --params-file /tmp/launch_params_anpxd0o6'].
1783797208.8588753 [ERROR] [base_driver_node-1]: process has died [pid 3754, exit code -2, cmd '/home/sweepi/SweePi/install/sweepi_base_driver/lib/sweepi_base_driver/base_driver_node --ros-args -r __node:=base_driver_node --params-file /home/sweepi/SweePi/install/sweepi_base_driver/share/sweepi_base_driver/config/base_driver_params.yaml --params-file /tmp/launch_params_a2vg4872'].
1783797208.8598704 [ERROR] [api_bridge_node-7]: process has died [pid 3761, exit code -2, cmd '/home/sweepi/SweePi/install/sweepi_api_bridge/lib/sweepi_api_bridge/api_bridge_node --ros-args -r __node:=sweepi_api_bridge --params-file /tmp/launch_params_xj7zg4x7'].
1783797212.3644650 [WARNING] [launch]: user interrupted with ctrl-c (SIGINT) again, ignoring...
1783797212.5317643 [WARNING] [launch]: user interrupted with ctrl-c (SIGINT) again, ignoring...
1783797212.8620398 [WARNING] [launch]: user interrupted with ctrl-c (SIGINT) again, ignoring...
1783797213.0792046 [WARNING] [launch]: user interrupted with ctrl-c (SIGINT) again, ignoring...
1783797213.2698843 [WARNING] [launch]: user interrupted with ctrl-c (SIGINT) again, ignoring...
1783797213.4516270 [WARNING] [launch]: user interrupted with ctrl-c (SIGINT) again, ignoring...
1783797213.6310587 [WARNING] [launch]: user interrupted with ctrl-c (SIGINT) again, ignoring...
1783797213.6548085 [ERROR] [rviz2-5]: process[rviz2-5] failed to terminate '5' seconds after receiving 'SIGINT', escalating to 'SIGTERM'
1783797213.6582398 [ERROR] [sllidar_node-3]: process[sllidar_node-3] failed to terminate '5' seconds after receiving 'SIGINT', escalating to 'SIGTERM'
1783797213.6594789 [INFO] [rviz2-5]: sending signal 'SIGTERM' to process[rviz2-5]
1783797213.6611829 [INFO] [sllidar_node-3]: sending signal 'SIGTERM' to process[sllidar_node-3]
1783797214.1301470 [WARNING] [launch]: user interrupted with ctrl-c (SIGINT) again, ignoring...
1783797214.1652992 [WARNING] [launch]: user interrupted with ctrl-c (SIGINT) again, ignoring...
1783797214.1840327 [WARNING] [launch]: user interrupted with ctrl-c (SIGINT) again, ignoring...
1783797214.2340608 [WARNING] [launch]: user interrupted with ctrl-c (SIGINT) again, ignoring...
1783797214.2382076 [WARNING] [launch]: user interrupted with ctrl-c (SIGINT) again, ignoring...
1783797214.2798290 [WARNING] [launch]: user interrupted with ctrl-c (SIGINT) again, ignoring...
1783797214.3065042 [WARNING] [launch]: user interrupted with ctrl-c (SIGINT) again, ignoring...
1783797214.3403189 [WARNING] [launch]: user interrupted with ctrl-c (SIGINT) again, ignoring...
1783797214.3604610 [WARNING] [launch]: user interrupted with ctrl-c (SIGINT) again, ignoring...
1783797214.4128551 [WARNING] [launch]: user interrupted with ctrl-c (SIGINT) again, ignoring...
1783797214.4389758 [WARNING] [launch]: user interrupted with ctrl-c (SIGINT) again, ignoring...
1783797214.4587524 [WARNING] [launch]: user interrupted with ctrl-c (SIGINT) again, ignoring...
1783797214.5037465 [WARNING] [launch]: user interrupted with ctrl-c (SIGINT) again, ignoring...
1783797214.5192502 [WARNING] [launch]: user interrupted with ctrl-c (SIGINT) again, ignoring...
1783797214.5582359 [WARNING] [launch]: user interrupted with ctrl-c (SIGINT) again, ignoring...
1783797214.5834298 [WARNING] [launch]: user interrupted with ctrl-c (SIGINT) again, ignoring...
1783797214.6004429 [INFO] [sllidar_node-3]: process has finished cleanly [pid 3756]
1783797214.6188653 [WARNING] [launch]: user interrupted with ctrl-c (SIGINT) again, ignoring...
1783797214.6391518 [WARNING] [launch]: user interrupted with ctrl-c (SIGINT) again, ignoring...
1783797214.6791675 [WARNING] [launch]: user interrupted with ctrl-c (SIGINT) again, ignoring...
1783797214.7181034 [WARNING] [launch]: user interrupted with ctrl-c (SIGINT) again, ignoring...
1783797214.7465756 [WARNING] [launch]: user interrupted with ctrl-c (SIGINT) again, ignoring...
1783797214.7594399 [WARNING] [launch]: user interrupted with ctrl-c (SIGINT) again, ignoring...
1783797214.7991831 [WARNING] [launch]: user interrupted with ctrl-c (SIGINT) again, ignoring...
1783797214.8175669 [WARNING] [launch]: user interrupted with ctrl-c (SIGINT) again, ignoring...
1783797214.8768470 [WARNING] [launch]: user interrupted with ctrl-c (SIGINT) again, ignoring...
1783797214.8783584 [WARNING] [launch]: user interrupted with ctrl-c (SIGINT) again, ignoring...
1783797214.9184015 [WARNING] [launch]: user interrupted with ctrl-c (SIGINT) again, ignoring...
1783797218.6582634 [ERROR] [rviz2-5]: process[rviz2-5] failed to terminate '10.0' seconds after receiving 'SIGTERM', escalating to 'SIGKILL'
1783797218.6608131 [INFO] [rviz2-5]: sending signal 'SIGKILL' to process[rviz2-5]
1783797218.6728842 [ERROR] [rviz2-5]: process has died [pid 3758, exit code -9, cmd '/opt/ros/jazzy/lib/rviz2/rviz2 -d /home/sweepi/SweePi/install/sweepi_bringup/share/sweepi_bringup/rviz/urdf_config.rviz --ros-args -r __node:=rviz2 --params-file /tmp/launch_params_gey3ohfc'].
