1783789534.8637004 [INFO] [launch]: All log files can be found below /home/sweepi/.ros/log/2026-07-11-22-35-34-862276-sweepi-6556
1783789534.8639050 [INFO] [launch]: Default logging verbosity is set to INFO
1783789535.1863132 [INFO] [base_driver_node-1]: process started with pid [6560]
1783789535.1900864 [INFO] [ekf_node-2]: process started with pid [6561]
1783789535.1925850 [INFO] [sllidar_node-3]: process started with pid [6562]
1783789535.1928484 [INFO] [robot_state_publisher-4]: process started with pid [6563]
1783789535.1934087 [INFO] [rviz2-5]: process started with pid [6564]
1783789535.1966577 [INFO] [sweepi_robot_manager_node.py-6]: process started with pid [6565]
1783789535.1969135 [INFO] [api_bridge_node-7]: process started with pid [6566]
1783789565.0503051 [WARNING] [launch]: user interrupted with ctrl-c (SIGINT)
1783789565.2592921 [WARNING] [launch]: user interrupted with ctrl-c (SIGINT) again, ignoring...
1783789565.2858889 [ERROR] [sllidar_node-3]: process has died [pid 6562, exit code -2, cmd '/home/sweepi/SweePi/install/sllidar_ros2/lib/sllidar_ros2/sllidar_node --ros-args -r __node:=sllidar_node --params-file /tmp/launch_params_o0a4y0yf'].
1783789565.2909789 [ERROR] [ekf_node-2]: process has died [pid 6561, exit code -2, cmd '/opt/ros/jazzy/lib/robot_localization/ekf_node --ros-args -r __node:=ekf_filter_node --params-file /home/sweepi/SweePi/install/sweepi_state_estimation/share/sweepi_state_estimation/config/ekf.yaml --params-file /tmp/launch_params__3uz74aq -r odometry/filtered:=/odom'].
1783789565.3090312 [ERROR] [rviz2-5]: process has died [pid 6564, exit code -2, cmd '/opt/ros/jazzy/lib/rviz2/rviz2 -d /home/sweepi/SweePi/install/sweepi_bringup/share/sweepi_bringup/rviz/urdf_config.rviz --ros-args -r __node:=rviz2 --params-file /tmp/launch_params_szzzg752'].
1783789565.4285090 [WARNING] [launch]: user interrupted with ctrl-c (SIGINT) again, ignoring...
1783789565.4458930 [ERROR] [api_bridge_node-7]: process has died [pid 6566, exit code -2, cmd '/home/sweepi/SweePi/install/sweepi_api_bridge/lib/sweepi_api_bridge/api_bridge_node --ros-args -r __node:=sweepi_api_bridge --params-file /tmp/launch_params_tj2cpuhm'].
1783789565.4478314 [ERROR] [sweepi_robot_manager_node.py-6]: process has died [pid 6565, exit code -2, cmd '/home/sweepi/SweePi/install/sweepi_robot_manager/lib/sweepi_robot_manager/sweepi_robot_manager_node.py --ros-args -r __node:=sweepi_robot_manager --params-file /tmp/launch_params_uv1xjyu3'].
1783789565.5810046 [WARNING] [launch]: user interrupted with ctrl-c (SIGINT) again, ignoring...
1783789565.7411151 [WARNING] [launch]: user interrupted with ctrl-c (SIGINT) again, ignoring...
1783789567.8817534 [ERROR] [base_driver_node-1]: process has died [pid 6560, exit code -2, cmd '/home/sweepi/SweePi/install/sweepi_base_driver/lib/sweepi_base_driver/base_driver_node --ros-args -r __node:=base_driver_node --params-file /home/sweepi/SweePi/install/sweepi_base_driver/share/sweepi_base_driver/config/base_driver_params.yaml --params-file /tmp/launch_params_l9bgckww'].
1783789567.8932674 [INFO] [robot_state_publisher-4]: process has finished cleanly [pid 6563]
