1783789596.3887453 [INFO] [launch]: All log files can be found below /home/sweepi/.ros/log/2026-07-11-22-36-36-387318-sweepi-7427
1783789596.3889470 [INFO] [launch]: Default logging verbosity is set to INFO
1783789596.7032504 [INFO] [base_driver_node-1]: process started with pid [7431]
1783789596.7036061 [INFO] [ekf_node-2]: process started with pid [7432]
1783789596.7037749 [INFO] [sllidar_node-3]: process started with pid [7433]
1783789596.7039170 [INFO] [robot_state_publisher-4]: process started with pid [7434]
1783789596.7040350 [INFO] [rviz2-5]: process started with pid [7435]
1783789596.7102137 [INFO] [sweepi_robot_manager_node.py-6]: process started with pid [7436]
1783789596.7107408 [INFO] [api_bridge_node-7]: process started with pid [7437]
1783789702.9062326 [WARNING] [launch]: user interrupted with ctrl-c (SIGINT)
1783789703.1862478 [WARNING] [launch]: user interrupted with ctrl-c (SIGINT) again, ignoring...
1783789703.3000124 [ERROR] [rviz2-5]: process has died [pid 7435, exit code -2, cmd '/opt/ros/jazzy/lib/rviz2/rviz2 -d /home/sweepi/SweePi/install/sweepi_bringup/share/sweepi_bringup/rviz/urdf_config.rviz --ros-args -r __node:=rviz2 --params-file /tmp/launch_params_tyqr0h9_'].
1783789703.3560967 [ERROR] [ekf_node-2]: process has died [pid 7432, exit code -2, cmd '/opt/ros/jazzy/lib/robot_localization/ekf_node --ros-args -r __node:=ekf_filter_node --params-file /home/sweepi/SweePi/install/sweepi_state_estimation/share/sweepi_state_estimation/config/ekf.yaml --params-file /tmp/launch_params_m2q5xgap -r odometry/filtered:=/odom'].
1783789703.3565221 [ERROR] [sllidar_node-3]: process has died [pid 7433, exit code -2, cmd '/home/sweepi/SweePi/install/sllidar_ros2/lib/sllidar_ros2/sllidar_node --ros-args -r __node:=sllidar_node --params-file /tmp/launch_params_hzb6p2x7'].
1783789703.4121027 [WARNING] [launch]: user interrupted with ctrl-c (SIGINT) again, ignoring...
1783789703.4506803 [ERROR] [base_driver_node-1]: process has died [pid 7431, exit code -2, cmd '/home/sweepi/SweePi/install/sweepi_base_driver/lib/sweepi_base_driver/base_driver_node --ros-args -r __node:=base_driver_node --params-file /home/sweepi/SweePi/install/sweepi_base_driver/share/sweepi_base_driver/config/base_driver_params.yaml --params-file /tmp/launch_params_8yqnld7o'].
1783789703.4883621 [ERROR] [api_bridge_node-7]: process has died [pid 7437, exit code -2, cmd '/home/sweepi/SweePi/install/sweepi_api_bridge/lib/sweepi_api_bridge/api_bridge_node --ros-args -r __node:=sweepi_api_bridge --params-file /tmp/launch_params_ptpyml_7'].
1783789703.6453261 [INFO] [robot_state_publisher-4]: process has finished cleanly [pid 7434]
1783789703.7613244 [WARNING] [launch]: user interrupted with ctrl-c (SIGINT) again, ignoring...
1783789703.8741612 [ERROR] [sweepi_robot_manager_node.py-6]: process has died [pid 7436, exit code -2, cmd '/home/sweepi/SweePi/install/sweepi_robot_manager/lib/sweepi_robot_manager/sweepi_robot_manager_node.py --ros-args -r __node:=sweepi_robot_manager --params-file /tmp/launch_params_7vepocq6'].
