-- The C compiler identification is GNU 13.3.0
-- The CXX compiler identification is GNU 13.3.0
-- Detecting C compiler ABI info
-- Detecting C compiler ABI info - done
-- Check for working C compiler: /usr/bin/cc - skipped
-- Detecting C compile features
-- Detecting C compile features - done
-- Detecting CXX compiler ABI info
-- Detecting CXX compiler ABI info - done
-- Check for working CXX compiler: /usr/bin/c++ - skipped
-- Detecting CXX compile features
-- Detecting CXX compile features - done
-- Found ament_cmake: 2.5.6 (/opt/ros/jazzy/share/ament_cmake/cmake)
-- Found Python3: /usr/bin/python3 (found version "3.12.3") found components: Interpreter 
-- Override CMake install command with custom implementation using symlinks instead of copying resources
-- Configuring done (2.9s)
-- Generating done (0.0s)
-- Build files have been written to: /home/sweepi/SweePi/build_diagnostic/sweepi_description
-- Install configuration: ""
-- Execute custom install script
-- Symlinking: /home/sweepi/SweePi/install_diagnostic/sweepi_description/share/sweepi_description//urdf/camera.xacro
-- Symlinking: /home/sweepi/SweePi/install_diagnostic/sweepi_description/share/sweepi_description//urdf/cliff_sensors.xacro
-- Symlinking: /home/sweepi/SweePi/install_diagnostic/sweepi_description/share/sweepi_description//urdf/front_tof.xacro
-- Symlinking: /home/sweepi/SweePi/install_diagnostic/sweepi_description/share/sweepi_description//urdf/imu.xacro
-- Symlinking: /home/sweepi/SweePi/install_diagnostic/sweepi_description/share/sweepi_description//urdf/lidar.xacro
-- Symlinking: /home/sweepi/SweePi/install_diagnostic/sweepi_description/share/sweepi_description//urdf/robot_base.xacro
-- Symlinking: /home/sweepi/SweePi/install_diagnostic/sweepi_description/share/sweepi_description//urdf/robot_base_gazebo.xacro
-- Symlinking: /home/sweepi/SweePi/install_diagnostic/sweepi_description/share/sweepi_description//urdf/sweepi.urdf.xacro
-- Symlinking: /home/sweepi/SweePi/install_diagnostic/sweepi_description/share/sweepi_description//launch/display.launch.py
-- Symlinking: /home/sweepi/SweePi/install_diagnostic/sweepi_description/share/sweepi_description//launch/display.launch.xml
-- Symlinking: /home/sweepi/SweePi/install_diagnostic/sweepi_description/share/sweepi_description//rviz/urdf_config.rviz
-- Symlinking: /home/sweepi/SweePi/install_diagnostic/sweepi_description/share/ament_index/resource_index/package_run_dependencies/sweepi_description
-- Symlinking: /home/sweepi/SweePi/install_diagnostic/sweepi_description/share/ament_index/resource_index/parent_prefix_path/sweepi_description
-- Symlinking: /home/sweepi/SweePi/install_diagnostic/sweepi_description/share/sweepi_description/environment/ament_prefix_path.sh
-- Symlinking: /home/sweepi/SweePi/install_diagnostic/sweepi_description/share/sweepi_description/environment/ament_prefix_path.dsv
-- Symlinking: /home/sweepi/SweePi/install_diagnostic/sweepi_description/share/sweepi_description/environment/path.sh
-- Symlinking: /home/sweepi/SweePi/install_diagnostic/sweepi_description/share/sweepi_description/environment/path.dsv
-- Symlinking: /home/sweepi/SweePi/install_diagnostic/sweepi_description/share/sweepi_description/local_setup.bash
-- Symlinking: /home/sweepi/SweePi/install_diagnostic/sweepi_description/share/sweepi_description/local_setup.sh
-- Symlinking: /home/sweepi/SweePi/install_diagnostic/sweepi_description/share/sweepi_description/local_setup.zsh
-- Symlinking: /home/sweepi/SweePi/install_diagnostic/sweepi_description/share/sweepi_description/local_setup.dsv
-- Symlinking: /home/sweepi/SweePi/install_diagnostic/sweepi_description/share/sweepi_description/package.dsv
-- Symlinking: /home/sweepi/SweePi/install_diagnostic/sweepi_description/share/ament_index/resource_index/packages/sweepi_description
-- Symlinking: /home/sweepi/SweePi/install_diagnostic/sweepi_description/share/sweepi_description/cmake/sweepi_descriptionConfig.cmake
-- Symlinking: /home/sweepi/SweePi/install_diagnostic/sweepi_description/share/sweepi_description/cmake/sweepi_descriptionConfig-version.cmake
-- Symlinking: /home/sweepi/SweePi/install_diagnostic/sweepi_description/share/sweepi_description/package.xml
