[INFO] [1783781093.122995859] [behavior_server]: 
	behavior_server lifecycle node launched. 
	Waiting on external lifecycle transitions to activate
	See https://design.ros2.org/articles/node_lifecycle.html for more information.
[INFO] [1783781097.681716505] [behavior_server]: Configuring
[INFO] [1783781097.724041874] [behavior_server]: Creating behavior plugin spin of type nav2_behaviors::Spin
[INFO] [1783781097.727188921] [behavior_server]: Creating behavior plugin backup of type nav2_behaviors::BackUp
[INFO] [1783781097.736241624] [behavior_server]: Creating behavior plugin drive_on_heading of type nav2_behaviors::DriveOnHeading
[INFO] [1783781097.744003948] [behavior_server]: Creating behavior plugin assisted_teleop of type nav2_behaviors::AssistedTeleop
[INFO] [1783781097.755069670] [behavior_server]: Creating behavior plugin wait of type nav2_behaviors::Wait
[INFO] [1783781097.808443058] [behavior_server]: Configuring spin
[INFO] [1783781097.868160504] [behavior_server]: Configuring backup
[INFO] [1783781097.899674074] [behavior_server]: Configuring drive_on_heading
[INFO] [1783781097.928452149] [behavior_server]: Configuring assisted_teleop
[INFO] [1783781098.014435431] [behavior_server]: Configuring wait
[INFO] [1783781100.389175176] [behavior_server]: Activating
[INFO] [1783781100.389216860] [behavior_server]: Activating spin
[INFO] [1783781100.389237620] [behavior_server]: Activating backup
[INFO] [1783781100.389254360] [behavior_server]: Activating drive_on_heading
[INFO] [1783781100.389272175] [behavior_server]: Activating assisted_teleop
[INFO] [1783781100.389288378] [behavior_server]: Activating wait
[INFO] [1783781100.389311008] [behavior_server]: Creating bond (behavior_server) to lifecycle manager.
[INFO] [1783781193.776079317] [rclcpp]: signal_handler(SIGINT/SIGTERM)
[INFO] [1783781193.776216242] [behavior_server]: Running Nav2 LifecycleNode rcl preshutdown (behavior_server)
[INFO] [1783781193.776295241] [behavior_server]: Deactivating
[INFO] [1783781193.776337389] [behavior_server]: Destroying bond (behavior_server) to lifecycle manager.
[INFO] [1783781193.837592011] [behavior_server]: Cleaning up
[INFO] [1783781193.995216638] [behavior_server]: Destroying bond (behavior_server) to lifecycle manager.
