[INFO] [1783789311.762659612] [behavior_server]: 
	behavior_server lifecycle node launched. 
	Waiting on external lifecycle transitions to activate
	See https://design.ros2.org/articles/node_lifecycle.html for more information.
[INFO] [1783789315.575947960] [behavior_server]: Configuring
[INFO] [1783789315.630815632] [behavior_server]: Creating behavior plugin spin of type nav2_behaviors::Spin
[INFO] [1783789315.648711639] [behavior_server]: Creating behavior plugin backup of type nav2_behaviors::BackUp
[INFO] [1783789315.664269976] [behavior_server]: Creating behavior plugin drive_on_heading of type nav2_behaviors::DriveOnHeading
[INFO] [1783789315.683419753] [behavior_server]: Creating behavior plugin assisted_teleop of type nav2_behaviors::AssistedTeleop
[INFO] [1783789315.748583460] [behavior_server]: Creating behavior plugin wait of type nav2_behaviors::Wait
[INFO] [1783789315.793626618] [behavior_server]: Configuring spin
[INFO] [1783789315.839730382] [behavior_server]: Configuring backup
[INFO] [1783789315.869572116] [behavior_server]: Configuring drive_on_heading
[INFO] [1783789315.891801029] [behavior_server]: Configuring assisted_teleop
[INFO] [1783789315.923738055] [behavior_server]: Configuring wait
[INFO] [1783789319.262476044] [behavior_server]: Activating
[INFO] [1783789319.262558709] [behavior_server]: Activating spin
[INFO] [1783789319.262583342] [behavior_server]: Activating backup
[INFO] [1783789319.262602186] [behavior_server]: Activating drive_on_heading
[INFO] [1783789319.262622547] [behavior_server]: Activating assisted_teleop
[INFO] [1783789319.262639395] [behavior_server]: Activating wait
[INFO] [1783789319.262664508] [behavior_server]: Creating bond (behavior_server) to lifecycle manager.
[INFO] [1783789351.189098339] [rclcpp]: signal_handler(SIGINT/SIGTERM)
[INFO] [1783789351.189335690] [behavior_server]: Running Nav2 LifecycleNode rcl preshutdown (behavior_server)
[INFO] [1783789351.198811013] [behavior_server]: Deactivating
[INFO] [1783789351.198914235] [behavior_server]: Destroying bond (behavior_server) to lifecycle manager.
[INFO] [1783789351.327727537] [behavior_server]: Cleaning up
[INFO] [1783789351.541475728] [behavior_server]: Destroying bond (behavior_server) to lifecycle manager.
