[INFO] [1783786433.459236138] [behavior_server]: 
	behavior_server lifecycle node launched. 
	Waiting on external lifecycle transitions to activate
	See https://design.ros2.org/articles/node_lifecycle.html for more information.
[INFO] [1783786436.115494757] [behavior_server]: Configuring
[INFO] [1783786436.168285109] [behavior_server]: Creating behavior plugin spin of type nav2_behaviors::Spin
[INFO] [1783786436.176451973] [behavior_server]: Creating behavior plugin backup of type nav2_behaviors::BackUp
[INFO] [1783786436.186191977] [behavior_server]: Creating behavior plugin drive_on_heading of type nav2_behaviors::DriveOnHeading
[INFO] [1783786436.192236608] [behavior_server]: Creating behavior plugin assisted_teleop of type nav2_behaviors::AssistedTeleop
[INFO] [1783786436.198691493] [behavior_server]: Creating behavior plugin wait of type nav2_behaviors::Wait
[INFO] [1783786436.260378194] [behavior_server]: Configuring spin
[INFO] [1783786436.338916008] [behavior_server]: Configuring backup
[INFO] [1783786436.394925997] [behavior_server]: Configuring drive_on_heading
[INFO] [1783786436.415753288] [behavior_server]: Configuring assisted_teleop
[INFO] [1783786436.448725566] [behavior_server]: Configuring wait
[INFO] [1783786438.667789127] [behavior_server]: Activating
[INFO] [1783786438.667840740] [behavior_server]: Activating spin
[INFO] [1783786438.667862759] [behavior_server]: Activating backup
[INFO] [1783786438.667898038] [behavior_server]: Activating drive_on_heading
[INFO] [1783786438.667915965] [behavior_server]: Activating assisted_teleop
[INFO] [1783786438.667935465] [behavior_server]: Activating wait
[INFO] [1783786438.667960447] [behavior_server]: Creating bond (behavior_server) to lifecycle manager.
[INFO] [1783786583.332236770] [rclcpp]: signal_handler(SIGINT/SIGTERM)
[INFO] [1783786583.332369718] [behavior_server]: Running Nav2 LifecycleNode rcl preshutdown (behavior_server)
[INFO] [1783786583.332497185] [behavior_server]: Deactivating
[INFO] [1783786583.332556020] [behavior_server]: Destroying bond (behavior_server) to lifecycle manager.
[INFO] [1783786583.433297288] [behavior_server]: Cleaning up
[INFO] [1783786583.493698625] [behavior_server]: Destroying bond (behavior_server) to lifecycle manager.
