[INFO] [1783789609.511551450] [controller_server]: 
	controller_server lifecycle node launched. 
	Waiting on external lifecycle transitions to activate
	See https://design.ros2.org/articles/node_lifecycle.html for more information.
[INFO] [1783789609.539650619] [controller_server]: Creating controller server
[INFO] [1783789609.574083719] [local_costmap.local_costmap]: 
	local_costmap lifecycle node launched. 
	Waiting on external lifecycle transitions to activate
	See https://design.ros2.org/articles/node_lifecycle.html for more information.
[INFO] [1783789609.575161218] [local_costmap.local_costmap]: Creating Costmap
[INFO] [1783789613.832631633] [controller_server]: Configuring controller interface
[INFO] [1783789613.832686559] [controller_server]: getting progress checker plugins..
[INFO] [1783789613.846053565] [controller_server]: getting goal checker plugins..
[INFO] [1783789613.864776376] [controller_server]: Controller frequency set to 10.0000Hz
[INFO] [1783789613.864925817] [local_costmap.local_costmap]: Configuring
[INFO] [1783789613.975400712] [local_costmap.local_costmap]: Using plugin "obstacle_layer"
[INFO] [1783789614.012366006] [local_costmap.local_costmap]: Subscribed to Topics: scan
[INFO] [1783789614.074970080] [local_costmap.local_costmap]: Initialized plugin "obstacle_layer"
[INFO] [1783789614.075093771] [local_costmap.local_costmap]: Using plugin "inflation_layer"
[INFO] [1783789614.085109757] [local_costmap.local_costmap]: Initialized plugin "inflation_layer"
[INFO] [1783789614.277754586] [controller_server]: Created progress_checker : progress_checker of type nav2_controller::SimpleProgressChecker
[INFO] [1783789614.279020930] [controller_server]: Controller Server has progress_checker  progress checkers available.
[INFO] [1783789614.280362040] [controller_server]: Created goal checker : goal_checker of type nav2_controller::SimpleGoalChecker
[INFO] [1783789614.285666903] [controller_server]: Controller Server has goal_checker  goal checkers available.
[INFO] [1783789614.289125076] [controller_server]: Created controller : FollowPath of type nav2_regulated_pure_pursuit_controller::RegulatedPurePursuitController
[INFO] [1783789614.334836426] [controller_server]: Controller Server has FollowPath  controllers available.
[INFO] [1783789618.351547750] [controller_server]: Activating
[INFO] [1783789618.351637837] [local_costmap.local_costmap]: Activating
[INFO] [1783789618.351657529] [local_costmap.local_costmap]: Checking transform
[INFO] [1783789618.351869917] [local_costmap.local_costmap]: start
[INFO] [1783789618.625492713] [controller_server]: Activating controller: FollowPath of type regulated_pure_pursuit_controller::RegulatedPurePursuitController
[INFO] [1783789618.626074266] [controller_server]: Creating bond (controller_server) to lifecycle manager.
[INFO] [1783789702.889599643] [rclcpp]: signal_handler(SIGINT/SIGTERM)
[INFO] [1783789702.889799568] [controller_server]: Running Nav2 LifecycleNode rcl preshutdown (controller_server)
[INFO] [1783789702.889937747] [controller_server]: Deactivating
[INFO] [1783789702.889973898] [controller_server]: Deactivating controller: FollowPath of type regulated_pure_pursuit_controller::RegulatedPurePursuitController
[INFO] [1783789702.890024458] [local_costmap.local_costmap]: Deactivating
[INFO] [1783789703.109580827] [controller_server]: Destroying bond (controller_server) to lifecycle manager.
[INFO] [1783789703.190132282] [controller_server]: Cleaning up
[INFO] [1783789703.190224439] [controller_server]: Cleaning up controller: FollowPath of type regulated_pure_pursuit_controller::RegulatedPurePursuitController
[INFO] [1783789703.330978124] [local_costmap.local_costmap]: Cleaning up
[INFO] [1783789704.013641107] [controller_server]: Destroying bond (controller_server) to lifecycle manager.
