[INFO] [1783779944.491370856] [controller_server]: 
	controller_server lifecycle node launched. 
	Waiting on external lifecycle transitions to activate
	See https://design.ros2.org/articles/node_lifecycle.html for more information.
[INFO] [1783779944.523269576] [controller_server]: Creating controller server
[INFO] [1783779946.410397525] [local_costmap.local_costmap]: 
	local_costmap lifecycle node launched. 
	Waiting on external lifecycle transitions to activate
	See https://design.ros2.org/articles/node_lifecycle.html for more information.
[INFO] [1783779946.461406634] [local_costmap.local_costmap]: Creating Costmap
[INFO] [1783779947.093600461] [controller_server]: Configuring controller interface
[INFO] [1783779947.093647627] [controller_server]: getting progress checker plugins..
[INFO] [1783779947.097769405] [controller_server]: getting goal checker plugins..
[INFO] [1783779947.100886386] [controller_server]: Controller frequency set to 10.0000Hz
[INFO] [1783779947.101014220] [local_costmap.local_costmap]: Configuring
[INFO] [1783779947.188613922] [local_costmap.local_costmap]: Using plugin "obstacle_layer"
[INFO] [1783779947.253337920] [local_costmap.local_costmap]: Subscribed to Topics: scan
[INFO] [1783779947.291965271] [local_costmap.local_costmap]: Initialized plugin "obstacle_layer"
[INFO] [1783779947.292037993] [local_costmap.local_costmap]: Using plugin "inflation_layer"
[INFO] [1783779947.304543956] [local_costmap.local_costmap]: Initialized plugin "inflation_layer"
[INFO] [1783779947.512511711] [controller_server]: Created progress_checker : progress_checker of type nav2_controller::SimpleProgressChecker
[INFO] [1783779947.528515285] [controller_server]: Controller Server has progress_checker  progress checkers available.
[INFO] [1783779947.542684933] [controller_server]: Created goal checker : goal_checker of type nav2_controller::SimpleGoalChecker
[INFO] [1783779947.555339692] [controller_server]: Controller Server has goal_checker  goal checkers available.
[INFO] [1783779947.565401617] [controller_server]: Created controller : FollowPath of type nav2_regulated_pure_pursuit_controller::RegulatedPurePursuitController
[INFO] [1783779947.625183524] [controller_server]: Controller Server has FollowPath  controllers available.
[INFO] [1783779951.223400563] [controller_server]: Activating
[INFO] [1783779951.223469174] [local_costmap.local_costmap]: Activating
[INFO] [1783779951.223490470] [local_costmap.local_costmap]: Checking transform
[INFO] [1783779951.224622656] [local_costmap.local_costmap]: start
[INFO] [1783779951.493826452] [controller_server]: Activating controller: FollowPath of type regulated_pure_pursuit_controller::RegulatedPurePursuitController
[INFO] [1783779951.493893785] [controller_server]: Creating bond (controller_server) to lifecycle manager.
[INFO] [1783780335.702229785] [rclcpp]: signal_handler(SIGINT/SIGTERM)
[INFO] [1783780335.702348934] [controller_server]: Running Nav2 LifecycleNode rcl preshutdown (controller_server)
[INFO] [1783780335.702440638] [controller_server]: Deactivating
[INFO] [1783780335.702462934] [controller_server]: Deactivating controller: FollowPath of type regulated_pure_pursuit_controller::RegulatedPurePursuitController
[INFO] [1783780335.702502509] [local_costmap.local_costmap]: Deactivating
[INFO] [1783780335.727865324] [controller_server]: Destroying bond (controller_server) to lifecycle manager.
[INFO] [1783780335.803752861] [controller_server]: Cleaning up
[INFO] [1783780335.803817176] [controller_server]: Cleaning up controller: FollowPath of type regulated_pure_pursuit_controller::RegulatedPurePursuitController
[INFO] [1783780335.803908213] [local_costmap.local_costmap]: Cleaning up
[INFO] [1783780340.879845018] [controller_server]: Destroying bond (controller_server) to lifecycle manager.
