[INFO] [1783797268.277444340] [controller_server]: 
	controller_server lifecycle node launched. 
	Waiting on external lifecycle transitions to activate
	See https://design.ros2.org/articles/node_lifecycle.html for more information.
[INFO] [1783797268.360639059] [controller_server]: Creating controller server
[INFO] [1783797269.228674264] [local_costmap.local_costmap]: 
	local_costmap lifecycle node launched. 
	Waiting on external lifecycle transitions to activate
	See https://design.ros2.org/articles/node_lifecycle.html for more information.
[INFO] [1783797269.320051930] [local_costmap.local_costmap]: Creating Costmap
[INFO] [1783797270.860651391] [controller_server]: Configuring controller interface
[INFO] [1783797270.861541518] [controller_server]: getting progress checker plugins..
[INFO] [1783797270.865782710] [controller_server]: getting goal checker plugins..
[INFO] [1783797270.873000412] [controller_server]: Controller frequency set to 10.0000Hz
[INFO] [1783797270.874704812] [local_costmap.local_costmap]: Configuring
[INFO] [1783797270.950643267] [local_costmap.local_costmap]: Using plugin "obstacle_layer"
[INFO] [1783797271.073135657] [local_costmap.local_costmap]: Subscribed to Topics: scan
[INFO] [1783797271.137422419] [local_costmap.local_costmap]: Initialized plugin "obstacle_layer"
[INFO] [1783797271.137545280] [local_costmap.local_costmap]: Using plugin "inflation_layer"
[INFO] [1783797271.138512088] [local_costmap.local_costmap]: Initialized plugin "inflation_layer"
[INFO] [1783797271.311412815] [controller_server]: Created progress_checker : progress_checker of type nav2_controller::SimpleProgressChecker
[INFO] [1783797271.312074239] [controller_server]: Controller Server has progress_checker  progress checkers available.
[INFO] [1783797271.318072356] [controller_server]: Created goal checker : goal_checker of type nav2_controller::SimpleGoalChecker
[INFO] [1783797271.318998957] [controller_server]: Controller Server has goal_checker  goal checkers available.
[INFO] [1783797271.333327814] [controller_server]: Created controller : FollowPath of type nav2_regulated_pure_pursuit_controller::RegulatedPurePursuitController
[INFO] [1783797271.385861359] [controller_server]: Controller Server has FollowPath  controllers available.
[INFO] [1783797275.051436601] [controller_server]: Activating
[INFO] [1783797275.052252133] [local_costmap.local_costmap]: Activating
[INFO] [1783797275.052320092] [local_costmap.local_costmap]: Checking transform
[INFO] [1783797275.052658241] [local_costmap.local_costmap]: start
[INFO] [1783797275.325915214] [controller_server]: Activating controller: FollowPath of type regulated_pure_pursuit_controller::RegulatedPurePursuitController
[INFO] [1783797275.326015430] [controller_server]: Creating bond (controller_server) to lifecycle manager.
