[INFO] [1783781094.524210756] [controller_server]: 
	controller_server lifecycle node launched. 
	Waiting on external lifecycle transitions to activate
	See https://design.ros2.org/articles/node_lifecycle.html for more information.
[INFO] [1783781094.599888508] [controller_server]: Creating controller server
[INFO] [1783781094.706702332] [local_costmap.local_costmap]: 
	local_costmap lifecycle node launched. 
	Waiting on external lifecycle transitions to activate
	See https://design.ros2.org/articles/node_lifecycle.html for more information.
[INFO] [1783781094.719726370] [local_costmap.local_costmap]: Creating Costmap
[INFO] [1783781094.740765564] [controller_server]: Configuring controller interface
[INFO] [1783781094.741393262] [controller_server]: getting progress checker plugins..
[INFO] [1783781094.743241802] [controller_server]: getting goal checker plugins..
[INFO] [1783781094.743507726] [controller_server]: Controller frequency set to 10.0000Hz
[INFO] [1783781094.743595984] [local_costmap.local_costmap]: Configuring
[INFO] [1783781094.805753091] [local_costmap.local_costmap]: Using plugin "obstacle_layer"
[INFO] [1783781094.815421399] [local_costmap.local_costmap]: Subscribed to Topics: scan
[INFO] [1783781094.824618636] [local_costmap.local_costmap]: Initialized plugin "obstacle_layer"
[INFO] [1783781094.824706209] [local_costmap.local_costmap]: Using plugin "inflation_layer"
[INFO] [1783781094.826637378] [local_costmap.local_costmap]: Initialized plugin "inflation_layer"
[INFO] [1783781095.071689004] [controller_server]: Created progress_checker : progress_checker of type nav2_controller::SimpleProgressChecker
[INFO] [1783781095.079946805] [controller_server]: Controller Server has progress_checker  progress checkers available.
[INFO] [1783781095.080919685] [controller_server]: Created goal checker : goal_checker of type nav2_controller::SimpleGoalChecker
[INFO] [1783781095.097040846] [controller_server]: Controller Server has goal_checker  goal checkers available.
[INFO] [1783781095.102759095] [controller_server]: Created controller : FollowPath of type nav2_regulated_pure_pursuit_controller::RegulatedPurePursuitController
[INFO] [1783781095.288640646] [controller_server]: Controller Server has FollowPath  controllers available.
[INFO] [1783781099.103579530] [controller_server]: Activating
[INFO] [1783781099.103647326] [local_costmap.local_costmap]: Activating
[INFO] [1783781099.103665567] [local_costmap.local_costmap]: Checking transform
[INFO] [1783781099.103894139] [local_costmap.local_costmap]: start
[INFO] [1783781099.367209230] [controller_server]: Activating controller: FollowPath of type regulated_pure_pursuit_controller::RegulatedPurePursuitController
[INFO] [1783781099.367319747] [controller_server]: Creating bond (controller_server) to lifecycle manager.
[INFO] [1783781193.777518474] [rclcpp]: signal_handler(SIGINT/SIGTERM)
[INFO] [1783781193.777650159] [controller_server]: Running Nav2 LifecycleNode rcl preshutdown (controller_server)
[INFO] [1783781193.777751621] [controller_server]: Deactivating
[INFO] [1783781193.777779991] [controller_server]: Deactivating controller: FollowPath of type regulated_pure_pursuit_controller::RegulatedPurePursuitController
[INFO] [1783781193.777837306] [local_costmap.local_costmap]: Deactivating
[INFO] [1783781193.860754676] [controller_server]: Destroying bond (controller_server) to lifecycle manager.
[INFO] [1783781193.961332635] [controller_server]: Cleaning up
[INFO] [1783781193.961410338] [controller_server]: Cleaning up controller: FollowPath of type regulated_pure_pursuit_controller::RegulatedPurePursuitController
[INFO] [1783781193.961527745] [local_costmap.local_costmap]: Cleaning up
[INFO] [1783781195.195867493] [controller_server]: Destroying bond (controller_server) to lifecycle manager.
