[INFO] [1783786433.191753371] [controller_server]: 
	controller_server lifecycle node launched. 
	Waiting on external lifecycle transitions to activate
	See https://design.ros2.org/articles/node_lifecycle.html for more information.
[INFO] [1783786433.349173014] [controller_server]: Creating controller server
[INFO] [1783786434.082896448] [local_costmap.local_costmap]: 
	local_costmap lifecycle node launched. 
	Waiting on external lifecycle transitions to activate
	See https://design.ros2.org/articles/node_lifecycle.html for more information.
[INFO] [1783786434.083911183] [local_costmap.local_costmap]: Creating Costmap
[INFO] [1783786434.562548749] [controller_server]: Configuring controller interface
[INFO] [1783786434.562624400] [controller_server]: getting progress checker plugins..
[INFO] [1783786434.563560281] [controller_server]: getting goal checker plugins..
[INFO] [1783786434.567186837] [controller_server]: Controller frequency set to 10.0000Hz
[INFO] [1783786434.572021338] [local_costmap.local_costmap]: Configuring
[INFO] [1783786434.649893355] [local_costmap.local_costmap]: Using plugin "obstacle_layer"
[INFO] [1783786434.684699653] [local_costmap.local_costmap]: Subscribed to Topics: scan
[INFO] [1783786434.755150978] [local_costmap.local_costmap]: Initialized plugin "obstacle_layer"
[INFO] [1783786434.755244647] [local_costmap.local_costmap]: Using plugin "inflation_layer"
[INFO] [1783786434.771746102] [local_costmap.local_costmap]: Initialized plugin "inflation_layer"
[INFO] [1783786435.164461030] [controller_server]: Created progress_checker : progress_checker of type nav2_controller::SimpleProgressChecker
[INFO] [1783786435.168142107] [controller_server]: Controller Server has progress_checker  progress checkers available.
[INFO] [1783786435.171089439] [controller_server]: Created goal checker : goal_checker of type nav2_controller::SimpleGoalChecker
[INFO] [1783786435.171813794] [controller_server]: Controller Server has goal_checker  goal checkers available.
[INFO] [1783786435.178865216] [controller_server]: Created controller : FollowPath of type nav2_regulated_pure_pursuit_controller::RegulatedPurePursuitController
[INFO] [1783786435.220749861] [controller_server]: Controller Server has FollowPath  controllers available.
[INFO] [1783786437.396186246] [controller_server]: Activating
[INFO] [1783786437.396321639] [local_costmap.local_costmap]: Activating
[INFO] [1783786437.396531516] [local_costmap.local_costmap]: Checking transform
[INFO] [1783786437.396896286] [local_costmap.local_costmap]: start
[INFO] [1783786437.658006773] [controller_server]: Activating controller: FollowPath of type regulated_pure_pursuit_controller::RegulatedPurePursuitController
[INFO] [1783786437.658105628] [controller_server]: Creating bond (controller_server) to lifecycle manager.
[INFO] [1783786583.334105993] [rclcpp]: signal_handler(SIGINT/SIGTERM)
[INFO] [1783786583.334242757] [controller_server]: Running Nav2 LifecycleNode rcl preshutdown (controller_server)
[INFO] [1783786583.334349871] [controller_server]: Deactivating
[INFO] [1783786583.334381094] [controller_server]: Deactivating controller: FollowPath of type regulated_pure_pursuit_controller::RegulatedPurePursuitController
[INFO] [1783786583.334425670] [local_costmap.local_costmap]: Deactivating
[INFO] [1783786583.405580315] [controller_server]: Destroying bond (controller_server) to lifecycle manager.
[INFO] [1783786583.506438735] [controller_server]: Cleaning up
[INFO] [1783786583.506518756] [controller_server]: Cleaning up controller: FollowPath of type regulated_pure_pursuit_controller::RegulatedPurePursuitController
[INFO] [1783786583.506660723] [local_costmap.local_costmap]: Cleaning up
[INFO] [1783786584.753370550] [controller_server]: Destroying bond (controller_server) to lifecycle manager.
