[INFO] [1783789389.363738162] [controller_server]: 
	controller_server lifecycle node launched. 
	Waiting on external lifecycle transitions to activate
	See https://design.ros2.org/articles/node_lifecycle.html for more information.
[INFO] [1783789389.450115805] [controller_server]: Creating controller server
[INFO] [1783789390.860659473] [local_costmap.local_costmap]: 
	local_costmap lifecycle node launched. 
	Waiting on external lifecycle transitions to activate
	See https://design.ros2.org/articles/node_lifecycle.html for more information.
[INFO] [1783789390.958433749] [local_costmap.local_costmap]: Creating Costmap
[INFO] [1783789392.583960910] [controller_server]: Configuring controller interface
[INFO] [1783789392.585170309] [controller_server]: getting progress checker plugins..
[INFO] [1783789392.589332218] [controller_server]: getting goal checker plugins..
[INFO] [1783789392.589769713] [controller_server]: Controller frequency set to 10.0000Hz
[INFO] [1783789392.589858655] [local_costmap.local_costmap]: Configuring
[INFO] [1783789392.741319363] [local_costmap.local_costmap]: Using plugin "obstacle_layer"
[INFO] [1783789392.760947054] [local_costmap.local_costmap]: Subscribed to Topics: scan
[INFO] [1783789392.812918581] [local_costmap.local_costmap]: Initialized plugin "obstacle_layer"
[INFO] [1783789392.813043767] [local_costmap.local_costmap]: Using plugin "inflation_layer"
[INFO] [1783789392.819037545] [local_costmap.local_costmap]: Initialized plugin "inflation_layer"
[INFO] [1783789393.446038004] [controller_server]: Created progress_checker : progress_checker of type nav2_controller::SimpleProgressChecker
[INFO] [1783789393.452047964] [controller_server]: Controller Server has progress_checker  progress checkers available.
[INFO] [1783789393.459350564] [controller_server]: Created goal checker : goal_checker of type nav2_controller::SimpleGoalChecker
[INFO] [1783789393.476538364] [controller_server]: Controller Server has goal_checker  goal checkers available.
[INFO] [1783789393.486406034] [controller_server]: Created controller : FollowPath of type nav2_regulated_pure_pursuit_controller::RegulatedPurePursuitController
[INFO] [1783789393.601701778] [controller_server]: Controller Server has FollowPath  controllers available.
[INFO] [1783789396.094692762] [controller_server]: Activating
[INFO] [1783789396.094826570] [local_costmap.local_costmap]: Activating
[INFO] [1783789396.094852066] [local_costmap.local_costmap]: Checking transform
[INFO] [1783789396.095626038] [local_costmap.local_costmap]: start
[INFO] [1783789396.362407810] [controller_server]: Activating controller: FollowPath of type regulated_pure_pursuit_controller::RegulatedPurePursuitController
[INFO] [1783789396.362602856] [controller_server]: Creating bond (controller_server) to lifecycle manager.
[INFO] [1783789449.184282874] [rclcpp]: signal_handler(SIGINT/SIGTERM)
[INFO] [1783789449.184378637] [controller_server]: Running Nav2 LifecycleNode rcl preshutdown (controller_server)
[INFO] [1783789449.184483568] [controller_server]: Deactivating
[INFO] [1783789449.184509722] [controller_server]: Deactivating controller: FollowPath of type regulated_pure_pursuit_controller::RegulatedPurePursuitController
[INFO] [1783789449.184557585] [local_costmap.local_costmap]: Deactivating
[INFO] [1783789449.353314892] [controller_server]: Destroying bond (controller_server) to lifecycle manager.
[INFO] [1783789449.424319145] [controller_server]: Cleaning up
[INFO] [1783789449.424392310] [controller_server]: Cleaning up controller: FollowPath of type regulated_pure_pursuit_controller::RegulatedPurePursuitController
[INFO] [1783789449.424534582] [local_costmap.local_costmap]: Cleaning up
[INFO] [1783789450.417681821] [controller_server]: Destroying bond (controller_server) to lifecycle manager.
