[INFO] [1783789311.972286505] [controller_server]: 
	controller_server lifecycle node launched. 
	Waiting on external lifecycle transitions to activate
	See https://design.ros2.org/articles/node_lifecycle.html for more information.
[INFO] [1783789311.985469252] [controller_server]: Creating controller server
[INFO] [1783789313.030226679] [local_costmap.local_costmap]: 
	local_costmap lifecycle node launched. 
	Waiting on external lifecycle transitions to activate
	See https://design.ros2.org/articles/node_lifecycle.html for more information.
[INFO] [1783789313.031432215] [local_costmap.local_costmap]: Creating Costmap
[INFO] [1783789313.289365651] [controller_server]: Configuring controller interface
[INFO] [1783789313.289448796] [controller_server]: getting progress checker plugins..
[INFO] [1783789313.293816687] [controller_server]: getting goal checker plugins..
[INFO] [1783789313.306474761] [controller_server]: Controller frequency set to 10.0000Hz
[INFO] [1783789313.306684991] [local_costmap.local_costmap]: Configuring
[INFO] [1783789313.457546407] [local_costmap.local_costmap]: Using plugin "obstacle_layer"
[INFO] [1783789313.552717942] [local_costmap.local_costmap]: Subscribed to Topics: scan
[INFO] [1783789313.584617850] [local_costmap.local_costmap]: Initialized plugin "obstacle_layer"
[INFO] [1783789313.586533116] [local_costmap.local_costmap]: Using plugin "inflation_layer"
[INFO] [1783789313.603372790] [local_costmap.local_costmap]: Initialized plugin "inflation_layer"
[INFO] [1783789313.844966590] [controller_server]: Created progress_checker : progress_checker of type nav2_controller::SimpleProgressChecker
[INFO] [1783789313.847425407] [controller_server]: Controller Server has progress_checker  progress checkers available.
[INFO] [1783789313.851492806] [controller_server]: Created goal checker : goal_checker of type nav2_controller::SimpleGoalChecker
[INFO] [1783789313.855223409] [controller_server]: Controller Server has goal_checker  goal checkers available.
[INFO] [1783789313.867130604] [controller_server]: Created controller : FollowPath of type nav2_regulated_pure_pursuit_controller::RegulatedPurePursuitController
[INFO] [1783789313.944348431] [controller_server]: Controller Server has FollowPath  controllers available.
[INFO] [1783789317.957520170] [controller_server]: Activating
[INFO] [1783789317.957618042] [local_costmap.local_costmap]: Activating
[INFO] [1783789317.957642431] [local_costmap.local_costmap]: Checking transform
[INFO] [1783789317.958475757] [local_costmap.local_costmap]: start
[INFO] [1783789318.218336674] [controller_server]: Activating controller: FollowPath of type regulated_pure_pursuit_controller::RegulatedPurePursuitController
[INFO] [1783789318.219299426] [controller_server]: Creating bond (controller_server) to lifecycle manager.
[INFO] [1783789351.192275436] [rclcpp]: signal_handler(SIGINT/SIGTERM)
[INFO] [1783789351.192421097] [controller_server]: Running Nav2 LifecycleNode rcl preshutdown (controller_server)
[INFO] [1783789351.192552192] [controller_server]: Deactivating
[INFO] [1783789351.192580825] [controller_server]: Deactivating controller: FollowPath of type regulated_pure_pursuit_controller::RegulatedPurePursuitController
[INFO] [1783789351.192626355] [local_costmap.local_costmap]: Deactivating
[INFO] [1783789351.233177995] [controller_server]: Destroying bond (controller_server) to lifecycle manager.
[INFO] [1783789351.314704745] [controller_server]: Cleaning up
[INFO] [1783789351.314793345] [controller_server]: Cleaning up controller: FollowPath of type regulated_pure_pursuit_controller::RegulatedPurePursuitController
[INFO] [1783789351.314943966] [local_costmap.local_costmap]: Cleaning up
[INFO] [1783789352.026163752] [controller_server]: Destroying bond (controller_server) to lifecycle manager.
