[INFO] [1783797267.746398726] [lifecycle_manager_navigation]: Creating
[INFO] [1783797268.462879535] [lifecycle_manager_navigation]: [34m[1mCreating and initializing lifecycle service clients[0m[0m
[INFO] [1783797270.859665600] [lifecycle_manager_navigation]: [34m[1mStarting managed nodes bringup...[0m[0m
[INFO] [1783797270.859771472] [lifecycle_manager_navigation]: [34m[1mConfiguring controller_server[0m[0m
[INFO] [1783797271.457177357] [lifecycle_manager_navigation]: [34m[1mConfiguring smoother_server[0m[0m
[INFO] [1783797271.683302958] [lifecycle_manager_navigation]: [34m[1mConfiguring planner_server[0m[0m
[INFO] [1783797272.108530260] [lifecycle_manager_navigation]: [34m[1mConfiguring route_server[0m[0m
[INFO] [1783797272.512628779] [lifecycle_manager_navigation]: [34m[1mConfiguring behavior_server[0m[0m
[INFO] [1783797273.026708559] [lifecycle_manager_navigation]: [34m[1mConfiguring velocity_smoother[0m[0m
[INFO] [1783797273.073520788] [lifecycle_manager_navigation]: [34m[1mConfiguring collision_monitor[0m[0m
[INFO] [1783797273.259752314] [lifecycle_manager_navigation]: [34m[1mConfiguring bt_navigator[0m[0m
[INFO] [1783797274.344455719] [lifecycle_manager_navigation]: [34m[1mConfiguring waypoint_follower[0m[0m
[INFO] [1783797274.644987353] [lifecycle_manager_navigation]: [34m[1mConfiguring docking_server[0m[0m
[INFO] [1783797275.047029298] [lifecycle_manager_navigation]: [34m[1mActivating controller_server[0m[0m
[INFO] [1783797275.454034468] [lifecycle_manager_navigation]: Server controller_server connected with bond.
[INFO] [1783797275.454433276] [lifecycle_manager_navigation]: [34m[1mActivating smoother_server[0m[0m
[INFO] [1783797275.570630965] [lifecycle_manager_navigation]: Server smoother_server connected with bond.
[INFO] [1783797275.570726494] [lifecycle_manager_navigation]: [34m[1mActivating planner_server[0m[0m
[INFO] [1783797276.200205036] [lifecycle_manager_navigation]: Server planner_server connected with bond.
[INFO] [1783797276.200279239] [lifecycle_manager_navigation]: [34m[1mActivating route_server[0m[0m
[INFO] [1783797276.323726391] [lifecycle_manager_navigation]: Server route_server connected with bond.
[INFO] [1783797276.323809450] [lifecycle_manager_navigation]: [34m[1mActivating behavior_server[0m[0m
[INFO] [1783797276.440065227] [lifecycle_manager_navigation]: Server behavior_server connected with bond.
[INFO] [1783797276.440189917] [lifecycle_manager_navigation]: [34m[1mActivating velocity_smoother[0m[0m
[INFO] [1783797276.571600171] [lifecycle_manager_navigation]: Server velocity_smoother connected with bond.
[INFO] [1783797276.571730605] [lifecycle_manager_navigation]: [34m[1mActivating collision_monitor[0m[0m
[INFO] [1783797276.704428613] [lifecycle_manager_navigation]: Server collision_monitor connected with bond.
[INFO] [1783797276.704537091] [lifecycle_manager_navigation]: [34m[1mActivating bt_navigator[0m[0m
[INFO] [1783797277.299395341] [lifecycle_manager_navigation]: Server bt_navigator connected with bond.
[INFO] [1783797277.299457722] [lifecycle_manager_navigation]: [34m[1mActivating waypoint_follower[0m[0m
[INFO] [1783797277.441026751] [lifecycle_manager_navigation]: Server waypoint_follower connected with bond.
[INFO] [1783797277.441103603] [lifecycle_manager_navigation]: [34m[1mActivating docking_server[0m[0m
[INFO] [1783797277.699704978] [lifecycle_manager_navigation]: Server docking_server connected with bond.
[INFO] [1783797277.700467082] [lifecycle_manager_navigation]: [34m[1mManaged nodes are active[0m[0m
[INFO] [1783797277.700534040] [lifecycle_manager_navigation]: [34m[1mCreating bond timer...[0m[0m
[WARN] [1783799025.102499280] [lifecycle_manager_navigation.rclcpp]: failed to send response to /lifecycle_manager_navigation/get_parameters (timeout): client will not receive response, at ./src/rmw_response.cpp:153, at ./src/rcl/service.c:400
