[INFO] [1783779944.050495543] [lifecycle_manager_navigation]: Creating
[INFO] [1783779944.079419300] [lifecycle_manager_navigation]: [34m[1mCreating and initializing lifecycle service clients[0m[0m
[INFO] [1783779947.092505905] [lifecycle_manager_navigation]: [34m[1mStarting managed nodes bringup...[0m[0m
[INFO] [1783779947.092591368] [lifecycle_manager_navigation]: [34m[1mConfiguring controller_server[0m[0m
[INFO] [1783779947.684147633] [lifecycle_manager_navigation]: [34m[1mConfiguring smoother_server[0m[0m
[INFO] [1783779947.850454834] [lifecycle_manager_navigation]: [34m[1mConfiguring planner_server[0m[0m
[INFO] [1783779948.224336238] [lifecycle_manager_navigation]: [34m[1mConfiguring route_server[0m[0m
[INFO] [1783779948.530861146] [lifecycle_manager_navigation]: [34m[1mConfiguring behavior_server[0m[0m
[INFO] [1783779948.945192424] [lifecycle_manager_navigation]: [34m[1mConfiguring velocity_smoother[0m[0m
[INFO] [1783779949.007002295] [lifecycle_manager_navigation]: [34m[1mConfiguring collision_monitor[0m[0m
[INFO] [1783779949.172938539] [lifecycle_manager_navigation]: [34m[1mConfiguring bt_navigator[0m[0m
[INFO] [1783779950.357948186] [lifecycle_manager_navigation]: [34m[1mConfiguring waypoint_follower[0m[0m
[INFO] [1783779950.651913736] [lifecycle_manager_navigation]: [34m[1mConfiguring docking_server[0m[0m
[INFO] [1783779951.222065100] [lifecycle_manager_navigation]: [34m[1mActivating controller_server[0m[0m
[INFO] [1783779951.630588183] [lifecycle_manager_navigation]: Server controller_server connected with bond.
[INFO] [1783779951.630705683] [lifecycle_manager_navigation]: [34m[1mActivating smoother_server[0m[0m
[INFO] [1783779951.773837026] [lifecycle_manager_navigation]: Server smoother_server connected with bond.
[INFO] [1783779951.773909878] [lifecycle_manager_navigation]: [34m[1mActivating planner_server[0m[0m
[INFO] [1783779952.458442322] [lifecycle_manager_navigation]: Server planner_server connected with bond.
[INFO] [1783779952.458507489] [lifecycle_manager_navigation]: [34m[1mActivating route_server[0m[0m
[INFO] [1783779952.609009113] [lifecycle_manager_navigation]: Server route_server connected with bond.
[INFO] [1783779952.609078095] [lifecycle_manager_navigation]: [34m[1mActivating behavior_server[0m[0m
[INFO] [1783779952.749820793] [lifecycle_manager_navigation]: Server behavior_server connected with bond.
[INFO] [1783779952.749900144] [lifecycle_manager_navigation]: [34m[1mActivating velocity_smoother[0m[0m
[INFO] [1783779952.911435122] [lifecycle_manager_navigation]: Server velocity_smoother connected with bond.
[INFO] [1783779952.911596029] [lifecycle_manager_navigation]: [34m[1mActivating collision_monitor[0m[0m
[INFO] [1783779953.055998025] [lifecycle_manager_navigation]: Server collision_monitor connected with bond.
[INFO] [1783779953.056088265] [lifecycle_manager_navigation]: [34m[1mActivating bt_navigator[0m[0m
[INFO] [1783779954.712737852] [lifecycle_manager_navigation]: Server bt_navigator connected with bond.
[INFO] [1783779954.712851982] [lifecycle_manager_navigation]: [34m[1mActivating waypoint_follower[0m[0m
[INFO] [1783779954.861469150] [lifecycle_manager_navigation]: Server waypoint_follower connected with bond.
[INFO] [1783779954.861546372] [lifecycle_manager_navigation]: [34m[1mActivating docking_server[0m[0m
[INFO] [1783779955.284463619] [lifecycle_manager_navigation]: Server docking_server connected with bond.
[INFO] [1783779955.284577045] [lifecycle_manager_navigation]: [34m[1mManaged nodes are active[0m[0m
[INFO] [1783779955.284609415] [lifecycle_manager_navigation]: [34m[1mCreating bond timer...[0m[0m
[INFO] [1783780335.693382987] [rclcpp]: signal_handler(SIGINT/SIGTERM)
[INFO] [1783780335.693524599] [lifecycle_manager_navigation]: Running Nav2 LifecycleManager rcl preshutdown (lifecycle_manager_navigation)
[INFO] [1783780335.693578506] [lifecycle_manager_navigation]: [34m[1mTerminating bond timer...[0m[0m
