[INFO] [1783789611.195577634] [lifecycle_manager_navigation]: Creating
[INFO] [1783789611.431778122] [lifecycle_manager_navigation]: [34m[1mCreating and initializing lifecycle service clients[0m[0m
[INFO] [1783789613.827122219] [lifecycle_manager_navigation]: [34m[1mStarting managed nodes bringup...[0m[0m
[INFO] [1783789613.827230571] [lifecycle_manager_navigation]: [34m[1mConfiguring controller_server[0m[0m
[INFO] [1783789614.384714062] [lifecycle_manager_navigation]: [34m[1mConfiguring smoother_server[0m[0m
[INFO] [1783789614.508722074] [lifecycle_manager_navigation]: [34m[1mConfiguring planner_server[0m[0m
[INFO] [1783789614.923222699] [lifecycle_manager_navigation]: [34m[1mConfiguring route_server[0m[0m
[INFO] [1783789615.270066418] [lifecycle_manager_navigation]: [34m[1mConfiguring behavior_server[0m[0m
[INFO] [1783789615.548693300] [lifecycle_manager_navigation]: [34m[1mConfiguring velocity_smoother[0m[0m
[INFO] [1783789615.628803553] [lifecycle_manager_navigation]: [34m[1mConfiguring collision_monitor[0m[0m
[INFO] [1783789615.847212610] [lifecycle_manager_navigation]: [34m[1mConfiguring bt_navigator[0m[0m
[INFO] [1783789616.885525211] [lifecycle_manager_navigation]: [34m[1mConfiguring waypoint_follower[0m[0m
[INFO] [1783789617.372326831] [lifecycle_manager_navigation]: [34m[1mConfiguring docking_server[0m[0m
[INFO] [1783789618.349736514] [lifecycle_manager_navigation]: [34m[1mActivating controller_server[0m[0m
[INFO] [1783789618.782926863] [lifecycle_manager_navigation]: Server controller_server connected with bond.
[INFO] [1783789618.783007835] [lifecycle_manager_navigation]: [34m[1mActivating smoother_server[0m[0m
[INFO] [1783789618.915990522] [lifecycle_manager_navigation]: Server smoother_server connected with bond.
[INFO] [1783789618.916102635] [lifecycle_manager_navigation]: [34m[1mActivating planner_server[0m[0m
[INFO] [1783789619.583021385] [lifecycle_manager_navigation]: Server planner_server connected with bond.
[INFO] [1783789619.583115706] [lifecycle_manager_navigation]: [34m[1mActivating route_server[0m[0m
[INFO] [1783789619.740216676] [lifecycle_manager_navigation]: Server route_server connected with bond.
[INFO] [1783789619.740347915] [lifecycle_manager_navigation]: [34m[1mActivating behavior_server[0m[0m
[INFO] [1783789619.882912568] [lifecycle_manager_navigation]: Server behavior_server connected with bond.
[INFO] [1783789619.882978734] [lifecycle_manager_navigation]: [34m[1mActivating velocity_smoother[0m[0m
[INFO] [1783789620.044303879] [lifecycle_manager_navigation]: Server velocity_smoother connected with bond.
[INFO] [1783789620.044434217] [lifecycle_manager_navigation]: [34m[1mActivating collision_monitor[0m[0m
[INFO] [1783789620.200693951] [lifecycle_manager_navigation]: Server collision_monitor connected with bond.
[INFO] [1783789620.200767310] [lifecycle_manager_navigation]: [34m[1mActivating bt_navigator[0m[0m
[INFO] [1783789622.315345073] [lifecycle_manager_navigation]: Server bt_navigator connected with bond.
[INFO] [1783789622.315422137] [lifecycle_manager_navigation]: [34m[1mActivating waypoint_follower[0m[0m
[INFO] [1783789622.605339730] [lifecycle_manager_navigation]: Server waypoint_follower connected with bond.
[INFO] [1783789622.605490156] [lifecycle_manager_navigation]: [34m[1mActivating docking_server[0m[0m
[INFO] [1783789623.615821656] [lifecycle_manager_navigation]: Server docking_server connected with bond.
[INFO] [1783789623.615915085] [lifecycle_manager_navigation]: [34m[1mManaged nodes are active[0m[0m
[INFO] [1783789623.615936578] [lifecycle_manager_navigation]: [34m[1mCreating bond timer...[0m[0m
[INFO] [1783789702.886153564] [rclcpp]: signal_handler(SIGINT/SIGTERM)
[INFO] [1783789702.886324320] [lifecycle_manager_navigation]: Running Nav2 LifecycleManager rcl preshutdown (lifecycle_manager_navigation)
[INFO] [1783789702.886401345] [lifecycle_manager_navigation]: [34m[1mTerminating bond timer...[0m[0m
