[INFO] [1783781093.867595079] [lifecycle_manager_navigation]: Creating
[INFO] [1783781094.002324887] [lifecycle_manager_navigation]: [34m[1mCreating and initializing lifecycle service clients[0m[0m
[INFO] [1783781094.633173543] [lifecycle_manager_navigation]: [34m[1mStarting managed nodes bringup...[0m[0m
[INFO] [1783781094.633370634] [lifecycle_manager_navigation]: [34m[1mConfiguring controller_server[0m[0m
[INFO] [1783781095.334691297] [lifecycle_manager_navigation]: [34m[1mConfiguring smoother_server[0m[0m
[INFO] [1783781096.377337259] [lifecycle_manager_navigation]: [34m[1mConfiguring planner_server[0m[0m
[INFO] [1783781097.480856848] [lifecycle_manager_navigation]: [34m[1mConfiguring route_server[0m[0m
[INFO] [1783781097.677114173] [lifecycle_manager_navigation]: [34m[1mConfiguring behavior_server[0m[0m
[INFO] [1783781098.057485128] [lifecycle_manager_navigation]: [34m[1mConfiguring velocity_smoother[0m[0m
[INFO] [1783781098.125567209] [lifecycle_manager_navigation]: [34m[1mConfiguring collision_monitor[0m[0m
[INFO] [1783781098.227994393] [lifecycle_manager_navigation]: [34m[1mConfiguring bt_navigator[0m[0m
[INFO] [1783781098.722485368] [lifecycle_manager_navigation]: [34m[1mConfiguring waypoint_follower[0m[0m
[INFO] [1783781098.901579507] [lifecycle_manager_navigation]: [34m[1mConfiguring docking_server[0m[0m
[INFO] [1783781099.099586601] [lifecycle_manager_navigation]: [34m[1mActivating controller_server[0m[0m
[INFO] [1783781099.491914138] [lifecycle_manager_navigation]: Server controller_server connected with bond.
[INFO] [1783781099.492001749] [lifecycle_manager_navigation]: [34m[1mActivating smoother_server[0m[0m
[INFO] [1783781099.619853520] [lifecycle_manager_navigation]: Server smoother_server connected with bond.
[INFO] [1783781099.619972075] [lifecycle_manager_navigation]: [34m[1mActivating planner_server[0m[0m
[INFO] [1783781100.273093008] [lifecycle_manager_navigation]: Server planner_server connected with bond.
[INFO] [1783781100.273181674] [lifecycle_manager_navigation]: [34m[1mActivating route_server[0m[0m
[INFO] [1783781100.388549644] [lifecycle_manager_navigation]: Server route_server connected with bond.
[INFO] [1783781100.388628402] [lifecycle_manager_navigation]: [34m[1mActivating behavior_server[0m[0m
[INFO] [1783781100.521865206] [lifecycle_manager_navigation]: Server behavior_server connected with bond.
[INFO] [1783781100.521946520] [lifecycle_manager_navigation]: [34m[1mActivating velocity_smoother[0m[0m
[INFO] [1783781100.643819251] [lifecycle_manager_navigation]: Server velocity_smoother connected with bond.
[INFO] [1783781100.643887195] [lifecycle_manager_navigation]: [34m[1mActivating collision_monitor[0m[0m
[INFO] [1783781100.768196147] [lifecycle_manager_navigation]: Server collision_monitor connected with bond.
[INFO] [1783781100.768312479] [lifecycle_manager_navigation]: [34m[1mActivating bt_navigator[0m[0m
[INFO] [1783781101.423973908] [lifecycle_manager_navigation]: Server bt_navigator connected with bond.
[INFO] [1783781101.424044222] [lifecycle_manager_navigation]: [34m[1mActivating waypoint_follower[0m[0m
[INFO] [1783781101.539903024] [lifecycle_manager_navigation]: Server waypoint_follower connected with bond.
[INFO] [1783781101.539971301] [lifecycle_manager_navigation]: [34m[1mActivating docking_server[0m[0m
[INFO] [1783781101.753378964] [lifecycle_manager_navigation]: Server docking_server connected with bond.
[INFO] [1783781101.753444371] [lifecycle_manager_navigation]: [34m[1mManaged nodes are active[0m[0m
[INFO] [1783781101.753465056] [lifecycle_manager_navigation]: [34m[1mCreating bond timer...[0m[0m
[INFO] [1783781193.775489969] [rclcpp]: signal_handler(SIGINT/SIGTERM)
[INFO] [1783781193.775569154] [lifecycle_manager_navigation]: Running Nav2 LifecycleManager rcl preshutdown (lifecycle_manager_navigation)
[INFO] [1783781193.775623357] [lifecycle_manager_navigation]: [34m[1mTerminating bond timer...[0m[0m
