[INFO] [1783786433.296286065] [lifecycle_manager_navigation]: Creating
[INFO] [1783786433.526241301] [lifecycle_manager_navigation]: [34m[1mCreating and initializing lifecycle service clients[0m[0m
[INFO] [1783786434.427373851] [lifecycle_manager_navigation]: [34m[1mStarting managed nodes bringup...[0m[0m
[INFO] [1783786434.427515244] [lifecycle_manager_navigation]: [34m[1mConfiguring controller_server[0m[0m
[INFO] [1783786435.270836612] [lifecycle_manager_navigation]: [34m[1mConfiguring smoother_server[0m[0m
[INFO] [1783786435.369688684] [lifecycle_manager_navigation]: [34m[1mConfiguring planner_server[0m[0m
[INFO] [1783786435.800003735] [lifecycle_manager_navigation]: [34m[1mConfiguring route_server[0m[0m
[INFO] [1783786436.111661768] [lifecycle_manager_navigation]: [34m[1mConfiguring behavior_server[0m[0m
[INFO] [1783786436.481401093] [lifecycle_manager_navigation]: [34m[1mConfiguring velocity_smoother[0m[0m
[INFO] [1783786436.518629743] [lifecycle_manager_navigation]: [34m[1mConfiguring collision_monitor[0m[0m
[INFO] [1783786436.646547230] [lifecycle_manager_navigation]: [34m[1mConfiguring bt_navigator[0m[0m
[INFO] [1783786437.055620214] [lifecycle_manager_navigation]: [34m[1mConfiguring waypoint_follower[0m[0m
[INFO] [1783786437.216037333] [lifecycle_manager_navigation]: [34m[1mConfiguring docking_server[0m[0m
[INFO] [1783786437.392000339] [lifecycle_manager_navigation]: [34m[1mActivating controller_server[0m[0m
[INFO] [1783786437.778448566] [lifecycle_manager_navigation]: Server controller_server connected with bond.
[INFO] [1783786437.778595885] [lifecycle_manager_navigation]: [34m[1mActivating smoother_server[0m[0m
[INFO] [1783786437.897369367] [lifecycle_manager_navigation]: Server smoother_server connected with bond.
[INFO] [1783786437.897429220] [lifecycle_manager_navigation]: [34m[1mActivating planner_server[0m[0m
[INFO] [1783786438.543476679] [lifecycle_manager_navigation]: Server planner_server connected with bond.
[INFO] [1783786438.543572775] [lifecycle_manager_navigation]: [34m[1mActivating route_server[0m[0m
[INFO] [1783786438.666547682] [lifecycle_manager_navigation]: Server route_server connected with bond.
[INFO] [1783786438.666640518] [lifecycle_manager_navigation]: [34m[1mActivating behavior_server[0m[0m
[INFO] [1783786438.792591905] [lifecycle_manager_navigation]: Server behavior_server connected with bond.
[INFO] [1783786438.792672834] [lifecycle_manager_navigation]: [34m[1mActivating velocity_smoother[0m[0m
[INFO] [1783786438.921320989] [lifecycle_manager_navigation]: Server velocity_smoother connected with bond.
[INFO] [1783786438.921536385] [lifecycle_manager_navigation]: [34m[1mActivating collision_monitor[0m[0m
[INFO] [1783786439.062413658] [lifecycle_manager_navigation]: Server collision_monitor connected with bond.
[INFO] [1783786439.062512717] [lifecycle_manager_navigation]: [34m[1mActivating bt_navigator[0m[0m
[INFO] [1783786439.718907971] [lifecycle_manager_navigation]: Server bt_navigator connected with bond.
[INFO] [1783786439.718987807] [lifecycle_manager_navigation]: [34m[1mActivating waypoint_follower[0m[0m
[INFO] [1783786439.866586398] [lifecycle_manager_navigation]: Server waypoint_follower connected with bond.
[INFO] [1783786439.866743866] [lifecycle_manager_navigation]: [34m[1mActivating docking_server[0m[0m
[INFO] [1783786440.052882591] [lifecycle_manager_navigation]: Server docking_server connected with bond.
[INFO] [1783786440.052984816] [lifecycle_manager_navigation]: [34m[1mManaged nodes are active[0m[0m
[INFO] [1783786440.053015410] [lifecycle_manager_navigation]: [34m[1mCreating bond timer...[0m[0m
[INFO] [1783786583.331922390] [rclcpp]: signal_handler(SIGINT/SIGTERM)
[INFO] [1783786583.332087487] [lifecycle_manager_navigation]: Running Nav2 LifecycleManager rcl preshutdown (lifecycle_manager_navigation)
[INFO] [1783786583.341923805] [lifecycle_manager_navigation]: [34m[1mTerminating bond timer...[0m[0m
