[INFO] [1783789311.938253775] [lifecycle_manager_navigation]: Creating
[INFO] [1783789312.108413214] [lifecycle_manager_navigation]: [34m[1mCreating and initializing lifecycle service clients[0m[0m
[INFO] [1783789313.276353035] [lifecycle_manager_navigation]: [34m[1mStarting managed nodes bringup...[0m[0m
[INFO] [1783789313.276478529] [lifecycle_manager_navigation]: [34m[1mConfiguring controller_server[0m[0m
[INFO] [1783789314.043572187] [lifecycle_manager_navigation]: [34m[1mConfiguring smoother_server[0m[0m
[INFO] [1783789314.256590814] [lifecycle_manager_navigation]: [34m[1mConfiguring planner_server[0m[0m
[INFO] [1783789315.164969314] [lifecycle_manager_navigation]: [34m[1mConfiguring route_server[0m[0m
[INFO] [1783789315.572883393] [lifecycle_manager_navigation]: [34m[1mConfiguring behavior_server[0m[0m
[INFO] [1783789315.960441514] [lifecycle_manager_navigation]: [34m[1mConfiguring velocity_smoother[0m[0m
[INFO] [1783789316.020120936] [lifecycle_manager_navigation]: [34m[1mConfiguring collision_monitor[0m[0m
[INFO] [1783789316.247559486] [lifecycle_manager_navigation]: [34m[1mConfiguring bt_navigator[0m[0m
[INFO] [1783789317.250274965] [lifecycle_manager_navigation]: [34m[1mConfiguring waypoint_follower[0m[0m
[INFO] [1783789317.554618924] [lifecycle_manager_navigation]: [34m[1mConfiguring docking_server[0m[0m
[INFO] [1783789317.956355655] [lifecycle_manager_navigation]: [34m[1mActivating controller_server[0m[0m
[INFO] [1783789318.358097317] [lifecycle_manager_navigation]: Server controller_server connected with bond.
[INFO] [1783789318.358264577] [lifecycle_manager_navigation]: [34m[1mActivating smoother_server[0m[0m
[INFO] [1783789318.495933991] [lifecycle_manager_navigation]: Server smoother_server connected with bond.
[INFO] [1783789318.496011676] [lifecycle_manager_navigation]: [34m[1mActivating planner_server[0m[0m
[INFO] [1783789319.134044565] [lifecycle_manager_navigation]: Server planner_server connected with bond.
[INFO] [1783789319.134203662] [lifecycle_manager_navigation]: [34m[1mActivating route_server[0m[0m
[INFO] [1783789319.260264256] [lifecycle_manager_navigation]: Server route_server connected with bond.
[INFO] [1783789319.260413552] [lifecycle_manager_navigation]: [34m[1mActivating behavior_server[0m[0m
[INFO] [1783789319.391154833] [lifecycle_manager_navigation]: Server behavior_server connected with bond.
[INFO] [1783789319.391321568] [lifecycle_manager_navigation]: [34m[1mActivating velocity_smoother[0m[0m
[INFO] [1783789319.519834547] [lifecycle_manager_navigation]: Server velocity_smoother connected with bond.
[INFO] [1783789319.519968586] [lifecycle_manager_navigation]: [34m[1mActivating collision_monitor[0m[0m
[INFO] [1783789319.665877188] [lifecycle_manager_navigation]: Server collision_monitor connected with bond.
[INFO] [1783789319.666009618] [lifecycle_manager_navigation]: [34m[1mActivating bt_navigator[0m[0m
[INFO] [1783789320.284645561] [lifecycle_manager_navigation]: Server bt_navigator connected with bond.
[INFO] [1783789320.287968469] [lifecycle_manager_navigation]: [34m[1mActivating waypoint_follower[0m[0m
[INFO] [1783789320.420970229] [lifecycle_manager_navigation]: Server waypoint_follower connected with bond.
[INFO] [1783789320.421072983] [lifecycle_manager_navigation]: [34m[1mActivating docking_server[0m[0m
[INFO] [1783789320.709847371] [lifecycle_manager_navigation]: Server docking_server connected with bond.
[INFO] [1783789320.709933166] [lifecycle_manager_navigation]: [34m[1mManaged nodes are active[0m[0m
[INFO] [1783789320.709965882] [lifecycle_manager_navigation]: [34m[1mCreating bond timer...[0m[0m
[INFO] [1783789351.191196914] [rclcpp]: signal_handler(SIGINT/SIGTERM)
[INFO] [1783789351.191342464] [lifecycle_manager_navigation]: Running Nav2 LifecycleManager rcl preshutdown (lifecycle_manager_navigation)
[INFO] [1783789351.191413074] [lifecycle_manager_navigation]: [34m[1mTerminating bond timer...[0m[0m
