[INFO] [1783789311.547958969] [planner_server]: 
	planner_server lifecycle node launched. 
	Waiting on external lifecycle transitions to activate
	See https://design.ros2.org/articles/node_lifecycle.html for more information.
[INFO] [1783789311.640878417] [planner_server]: Creating
[INFO] [1783789312.979389066] [global_costmap.global_costmap]: 
	global_costmap lifecycle node launched. 
	Waiting on external lifecycle transitions to activate
	See https://design.ros2.org/articles/node_lifecycle.html for more information.
[INFO] [1783789313.022300540] [global_costmap.global_costmap]: Creating Costmap
[INFO] [1783789314.260347603] [planner_server]: Configuring
[INFO] [1783789314.260459706] [global_costmap.global_costmap]: Configuring
[INFO] [1783789314.633666751] [global_costmap.global_costmap]: Using plugin "static_layer"
[INFO] [1783789314.693614130] [global_costmap.global_costmap]: Subscribing to the map topic (/map) with transient local durability
[INFO] [1783789314.698905804] [global_costmap.global_costmap]: Initialized plugin "static_layer"
[INFO] [1783789314.698987626] [global_costmap.global_costmap]: Using plugin "obstacle_layer"
[INFO] [1783789314.699844183] [global_costmap.global_costmap]: Subscribed to Topics: scan
[INFO] [1783789314.777663193] [global_costmap.global_costmap]: Initialized plugin "obstacle_layer"
[INFO] [1783789314.796188805] [global_costmap.global_costmap]: Using plugin "inflation_layer"
[INFO] [1783789314.817478032] [global_costmap.global_costmap]: Initialized plugin "inflation_layer"
[INFO] [1783789315.062614506] [planner_server]: Created global planner plugin GridBased of type nav2_navfn_planner::NavfnPlanner
[INFO] [1783789315.062723216] [planner_server]: Configuring plugin GridBased of type NavfnPlanner
[INFO] [1783789315.063522104] [planner_server]: Planner Server has GridBased  planners available.
[INFO] [1783789316.184295069] [global_costmap.global_costmap]: StaticLayer: Resizing costmap to 101 X 238 at 0.050000 m/pix
[INFO] [1783789318.496612224] [planner_server]: Activating
[INFO] [1783789318.496675078] [global_costmap.global_costmap]: Activating
[INFO] [1783789318.496694939] [global_costmap.global_costmap]: Checking transform
[INFO] [1783789318.496895078] [global_costmap.global_costmap]: start
[INFO] [1783789319.000601902] [planner_server]: Activating plugin GridBased of type NavfnPlanner
[INFO] [1783789319.006456986] [planner_server]: Creating bond (planner_server) to lifecycle manager.
[INFO] [1783789351.184343770] [rclcpp]: signal_handler(SIGINT/SIGTERM)
[INFO] [1783789351.184488339] [planner_server]: Running Nav2 LifecycleNode rcl preshutdown (planner_server)
[INFO] [1783789351.184588914] [planner_server]: Deactivating
[INFO] [1783789351.184635148] [global_costmap.global_costmap]: Deactivating
[INFO] [1783789351.511465366] [planner_server]: Deactivating plugin GridBased of type NavfnPlanner
[INFO] [1783789351.511556465] [planner_server]: Destroying bond (planner_server) to lifecycle manager.
[INFO] [1783789351.561387238] [planner_server]: Cleaning up
[INFO] [1783789351.995291193] [global_costmap.global_costmap]: Cleaning up
[INFO] [1783789352.034083743] [planner_server]: Cleaning up plugin GridBased of type NavfnPlanner
[INFO] [1783789352.034356448] [planner_server]: Destroying plugin GridBased of type NavfnPlanner
[INFO] [1783789352.107499491] [planner_server]: Destroying bond (planner_server) to lifecycle manager.
