[INFO] [1783779942.649272408] [planner_server]: 
	planner_server lifecycle node launched. 
	Waiting on external lifecycle transitions to activate
	See https://design.ros2.org/articles/node_lifecycle.html for more information.
[INFO] [1783779942.746450172] [planner_server]: Creating
[INFO] [1783779945.673664601] [global_costmap.global_costmap]: 
	global_costmap lifecycle node launched. 
	Waiting on external lifecycle transitions to activate
	See https://design.ros2.org/articles/node_lifecycle.html for more information.
[INFO] [1783779945.727125320] [global_costmap.global_costmap]: Creating Costmap
[INFO] [1783779947.853000278] [planner_server]: Configuring
[INFO] [1783779947.853098963] [global_costmap.global_costmap]: Configuring
[INFO] [1783779947.893892740] [global_costmap.global_costmap]: Using plugin "static_layer"
[INFO] [1783779947.904768740] [global_costmap.global_costmap]: Subscribing to the map topic (/map) with transient local durability
[INFO] [1783779947.912727073] [global_costmap.global_costmap]: Initialized plugin "static_layer"
[INFO] [1783779947.912812499] [global_costmap.global_costmap]: Using plugin "obstacle_layer"
[INFO] [1783779947.917248684] [global_costmap.global_costmap]: Subscribed to Topics: scan
[INFO] [1783779947.932555406] [global_costmap.global_costmap]: Initialized plugin "obstacle_layer"
[INFO] [1783779947.932664925] [global_costmap.global_costmap]: Using plugin "inflation_layer"
[INFO] [1783779947.945533276] [global_costmap.global_costmap]: Initialized plugin "inflation_layer"
[INFO] [1783779948.114764516] [global_costmap.global_costmap]: StaticLayer: Resizing costmap to 146 X 127 at 0.050000 m/pix
[INFO] [1783779948.122936664] [planner_server]: Created global planner plugin GridBased of type nav2_navfn_planner::NavfnPlanner
[INFO] [1783779948.123016312] [planner_server]: Configuring plugin GridBased of type NavfnPlanner
[INFO] [1783779948.138324720] [planner_server]: Planner Server has GridBased  planners available.
[INFO] [1783779951.775943193] [planner_server]: Activating
[INFO] [1783779951.776019526] [global_costmap.global_costmap]: Activating
[INFO] [1783779951.776041896] [global_costmap.global_costmap]: Checking transform
[INFO] [1783779951.776232989] [global_costmap.global_costmap]: start
[INFO] [1783779952.289628381] [planner_server]: Activating plugin GridBased of type NavfnPlanner
[INFO] [1783779952.303214716] [planner_server]: Creating bond (planner_server) to lifecycle manager.
[INFO] [1783780040.777336656] [global_costmap.global_costmap]: StaticLayer: Resizing costmap to 147 X 127 at 0.050000 m/pix
[INFO] [1783780041.777573426] [global_costmap.global_costmap]: StaticLayer: Resizing costmap to 147 X 131 at 0.050000 m/pix
[INFO] [1783780046.777638655] [global_costmap.global_costmap]: StaticLayer: Resizing costmap to 147 X 131 at 0.050000 m/pix
[INFO] [1783780047.778041998] [global_costmap.global_costmap]: StaticLayer: Resizing costmap to 147 X 132 at 0.050000 m/pix
[INFO] [1783780049.777367449] [global_costmap.global_costmap]: StaticLayer: Resizing costmap to 147 X 133 at 0.050000 m/pix
[INFO] [1783780050.779383322] [global_costmap.global_costmap]: StaticLayer: Resizing costmap to 147 X 140 at 0.050000 m/pix
[INFO] [1783780051.778157055] [global_costmap.global_costmap]: StaticLayer: Resizing costmap to 147 X 140 at 0.050000 m/pix
[INFO] [1783780053.278495677] [global_costmap.global_costmap]: StaticLayer: Resizing costmap to 147 X 151 at 0.050000 m/pix
[INFO] [1783780053.785297842] [global_costmap.global_costmap]: StaticLayer: Resizing costmap to 147 X 151 at 0.050000 m/pix
[INFO] [1783780060.278046958] [global_costmap.global_costmap]: StaticLayer: Resizing costmap to 148 X 151 at 0.050000 m/pix
[INFO] [1783780066.778292226] [global_costmap.global_costmap]: StaticLayer: Resizing costmap to 148 X 152 at 0.050000 m/pix
[INFO] [1783780068.777566185] [global_costmap.global_costmap]: StaticLayer: Resizing costmap to 155 X 194 at 0.050000 m/pix
[INFO] [1783780085.777349793] [global_costmap.global_costmap]: StaticLayer: Resizing costmap to 155 X 202 at 0.050000 m/pix
[INFO] [1783780092.777485803] [global_costmap.global_costmap]: StaticLayer: Resizing costmap to 155 X 213 at 0.050000 m/pix
[INFO] [1783780093.777361998] [global_costmap.global_costmap]: StaticLayer: Resizing costmap to 157 X 213 at 0.050000 m/pix
[INFO] [1783780094.777377427] [global_costmap.global_costmap]: StaticLayer: Resizing costmap to 161 X 213 at 0.050000 m/pix
[INFO] [1783780095.777518407] [global_costmap.global_costmap]: StaticLayer: Resizing costmap to 165 X 213 at 0.050000 m/pix
[INFO] [1783780096.777332527] [global_costmap.global_costmap]: StaticLayer: Resizing costmap to 181 X 213 at 0.050000 m/pix
[INFO] [1783780097.777659347] [global_costmap.global_costmap]: StaticLayer: Resizing costmap to 182 X 213 at 0.050000 m/pix
[INFO] [1783780098.777525862] [global_costmap.global_costmap]: StaticLayer: Resizing costmap to 182 X 213 at 0.050000 m/pix
[INFO] [1783780099.777446761] [global_costmap.global_costmap]: StaticLayer: Resizing costmap to 182 X 213 at 0.050000 m/pix
[INFO] [1783780103.778999906] [global_costmap.global_costmap]: StaticLayer: Resizing costmap to 182 X 213 at 0.050000 m/pix
[INFO] [1783780119.777591896] [global_costmap.global_costmap]: StaticLayer: Resizing costmap to 183 X 213 at 0.050000 m/pix
[INFO] [1783780121.777908623] [global_costmap.global_costmap]: StaticLayer: Resizing costmap to 189 X 213 at 0.050000 m/pix
[INFO] [1783780123.277361275] [global_costmap.global_costmap]: StaticLayer: Resizing costmap to 224 X 213 at 0.050000 m/pix
[INFO] [1783780131.277348682] [global_costmap.global_costmap]: StaticLayer: Resizing costmap to 237 X 213 at 0.050000 m/pix
[INFO] [1783780133.280017354] [global_costmap.global_costmap]: StaticLayer: Resizing costmap to 245 X 213 at 0.050000 m/pix
[INFO] [1783780133.777382815] [global_costmap.global_costmap]: StaticLayer: Resizing costmap to 245 X 213 at 0.050000 m/pix
[INFO] [1783780134.781909867] [global_costmap.global_costmap]: StaticLayer: Resizing costmap to 247 X 213 at 0.050000 m/pix
[INFO] [1783780136.281888788] [global_costmap.global_costmap]: StaticLayer: Resizing costmap to 248 X 213 at 0.050000 m/pix
[INFO] [1783780137.251324874] [global_costmap.global_costmap]: Message Filter dropping message: frame 'lidar_link' at time 1783780136.643 for reason 'the timestamp on the message is earlier than all the data in the transform cache'
[INFO] [1783780137.280943739] [global_costmap.global_costmap]: StaticLayer: Resizing costmap to 248 X 213 at 0.050000 m/pix
[INFO] [1783780138.778713378] [global_costmap.global_costmap]: StaticLayer: Resizing costmap to 248 X 213 at 0.050000 m/pix
[INFO] [1783780140.279256844] [global_costmap.global_costmap]: StaticLayer: Resizing costmap to 248 X 213 at 0.050000 m/pix
[INFO] [1783780141.277354483] [global_costmap.global_costmap]: StaticLayer: Resizing costmap to 248 X 213 at 0.050000 m/pix
[INFO] [1783780143.780346387] [global_costmap.global_costmap]: StaticLayer: Resizing costmap to 248 X 213 at 0.050000 m/pix
[INFO] [1783780146.358711474] [global_costmap.global_costmap]: Message Filter dropping message: frame 'lidar_link' at time 1783780145.741 for reason 'the timestamp on the message is earlier than all the data in the transform cache'
[INFO] [1783780147.278767530] [global_costmap.global_costmap]: StaticLayer: Resizing costmap to 248 X 213 at 0.050000 m/pix
[INFO] [1783780148.287903366] [global_costmap.global_costmap]: StaticLayer: Resizing costmap to 249 X 213 at 0.050000 m/pix
[INFO] [1783780148.778907293] [global_costmap.global_costmap]: StaticLayer: Resizing costmap to 249 X 213 at 0.050000 m/pix
[INFO] [1783780149.781234512] [global_costmap.global_costmap]: StaticLayer: Resizing costmap to 249 X 213 at 0.050000 m/pix
[INFO] [1783780150.779897712] [global_costmap.global_costmap]: StaticLayer: Resizing costmap to 249 X 213 at 0.050000 m/pix
[INFO] [1783780153.132230760] [global_costmap.global_costmap]: Message Filter dropping message: frame 'lidar_link' at time 1783780152.538 for reason 'the timestamp on the message is earlier than all the data in the transform cache'
[INFO] [1783780153.780015994] [global_costmap.global_costmap]: StaticLayer: Resizing costmap to 249 X 213 at 0.050000 m/pix
[INFO] [1783780154.779492440] [global_costmap.global_costmap]: StaticLayer: Resizing costmap to 249 X 213 at 0.050000 m/pix
[INFO] [1783780156.277606141] [global_costmap.global_costmap]: StaticLayer: Resizing costmap to 249 X 213 at 0.050000 m/pix
[INFO] [1783780165.277322788] [global_costmap.global_costmap]: StaticLayer: Resizing costmap to 249 X 215 at 0.050000 m/pix
[INFO] [1783780167.780504414] [global_costmap.global_costmap]: StaticLayer: Resizing costmap to 249 X 217 at 0.050000 m/pix
[INFO] [1783780169.278025003] [global_costmap.global_costmap]: StaticLayer: Resizing costmap to 249 X 218 at 0.050000 m/pix
[INFO] [1783780169.777699761] [global_costmap.global_costmap]: StaticLayer: Resizing costmap to 249 X 231 at 0.050000 m/pix
[INFO] [1783780173.409238557] [global_costmap.global_costmap]: Message Filter dropping message: frame 'lidar_link' at time 1783780172.812 for reason 'the timestamp on the message is earlier than all the data in the transform cache'
[INFO] [1783780175.779999524] [global_costmap.global_costmap]: StaticLayer: Resizing costmap to 249 X 231 at 0.050000 m/pix
[INFO] [1783780177.778911487] [global_costmap.global_costmap]: StaticLayer: Resizing costmap to 249 X 231 at 0.050000 m/pix
[INFO] [1783780179.281603675] [global_costmap.global_costmap]: StaticLayer: Resizing costmap to 250 X 231 at 0.050000 m/pix
[INFO] [1783780180.720270909] [global_costmap.global_costmap]: Message Filter dropping message: frame 'lidar_link' at time 1783780180.116 for reason 'the timestamp on the message is earlier than all the data in the transform cache'
[INFO] [1783780181.777909727] [global_costmap.global_costmap]: StaticLayer: Resizing costmap to 250 X 231 at 0.050000 m/pix
[INFO] [1783780183.281365583] [global_costmap.global_costmap]: StaticLayer: Resizing costmap to 250 X 231 at 0.050000 m/pix
[INFO] [1783780187.777421069] [global_costmap.global_costmap]: StaticLayer: Resizing costmap to 250 X 231 at 0.050000 m/pix
[INFO] [1783780188.607338932] [global_costmap.global_costmap]: Message Filter dropping message: frame 'lidar_link' at time 1783780187.999 for reason 'the timestamp on the message is earlier than all the data in the transform cache'
[INFO] [1783780191.210832150] [global_costmap.global_costmap]: Message Filter dropping message: frame 'lidar_link' at time 1783780190.600 for reason 'the timestamp on the message is earlier than all the data in the transform cache'
[INFO] [1783780193.724506651] [global_costmap.global_costmap]: Message Filter dropping message: frame 'lidar_link' at time 1783780193.097 for reason 'the timestamp on the message is earlier than all the data in the transform cache'
[INFO] [1783780196.296183704] [global_costmap.global_costmap]: Message Filter dropping message: frame 'lidar_link' at time 1783780195.695 for reason 'the timestamp on the message is earlier than all the data in the transform cache'
[INFO] [1783780197.782662909] [global_costmap.global_costmap]: StaticLayer: Resizing costmap to 254 X 231 at 0.050000 m/pix
[INFO] [1783780198.782047881] [global_costmap.global_costmap]: StaticLayer: Resizing costmap to 255 X 231 at 0.050000 m/pix
[INFO] [1783780199.781056824] [global_costmap.global_costmap]: StaticLayer: Resizing costmap to 256 X 231 at 0.050000 m/pix
[INFO] [1783780200.777332061] [global_costmap.global_costmap]: StaticLayer: Resizing costmap to 258 X 231 at 0.050000 m/pix
[INFO] [1783780201.778756639] [global_costmap.global_costmap]: StaticLayer: Resizing costmap to 261 X 231 at 0.050000 m/pix
[INFO] [1783780203.280266280] [global_costmap.global_costmap]: StaticLayer: Resizing costmap to 263 X 231 at 0.050000 m/pix
[INFO] [1783780205.280201920] [global_costmap.global_costmap]: StaticLayer: Resizing costmap to 268 X 231 at 0.050000 m/pix
[INFO] [1783780206.083119806] [global_costmap.global_costmap]: Message Filter dropping message: frame 'lidar_link' at time 1783780205.482 for reason 'the timestamp on the message is earlier than all the data in the transform cache'
[INFO] [1783780207.277298082] [global_costmap.global_costmap]: StaticLayer: Resizing costmap to 269 X 231 at 0.050000 m/pix
[INFO] [1783780209.283219326] [global_costmap.global_costmap]: StaticLayer: Resizing costmap to 269 X 231 at 0.050000 m/pix
[INFO] [1783780210.279785418] [global_costmap.global_costmap]: StaticLayer: Resizing costmap to 269 X 231 at 0.050000 m/pix
[INFO] [1783780211.778094038] [global_costmap.global_costmap]: StaticLayer: Resizing costmap to 269 X 231 at 0.050000 m/pix
[INFO] [1783780214.778042102] [global_costmap.global_costmap]: StaticLayer: Resizing costmap to 270 X 231 at 0.050000 m/pix
[INFO] [1783780216.179336475] [global_costmap.global_costmap]: Message Filter dropping message: frame 'lidar_link' at time 1783780215.576 for reason 'the timestamp on the message is earlier than all the data in the transform cache'
[INFO] [1783780221.777349741] [global_costmap.global_costmap]: StaticLayer: Resizing costmap to 270 X 231 at 0.050000 m/pix
[INFO] [1783780224.462935902] [global_costmap.global_costmap]: Message Filter dropping message: frame 'lidar_link' at time 1783780223.882 for reason 'the timestamp on the message is earlier than all the data in the transform cache'
[INFO] [1783780227.465478803] [global_costmap.global_costmap]: Message Filter dropping message: frame 'lidar_link' at time 1783780226.857 for reason 'the timestamp on the message is earlier than all the data in the transform cache'
[INFO] [1783780230.463020992] [global_costmap.global_costmap]: Message Filter dropping message: frame 'lidar_link' at time 1783780229.856 for reason 'the timestamp on the message is earlier than all the data in the transform cache'
[INFO] [1783780233.455489672] [global_costmap.global_costmap]: Message Filter dropping message: frame 'lidar_link' at time 1783780232.854 for reason 'the timestamp on the message is earlier than all the data in the transform cache'
[INFO] [1783780236.453394252] [global_costmap.global_costmap]: Message Filter dropping message: frame 'lidar_link' at time 1783780235.856 for reason 'the timestamp on the message is earlier than all the data in the transform cache'
[INFO] [1783780240.160492926] [global_costmap.global_costmap]: Message Filter dropping message: frame 'lidar_link' at time 1783780239.553 for reason 'the timestamp on the message is earlier than all the data in the transform cache'
[INFO] [1783780242.751008284] [global_costmap.global_costmap]: Message Filter dropping message: frame 'lidar_link' at time 1783780242.151 for reason 'the timestamp on the message is earlier than all the data in the transform cache'
[INFO] [1783780245.553390100] [global_costmap.global_costmap]: Message Filter dropping message: frame 'lidar_link' at time 1783780244.950 for reason 'the timestamp on the message is earlier than all the data in the transform cache'
[INFO] [1783780248.144610853] [global_costmap.global_costmap]: Message Filter dropping message: frame 'lidar_link' at time 1783780247.538 for reason 'the timestamp on the message is earlier than all the data in the transform cache'
[INFO] [1783780250.645544336] [global_costmap.global_costmap]: Message Filter dropping message: frame 'lidar_link' at time 1783780250.038 for reason 'the timestamp on the message is earlier than all the data in the transform cache'
[INFO] [1783780253.244938674] [global_costmap.global_costmap]: Message Filter dropping message: frame 'lidar_link' at time 1783780252.636 for reason 'the timestamp on the message is earlier than all the data in the transform cache'
[INFO] [1783780256.231154266] [global_costmap.global_costmap]: Message Filter dropping message: frame 'lidar_link' at time 1783780255.625 for reason 'the timestamp on the message is earlier than all the data in the transform cache'
[INFO] [1783780258.731832161] [global_costmap.global_costmap]: Message Filter dropping message: frame 'lidar_link' at time 1783780258.126 for reason 'the timestamp on the message is earlier than all the data in the transform cache'
[INFO] [1783780261.241625466] [global_costmap.global_costmap]: Message Filter dropping message: frame 'lidar_link' at time 1783780260.626 for reason 'the timestamp on the message is earlier than all the data in the transform cache'
[INFO] [1783780263.277354200] [global_costmap.global_costmap]: StaticLayer: Resizing costmap to 270 X 261 at 0.050000 m/pix
[INFO] [1783780265.777404206] [global_costmap.global_costmap]: StaticLayer: Resizing costmap to 271 X 272 at 0.050000 m/pix
[INFO] [1783780272.777696811] [global_costmap.global_costmap]: StaticLayer: Resizing costmap to 271 X 277 at 0.050000 m/pix
[INFO] [1783780274.278915153] [global_costmap.global_costmap]: StaticLayer: Resizing costmap to 271 X 278 at 0.050000 m/pix
[INFO] [1783780276.280165561] [global_costmap.global_costmap]: StaticLayer: Resizing costmap to 271 X 279 at 0.050000 m/pix
[INFO] [1783780281.278271879] [global_costmap.global_costmap]: StaticLayer: Resizing costmap to 271 X 280 at 0.050000 m/pix
[INFO] [1783780291.279352446] [global_costmap.global_costmap]: StaticLayer: Resizing costmap to 273 X 279 at 0.050000 m/pix
[INFO] [1783780291.299554271] [global_costmap.global_costmap]: Message Filter dropping message: frame 'lidar_link' at time 1783780290.693 for reason 'the timestamp on the message is earlier than all the data in the transform cache'
[INFO] [1783780297.590553059] [global_costmap.global_costmap]: Message Filter dropping message: frame 'lidar_link' at time 1783780296.986 for reason 'the timestamp on the message is earlier than all the data in the transform cache'
[INFO] [1783780300.182463151] [global_costmap.global_costmap]: Message Filter dropping message: frame 'lidar_link' at time 1783780299.590 for reason 'the timestamp on the message is earlier than all the data in the transform cache'
[INFO] [1783780302.684583216] [global_costmap.global_costmap]: Message Filter dropping message: frame 'lidar_link' at time 1783780302.087 for reason 'the timestamp on the message is earlier than all the data in the transform cache'
[INFO] [1783780305.285840606] [global_costmap.global_costmap]: Message Filter dropping message: frame 'lidar_link' at time 1783780304.681 for reason 'the timestamp on the message is earlier than all the data in the transform cache'
[INFO] [1783780308.386128339] [global_costmap.global_costmap]: Message Filter dropping message: frame 'lidar_link' at time 1783780307.776 for reason 'the timestamp on the message is earlier than all the data in the transform cache'
[INFO] [1783780311.081843545] [global_costmap.global_costmap]: Message Filter dropping message: frame 'lidar_link' at time 1783780310.488 for reason 'the timestamp on the message is earlier than all the data in the transform cache'
[INFO] [1783780315.173278512] [global_costmap.global_costmap]: Message Filter dropping message: frame 'lidar_link' at time 1783780314.571 for reason 'the timestamp on the message is earlier than all the data in the transform cache'
[INFO] [1783780318.071458335] [global_costmap.global_costmap]: Message Filter dropping message: frame 'lidar_link' at time 1783780317.471 for reason 'the timestamp on the message is earlier than all the data in the transform cache'
[INFO] [1783780335.698312620] [rclcpp]: signal_handler(SIGINT/SIGTERM)
[INFO] [1783780335.698449065] [planner_server]: Running Nav2 LifecycleNode rcl preshutdown (planner_server)
[INFO] [1783780335.698526899] [planner_server]: Deactivating
[INFO] [1783780335.698576343] [global_costmap.global_costmap]: Deactivating
[INFO] [1783780335.781130761] [planner_server]: Deactivating plugin GridBased of type NavfnPlanner
[INFO] [1783780335.781237891] [planner_server]: Destroying bond (planner_server) to lifecycle manager.
[INFO] [1783780335.813590070] [planner_server]: Cleaning up
[INFO] [1783780336.263628641] [global_costmap.global_costmap]: Cleaning up
[INFO] [1783780336.623299481] [planner_server]: Cleaning up plugin GridBased of type NavfnPlanner
[INFO] [1783780336.623409352] [planner_server]: Destroying plugin GridBased of type NavfnPlanner
[INFO] [1783780339.208757717] [planner_server]: Destroying bond (planner_server) to lifecycle manager.
