[INFO] [1783786433.455044045] [planner_server]: 
	planner_server lifecycle node launched. 
	Waiting on external lifecycle transitions to activate
	See https://design.ros2.org/articles/node_lifecycle.html for more information.
[INFO] [1783786433.540725860] [planner_server]: Creating
[INFO] [1783786434.241246285] [global_costmap.global_costmap]: 
	global_costmap lifecycle node launched. 
	Waiting on external lifecycle transitions to activate
	See https://design.ros2.org/articles/node_lifecycle.html for more information.
[INFO] [1783786434.256256638] [global_costmap.global_costmap]: Creating Costmap
[INFO] [1783786435.371919772] [planner_server]: Configuring
[INFO] [1783786435.372081406] [global_costmap.global_costmap]: Configuring
[INFO] [1783786435.435063315] [global_costmap.global_costmap]: Using plugin "static_layer"
[INFO] [1783786435.450513144] [global_costmap.global_costmap]: Subscribing to the map topic (/map) with transient local durability
[INFO] [1783786435.465848154] [global_costmap.global_costmap]: Initialized plugin "static_layer"
[INFO] [1783786435.465972343] [global_costmap.global_costmap]: Using plugin "obstacle_layer"
[INFO] [1783786435.480846025] [global_costmap.global_costmap]: Subscribed to Topics: scan
[INFO] [1783786435.501484088] [global_costmap.global_costmap]: Initialized plugin "obstacle_layer"
[INFO] [1783786435.501570443] [global_costmap.global_costmap]: Using plugin "inflation_layer"
[INFO] [1783786435.503213290] [global_costmap.global_costmap]: Initialized plugin "inflation_layer"
[INFO] [1783786435.706223024] [planner_server]: Created global planner plugin GridBased of type nav2_navfn_planner::NavfnPlanner
[INFO] [1783786435.706338731] [planner_server]: Configuring plugin GridBased of type NavfnPlanner
[INFO] [1783786435.710268223] [planner_server]: Planner Server has GridBased  planners available.
[INFO] [1783786436.247506926] [global_costmap.global_costmap]: StaticLayer: Resizing costmap to 151 X 115 at 0.050000 m/pix
[INFO] [1783786437.897952107] [planner_server]: Activating
[INFO] [1783786437.898025072] [global_costmap.global_costmap]: Activating
[INFO] [1783786437.898048795] [global_costmap.global_costmap]: Checking transform
[INFO] [1783786437.898269839] [global_costmap.global_costmap]: start
[INFO] [1783786438.404330552] [planner_server]: Activating plugin GridBased of type NavfnPlanner
[INFO] [1783786438.413468945] [planner_server]: Creating bond (planner_server) to lifecycle manager.
[INFO] [1783786474.900383373] [global_costmap.global_costmap]: StaticLayer: Resizing costmap to 151 X 116 at 0.050000 m/pix
[INFO] [1783786477.399175290] [global_costmap.global_costmap]: StaticLayer: Resizing costmap to 151 X 116 at 0.050000 m/pix
[INFO] [1783786478.901328435] [global_costmap.global_costmap]: StaticLayer: Resizing costmap to 151 X 116 at 0.050000 m/pix
[INFO] [1783786480.399174085] [global_costmap.global_costmap]: StaticLayer: Resizing costmap to 151 X 116 at 0.050000 m/pix
[INFO] [1783786482.402538075] [global_costmap.global_costmap]: StaticLayer: Resizing costmap to 154 X 116 at 0.050000 m/pix
[INFO] [1783786482.901281177] [global_costmap.global_costmap]: StaticLayer: Resizing costmap to 154 X 116 at 0.050000 m/pix
[INFO] [1783786490.900063610] [global_costmap.global_costmap]: StaticLayer: Resizing costmap to 154 X 116 at 0.050000 m/pix
[INFO] [1783786500.899179331] [global_costmap.global_costmap]: StaticLayer: Resizing costmap to 154 X 116 at 0.050000 m/pix
[INFO] [1783786512.404620828] [global_costmap.global_costmap]: StaticLayer: Resizing costmap to 154 X 117 at 0.050000 m/pix
[INFO] [1783786516.406377428] [global_costmap.global_costmap]: StaticLayer: Resizing costmap to 154 X 117 at 0.050000 m/pix
[INFO] [1783786544.404939329] [global_costmap.global_costmap]: StaticLayer: Resizing costmap to 155 X 117 at 0.050000 m/pix
[INFO] [1783786583.333417954] [rclcpp]: signal_handler(SIGINT/SIGTERM)
[INFO] [1783786583.333608589] [planner_server]: Running Nav2 LifecycleNode rcl preshutdown (planner_server)
[INFO] [1783786583.335614761] [planner_server]: Deactivating
[INFO] [1783786583.335710653] [global_costmap.global_costmap]: Deactivating
[INFO] [1783786583.421365758] [planner_server]: Deactivating plugin GridBased of type NavfnPlanner
[INFO] [1783786583.421463372] [planner_server]: Destroying bond (planner_server) to lifecycle manager.
[INFO] [1783786583.522125786] [planner_server]: Cleaning up
[INFO] [1783786584.066714869] [global_costmap.global_costmap]: Cleaning up
[INFO] [1783786584.352773069] [planner_server]: Cleaning up plugin GridBased of type NavfnPlanner
[INFO] [1783786584.352928667] [planner_server]: Destroying plugin GridBased of type NavfnPlanner
[INFO] [1783786584.807212595] [planner_server]: Destroying bond (planner_server) to lifecycle manager.
