[INFO] [1783789389.726811774] [planner_server]: 
	planner_server lifecycle node launched. 
	Waiting on external lifecycle transitions to activate
	See https://design.ros2.org/articles/node_lifecycle.html for more information.
[INFO] [1783789389.823952820] [planner_server]: Creating
[INFO] [1783789390.620888865] [global_costmap.global_costmap]: 
	global_costmap lifecycle node launched. 
	Waiting on external lifecycle transitions to activate
	See https://design.ros2.org/articles/node_lifecycle.html for more information.
[INFO] [1783789390.622641951] [global_costmap.global_costmap]: Creating Costmap
[INFO] [1783789393.882323259] [planner_server]: Configuring
[INFO] [1783789393.882407019] [global_costmap.global_costmap]: Configuring
[INFO] [1783789393.963131989] [global_costmap.global_costmap]: Using plugin "static_layer"
[INFO] [1783789393.981332885] [global_costmap.global_costmap]: Subscribing to the map topic (/map) with transient local durability
[INFO] [1783789393.989553327] [global_costmap.global_costmap]: Initialized plugin "static_layer"
[INFO] [1783789393.990409436] [global_costmap.global_costmap]: Using plugin "obstacle_layer"
[INFO] [1783789394.002548174] [global_costmap.global_costmap]: Subscribed to Topics: scan
[INFO] [1783789394.041922433] [global_costmap.global_costmap]: Initialized plugin "obstacle_layer"
[INFO] [1783789394.042072201] [global_costmap.global_costmap]: Using plugin "inflation_layer"
[INFO] [1783789394.047857298] [global_costmap.global_costmap]: Initialized plugin "inflation_layer"
[INFO] [1783789394.214039800] [global_costmap.global_costmap]: StaticLayer: Resizing costmap to 100 X 237 at 0.050000 m/pix
[INFO] [1783789394.218687558] [planner_server]: Created global planner plugin GridBased of type nav2_navfn_planner::NavfnPlanner
[INFO] [1783789394.218808839] [planner_server]: Configuring plugin GridBased of type NavfnPlanner
[INFO] [1783789394.227180756] [planner_server]: Planner Server has GridBased  planners available.
[INFO] [1783789396.633194014] [planner_server]: Activating
[INFO] [1783789396.633289074] [global_costmap.global_costmap]: Activating
[INFO] [1783789396.633314440] [global_costmap.global_costmap]: Checking transform
[INFO] [1783789396.635063254] [global_costmap.global_costmap]: start
[INFO] [1783789397.146201419] [planner_server]: Activating plugin GridBased of type NavfnPlanner
[INFO] [1783789397.151247267] [planner_server]: Creating bond (planner_server) to lifecycle manager.
[INFO] [1783789417.432798716] [global_costmap.global_costmap]: Message Filter dropping message: frame 'lidar_link' at time 1783789416.822 for reason 'the timestamp on the message is earlier than all the data in the transform cache'
[INFO] [1783789449.185248981] [rclcpp]: signal_handler(SIGINT/SIGTERM)
[INFO] [1783789449.185363507] [planner_server]: Running Nav2 LifecycleNode rcl preshutdown (planner_server)
[INFO] [1783789449.193939401] [planner_server]: Deactivating
[INFO] [1783789449.194027625] [global_costmap.global_costmap]: Deactivating
[INFO] [1783789449.647630130] [planner_server]: Deactivating plugin GridBased of type NavfnPlanner
[INFO] [1783789449.647749231] [planner_server]: Destroying bond (planner_server) to lifecycle manager.
[INFO] [1783789449.661638785] [planner_server]: Cleaning up
[INFO] [1783789450.121913874] [global_costmap.global_costmap]: Cleaning up
[INFO] [1783789450.405078581] [planner_server]: Cleaning up plugin GridBased of type NavfnPlanner
[INFO] [1783789450.417131524] [planner_server]: Destroying plugin GridBased of type NavfnPlanner
[INFO] [1783789450.673217010] [planner_server]: Destroying bond (planner_server) to lifecycle manager.
