[INFO] [1783778389.126000289] [base_driver_node]: SweePi base driver starting on /dev/ttyAMA0 at 115200 baud
[INFO] [1783778389.127283159] [base_driver_node]: Base driver parameters: serial_port=/dev/ttyAMA0, baud_rate=115200, wheel_radius=0.0615, wheel_separation=0.29, ticks_per_revolution=7392.0, left_encoder_sign=1.0, right_encoder_sign=1.0, left_motor_command_sign=1.0, right_motor_command_sign=1.0, command_rate_hz=50.0, feedback_poll_rate_hz=100.0, cmd_vel_timeout=0.5, gyro_units=rad_s, accel_units=m_s2
[INFO] [1783778389.128898701] [base_driver_node]: Connected to STM32 on /dev/ttyAMA0
[ERROR] [1783778389.283933738] [base_driver_node]: Serial read failed: device reports readiness to read but returned no data (device disconnected or multiple access on port?)
[INFO] [1783778390.135460677] [base_driver_node]: Connected to STM32 on /dev/ttyAMA0
[WARN] [1783778390.156233067] [base_driver_node]: Feedback sequence jump: expected 87758, got 87800
[WARN] [1783778390.305843961] [base_driver_node]: Feedback sequence jump: expected 87806, got 87807
[WARN] [1783778390.535900189] [base_driver_node]: Feedback sequence jump: expected 87814, got 87818
[WARN] [1783778390.745905037] [base_driver_node]: Feedback sequence jump: expected 87824, got 87828
[WARN] [1783778390.976165749] [base_driver_node]: Feedback sequence jump: expected 87834, got 87839
[WARN] [1783778391.185925953] [base_driver_node]: Feedback sequence jump: expected 87845, got 87849
[WARN] [1783778391.415908036] [base_driver_node]: Feedback sequence jump: expected 87855, got 87860
[WARN] [1783778391.625686479] [base_driver_node]: Feedback sequence jump: expected 87866, got 87870
[WARN] [1783778391.836016912] [base_driver_node]: Feedback sequence jump: expected 87876, got 87880
[WARN] [1783778392.066278661] [base_driver_node]: Feedback sequence jump: expected 87887, got 87891
[WARN] [1783778392.275884644] [base_driver_node]: Feedback sequence jump: expected 87897, got 87901
[WARN] [1783778392.485910559] [base_driver_node]: Feedback sequence jump: expected 87907, got 87911
[WARN] [1783778392.715896700] [base_driver_node]: Feedback sequence jump: expected 87917, got 87922
[WARN] [1783778392.926338529] [base_driver_node]: Feedback sequence jump: expected 87928, got 87932
[WARN] [1783778393.135764427] [base_driver_node]: Feedback sequence jump: expected 87938, got 87942
[WARN] [1783778393.345965164] [base_driver_node]: Feedback sequence jump: expected 87949, got 87952
[WARN] [1783778393.575824290] [base_driver_node]: Feedback sequence jump: expected 87959, got 87963
[WARN] [1783778393.785802672] [base_driver_node]: Feedback sequence jump: expected 87970, got 87973
[WARN] [1783778394.016692719] [base_driver_node]: Feedback sequence jump: expected 87980, got 87984
[WARN] [1783778394.225750982] [base_driver_node]: Feedback sequence jump: expected 87990, got 87994
[WARN] [1783778394.456473957] [base_driver_node]: Feedback sequence jump: expected 88000, got 88005
[WARN] [1783778394.665790854] [base_driver_node]: Feedback sequence jump: expected 88011, got 88015
[WARN] [1783778394.875842021] [base_driver_node]: Feedback sequence jump: expected 88021, got 88025
[WARN] [1783778395.105899072] [base_driver_node]: Feedback sequence jump: expected 88032, got 88036
[WARN] [1783778395.315953300] [base_driver_node]: Feedback sequence jump: expected 88042, got 88046
[WARN] [1783778395.546016695] [base_driver_node]: Feedback sequence jump: expected 88052, got 88057
[WARN] [1783778395.755421451] [base_driver_node]: Feedback sequence jump: expected 88062, got 88067
[WARN] [1783778395.966186596] [base_driver_node]: Feedback sequence jump: expected 88073, got 88077
[WARN] [1783778396.175725398] [base_driver_node]: Feedback sequence jump: expected 88083, got 88087
[WARN] [1783778396.405362995] [base_driver_node]: Feedback sequence jump: expected 88094, got 88098
[WARN] [1783778396.615941198] [base_driver_node]: Feedback sequence jump: expected 88104, got 88108
[WARN] [1783778396.825931264] [base_driver_node]: Feedback sequence jump: expected 88114, got 88118
[WARN] [1783778397.056701633] [base_driver_node]: Feedback sequence jump: expected 88125, got 88129
[WARN] [1783778397.265811265] [base_driver_node]: Feedback sequence jump: expected 88135, got 88139
[WARN] [1783778397.495826465] [base_driver_node]: Feedback sequence jump: expected 88145, got 88150
[WARN] [1783778397.705723701] [base_driver_node]: Feedback sequence jump: expected 88156, got 88160
[WARN] [1783778397.935926625] [base_driver_node]: Feedback sequence jump: expected 88166, got 88171
[WARN] [1783778398.147692878] [base_driver_node]: Feedback sequence jump: expected 88177, got 88181
[WARN] [1783778398.355903300] [base_driver_node]: Feedback sequence jump: expected 88187, got 88191
[WARN] [1783778398.587792215] [base_driver_node]: Feedback sequence jump: expected 88197, got 88202
[WARN] [1783778398.795824894] [base_driver_node]: Feedback sequence jump: expected 88208, got 88212
[WARN] [1783778399.006792983] [base_driver_node]: Feedback sequence jump: expected 88219, got 88222
[WARN] [1783778399.235792881] [base_driver_node]: Feedback sequence jump: expected 88228, got 88233
[WARN] [1783778399.446334841] [base_driver_node]: Feedback sequence jump: expected 88239, got 88243
[WARN] [1783778399.675913506] [base_driver_node]: Feedback sequence jump: expected 88249, got 88254
[WARN] [1783778399.886193555] [base_driver_node]: Feedback sequence jump: expected 88260, got 88264
[WARN] [1783778400.096923326] [base_driver_node]: Feedback sequence jump: expected 88270, got 88274
[WARN] [1783778400.305853343] [base_driver_node]: Feedback sequence jump: expected 88281, got 88284
[WARN] [1783778400.536040150] [base_driver_node]: Feedback sequence jump: expected 88291, got 88295
[WARN] [1783778400.745840643] [base_driver_node]: Feedback sequence jump: expected 88301, got 88305
[WARN] [1783778400.975727816] [base_driver_node]: Feedback sequence jump: expected 88312, got 88316
[WARN] [1783778401.185574483] [base_driver_node]: Feedback sequence jump: expected 88322, got 88326
[ERROR] [1783778401.415534069] [base_driver_node]: Serial read failed: device reports readiness to read but returned no data (device disconnected or multiple access on port?)
[INFO] [1783778401.416814050] [base_driver_node]: Connected to STM32 on /dev/ttyAMA0
[WARN] [1783778401.435615638] [base_driver_node]: Feedback sequence jump: expected 88332, got 88338
[WARN] [1783778401.625582607] [base_driver_node]: Feedback sequence jump: expected 88343, got 88347
[WARN] [1783778401.835586589] [base_driver_node]: Feedback sequence jump: expected 88353, got 88357
[WARN] [1783778402.046075446] [base_driver_node]: Feedback sequence jump: expected 88364, got 88367
[WARN] [1783778402.275859793] [base_driver_node]: Feedback sequence jump: expected 88374, got 88378
[WARN] [1783778402.485594500] [base_driver_node]: Feedback sequence jump: expected 88384, got 88388
[WARN] [1783778402.716027930] [base_driver_node]: Feedback sequence jump: expected 88394, got 88399
[WARN] [1783778402.925609616] [base_driver_node]: Feedback sequence jump: expected 88405, got 88409
[WARN] [1783778403.136592738] [base_driver_node]: Feedback sequence jump: expected 88415, got 88419
[WARN] [1783778403.365998660] [base_driver_node]: Feedback sequence jump: expected 88426, got 88430
[WARN] [1783778403.575848558] [base_driver_node]: Feedback sequence jump: expected 88436, got 88440
[WARN] [1783778403.805951748] [base_driver_node]: Feedback sequence jump: expected 88447, got 88451
[WARN] [1783778404.015948130] [base_driver_node]: Feedback sequence jump: expected 88457, got 88461
[WARN] [1783778404.225706126] [base_driver_node]: Feedback sequence jump: expected 88468, got 88471
[WARN] [1783778404.455937507] [base_driver_node]: Feedback sequence jump: expected 88477, got 88482
[WARN] [1783778404.666098471] [base_driver_node]: Feedback sequence jump: expected 88488, got 88492
[WARN] [1783778404.895745011] [base_driver_node]: Feedback sequence jump: expected 88499, got 88503
[WARN] [1783778405.107104411] [base_driver_node]: Feedback sequence jump: expected 88509, got 88513
[WARN] [1783778405.317810852] [base_driver_node]: Feedback sequence jump: expected 88519, got 88523
[WARN] [1783778405.525897146] [base_driver_node]: Feedback sequence jump: expected 88529, got 88533
[WARN] [1783778405.755918603] [base_driver_node]: Feedback sequence jump: expected 88540, got 88544
[WARN] [1783778405.965700809] [base_driver_node]: Feedback sequence jump: expected 88550, got 88554
[WARN] [1783778406.195894405] [base_driver_node]: Feedback sequence jump: expected 88561, got 88565
[WARN] [1783778406.405772729] [base_driver_node]: Feedback sequence jump: expected 88571, got 88575
[WARN] [1783778406.616085948] [base_driver_node]: Feedback sequence jump: expected 88581, got 88585
[WARN] [1783778406.846359969] [base_driver_node]: Feedback sequence jump: expected 88592, got 88596
[WARN] [1783778407.055763709] [base_driver_node]: Feedback sequence jump: expected 88602, got 88606
[WARN] [1783778407.267405748] [base_driver_node]: Feedback sequence jump: expected 88613, got 88616
[WARN] [1783778407.496391571] [base_driver_node]: Feedback sequence jump: expected 88623, got 88627
[WARN] [1783778407.725949717] [base_driver_node]: Feedback sequence jump: expected 88633, got 88638
[WARN] [1783778407.938252616] [base_driver_node]: Feedback sequence jump: expected 88643, got 88648
[WARN] [1783778408.145920463] [base_driver_node]: Feedback sequence jump: expected 88654, got 88658
[WARN] [1783778408.375926212] [base_driver_node]: Feedback sequence jump: expected 88664, got 88669
[WARN] [1783778408.585778196] [base_driver_node]: Feedback sequence jump: expected 88675, got 88679
[WARN] [1783778408.795933295] [base_driver_node]: Feedback sequence jump: expected 88685, got 88689
[WARN] [1783778409.005457626] [base_driver_node]: Feedback sequence jump: expected 88696, got 88699
[WARN] [1783778409.236044869] [base_driver_node]: Feedback sequence jump: expected 88706, got 88710
[WARN] [1783778409.467133378] [base_driver_node]: Feedback sequence jump: expected 88717, got 88721
[WARN] [1783778409.675772481] [base_driver_node]: Feedback sequence jump: expected 88727, got 88731
[WARN] [1783778409.886205905] [base_driver_node]: Feedback sequence jump: expected 88737, got 88741
[WARN] [1783778410.116123077] [base_driver_node]: Feedback sequence jump: expected 88747, got 88752
[WARN] [1783778410.325770199] [base_driver_node]: Feedback sequence jump: expected 88757, got 88762
[WARN] [1783778410.535857902] [base_driver_node]: Feedback sequence jump: expected 88768, got 88772
[WARN] [1783778410.765678566] [base_driver_node]: Feedback sequence jump: expected 88779, got 88783
[WARN] [1783778410.976622483] [base_driver_node]: Feedback sequence jump: expected 88789, got 88793
[WARN] [1783778411.185785052] [base_driver_node]: Feedback sequence jump: expected 88799, got 88803
[WARN] [1783778411.415965077] [base_driver_node]: Feedback sequence jump: expected 88810, got 88814
[WARN] [1783778411.625446019] [base_driver_node]: Feedback sequence jump: expected 88820, got 88824
[WARN] [1783778411.855300040] [base_driver_node]: Feedback sequence jump: expected 88830, got 88835
[WARN] [1783778412.066305998] [base_driver_node]: Feedback sequence jump: expected 88841, got 88845
[WARN] [1783778412.275401366] [base_driver_node]: Feedback sequence jump: expected 88851, got 88855
[WARN] [1783778412.505852289] [base_driver_node]: Feedback sequence jump: expected 88862, got 88866
[WARN] [1783778412.715471368] [base_driver_node]: Feedback sequence jump: expected 88872, got 88876
[WARN] [1783778412.925873032] [base_driver_node]: Feedback sequence jump: expected 88882, got 88886
[WARN] [1783778413.155810235] [base_driver_node]: Feedback sequence jump: expected 88893, got 88897
[WARN] [1783778413.366058569] [base_driver_node]: Feedback sequence jump: expected 88903, got 88907
[WARN] [1783778413.595917878] [base_driver_node]: Feedback sequence jump: expected 88913, got 88918
[WARN] [1783778413.805707984] [base_driver_node]: Feedback sequence jump: expected 88924, got 88928
[WARN] [1783778414.016238951] [base_driver_node]: Feedback sequence jump: expected 88934, got 88938
[WARN] [1783778414.245983449] [base_driver_node]: Feedback sequence jump: expected 88945, got 88949
[WARN] [1783778414.456017731] [base_driver_node]: Feedback sequence jump: expected 88955, got 88959
[WARN] [1783778414.686156530] [base_driver_node]: Feedback sequence jump: expected 88966, got 88970
[WARN] [1783778414.895447914] [base_driver_node]: Feedback sequence jump: expected 88976, got 88980
[WARN] [1783778415.107660588] [base_driver_node]: Feedback sequence jump: expected 88987, got 88990
[WARN] [1783778415.335846849] [base_driver_node]: Feedback sequence jump: expected 88997, got 89001
[WARN] [1783778415.546031640] [base_driver_node]: Feedback sequence jump: expected 89008, got 89011
[WARN] [1783778415.776196111] [base_driver_node]: Feedback sequence jump: expected 89017, got 89022
[WARN] [1783778415.985527076] [base_driver_node]: Feedback sequence jump: expected 89028, got 89032
[WARN] [1783778416.195804412] [base_driver_node]: Feedback sequence jump: expected 89038, got 89042
[WARN] [1783778416.425726718] [base_driver_node]: Feedback sequence jump: expected 89048, got 89053
[WARN] [1783778416.635848552] [base_driver_node]: Feedback sequence jump: expected 89058, got 89063
[WARN] [1783778416.845651918] [base_driver_node]: Feedback sequence jump: expected 89069, got 89073
[WARN] [1783778417.075471015] [base_driver_node]: Feedback sequence jump: expected 89080, got 89084
[WARN] [1783778417.285991841] [base_driver_node]: Feedback sequence jump: expected 89090, got 89094
[WARN] [1783778417.497090267] [base_driver_node]: Feedback sequence jump: expected 89100, got 89104
[WARN] [1783778417.725991751] [base_driver_node]: Feedback sequence jump: expected 89111, got 89115
[WARN] [1783778417.936401854] [base_driver_node]: Feedback sequence jump: expected 89121, got 89125
[WARN] [1783778418.147448252] [base_driver_node]: Feedback sequence jump: expected 89132, got 89135
[WARN] [1783778418.395765004] [base_driver_node]: Feedback sequence jump: expected 89142, got 89147
[WARN] [1783778418.585662429] [base_driver_node]: Feedback sequence jump: expected 89152, got 89156
[WARN] [1783778418.816486906] [base_driver_node]: Feedback sequence jump: expected 89162, got 89167
[WARN] [1783778419.025909149] [base_driver_node]: Feedback sequence jump: expected 89173, got 89177
[WARN] [1783778419.236202856] [base_driver_node]: Feedback sequence jump: expected 89183, got 89187
[WARN] [1783778419.465888046] [base_driver_node]: Feedback sequence jump: expected 89194, got 89198
[WARN] [1783778419.675918212] [base_driver_node]: Feedback sequence jump: expected 89204, got 89208
[WARN] [1783778419.885905452] [base_driver_node]: Feedback sequence jump: expected 89215, got 89218
[WARN] [1783778420.115834323] [base_driver_node]: Feedback sequence jump: expected 89225, got 89229
[WARN] [1783778420.155624115] [base_driver_node]: Feedback sequence jump: expected 89230, got 89231
[WARN] [1783778420.325410731] [base_driver_node]: Feedback sequence jump: expected 89235, got 89239
[WARN] [1783778420.555886381] [base_driver_node]: Feedback sequence jump: expected 89246, got 89250
[WARN] [1783778420.766571136] [base_driver_node]: Feedback sequence jump: expected 89257, got 89260
[WARN] [1783778420.995790955] [base_driver_node]: Feedback sequence jump: expected 89266, got 89271
[WARN] [1783778421.205887969] [base_driver_node]: Feedback sequence jump: expected 89277, got 89281
[WARN] [1783778421.415900666] [base_driver_node]: Feedback sequence jump: expected 89287, got 89291
[WARN] [1783778421.645578182] [base_driver_node]: Feedback sequence jump: expected 89298, got 89302
[WARN] [1783778421.855793234] [base_driver_node]: Feedback sequence jump: expected 89308, got 89312
[WARN] [1783778422.065423757] [base_driver_node]: Feedback sequence jump: expected 89319, got 89322
[WARN] [1783778422.297353231] [base_driver_node]: Feedback sequence jump: expected 89328, got 89333
[WARN] [1783778422.505819269] [base_driver_node]: Feedback sequence jump: expected 89339, got 89343
[WARN] [1783778422.716028957] [base_driver_node]: Feedback sequence jump: expected 89349, got 89353
[WARN] [1783778422.946058538] [base_driver_node]: Feedback sequence jump: expected 89360, got 89364
[WARN] [1783778423.155971417] [base_driver_node]: Feedback sequence jump: expected 89370, got 89374
[WARN] [1783778423.386038875] [base_driver_node]: Feedback sequence jump: expected 89381, got 89385
[WARN] [1783778423.595741304] [base_driver_node]: Feedback sequence jump: expected 89391, got 89395
[WARN] [1783778423.805827201] [base_driver_node]: Feedback sequence jump: expected 89401, got 89405
[WARN] [1783778424.036090122] [base_driver_node]: Feedback sequence jump: expected 89411, got 89416
[WARN] [1783778424.245449202] [base_driver_node]: Feedback sequence jump: expected 89422, got 89426
[WARN] [1783778424.475803502] [base_driver_node]: Feedback sequence jump: expected 89432, got 89437
[WARN] [1783778424.685906739] [base_driver_node]: Feedback sequence jump: expected 89443, got 89447
[WARN] [1783778424.897943667] [base_driver_node]: Feedback sequence jump: expected 89453, got 89457
[WARN] [1783778425.105975040] [base_driver_node]: Feedback sequence jump: expected 89463, got 89467
[WARN] [1783778425.336027101] [base_driver_node]: Feedback sequence jump: expected 89473, got 89478
[WARN] [1783778425.545379706] [base_driver_node]: Feedback sequence jump: expected 89484, got 89488
[WARN] [1783778425.775604158] [base_driver_node]: Feedback sequence jump: expected 89494, got 89499
[WARN] [1783778425.985649679] [base_driver_node]: Feedback sequence jump: expected 89505, got 89509
[WARN] [1783778426.195907896] [base_driver_node]: Feedback sequence jump: expected 89515, got 89519
[WARN] [1783778426.406293873] [base_driver_node]: Feedback sequence jump: expected 89526, got 89529
[WARN] [1783778426.635983565] [base_driver_node]: Feedback sequence jump: expected 89536, got 89540
[WARN] [1783778426.846049593] [base_driver_node]: Feedback sequence jump: expected 89546, got 89550
[WARN] [1783778427.076088285] [base_driver_node]: Feedback sequence jump: expected 89556, got 89561
[WARN] [1783778427.287800451] [base_driver_node]: Feedback sequence jump: expected 89567, got 89571
[WARN] [1783778427.496251189] [base_driver_node]: Feedback sequence jump: expected 89577, got 89581
[WARN] [1783778427.706004831] [base_driver_node]: Feedback sequence jump: expected 89588, got 89591
[WARN] [1783778427.937483181] [base_driver_node]: Feedback sequence jump: expected 89598, got 89602
[WARN] [1783778428.145998485] [base_driver_node]: Feedback sequence jump: expected 89608, got 89612
[WARN] [1783778428.375385630] [base_driver_node]: Feedback sequence jump: expected 89619, got 89623
[WARN] [1783778428.585620415] [base_driver_node]: Feedback sequence jump: expected 89630, got 89633
[WARN] [1783778428.796064276] [base_driver_node]: Feedback sequence jump: expected 89639, got 89643
[WARN] [1783778429.026040778] [base_driver_node]: Feedback sequence jump: expected 89651, got 89654
[WARN] [1783778429.235822990] [base_driver_node]: Feedback sequence jump: expected 89660, got 89664
[WARN] [1783778429.465974279] [base_driver_node]: Feedback sequence jump: expected 89671, got 89675
[WARN] [1783778429.675843419] [base_driver_node]: Feedback sequence jump: expected 89681, got 89685
[WARN] [1783778429.886425733] [base_driver_node]: Feedback sequence jump: expected 89691, got 89695
[WARN] [1783778430.117405155] [base_driver_node]: Feedback sequence jump: expected 89702, got 89706
[WARN] [1783778430.325888230] [base_driver_node]: Feedback sequence jump: expected 89712, got 89716
[WARN] [1783778430.555900986] [base_driver_node]: Feedback sequence jump: expected 89722, got 89727
[WARN] [1783778430.765785151] [base_driver_node]: Feedback sequence jump: expected 89733, got 89737
[WARN] [1783778430.976483585] [base_driver_node]: Feedback sequence jump: expected 89743, got 89747
[WARN] [1783778431.205847211] [base_driver_node]: Feedback sequence jump: expected 89754, got 89758
[WARN] [1783778431.416099351] [base_driver_node]: Feedback sequence jump: expected 89764, got 89768
[WARN] [1783778431.625722908] [base_driver_node]: Feedback sequence jump: expected 89775, got 89778
[WARN] [1783778431.855547224] [base_driver_node]: Feedback sequence jump: expected 89785, got 89789
[WARN] [1783778432.066141457] [base_driver_node]: Feedback sequence jump: expected 89796, got 89799
[WARN] [1783778432.296031205] [base_driver_node]: Feedback sequence jump: expected 89805, got 89810
[WARN] [1783778432.505832883] [base_driver_node]: Feedback sequence jump: expected 89816, got 89820
[WARN] [1783778432.736207600] [base_driver_node]: Feedback sequence jump: expected 89826, got 89831
[WARN] [1783778432.945984278] [base_driver_node]: Feedback sequence jump: expected 89837, got 89841
[WARN] [1783778433.155905912] [base_driver_node]: Feedback sequence jump: expected 89847, got 89851
[WARN] [1783778433.385575998] [base_driver_node]: Feedback sequence jump: expected 89858, got 89862
[WARN] [1783778433.595704872] [base_driver_node]: Feedback sequence jump: expected 89868, got 89872
[WARN] [1783778433.805953748] [base_driver_node]: Feedback sequence jump: expected 89878, got 89882
[WARN] [1783778434.036086151] [base_driver_node]: Feedback sequence jump: expected 89889, got 89893
[WARN] [1783778434.245978882] [base_driver_node]: Feedback sequence jump: expected 89899, got 89903
[WARN] [1783778434.456116189] [base_driver_node]: Feedback sequence jump: expected 89909, got 89913
[WARN] [1783778434.685856244] [base_driver_node]: Feedback sequence jump: expected 89920, got 89924
[WARN] [1783778434.916006008] [base_driver_node]: Feedback sequence jump: expected 89930, got 89935
[WARN] [1783778435.106029075] [base_driver_node]: Feedback sequence jump: expected 89941, got 89944
[WARN] [1783778435.335991639] [base_driver_node]: Feedback sequence jump: expected 89951, got 89955
[WARN] [1783778435.545676059] [base_driver_node]: Feedback sequence jump: expected 89962, got 89965
[WARN] [1783778435.776523023] [base_driver_node]: Feedback sequence jump: expected 89971, got 89976
[WARN] [1783778435.986128109] [base_driver_node]: Feedback sequence jump: expected 89982, got 89986
