[INFO] [1783781097.258455112] [wavefront_explorer]: ======================================================================
[INFO] [1783781097.262033138] [wavefront_explorer]: 🤖 WAVEFRONT EXPLORER (SMART BLOCKING FIX)
[INFO] [1783781097.265278537] [wavefront_explorer]: ======================================================================
[INFO] [1783781097.275630302] [wavefront_explorer]:    📋 FRONTIER DETECTION:
[INFO] [1783781097.279758953] [wavefront_explorer]:       frontier_min_size: 3
[INFO] [1783781097.283415385] [wavefront_explorer]:       min_unknown_region_area_m2: 0.05
[INFO] [1783781097.288714452] [wavefront_explorer]:       exploration_frequency: 1.0 Hz (timer period: 1.00s)
[INFO] [1783781097.291179043] [wavefront_explorer]:       max_frontier_candidates: 0
[INFO] [1783781097.293183156] [wavefront_explorer]:       no_frontier_finish_count: 10
[INFO] [1783781097.311467059] [wavefront_explorer]:       robot_base_frame: base_footprint
[INFO] [1783781097.316071539] [wavefront_explorer]:       far_goals: 8, far_min_distance: 1.00m
[INFO] [1783781097.319032829] [wavefront_explorer]:       safe_goal_clearance_weight: 250.0
[INFO] [1783781097.321452809] [wavefront_explorer]:    🔧 ATTEMPT LIMITS:
[INFO] [1783781097.323670901] [wavefront_explorer]:       max_attempts_per_frontier: 3
[INFO] [1783781097.326016585] [wavefront_explorer]:       max_consecutive_timeouts: 4
[INFO] [1783781097.328234696] [wavefront_explorer]:       max_total_timeouts: 35
[INFO] [1783781097.330450659] [wavefront_explorer]:    📏 SMART BLOCKING:
[INFO] [1783781097.332628882] [wavefront_explorer]:       unreachable_region_radius: 0.4m
[INFO] [1783781097.335237490] [wavefront_explorer]:       smart_blocking_enabled: True
[INFO] [1783781097.337668710] [wavefront_explorer]:       failed_frontier_retry_sec: 30.0s
[INFO] [1783781097.341600603] [wavefront_explorer]:       completion_retry_cycles: 3
[INFO] [1783781097.343973787] [wavefront_explorer]:       frontier_goal_search_radius: 1.4m
[INFO] [1783781097.346392267] [wavefront_explorer]:       save_map_padding_m: 0.50m
[INFO] [1783781097.358772738] [wavefront_explorer]:       close_saved_map_boundary: True thickness=0.10m
[INFO] [1783781097.369390557] [wavefront_explorer]:    CONTROL:
[INFO] [1783781097.372565697] [wavefront_explorer]:       map_name: living_room
[INFO] [1783781097.375861077] [wavefront_explorer]:       start_mode: manual
[INFO] [1783781097.379374251] [wavefront_explorer]:       cmd_vel_topic: /cmd_vel
[INFO] [1783781097.382775408] [wavefront_explorer]:       source_map_topic: /slam_map
[INFO] [1783781097.385895456] [wavefront_explorer]:       repaired_map_topic: /map
[INFO] [1783781097.390257975] [wavefront_explorer]:       /set_manual_control true=manual false=auto
[INFO] [1783781097.392990674] [wavefront_explorer]:       /stop_exploration_and_save map_url=<name>
[INFO] [1783781097.398434129] [wavefront_explorer]: ======================================================================
[INFO] [1783781098.191530975] [wavefront_explorer]: Manual control active; automatic frontier goals are paused.
[INFO] [1783781109.163452868] [wavefront_explorer]: Manual control active; automatic frontier goals are paused.
[INFO] [1783781120.164609801] [wavefront_explorer]: Manual control active; automatic frontier goals are paused.
[INFO] [1783781130.182481982] [wavefront_explorer]: Manual control active; automatic frontier goals are paused.
[INFO] [1783781141.163618814] [wavefront_explorer]: Manual control active; automatic frontier goals are paused.
[INFO] [1783781151.173037575] [wavefront_explorer]: Manual control active; automatic frontier goals are paused.
[INFO] [1783781162.164069719] [wavefront_explorer]: Manual control active; automatic frontier goals are paused.
[INFO] [1783781173.163276617] [wavefront_explorer]: Manual control active; automatic frontier goals are paused.
[INFO] [1783781183.164438625] [wavefront_explorer]: Manual control active; automatic frontier goals are paused.
