[INFO] [1783786101.000615947] [coverage_follow_path_executor_node]: Coverage FollowPath executor started: action=/follow_path controller_id=FollowPath smoother_action=/smooth_path smoother_id=simple_smoother path=/coverage_path raw=/coverage_path_raw smoothed=/coverage_smoothed_path active=/coverage_active_path costmap=/global_costmap/costmap. This mode uses FollowPath, not NavigateThroughPoses. dynamic_obstacle_skip=true local_costmap=/local_costmap/costmap static_map=/map
[INFO] [1783786101.002325971] [coverage_follow_path_executor_node]: Loaded dynamic obstacle parameters: dynamic_rejoin_max_search_distance_m=5.00 dynamic_progress_search_forward_m=1.00 dynamic_max_rejoin_candidates=100 dynamic_rejoin_min_clearance_m=0.03 dynamic_collision_check_radius_m=0.23 dynamic_connector_goal_tolerance_m=0.15 dynamic_skip_replan_cooldown_sec=3.00 dynamic_skip_max_consecutive_failures=5
[INFO] [1783786101.078530286] [coverage_follow_path_executor_node]: [COVERAGE_ARM] IDLE use_robot_arm=false inflated_promotion=true front_lidar_threshold_m=0.50 front_tof_clear_threshold_m=0.50
[INFO] [1783786103.294540292] [coverage_follow_path_executor_node]: Static map received for dynamic obstacle reference: topic=/map frame=map size=161x127 resolution=0.050 occupied_threshold=50
[INFO] [1783786104.322113979] [coverage_follow_path_executor_node]: Local costmap received for dynamic obstacle skip: topic=/local_costmap/costmap frame=odom size=100x100 resolution=0.050 threshold=100 detection_radius=0.230m unknown_blocked=true
[INFO] [1783786122.812401898] [coverage_follow_path_executor_node]: Global costmap received for FollowPath validation: topic=/global_costmap/costmap frame=map size=161x127 resolution=0.050 max_allowed_nav_cost=50 unknown_blocked=true
[INFO] [1783786124.056827649] [coverage_follow_path_executor_node]: Coverage FollowPath status: IDLE
[INFO] [1783786124.062275620] [coverage_follow_path_executor_node]: Coverage path frozen: frame_id=map poses=91 path_length=5.15m first=(x=-0.008 y=-0.113 yaw=-0.38) last=(x=-0.358 y=-0.463 yaw=-1.57)
[INFO] [1783786124.063719116] [coverage_follow_path_executor_node]: Path is frozen from the first executable /coverage_path. Later updates will not replace the active coverage path without reset.
[INFO] [1783786124.076615092] [coverage_follow_path_executor_node]: Ignoring /coverage_path update because the first valid coverage path is already cached. Call /reset_coverage_follow_path to accept a new path.
[INFO] [1783786129.970154619] [coverage_follow_path_executor_node]: Ignoring /coverage_path update because the first valid coverage path is already cached. Call /reset_coverage_follow_path to accept a new path.
[INFO] [1783786132.937094607] [coverage_follow_path_executor_node]: Coverage FollowPath validation passed
[INFO] [1783786135.978059089] [coverage_follow_path_executor_node]: Ignoring /coverage_path update because the first valid coverage path is already cached. Call /reset_coverage_follow_path to accept a new path.
[INFO] [1783786140.637846495] [coverage_follow_path_executor_node]: Coverage home pose recorded at x=-0.029 y=-0.104
[INFO] [1783786140.641931938] [coverage_follow_path_executor_node]: Coverage FollowPath status: VALIDATING
[INFO] [1783786140.667020189] [coverage_follow_path_executor_node]: Coverage FollowPath status: SMOOTHING
[WARN] [1783786140.679578120] [coverage_follow_path_executor_node]: Keeping original sharp turn at index=18; rounded turn was invalid
[INFO] [1783786140.705589177] [coverage_follow_path_executor_node]: Coverage turn smoothing completed: rounded_turns=0 poses_before=91 poses_after=91 preserve_strip_lines=true
[INFO] [1783786140.730671279] [coverage_follow_path_executor_node]: Requesting Nav2 SmoothPath before FollowPath: action=/smooth_path smoother_id=simple_smoother poses=91 raw_length=5.15m custom_length=5.15m
[INFO] [1783786140.762568668] [coverage_follow_path_executor_node]: SmoothPath goal accepted by Nav2
[INFO] [1783786140.889566394] [coverage_follow_path_executor_node]: Smoothing result: raw path length=5.15m custom-smoothed path length=5.15m Nav2-smoothed path length=5.04m smoothing_duration=0.03s collision_check=true
[INFO] [1783786140.891052145] [coverage_follow_path_executor_node]: Coverage FollowPath status: WAITING_FOR_NAV2
[INFO] [1783786140.917815373] [coverage_follow_path_executor_node]: Coverage FollowPath status: EXECUTING
[INFO] [1783786140.925926146] [coverage_follow_path_executor_node]: Sending final frozen path to Nav2 FollowPath: reason=smooth_path_done action=/follow_path controller_id=FollowPath goal_checker_id=goal_checker poses=91 path_length=5.04m first=(x=-0.008 y=-0.113 yaw=-0.38) last=(x=-0.358 y=-0.463 yaw=-1.57) robot=(x=-0.029 y=-0.104 yaw=-2.97) start_index=0. This is FollowPath, not NavigateThroughPoses.
[INFO] [1783786140.948013228] [coverage_follow_path_executor_node]: FollowPath goal accepted by Nav2
[INFO] [1783786140.976593329] [coverage_follow_path_executor_node]: [DYNAMIC_DETECT] rejected: inflated/non-lethal cost; rejected inflated local cost; cost=99 threshold=100
[WARN] [1783786140.979223041] [coverage_follow_path_executor_node]: [ARM_DETECT] rejected inflated local cost promotion: reason=arm_disabled use_robot_arm=false arm_active=false tof_topic=/tof/front/range tof_range=nan tof_age_sec=inf free_readings=0/5 lidar_topic=/scan lidar_min_range=0.951 lidar_angle=0.232 lidar_age_sec=0.031 lidar_object_readings=0/5 report_reason=inflated_or_non_lethal_local_cost cost=99
[INFO] [1783786140.986295633] [coverage_follow_path_executor_node]: Ignoring /coverage_path update because active coverage path is frozen.
[INFO] [1783786142.155371939] [coverage_follow_path_executor_node]: [DYNAMIC_DETECT] rejected: inflated/non-lethal cost; rejected inflated local cost; cost=99 threshold=100
[WARN] [1783786142.156699369] [coverage_follow_path_executor_node]: [ARM_DETECT] rejected inflated local cost promotion: reason=arm_disabled use_robot_arm=false arm_active=false tof_topic=/tof/front/range tof_range=nan tof_age_sec=inf free_readings=0/5 lidar_topic=/scan lidar_min_range=0.951 lidar_angle=0.232 lidar_age_sec=0.071 lidar_object_readings=0/5 report_reason=inflated_or_non_lethal_local_cost cost=99
[INFO] [1783786143.361132329] [coverage_follow_path_executor_node]: [DYNAMIC_DETECT] rejected: inflated/non-lethal cost; rejected inflated local cost; cost=99 threshold=100
[WARN] [1783786143.363062352] [coverage_follow_path_executor_node]: [ARM_DETECT] rejected inflated local cost promotion: reason=arm_disabled use_robot_arm=false arm_active=false tof_topic=/tof/front/range tof_range=nan tof_age_sec=inf free_readings=0/5 lidar_topic=/scan lidar_min_range=0.954 lidar_angle=0.232 lidar_age_sec=0.079 lidar_object_readings=0/5 report_reason=inflated_or_non_lethal_local_cost cost=99
[INFO] [1783786144.553739380] [coverage_follow_path_executor_node]: [DYNAMIC_DETECT] rejected: inflated/non-lethal cost; rejected inflated local cost; cost=99 threshold=100
[WARN] [1783786144.555079977] [coverage_follow_path_executor_node]: [ARM_DETECT] rejected inflated local cost promotion: reason=arm_disabled use_robot_arm=false arm_active=false tof_topic=/tof/front/range tof_range=nan tof_age_sec=inf free_readings=0/5 lidar_topic=/scan lidar_min_range=0.961 lidar_angle=0.223 lidar_age_sec=0.073 lidar_object_readings=0/5 report_reason=inflated_or_non_lethal_local_cost cost=99
[INFO] [1783786145.556423220] [coverage_follow_path_executor_node]: [DYNAMIC_DETECT] rejected: inflated/non-lethal cost; rejected inflated local cost; cost=99 threshold=100
[WARN] [1783786145.558070029] [coverage_follow_path_executor_node]: [ARM_DETECT] rejected inflated local cost promotion: reason=arm_disabled use_robot_arm=false arm_active=false tof_topic=/tof/front/range tof_range=nan tof_age_sec=inf free_readings=0/5 lidar_topic=/scan lidar_min_range=0.956 lidar_angle=0.223 lidar_age_sec=0.075 lidar_object_readings=0/5 report_reason=inflated_or_non_lethal_local_cost cost=99
[INFO] [1783786145.993117492] [coverage_follow_path_executor_node]: Ignoring /coverage_path update because active coverage path is frozen.
[INFO] [1783786146.757079282] [coverage_follow_path_executor_node]: [DYNAMIC_DETECT] rejected: inflated/non-lethal cost; rejected inflated local cost; cost=99 threshold=100
[WARN] [1783786146.759369185] [coverage_follow_path_executor_node]: [ARM_DETECT] rejected inflated local cost promotion: reason=arm_disabled use_robot_arm=false arm_active=false tof_topic=/tof/front/range tof_range=nan tof_age_sec=inf free_readings=0/5 lidar_topic=/scan lidar_min_range=0.950 lidar_angle=0.232 lidar_age_sec=0.075 lidar_object_readings=0/5 report_reason=inflated_or_non_lethal_local_cost cost=99
[INFO] [1783786147.966597147] [coverage_follow_path_executor_node]: [DYNAMIC_DETECT] rejected: inflated/non-lethal cost; rejected inflated local cost; cost=99 threshold=100
[WARN] [1783786147.967837684] [coverage_follow_path_executor_node]: [ARM_DETECT] rejected inflated local cost promotion: reason=arm_disabled use_robot_arm=false arm_active=false tof_topic=/tof/front/range tof_range=nan tof_age_sec=inf free_readings=0/5 lidar_topic=/scan lidar_min_range=0.961 lidar_angle=0.223 lidar_age_sec=0.088 lidar_object_readings=0/5 report_reason=inflated_or_non_lethal_local_cost cost=99
[INFO] [1783786148.970532791] [coverage_follow_path_executor_node]: [DYNAMIC_DETECT] rejected: inflated/non-lethal cost; rejected inflated local cost; cost=99 threshold=100
[WARN] [1783786148.972058429] [coverage_follow_path_executor_node]: [ARM_DETECT] rejected inflated local cost promotion: reason=arm_disabled use_robot_arm=false arm_active=false tof_topic=/tof/front/range tof_range=nan tof_age_sec=inf free_readings=0/5 lidar_topic=/scan lidar_min_range=0.951 lidar_angle=0.232 lidar_age_sec=0.096 lidar_object_readings=0/5 report_reason=inflated_or_non_lethal_local_cost cost=99
[INFO] [1783786149.976350359] [coverage_follow_path_executor_node]: [DYNAMIC_DETECT] rejected: inflated/non-lethal cost; rejected inflated local cost; cost=99 threshold=100
[WARN] [1783786149.977666621] [coverage_follow_path_executor_node]: [ARM_DETECT] rejected inflated local cost promotion: reason=arm_disabled use_robot_arm=false arm_active=false tof_topic=/tof/front/range tof_range=nan tof_age_sec=inf free_readings=0/5 lidar_topic=/scan lidar_min_range=0.958 lidar_angle=0.223 lidar_age_sec=0.102 lidar_object_readings=0/5 report_reason=inflated_or_non_lethal_local_cost cost=99
[INFO] [1783786151.154317319] [coverage_follow_path_executor_node]: [DYNAMIC_DETECT] rejected: inflated/non-lethal cost; rejected inflated local cost; cost=99 threshold=100
[WARN] [1783786151.155495613] [coverage_follow_path_executor_node]: [ARM_DETECT] rejected inflated local cost promotion: reason=arm_disabled use_robot_arm=false arm_active=false tof_topic=/tof/front/range tof_range=nan tof_age_sec=inf free_readings=0/5 lidar_topic=/scan lidar_min_range=0.961 lidar_angle=0.223 lidar_age_sec=0.081 lidar_object_readings=0/5 report_reason=inflated_or_non_lethal_local_cost cost=99
[INFO] [1783786151.974781931] [coverage_follow_path_executor_node]: Ignoring /coverage_path update because active coverage path is frozen.
[INFO] [1783786152.159611875] [coverage_follow_path_executor_node]: [DYNAMIC_DETECT] rejected: inflated/non-lethal cost; rejected inflated local cost; cost=99 threshold=100
[WARN] [1783786152.161802217] [coverage_follow_path_executor_node]: [ARM_DETECT] rejected inflated local cost promotion: reason=arm_disabled use_robot_arm=false arm_active=false tof_topic=/tof/front/range tof_range=nan tof_age_sec=inf free_readings=0/5 lidar_topic=/scan lidar_min_range=0.956 lidar_angle=0.223 lidar_age_sec=0.086 lidar_object_readings=0/5 report_reason=inflated_or_non_lethal_local_cost cost=99
[INFO] [1783786153.159818664] [coverage_follow_path_executor_node]: [DYNAMIC_DETECT] rejected: inflated/non-lethal cost; rejected inflated local cost; cost=99 threshold=100
[WARN] [1783786153.360827277] [coverage_follow_path_executor_node]: [ARM_DETECT] rejected inflated local cost promotion: reason=arm_disabled use_robot_arm=false arm_active=false tof_topic=/tof/front/range tof_range=nan tof_age_sec=inf free_readings=0/5 lidar_topic=/scan lidar_min_range=0.950 lidar_angle=0.232 lidar_age_sec=0.080 lidar_object_readings=0/5 report_reason=inflated_or_non_lethal_local_cost cost=99
[INFO] [1783786154.353981352] [coverage_follow_path_executor_node]: [DYNAMIC_DETECT] rejected: inflated/non-lethal cost; rejected inflated local cost; cost=99 threshold=100
[WARN] [1783786154.558824273] [coverage_follow_path_executor_node]: [ARM_DETECT] rejected inflated local cost promotion: reason=arm_disabled use_robot_arm=false arm_active=false tof_topic=/tof/front/range tof_range=nan tof_age_sec=inf free_readings=0/5 lidar_topic=/scan lidar_min_range=0.950 lidar_angle=0.232 lidar_age_sec=0.088 lidar_object_readings=0/5 report_reason=inflated_or_non_lethal_local_cost cost=99
[WARN] [1783786155.167047924] [coverage_follow_path_executor_node]: [STUCK_SKIP] not skipping current coverage points because the blockage looks static/inflated: robot_pose in inflated/non-lethal local cost band: max_cost=69 max_allowed_nav_cost=50 dynamic_threshold=100 radius=0.230
[INFO] [1783786155.355630255] [coverage_follow_path_executor_node]: [DYNAMIC_DETECT] rejected: inflated/non-lethal cost; rejected inflated local cost; cost=99 threshold=100
[WARN] [1783786155.759928871] [coverage_follow_path_executor_node]: [ARM_DETECT] rejected inflated local cost promotion: reason=arm_disabled use_robot_arm=false arm_active=false tof_topic=/tof/front/range tof_range=nan tof_age_sec=inf free_readings=0/5 lidar_topic=/scan lidar_min_range=0.956 lidar_angle=0.223 lidar_age_sec=0.081 lidar_object_readings=0/5 report_reason=inflated_or_non_lethal_local_cost cost=99
[INFO] [1783786156.360496665] [coverage_follow_path_executor_node]: [DYNAMIC_DETECT] rejected: inflated/non-lethal cost; rejected inflated local cost; cost=99 threshold=100
[WARN] [1783786156.979385830] [coverage_follow_path_executor_node]: [ARM_DETECT] rejected inflated local cost promotion: reason=arm_disabled use_robot_arm=false arm_active=false tof_topic=/tof/front/range tof_range=nan tof_age_sec=inf free_readings=0/5 lidar_topic=/scan lidar_min_range=0.951 lidar_angle=0.232 lidar_age_sec=0.104 lidar_object_readings=0/5 report_reason=inflated_or_non_lethal_local_cost cost=99
[INFO] [1783786156.990783308] [coverage_follow_path_executor_node]: Ignoring /coverage_path update because active coverage path is frozen.
[WARN] [1783786157.358397903] [coverage_follow_path_executor_node]: [STUCK_SKIP] not skipping current coverage points because the blockage looks static/inflated: robot_pose in inflated/non-lethal local cost band: max_cost=69 max_allowed_nav_cost=50 dynamic_threshold=100 radius=0.230
[INFO] [1783786157.557185576] [coverage_follow_path_executor_node]: [DYNAMIC_DETECT] rejected: inflated/non-lethal cost; rejected inflated local cost; cost=99 threshold=100
[WARN] [1783786158.160730569] [coverage_follow_path_executor_node]: [ARM_DETECT] rejected inflated local cost promotion: reason=arm_disabled use_robot_arm=false arm_active=false tof_topic=/tof/front/range tof_range=nan tof_age_sec=inf free_readings=0/5 lidar_topic=/scan lidar_min_range=0.960 lidar_angle=0.223 lidar_age_sec=0.093 lidar_object_readings=0/5 report_reason=inflated_or_non_lethal_local_cost cost=99
[INFO] [1783786158.756404058] [coverage_follow_path_executor_node]: [DYNAMIC_DETECT] rejected: inflated/non-lethal cost; rejected inflated local cost; cost=99 threshold=100
[WARN] [1783786159.356083031] [coverage_follow_path_executor_node]: [ARM_DETECT] rejected inflated local cost promotion: reason=arm_disabled use_robot_arm=false arm_active=false tof_topic=/tof/front/range tof_range=nan tof_age_sec=inf free_readings=0/5 lidar_topic=/scan lidar_min_range=0.954 lidar_angle=0.232 lidar_age_sec=0.083 lidar_object_readings=0/5 report_reason=inflated_or_non_lethal_local_cost cost=99
[WARN] [1783786159.365639596] [coverage_follow_path_executor_node]: [STUCK_SKIP] not skipping current coverage points because the blockage looks static/inflated: robot_pose in inflated/non-lethal local cost band: max_cost=69 max_allowed_nav_cost=50 dynamic_threshold=100 radius=0.230
[INFO] [1783786159.961815406] [coverage_follow_path_executor_node]: [DYNAMIC_DETECT] rejected: inflated/non-lethal cost; rejected inflated local cost; cost=99 threshold=100
[WARN] [1783786160.359678903] [coverage_follow_path_executor_node]: [ARM_DETECT] rejected inflated local cost promotion: reason=arm_disabled use_robot_arm=false arm_active=false tof_topic=/tof/front/range tof_range=nan tof_age_sec=inf free_readings=0/5 lidar_topic=/scan lidar_min_range=0.957 lidar_angle=0.223 lidar_age_sec=0.088 lidar_object_readings=0/5 report_reason=inflated_or_non_lethal_local_cost cost=99
[INFO] [1783786160.974195918] [coverage_follow_path_executor_node]: [DYNAMIC_DETECT] rejected: inflated/non-lethal cost; rejected inflated local cost; cost=99 threshold=100
[WARN] [1783786161.555574173] [coverage_follow_path_executor_node]: [ARM_DETECT] rejected inflated local cost promotion: reason=arm_disabled use_robot_arm=false arm_active=false tof_topic=/tof/front/range tof_range=nan tof_age_sec=inf free_readings=0/5 lidar_topic=/scan lidar_min_range=0.950 lidar_angle=0.232 lidar_age_sec=0.088 lidar_object_readings=0/5 report_reason=inflated_or_non_lethal_local_cost cost=99
[WARN] [1783786161.562505803] [coverage_follow_path_executor_node]: [STUCK_SKIP] not skipping current coverage points because the blockage looks static/inflated: robot_pose in inflated/non-lethal local cost band: max_cost=69 max_allowed_nav_cost=50 dynamic_threshold=100 radius=0.230
[INFO] [1783786162.153774042] [coverage_follow_path_executor_node]: [DYNAMIC_DETECT] rejected: inflated/non-lethal cost; rejected inflated local cost; cost=99 threshold=100
[WARN] [1783786162.561742794] [coverage_follow_path_executor_node]: [ARM_DETECT] rejected inflated local cost promotion: reason=arm_disabled use_robot_arm=false arm_active=false tof_topic=/tof/front/range tof_range=nan tof_age_sec=inf free_readings=0/5 lidar_topic=/scan lidar_min_range=0.949 lidar_angle=0.232 lidar_age_sec=0.086 lidar_object_readings=0/5 report_reason=inflated_or_non_lethal_local_cost cost=99
[INFO] [1783786162.980599425] [coverage_follow_path_executor_node]: Ignoring /coverage_path update because active coverage path is frozen.
[INFO] [1783786163.154599023] [coverage_follow_path_executor_node]: [DYNAMIC_DETECT] rejected: inflated/non-lethal cost; rejected inflated local cost; cost=99 threshold=100
[WARN] [1783786163.563685272] [coverage_follow_path_executor_node]: [STUCK_SKIP] not skipping current coverage points because the blockage looks static/inflated: robot_pose in inflated/non-lethal local cost band: max_cost=69 max_allowed_nav_cost=50 dynamic_threshold=100 radius=0.230
[WARN] [1783786163.754615791] [coverage_follow_path_executor_node]: [ARM_DETECT] rejected inflated local cost promotion: reason=arm_disabled use_robot_arm=false arm_active=false tof_topic=/tof/front/range tof_range=nan tof_age_sec=inf free_readings=0/5 lidar_topic=/scan lidar_min_range=0.950 lidar_angle=0.232 lidar_age_sec=0.086 lidar_object_readings=0/5 report_reason=inflated_or_non_lethal_local_cost cost=99
[INFO] [1783786164.155423865] [coverage_follow_path_executor_node]: [DYNAMIC_DETECT] rejected: inflated/non-lethal cost; rejected inflated local cost; cost=99 threshold=100
[WARN] [1783786164.757542198] [coverage_follow_path_executor_node]: [ARM_DETECT] rejected inflated local cost promotion: reason=arm_disabled use_robot_arm=false arm_active=false tof_topic=/tof/front/range tof_range=nan tof_age_sec=inf free_readings=0/5 lidar_topic=/scan lidar_min_range=0.950 lidar_angle=0.232 lidar_age_sec=0.086 lidar_object_readings=0/5 report_reason=inflated_or_non_lethal_local_cost cost=99
[INFO] [1783786165.162854244] [coverage_follow_path_executor_node]: [DYNAMIC_DETECT] rejected: inflated/non-lethal cost; rejected inflated local cost; cost=99 threshold=100
[WARN] [1783786165.566467237] [coverage_follow_path_executor_node]: [STUCK_SKIP] not skipping current coverage points because the blockage looks static/inflated: robot_pose in inflated/non-lethal local cost band: max_cost=69 max_allowed_nav_cost=50 dynamic_threshold=100 radius=0.230
[WARN] [1783786165.760640731] [coverage_follow_path_executor_node]: [ARM_DETECT] rejected inflated local cost promotion: reason=arm_disabled use_robot_arm=false arm_active=false tof_topic=/tof/front/range tof_range=nan tof_age_sec=inf free_readings=0/5 lidar_topic=/scan lidar_min_range=0.956 lidar_angle=0.223 lidar_age_sec=0.094 lidar_object_readings=0/5 report_reason=inflated_or_non_lethal_local_cost cost=99
[INFO] [1783786166.357797453] [coverage_follow_path_executor_node]: [DYNAMIC_DETECT] rejected: inflated/non-lethal cost; rejected inflated local cost; cost=99 threshold=100
[WARN] [1783786166.960614061] [coverage_follow_path_executor_node]: [ARM_DETECT] rejected inflated local cost promotion: reason=arm_disabled use_robot_arm=false arm_active=false tof_topic=/tof/front/range tof_range=nan tof_age_sec=inf free_readings=0/5 lidar_topic=/scan lidar_min_range=0.956 lidar_angle=0.223 lidar_age_sec=0.093 lidar_object_readings=0/5 report_reason=inflated_or_non_lethal_local_cost cost=99
[INFO] [1783786167.555637504] [coverage_follow_path_executor_node]: [DYNAMIC_DETECT] rejected: inflated/non-lethal cost; rejected inflated local cost; cost=99 threshold=100
[WARN] [1783786167.760306358] [coverage_follow_path_executor_node]: [STUCK_SKIP] not skipping current coverage points because the blockage looks static/inflated: robot_pose in inflated/non-lethal local cost band: max_cost=69 max_allowed_nav_cost=50 dynamic_threshold=100 radius=0.230
[WARN] [1783786167.979069586] [coverage_follow_path_executor_node]: [ARM_DETECT] rejected inflated local cost promotion: reason=arm_disabled use_robot_arm=false arm_active=false tof_topic=/tof/front/range tof_range=nan tof_age_sec=inf free_readings=0/5 lidar_topic=/scan lidar_min_range=0.957 lidar_angle=0.223 lidar_age_sec=0.114 lidar_object_readings=0/5 report_reason=inflated_or_non_lethal_local_cost cost=99
[INFO] [1783786167.989773496] [coverage_follow_path_executor_node]: Ignoring /coverage_path update because active coverage path is frozen.
[INFO] [1783786168.755097806] [coverage_follow_path_executor_node]: [DYNAMIC_DETECT] rejected: inflated/non-lethal cost; rejected inflated local cost; cost=99 threshold=100
[WARN] [1783786169.158676304] [coverage_follow_path_executor_node]: [ARM_DETECT] rejected inflated local cost promotion: reason=arm_disabled use_robot_arm=false arm_active=false tof_topic=/tof/front/range tof_range=nan tof_age_sec=inf free_readings=0/5 lidar_topic=/scan lidar_min_range=0.950 lidar_angle=0.232 lidar_age_sec=0.094 lidar_object_readings=0/5 report_reason=inflated_or_non_lethal_local_cost cost=99
[INFO] [1783786169.756998171] [coverage_follow_path_executor_node]: [DYNAMIC_DETECT] rejected: inflated/non-lethal cost; rejected inflated local cost; cost=99 threshold=100
[WARN] [1783786169.768900572] [coverage_follow_path_executor_node]: [STUCK_SKIP] not skipping current coverage points because the blockage looks static/inflated: robot_pose in inflated/non-lethal local cost band: max_cost=69 max_allowed_nav_cost=50 dynamic_threshold=100 radius=0.230
[WARN] [1783786170.355194949] [coverage_follow_path_executor_node]: [ARM_DETECT] rejected inflated local cost promotion: reason=arm_disabled use_robot_arm=false arm_active=false tof_topic=/tof/front/range tof_range=nan tof_age_sec=inf free_readings=0/5 lidar_topic=/scan lidar_min_range=0.950 lidar_angle=0.232 lidar_age_sec=0.093 lidar_object_readings=0/5 report_reason=inflated_or_non_lethal_local_cost cost=99
[INFO] [1783786170.959731559] [coverage_follow_path_executor_node]: [DYNAMIC_DETECT] rejected: inflated/non-lethal cost; rejected inflated local cost; cost=99 threshold=100
[INFO] [1783786171.043541650] [coverage_follow_path_executor_node]: FollowPath result: status=6 error_code=105 FAILED_TO_MAKE_PROGRESS error_msg=
[WARN] [1783786171.052927527] [coverage_follow_path_executor_node]: [DYNAMIC_SKIP] recoverable FollowPath error 105 FAILED_TO_MAKE_PROGRESS did not match a confirmed local-only obstacle; reason=inflated_or_non_lethal_local_cost local_lethal_count=0 local_inscribed_count=0 dynamic_only_blocked_count=0
[WARN] [1783786171.057064957] [coverage_follow_path_executor_node]: FollowPath failed with FAILED_TO_MAKE_PROGRESS. Likely causes: progress checker too strict, local costmap collision checking, sharp turn, robot not near the selected start pose, or cmd_vel blocked. last_feedback="distance_to_goal=0.884 speed=0.000 elapsed=30.0"
[INFO] [1783786171.057890695] [coverage_follow_path_executor_node]: Coverage FollowPath status: FAILED
[INFO] [1783786171.972528953] [coverage_follow_path_executor_node]: Ignoring /coverage_path update because the first valid coverage path is already cached. Call /reset_coverage_follow_path to accept a new path.
[INFO] [1783786173.518504651] [coverage_follow_path_executor_node]: Coverage FollowPath status: WAITING_FOR_PATH
