[INFO] [1783789392.767978213] [wavefront_explorer]: ======================================================================
[INFO] [1783789392.770773699] [wavefront_explorer]: 🤖 WAVEFRONT EXPLORER (SMART BLOCKING FIX)
[INFO] [1783789392.772848869] [wavefront_explorer]: ======================================================================
[INFO] [1783789392.774768810] [wavefront_explorer]:    📋 FRONTIER DETECTION:
[INFO] [1783789392.776811199] [wavefront_explorer]:       frontier_min_size: 3
[INFO] [1783789392.778660078] [wavefront_explorer]:       min_unknown_region_area_m2: 0.05
[INFO] [1783789392.780649267] [wavefront_explorer]:       exploration_frequency: 1.0 Hz (timer period: 1.00s)
[INFO] [1783789392.782824561] [wavefront_explorer]:       max_frontier_candidates: 0
[INFO] [1783789392.784957909] [wavefront_explorer]:       no_frontier_finish_count: 10
[INFO] [1783789392.787182366] [wavefront_explorer]:       robot_base_frame: base_footprint
[INFO] [1783789392.789434015] [wavefront_explorer]:       far_goals: 8, far_min_distance: 1.00m
[INFO] [1783789392.791674983] [wavefront_explorer]:       safe_goal_clearance_weight: 250.0
[INFO] [1783789392.794954740] [wavefront_explorer]:    🔧 ATTEMPT LIMITS:
[INFO] [1783789392.797088440] [wavefront_explorer]:       max_attempts_per_frontier: 3
[INFO] [1783789392.799588092] [wavefront_explorer]:       max_consecutive_timeouts: 4
[INFO] [1783789392.801923556] [wavefront_explorer]:       max_total_timeouts: 35
[INFO] [1783789392.804180221] [wavefront_explorer]:    📏 SMART BLOCKING:
[INFO] [1783789392.806303352] [wavefront_explorer]:       unreachable_region_radius: 0.4m
[INFO] [1783789392.808479033] [wavefront_explorer]:       smart_blocking_enabled: True
[INFO] [1783789392.810813924] [wavefront_explorer]:       failed_frontier_retry_sec: 30.0s
[INFO] [1783789392.813281238] [wavefront_explorer]:       completion_retry_cycles: 3
[INFO] [1783789392.815667384] [wavefront_explorer]:       frontier_goal_search_radius: 1.4m
[INFO] [1783789392.818019341] [wavefront_explorer]:       save_map_padding_m: 0.50m
[INFO] [1783789392.820639125] [wavefront_explorer]:       close_saved_map_boundary: True thickness=0.10m
[INFO] [1783789392.824106171] [wavefront_explorer]:    CONTROL:
[INFO] [1783789392.826701262] [wavefront_explorer]:       map_name: living_room
[INFO] [1783789392.829092887] [wavefront_explorer]:       start_mode: auto
[INFO] [1783789392.831664008] [wavefront_explorer]:       cmd_vel_topic: /cmd_vel
[INFO] [1783789392.834167214] [wavefront_explorer]:       source_map_topic: /slam_map
[INFO] [1783789392.836962144] [wavefront_explorer]:       repaired_map_topic: /map
[INFO] [1783789392.839574025] [wavefront_explorer]:       /set_manual_control true=manual false=auto
[INFO] [1783789392.843480990] [wavefront_explorer]:       /stop_exploration_and_save map_url=<name>
[INFO] [1783789392.846823312] [wavefront_explorer]: ======================================================================
[INFO] [1783789394.235840844] [wavefront_explorer]: ⏳ Waiting for Nav2...
[INFO] [1783789395.743178611] [wavefront_explorer]: 🚀 Exploration started!
[INFO] [1783789396.174381749] [wavefront_explorer]: 📊 Frontiers: 1608 cells, 120 raw clusters, 19 large -> 18 large usable | ignored small: 102 | Unreachable areas: 0
[INFO] [1783789396.177980578] [wavefront_explorer]: 🎯 Selected far: frontier=(0.38, 1.54) goal=(0.88, 0.34) | Size: 674 | Distance: 0.95m | Clearance: 0.43m | Attempts: 0/3
[INFO] [1783789396.178520064] [wavefront_explorer]: ✓ Using safe goal: (0.38, 1.54) -> (0.88, 0.34) | clearance=0.43m
