[INFO] [1783784395.797989084] [coverage_follow_path_executor_node]: Coverage FollowPath executor started: action=/follow_path controller_id=FollowPath smoother_action=/smooth_path smoother_id=simple_smoother path=/coverage_path raw=/coverage_path_raw smoothed=/coverage_smoothed_path active=/coverage_active_path costmap=/global_costmap/costmap. This mode uses FollowPath, not NavigateThroughPoses. dynamic_obstacle_skip=true local_costmap=/local_costmap/costmap static_map=/map
[INFO] [1783784395.798888512] [coverage_follow_path_executor_node]: Loaded dynamic obstacle parameters: dynamic_rejoin_max_search_distance_m=5.00 dynamic_progress_search_forward_m=1.00 dynamic_max_rejoin_candidates=100 dynamic_rejoin_min_clearance_m=0.03 dynamic_collision_check_radius_m=0.23 dynamic_connector_goal_tolerance_m=0.15 dynamic_skip_replan_cooldown_sec=3.00 dynamic_skip_max_consecutive_failures=5
[INFO] [1783784395.824880068] [coverage_follow_path_executor_node]: [COVERAGE_ARM] IDLE use_robot_arm=false inflated_promotion=true front_lidar_threshold_m=0.50 front_tof_clear_threshold_m=0.50
[INFO] [1783784396.741683486] [coverage_follow_path_executor_node]: Static map received for dynamic obstacle reference: topic=/map frame=map size=161x127 resolution=0.050 occupied_threshold=50
[INFO] [1783784400.214152325] [coverage_follow_path_executor_node]: Local costmap received for dynamic obstacle skip: topic=/local_costmap/costmap frame=odom size=100x100 resolution=0.050 threshold=100 detection_radius=0.230m unknown_blocked=true
[INFO] [1783784402.712391831] [coverage_follow_path_executor_node]: Global costmap received for FollowPath validation: topic=/global_costmap/costmap frame=map size=161x127 resolution=0.050 max_allowed_nav_cost=50 unknown_blocked=true
[INFO] [1783784404.538424488] [coverage_follow_path_executor_node]: Coverage FollowPath status: IDLE
[INFO] [1783784404.539783769] [coverage_follow_path_executor_node]: Coverage path frozen: frame_id=map poses=73 path_length=5.02m first=(x=-0.158 y=-0.113 yaw=2.50) last=(x=0.642 y=0.487 yaw=-1.57)
[INFO] [1783784404.541011780] [coverage_follow_path_executor_node]: Path is frozen from the first executable /coverage_path. Later updates will not replace the active coverage path without reset.
[INFO] [1783784404.692303539] [coverage_follow_path_executor_node]: Ignoring /coverage_path update because the first valid coverage path is already cached. Call /reset_coverage_follow_path to accept a new path.
[INFO] [1783784410.690709014] [coverage_follow_path_executor_node]: Ignoring /coverage_path update because the first valid coverage path is already cached. Call /reset_coverage_follow_path to accept a new path.
[INFO] [1783784415.693443841] [coverage_follow_path_executor_node]: Ignoring /coverage_path update because the first valid coverage path is already cached. Call /reset_coverage_follow_path to accept a new path.
[INFO] [1783784417.515082428] [coverage_follow_path_executor_node]: Coverage FollowPath validation passed
[INFO] [1783784417.590111725] [coverage_follow_path_executor_node]: Coverage home pose recorded at x=-0.164 y=-0.116
[INFO] [1783784417.592040036] [coverage_follow_path_executor_node]: Coverage FollowPath status: VALIDATING
[INFO] [1783784417.603526212] [coverage_follow_path_executor_node]: Coverage FollowPath status: SMOOTHING
[WARN] [1783784417.610781104] [coverage_follow_path_executor_node]: Keeping original sharp turn at index=1; rounded turn was invalid
[INFO] [1783784417.641004608] [coverage_follow_path_executor_node]: Coverage turn smoothing completed: rounded_turns=0 poses_before=73 poses_after=73 preserve_strip_lines=true
[INFO] [1783784417.660247885] [coverage_follow_path_executor_node]: Requesting Nav2 SmoothPath before FollowPath: action=/smooth_path smoother_id=simple_smoother poses=73 raw_length=5.02m custom_length=5.02m
[INFO] [1783784417.680843721] [coverage_follow_path_executor_node]: SmoothPath goal accepted by Nav2
[INFO] [1783784417.703303011] [coverage_follow_path_executor_node]: Smoothing result: raw path length=5.02m custom-smoothed path length=5.02m Nav2-smoothed path length=4.98m smoothing_duration=0.02s collision_check=true
[INFO] [1783784417.704028110] [coverage_follow_path_executor_node]: Coverage FollowPath status: WAITING_FOR_NAV2
[INFO] [1783784417.733505346] [coverage_follow_path_executor_node]: Coverage FollowPath status: EXECUTING
[INFO] [1783784417.738542532] [coverage_follow_path_executor_node]: Sending final frozen path to Nav2 FollowPath: reason=smooth_path_done action=/follow_path controller_id=FollowPath goal_checker_id=goal_checker poses=73 path_length=4.98m first=(x=-0.158 y=-0.113 yaw=2.50) last=(x=0.642 y=0.487 yaw=-1.57) robot=(x=-0.164 y=-0.116 yaw=-2.90) start_index=0. This is FollowPath, not NavigateThroughPoses.
[INFO] [1783784417.750569735] [coverage_follow_path_executor_node]: Ignoring /coverage_path update because active coverage path is frozen.
[INFO] [1783784417.755593290] [coverage_follow_path_executor_node]: FollowPath goal accepted by Nav2
[INFO] [1783784417.774019517] [coverage_follow_path_executor_node]: [DYNAMIC_DETECT] rejected: inflated/non-lethal cost; rejected inflated local cost; cost=99 threshold=100
[WARN] [1783784417.776281912] [coverage_follow_path_executor_node]: [ARM_DETECT] rejected inflated local cost promotion: reason=arm_disabled use_robot_arm=false arm_active=false tof_topic=/tof/front/range tof_range=nan tof_age_sec=inf free_readings=0/5 lidar_topic=/scan lidar_min_range=0.843 lidar_angle=0.232 lidar_age_sec=0.088 lidar_object_readings=0/5 report_reason=inflated_or_non_lethal_local_cost cost=99
[INFO] [1783784418.967794569] [coverage_follow_path_executor_node]: [DYNAMIC_DETECT] rejected: inflated/non-lethal cost; rejected inflated local cost; cost=99 threshold=100
[WARN] [1783784418.969654301] [coverage_follow_path_executor_node]: [ARM_DETECT] rejected inflated local cost promotion: reason=arm_disabled use_robot_arm=false arm_active=false tof_topic=/tof/front/range tof_range=nan tof_age_sec=inf free_readings=0/5 lidar_topic=/scan lidar_min_range=0.845 lidar_angle=0.223 lidar_age_sec=0.087 lidar_object_readings=0/5 report_reason=inflated_or_non_lethal_local_cost cost=99
[INFO] [1783784419.969455234] [coverage_follow_path_executor_node]: [DYNAMIC_DETECT] rejected: inflated/non-lethal cost; rejected inflated local cost; cost=99 threshold=100
[WARN] [1783784419.970616666] [coverage_follow_path_executor_node]: [ARM_DETECT] rejected inflated local cost promotion: reason=arm_disabled use_robot_arm=false arm_active=false tof_topic=/tof/front/range tof_range=nan tof_age_sec=inf free_readings=0/5 lidar_topic=/scan lidar_min_range=0.842 lidar_angle=0.232 lidar_age_sec=0.097 lidar_object_readings=0/5 report_reason=inflated_or_non_lethal_local_cost cost=99
[INFO] [1783784421.168106472] [coverage_follow_path_executor_node]: [DYNAMIC_DETECT] rejected: inflated/non-lethal cost; rejected inflated local cost; cost=99 threshold=100
[WARN] [1783784421.169427306] [coverage_follow_path_executor_node]: [ARM_DETECT] rejected inflated local cost promotion: reason=arm_disabled use_robot_arm=false arm_active=false tof_topic=/tof/front/range tof_range=nan tof_age_sec=inf free_readings=0/5 lidar_topic=/scan lidar_min_range=0.842 lidar_angle=0.232 lidar_age_sec=0.093 lidar_object_readings=0/5 report_reason=inflated_or_non_lethal_local_cost cost=99
[INFO] [1783784422.365090918] [coverage_follow_path_executor_node]: [DYNAMIC_DETECT] rejected: inflated/non-lethal cost; rejected inflated local cost; cost=99 threshold=100
[WARN] [1783784422.366293372] [coverage_follow_path_executor_node]: [ARM_DETECT] rejected inflated local cost promotion: reason=arm_disabled use_robot_arm=false arm_active=false tof_topic=/tof/front/range tof_range=nan tof_age_sec=inf free_readings=0/5 lidar_topic=/scan lidar_min_range=0.843 lidar_angle=0.232 lidar_age_sec=0.092 lidar_object_readings=0/5 report_reason=inflated_or_non_lethal_local_cost cost=99
[INFO] [1783784423.365710783] [coverage_follow_path_executor_node]: [DYNAMIC_DETECT] rejected: inflated/non-lethal cost; rejected inflated local cost; cost=99 threshold=100
[WARN] [1783784423.372334067] [coverage_follow_path_executor_node]: [ARM_DETECT] rejected inflated local cost promotion: reason=arm_disabled use_robot_arm=false arm_active=false tof_topic=/tof/front/range tof_range=nan tof_age_sec=inf free_readings=0/5 lidar_topic=/scan lidar_min_range=0.847 lidar_angle=0.223 lidar_age_sec=0.095 lidar_object_readings=0/5 report_reason=inflated_or_non_lethal_local_cost cost=99
[INFO] [1783784423.689248296] [coverage_follow_path_executor_node]: Ignoring /coverage_path update because active coverage path is frozen.
[INFO] [1783784424.373256797] [coverage_follow_path_executor_node]: [DYNAMIC_DETECT] rejected: inflated/non-lethal cost; rejected inflated local cost; cost=99 threshold=100
[WARN] [1783784424.374780593] [coverage_follow_path_executor_node]: [ARM_DETECT] rejected inflated local cost promotion: reason=arm_disabled use_robot_arm=false arm_active=false tof_topic=/tof/front/range tof_range=nan tof_age_sec=inf free_readings=0/5 lidar_topic=/scan lidar_min_range=0.845 lidar_angle=0.223 lidar_age_sec=0.099 lidar_object_readings=0/5 report_reason=inflated_or_non_lethal_local_cost cost=99
[INFO] [1783784425.565117458] [coverage_follow_path_executor_node]: [DYNAMIC_DETECT] rejected: inflated/non-lethal cost; rejected inflated local cost; cost=99 threshold=100
[WARN] [1783784425.567102663] [coverage_follow_path_executor_node]: [ARM_DETECT] rejected inflated local cost promotion: reason=arm_disabled use_robot_arm=false arm_active=false tof_topic=/tof/front/range tof_range=nan tof_age_sec=inf free_readings=0/5 lidar_topic=/scan lidar_min_range=0.842 lidar_angle=0.232 lidar_age_sec=0.099 lidar_object_readings=0/5 report_reason=inflated_or_non_lethal_local_cost cost=99
[INFO] [1783784426.565508233] [coverage_follow_path_executor_node]: [DYNAMIC_DETECT] rejected: inflated/non-lethal cost; rejected inflated local cost; cost=99 threshold=100
[WARN] [1783784426.777264986] [coverage_follow_path_executor_node]: [ARM_DETECT] rejected inflated local cost promotion: reason=arm_disabled use_robot_arm=false arm_active=false tof_topic=/tof/front/range tof_range=nan tof_age_sec=inf free_readings=0/5 lidar_topic=/scan lidar_min_range=0.846 lidar_angle=0.232 lidar_age_sec=0.099 lidar_object_readings=0/5 report_reason=inflated_or_non_lethal_local_cost cost=99
[INFO] [1783784427.566751162] [coverage_follow_path_executor_node]: [DYNAMIC_DETECT] rejected: inflated/non-lethal cost; rejected inflated local cost; cost=99 threshold=100
[WARN] [1783784427.966910008] [coverage_follow_path_executor_node]: [ARM_DETECT] rejected inflated local cost promotion: reason=arm_disabled use_robot_arm=false arm_active=false tof_topic=/tof/front/range tof_range=nan tof_age_sec=inf free_readings=0/5 lidar_topic=/scan lidar_min_range=0.848 lidar_angle=0.223 lidar_age_sec=0.096 lidar_object_readings=0/5 report_reason=inflated_or_non_lethal_local_cost cost=99
[INFO] [1783784428.693206378] [coverage_follow_path_executor_node]: Ignoring /coverage_path update because active coverage path is frozen.
[INFO] [1783784428.775679531] [coverage_follow_path_executor_node]: [DYNAMIC_DETECT] rejected: inflated/non-lethal cost; rejected inflated local cost; cost=99 threshold=100
[WARN] [1783784428.969309143] [coverage_follow_path_executor_node]: [ARM_DETECT] rejected inflated local cost promotion: reason=arm_disabled use_robot_arm=false arm_active=false tof_topic=/tof/front/range tof_range=nan tof_age_sec=inf free_readings=0/5 lidar_topic=/scan lidar_min_range=0.843 lidar_angle=0.249 lidar_age_sec=0.100 lidar_object_readings=0/5 report_reason=inflated_or_non_lethal_local_cost cost=99
[INFO] [1783784429.967123487] [coverage_follow_path_executor_node]: [DYNAMIC_DETECT] rejected: inflated/non-lethal cost; rejected inflated local cost; cost=99 threshold=100
[WARN] [1783784430.166545674] [coverage_follow_path_executor_node]: [ARM_DETECT] rejected inflated local cost promotion: reason=arm_disabled use_robot_arm=false arm_active=false tof_topic=/tof/front/range tof_range=nan tof_age_sec=inf free_readings=0/5 lidar_topic=/scan lidar_min_range=0.842 lidar_angle=0.249 lidar_age_sec=0.099 lidar_object_readings=0/5 report_reason=inflated_or_non_lethal_local_cost cost=99
[INFO] [1783784430.967248588] [coverage_follow_path_executor_node]: [DYNAMIC_DETECT] rejected: inflated/non-lethal cost; rejected inflated local cost; cost=99 threshold=100
[WARN] [1783784431.168159369] [coverage_follow_path_executor_node]: [ARM_DETECT] rejected inflated local cost promotion: reason=arm_disabled use_robot_arm=false arm_active=false tof_topic=/tof/front/range tof_range=nan tof_age_sec=inf free_readings=0/5 lidar_topic=/scan lidar_min_range=0.849 lidar_angle=0.240 lidar_age_sec=0.102 lidar_object_readings=0/5 report_reason=inflated_or_non_lethal_local_cost cost=99
[WARN] [1783784431.781072970] [coverage_follow_path_executor_node]: [STUCK_SKIP] not skipping current coverage points because the blockage looks static/inflated: robot_pose in inflated/non-lethal local cost band: max_cost=69 max_allowed_nav_cost=50 dynamic_threshold=100 radius=0.230
[INFO] [1783784431.969071599] [coverage_follow_path_executor_node]: [DYNAMIC_DETECT] rejected: inflated/non-lethal cost; rejected inflated local cost; cost=99 threshold=100
[WARN] [1783784432.171583095] [coverage_follow_path_executor_node]: [ARM_DETECT] rejected inflated local cost promotion: reason=arm_disabled use_robot_arm=false arm_active=false tof_topic=/tof/front/range tof_range=nan tof_age_sec=inf free_readings=0/5 lidar_topic=/scan lidar_min_range=0.844 lidar_angle=0.249 lidar_age_sec=0.106 lidar_object_readings=0/5 report_reason=inflated_or_non_lethal_local_cost cost=99
[INFO] [1783784433.172279336] [coverage_follow_path_executor_node]: [DYNAMIC_DETECT] rejected: inflated/non-lethal cost; rejected inflated local cost; cost=99 threshold=100
[WARN] [1783784433.174250578] [coverage_follow_path_executor_node]: [ARM_DETECT] rejected inflated local cost promotion: reason=arm_disabled use_robot_arm=false arm_active=false tof_topic=/tof/front/range tof_range=nan tof_age_sec=inf free_readings=0/5 lidar_topic=/scan lidar_min_range=0.845 lidar_angle=0.267 lidar_age_sec=0.012 lidar_object_readings=0/5 report_reason=inflated_or_non_lethal_local_cost cost=99
[WARN] [1783784433.787412173] [coverage_follow_path_executor_node]: [STUCK_SKIP] not skipping current coverage points because the blockage looks static/inflated: robot_pose in inflated/non-lethal local cost band: max_cost=69 max_allowed_nav_cost=50 dynamic_threshold=100 radius=0.230
[INFO] [1783784434.372080021] [coverage_follow_path_executor_node]: [DYNAMIC_DETECT] rejected: inflated/non-lethal cost; rejected inflated local cost; cost=99 threshold=100
[WARN] [1783784434.373057456] [coverage_follow_path_executor_node]: [ARM_DETECT] rejected inflated local cost promotion: reason=arm_disabled use_robot_arm=false arm_active=false tof_topic=/tof/front/range tof_range=nan tof_age_sec=inf free_readings=0/5 lidar_topic=/scan lidar_min_range=0.845 lidar_angle=0.267 lidar_age_sec=0.111 lidar_object_readings=0/5 report_reason=inflated_or_non_lethal_local_cost cost=99
[INFO] [1783784434.686638098] [coverage_follow_path_executor_node]: Ignoring /coverage_path update because active coverage path is frozen.
[INFO] [1783784435.568155386] [coverage_follow_path_executor_node]: [DYNAMIC_DETECT] rejected: inflated/non-lethal cost; rejected inflated local cost; cost=99 threshold=100
[WARN] [1783784435.570158668] [coverage_follow_path_executor_node]: [ARM_DETECT] rejected inflated local cost promotion: reason=arm_disabled use_robot_arm=false arm_active=false tof_topic=/tof/front/range tof_range=nan tof_age_sec=inf free_readings=0/5 lidar_topic=/scan lidar_min_range=0.843 lidar_angle=0.267 lidar_age_sec=0.010 lidar_object_readings=0/5 report_reason=inflated_or_non_lethal_local_cost cost=99
[WARN] [1783784435.972953909] [coverage_follow_path_executor_node]: [STUCK_SKIP] not skipping current coverage points because the blockage looks static/inflated: robot_pose in inflated/non-lethal local cost band: max_cost=69 max_allowed_nav_cost=50 dynamic_threshold=100 radius=0.230
[INFO] [1783784436.771157282] [coverage_follow_path_executor_node]: [DYNAMIC_DETECT] rejected: inflated/non-lethal cost; rejected inflated local cost; cost=99 threshold=100
[WARN] [1783784436.772108215] [coverage_follow_path_executor_node]: [ARM_DETECT] rejected inflated local cost promotion: reason=arm_disabled use_robot_arm=false arm_active=false tof_topic=/tof/front/range tof_range=nan tof_age_sec=inf free_readings=0/5 lidar_topic=/scan lidar_min_range=0.850 lidar_angle=0.258 lidar_age_sec=0.014 lidar_object_readings=0/5 report_reason=inflated_or_non_lethal_local_cost cost=99
[INFO] [1783784437.776317421] [coverage_follow_path_executor_node]: [DYNAMIC_DETECT] rejected: inflated/non-lethal cost; rejected inflated local cost; cost=99 threshold=100
[WARN] [1783784437.777863349] [coverage_follow_path_executor_node]: [ARM_DETECT] rejected inflated local cost promotion: reason=arm_disabled use_robot_arm=false arm_active=false tof_topic=/tof/front/range tof_range=nan tof_age_sec=inf free_readings=0/5 lidar_topic=/scan lidar_min_range=0.844 lidar_angle=0.284 lidar_age_sec=0.019 lidar_object_readings=0/5 report_reason=inflated_or_non_lethal_local_cost cost=99
[WARN] [1783784437.977444288] [coverage_follow_path_executor_node]: [STUCK_SKIP] not skipping current coverage points because the blockage looks static/inflated: robot_pose in inflated/non-lethal local cost band: max_cost=69 max_allowed_nav_cost=50 dynamic_threshold=100 radius=0.230
[INFO] [1783784438.777074005] [coverage_follow_path_executor_node]: [DYNAMIC_DETECT] rejected: inflated/non-lethal cost; rejected inflated local cost; cost=99 threshold=100
[WARN] [1783784438.778164024] [coverage_follow_path_executor_node]: [ARM_DETECT] rejected inflated local cost promotion: reason=arm_disabled use_robot_arm=false arm_active=false tof_topic=/tof/front/range tof_range=nan tof_age_sec=inf free_readings=0/5 lidar_topic=/scan lidar_min_range=0.850 lidar_angle=0.328 lidar_age_sec=0.026 lidar_object_readings=0/5 report_reason=inflated_or_non_lethal_local_cost cost=99
[INFO] [1783784439.688762544] [coverage_follow_path_executor_node]: Ignoring /coverage_path update because active coverage path is frozen.
[INFO] [1783784439.968757862] [coverage_follow_path_executor_node]: [DYNAMIC_DETECT] rejected: inflated/non-lethal cost; rejected inflated local cost; cost=99 threshold=100
[WARN] [1783784439.969832287] [coverage_follow_path_executor_node]: [ARM_DETECT] rejected inflated local cost promotion: reason=arm_disabled use_robot_arm=false arm_active=false tof_topic=/tof/front/range tof_range=nan tof_age_sec=inf free_readings=0/5 lidar_topic=/scan lidar_min_range=0.846 lidar_angle=0.336 lidar_age_sec=0.014 lidar_object_readings=0/5 report_reason=inflated_or_non_lethal_local_cost cost=99
[WARN] [1783784440.168592854] [coverage_follow_path_executor_node]: [STUCK_SKIP] not skipping current coverage points because the blockage looks static/inflated: robot_pose in inflated/non-lethal local cost band: max_cost=69 max_allowed_nav_cost=50 dynamic_threshold=100 radius=0.230
[INFO] [1783784441.168929423] [coverage_follow_path_executor_node]: [DYNAMIC_DETECT] rejected: inflated/non-lethal cost; rejected inflated local cost; cost=99 threshold=100
[WARN] [1783784441.170274908] [coverage_follow_path_executor_node]: [ARM_DETECT] rejected inflated local cost promotion: reason=arm_disabled use_robot_arm=false arm_active=false tof_topic=/tof/front/range tof_range=nan tof_age_sec=inf free_readings=0/5 lidar_topic=/scan lidar_min_range=0.844 lidar_angle=0.336 lidar_age_sec=0.017 lidar_object_readings=0/5 report_reason=inflated_or_non_lethal_local_cost cost=99
[WARN] [1783784442.170201373] [coverage_follow_path_executor_node]: [STUCK_SKIP] not skipping current coverage points because the blockage looks static/inflated: robot_pose in inflated/non-lethal local cost band: max_cost=69 max_allowed_nav_cost=50 dynamic_threshold=100 radius=0.230
[INFO] [1783784442.365060118] [coverage_follow_path_executor_node]: [DYNAMIC_DETECT] rejected: inflated/non-lethal cost; rejected inflated local cost; cost=99 threshold=100
[WARN] [1783784442.366444347] [coverage_follow_path_executor_node]: [ARM_DETECT] rejected inflated local cost promotion: reason=arm_disabled use_robot_arm=false arm_active=false tof_topic=/tof/front/range tof_range=nan tof_age_sec=inf free_readings=0/5 lidar_topic=/scan lidar_min_range=0.849 lidar_angle=0.345 lidar_age_sec=0.017 lidar_object_readings=0/5 report_reason=inflated_or_non_lethal_local_cost cost=99
[INFO] [1783784443.365367829] [coverage_follow_path_executor_node]: [DYNAMIC_DETECT] rejected: inflated/non-lethal cost; rejected inflated local cost; cost=99 threshold=100
[WARN] [1783784443.366483832] [coverage_follow_path_executor_node]: [ARM_DETECT] rejected inflated local cost promotion: reason=arm_disabled use_robot_arm=false arm_active=false tof_topic=/tof/front/range tof_range=nan tof_age_sec=inf free_readings=0/5 lidar_topic=/scan lidar_min_range=0.854 lidar_angle=0.336 lidar_age_sec=0.015 lidar_object_readings=0/5 report_reason=inflated_or_non_lethal_local_cost cost=99
[INFO] [1783784444.367081387] [coverage_follow_path_executor_node]: [DYNAMIC_DETECT] rejected: inflated/non-lethal cost; rejected inflated local cost; cost=99 threshold=100
[WARN] [1783784444.370037954] [coverage_follow_path_executor_node]: [ARM_DETECT] rejected inflated local cost promotion: reason=arm_disabled use_robot_arm=false arm_active=false tof_topic=/tof/front/range tof_range=nan tof_age_sec=inf free_readings=0/5 lidar_topic=/scan lidar_min_range=0.853 lidar_angle=0.336 lidar_age_sec=0.019 lidar_object_readings=0/5 report_reason=inflated_or_non_lethal_local_cost cost=99
[WARN] [1783784444.372666345] [coverage_follow_path_executor_node]: [STUCK_SKIP] not skipping current coverage points because the blockage looks static/inflated: robot_pose in inflated/non-lethal local cost band: max_cost=69 max_allowed_nav_cost=50 dynamic_threshold=100 radius=0.230
[INFO] [1783784444.689262041] [coverage_follow_path_executor_node]: Ignoring /coverage_path update because active coverage path is frozen.
[INFO] [1783784445.371140355] [coverage_follow_path_executor_node]: [DYNAMIC_DETECT] rejected: inflated/non-lethal cost; rejected inflated local cost; cost=99 threshold=100
[WARN] [1783784445.372208705] [coverage_follow_path_executor_node]: [ARM_DETECT] rejected inflated local cost promotion: reason=arm_disabled use_robot_arm=false arm_active=false tof_topic=/tof/front/range tof_range=nan tof_age_sec=inf free_readings=0/5 lidar_topic=/scan lidar_min_range=0.844 lidar_angle=0.345 lidar_age_sec=0.028 lidar_object_readings=0/5 report_reason=inflated_or_non_lethal_local_cost cost=99
[INFO] [1783784446.566227394] [coverage_follow_path_executor_node]: [DYNAMIC_DETECT] rejected: inflated/non-lethal cost; rejected inflated local cost; cost=99 threshold=100
[WARN] [1783784446.567394382] [coverage_follow_path_executor_node]: [ARM_DETECT] rejected inflated local cost promotion: reason=arm_disabled use_robot_arm=false arm_active=false tof_topic=/tof/front/range tof_range=nan tof_age_sec=inf free_readings=0/5 lidar_topic=/scan lidar_min_range=0.846 lidar_angle=0.345 lidar_age_sec=0.021 lidar_object_readings=0/5 report_reason=inflated_or_non_lethal_local_cost cost=99
[WARN] [1783784446.571592056] [coverage_follow_path_executor_node]: [STUCK_SKIP] not skipping current coverage points because the blockage looks static/inflated: robot_pose in inflated/non-lethal local cost band: max_cost=69 max_allowed_nav_cost=50 dynamic_threshold=100 radius=0.230
[INFO] [1783784447.566425954] [coverage_follow_path_executor_node]: [DYNAMIC_DETECT] rejected: inflated/non-lethal cost; rejected inflated local cost; cost=99 threshold=100
[WARN] [1783784447.567817943] [coverage_follow_path_executor_node]: [ARM_DETECT] rejected inflated local cost promotion: reason=arm_disabled use_robot_arm=false arm_active=false tof_topic=/tof/front/range tof_range=nan tof_age_sec=inf free_readings=0/5 lidar_topic=/scan lidar_min_range=0.852 lidar_angle=0.336 lidar_age_sec=0.023 lidar_object_readings=0/5 report_reason=inflated_or_non_lethal_local_cost cost=99
[INFO] [1783784447.872395376] [coverage_follow_path_executor_node]: FollowPath result: status=6 error_code=105 FAILED_TO_MAKE_PROGRESS error_msg=
[WARN] [1783784447.878421872] [coverage_follow_path_executor_node]: [DYNAMIC_SKIP] recoverable FollowPath error 105 FAILED_TO_MAKE_PROGRESS did not match a confirmed local-only obstacle; reason=inflated_or_non_lethal_local_cost local_lethal_count=0 local_inscribed_count=0 dynamic_only_blocked_count=0
[WARN] [1783784447.884627013] [coverage_follow_path_executor_node]: FollowPath failed with FAILED_TO_MAKE_PROGRESS. Likely causes: progress checker too strict, local costmap collision checking, sharp turn, robot not near the selected start pose, or cmd_vel blocked. last_feedback="distance_to_goal=3.556 speed=0.000 elapsed=30.0"
[INFO] [1783784447.888556423] [coverage_follow_path_executor_node]: Coverage FollowPath status: FAILED
[INFO] [1783784448.689116519] [coverage_follow_path_executor_node]: Ignoring /coverage_path update because the first valid coverage path is already cached. Call /reset_coverage_follow_path to accept a new path.
[INFO] [1783784450.911029378] [coverage_follow_path_executor_node]: Coverage FollowPath status: WAITING_FOR_PATH
