[INFO] [1783785047.893460245] [coverage_follow_path_executor_node]: Coverage FollowPath executor started: action=/follow_path controller_id=FollowPath smoother_action=/smooth_path smoother_id=simple_smoother path=/coverage_path raw=/coverage_path_raw smoothed=/coverage_smoothed_path active=/coverage_active_path costmap=/global_costmap/costmap. This mode uses FollowPath, not NavigateThroughPoses. dynamic_obstacle_skip=true local_costmap=/local_costmap/costmap static_map=/map
[INFO] [1783785047.894446880] [coverage_follow_path_executor_node]: Loaded dynamic obstacle parameters: dynamic_rejoin_max_search_distance_m=5.00 dynamic_progress_search_forward_m=1.00 dynamic_max_rejoin_candidates=100 dynamic_rejoin_min_clearance_m=0.03 dynamic_collision_check_radius_m=0.23 dynamic_connector_goal_tolerance_m=0.15 dynamic_skip_replan_cooldown_sec=3.00 dynamic_skip_max_consecutive_failures=5
[INFO] [1783785048.027808194] [coverage_follow_path_executor_node]: [COVERAGE_ARM] IDLE use_robot_arm=false inflated_promotion=true front_lidar_threshold_m=0.50 front_tof_clear_threshold_m=0.50
[INFO] [1783785048.746895849] [coverage_follow_path_executor_node]: Static map received for dynamic obstacle reference: topic=/map frame=map size=161x127 resolution=0.050 occupied_threshold=50
[INFO] [1783785050.055493637] [coverage_follow_path_executor_node]: Local costmap received for dynamic obstacle skip: topic=/local_costmap/costmap frame=odom size=100x100 resolution=0.050 threshold=100 detection_radius=0.230m unknown_blocked=true
[INFO] [1783785050.559905853] [coverage_follow_path_executor_node]: Global costmap received for FollowPath validation: topic=/global_costmap/costmap frame=map size=161x127 resolution=0.050 max_allowed_nav_cost=50 unknown_blocked=true
[INFO] [1783785052.135842787] [coverage_follow_path_executor_node]: Coverage FollowPath status: IDLE
[INFO] [1783785052.139823075] [coverage_follow_path_executor_node]: Coverage path frozen: frame_id=map poses=62 path_length=4.12m first=(x=-0.208 y=-0.113 yaw=-0.54) last=(x=0.642 y=0.487 yaw=-1.57)
[INFO] [1783785052.140621836] [coverage_follow_path_executor_node]: Path is frozen from the first executable /coverage_path. Later updates will not replace the active coverage path without reset.
[INFO] [1783785052.371125033] [coverage_follow_path_executor_node]: Ignoring /coverage_path update because the first valid coverage path is already cached. Call /reset_coverage_follow_path to accept a new path.
[INFO] [1783785057.098715834] [coverage_follow_path_executor_node]: Coverage FollowPath validation passed
[INFO] [1783785058.364473734] [coverage_follow_path_executor_node]: Ignoring /coverage_path update because the first valid coverage path is already cached. Call /reset_coverage_follow_path to accept a new path.
[INFO] [1783785060.195480677] [coverage_follow_path_executor_node]: Coverage home pose recorded at x=-0.196 y=-0.112
[INFO] [1783785060.199257584] [coverage_follow_path_executor_node]: Coverage FollowPath status: VALIDATING
[INFO] [1783785060.226109150] [coverage_follow_path_executor_node]: Coverage FollowPath status: SMOOTHING
[WARN] [1783785060.242729368] [coverage_follow_path_executor_node]: Keeping original sharp turn at index=1; rounded turn was invalid
[INFO] [1783785060.284938455] [coverage_follow_path_executor_node]: Coverage turn smoothing completed: rounded_turns=0 poses_before=62 poses_after=62 preserve_strip_lines=true
[INFO] [1783785060.302728488] [coverage_follow_path_executor_node]: Requesting Nav2 SmoothPath before FollowPath: action=/smooth_path smoother_id=simple_smoother poses=62 raw_length=4.12m custom_length=4.12m
[INFO] [1783785060.325665062] [coverage_follow_path_executor_node]: SmoothPath goal accepted by Nav2
[INFO] [1783785060.362917502] [coverage_follow_path_executor_node]: Smoothing result: raw path length=4.12m custom-smoothed path length=4.12m Nav2-smoothed path length=4.10m smoothing_duration=0.03s collision_check=true
[INFO] [1783785060.363484355] [coverage_follow_path_executor_node]: Coverage FollowPath status: WAITING_FOR_NAV2
[INFO] [1783785060.389816102] [coverage_follow_path_executor_node]: Coverage FollowPath status: EXECUTING
[INFO] [1783785060.392814726] [coverage_follow_path_executor_node]: Sending final frozen path to Nav2 FollowPath: reason=smooth_path_done action=/follow_path controller_id=FollowPath goal_checker_id=goal_checker poses=62 path_length=4.10m first=(x=-0.208 y=-0.113 yaw=-0.54) last=(x=0.642 y=0.487 yaw=-1.57) robot=(x=-0.196 y=-0.112 yaw=-3.04) start_index=0. This is FollowPath, not NavigateThroughPoses.
[INFO] [1783785060.406065918] [coverage_follow_path_executor_node]: Ignoring /coverage_path update because active coverage path is frozen.
[INFO] [1783785060.409790181] [coverage_follow_path_executor_node]: FollowPath goal accepted by Nav2
[INFO] [1783785060.420744686] [coverage_follow_path_executor_node]: [DYNAMIC_DETECT] rejected: inflated/non-lethal cost; rejected inflated local cost; cost=69 threshold=100
[WARN] [1783785060.426386123] [coverage_follow_path_executor_node]: [ARM_DETECT] rejected inflated local cost promotion: reason=arm_disabled use_robot_arm=false arm_active=false tof_topic=/tof/front/range tof_range=nan tof_age_sec=inf free_readings=0/5 lidar_topic=/scan lidar_min_range=0.869 lidar_angle=0.310 lidar_age_sec=0.018 lidar_object_readings=0/5 report_reason=inflated_or_non_lethal_local_cost cost=69
[INFO] [1783785061.621035196] [coverage_follow_path_executor_node]: [DYNAMIC_DETECT] rejected: inflated/non-lethal cost; rejected inflated local cost; cost=69 threshold=100
[WARN] [1783785061.631013212] [coverage_follow_path_executor_node]: [ARM_DETECT] rejected inflated local cost promotion: reason=arm_disabled use_robot_arm=false arm_active=false tof_topic=/tof/front/range tof_range=nan tof_age_sec=inf free_readings=0/5 lidar_topic=/scan lidar_min_range=0.871 lidar_angle=0.319 lidar_age_sec=0.071 lidar_object_readings=0/5 report_reason=inflated_or_non_lethal_local_cost cost=69
[INFO] [1783785062.821822995] [coverage_follow_path_executor_node]: [DYNAMIC_DETECT] rejected: inflated/non-lethal cost; rejected inflated local cost; cost=69 threshold=100
[WARN] [1783785062.823092933] [coverage_follow_path_executor_node]: [ARM_DETECT] rejected inflated local cost promotion: reason=arm_disabled use_robot_arm=false arm_active=false tof_topic=/tof/front/range tof_range=nan tof_age_sec=inf free_readings=0/5 lidar_topic=/scan lidar_min_range=0.868 lidar_angle=0.301 lidar_age_sec=0.085 lidar_object_readings=0/5 report_reason=inflated_or_non_lethal_local_cost cost=69
[INFO] [1783785064.014233438] [coverage_follow_path_executor_node]: [DYNAMIC_DETECT] rejected: inflated/non-lethal cost; rejected inflated local cost; cost=69 threshold=100
[WARN] [1783785064.015540764] [coverage_follow_path_executor_node]: [ARM_DETECT] rejected inflated local cost promotion: reason=arm_disabled use_robot_arm=false arm_active=false tof_topic=/tof/front/range tof_range=nan tof_age_sec=inf free_readings=0/5 lidar_topic=/scan lidar_min_range=0.868 lidar_angle=0.301 lidar_age_sec=0.076 lidar_object_readings=0/5 report_reason=inflated_or_non_lethal_local_cost cost=69
[WARN] [1783785065.016546738] [coverage_follow_path_executor_node]: [ARM_DETECT] rejected inflated local cost promotion: reason=arm_disabled use_robot_arm=false arm_active=false tof_topic=/tof/front/range tof_range=nan tof_age_sec=inf free_readings=0/5 lidar_topic=/scan lidar_min_range=0.867 lidar_angle=0.345 lidar_age_sec=0.078 lidar_object_readings=0/5 report_reason=inflated_or_non_lethal_local_cost cost=69
[INFO] [1783785065.214758011] [coverage_follow_path_executor_node]: [DYNAMIC_DETECT] rejected: inflated/non-lethal cost; rejected inflated local cost; cost=69 threshold=100
[WARN] [1783785066.213342701] [coverage_follow_path_executor_node]: [ARM_DETECT] rejected inflated local cost promotion: reason=arm_disabled use_robot_arm=false arm_active=false tof_topic=/tof/front/range tof_range=nan tof_age_sec=inf free_readings=0/5 lidar_topic=/scan lidar_min_range=0.869 lidar_angle=0.301 lidar_age_sec=0.081 lidar_object_readings=0/5 report_reason=inflated_or_non_lethal_local_cost cost=69
[INFO] [1783785066.361928634] [coverage_follow_path_executor_node]: Ignoring /coverage_path update because active coverage path is frozen.
[INFO] [1783785066.416393499] [coverage_follow_path_executor_node]: [DYNAMIC_DETECT] rejected: inflated/non-lethal cost; rejected inflated local cost; cost=69 threshold=100
[WARN] [1783785067.219340035] [coverage_follow_path_executor_node]: [ARM_DETECT] rejected inflated local cost promotion: reason=arm_disabled use_robot_arm=false arm_active=false tof_topic=/tof/front/range tof_range=nan tof_age_sec=inf free_readings=0/5 lidar_topic=/scan lidar_min_range=0.869 lidar_angle=0.301 lidar_age_sec=0.086 lidar_object_readings=0/5 report_reason=inflated_or_non_lethal_local_cost cost=69
[INFO] [1783785067.613090147] [coverage_follow_path_executor_node]: [DYNAMIC_DETECT] rejected: inflated/non-lethal cost; rejected inflated local cost; cost=69 threshold=100
[WARN] [1783785068.219543743] [coverage_follow_path_executor_node]: [ARM_DETECT] rejected inflated local cost promotion: reason=arm_disabled use_robot_arm=false arm_active=false tof_topic=/tof/front/range tof_range=nan tof_age_sec=inf free_readings=0/5 lidar_topic=/scan lidar_min_range=0.867 lidar_angle=0.336 lidar_age_sec=0.086 lidar_object_readings=0/5 report_reason=inflated_or_non_lethal_local_cost cost=69
[INFO] [1783785068.613252162] [coverage_follow_path_executor_node]: [DYNAMIC_DETECT] rejected: inflated/non-lethal cost; rejected inflated local cost; cost=69 threshold=100
[WARN] [1783785069.220195725] [coverage_follow_path_executor_node]: [ARM_DETECT] rejected inflated local cost promotion: reason=arm_disabled use_robot_arm=false arm_active=false tof_topic=/tof/front/range tof_range=nan tof_age_sec=inf free_readings=0/5 lidar_topic=/scan lidar_min_range=0.860 lidar_angle=0.345 lidar_age_sec=0.092 lidar_object_readings=0/5 report_reason=inflated_or_non_lethal_local_cost cost=69
[INFO] [1783785069.615056265] [coverage_follow_path_executor_node]: [DYNAMIC_DETECT] rejected: inflated/non-lethal cost; rejected inflated local cost; cost=69 threshold=100
[WARN] [1783785070.415210939] [coverage_follow_path_executor_node]: [ARM_DETECT] rejected inflated local cost promotion: reason=arm_disabled use_robot_arm=false arm_active=false tof_topic=/tof/front/range tof_range=nan tof_age_sec=inf free_readings=0/5 lidar_topic=/scan lidar_min_range=0.852 lidar_angle=0.345 lidar_age_sec=0.086 lidar_object_readings=0/5 report_reason=inflated_or_non_lethal_local_cost cost=69
[INFO] [1783785070.819770208] [coverage_follow_path_executor_node]: [DYNAMIC_DETECT] rejected: inflated/non-lethal cost; rejected inflated local cost; cost=69 threshold=100
[INFO] [1783785071.362322070] [coverage_follow_path_executor_node]: Ignoring /coverage_path update because active coverage path is frozen.
[WARN] [1783785071.415972861] [coverage_follow_path_executor_node]: [ARM_DETECT] rejected inflated local cost promotion: reason=arm_disabled use_robot_arm=false arm_active=false tof_topic=/tof/front/range tof_range=nan tof_age_sec=inf free_readings=0/5 lidar_topic=/scan lidar_min_range=0.851 lidar_angle=0.345 lidar_age_sec=0.089 lidar_object_readings=0/5 report_reason=inflated_or_non_lethal_local_cost cost=69
[INFO] [1783785071.824312404] [coverage_follow_path_executor_node]: [DYNAMIC_DETECT] rejected: inflated/non-lethal cost; rejected inflated local cost; cost=69 threshold=100
[WARN] [1783785072.617198642] [coverage_follow_path_executor_node]: [ARM_DETECT] rejected inflated local cost promotion: reason=arm_disabled use_robot_arm=false arm_active=false tof_topic=/tof/front/range tof_range=nan tof_age_sec=inf free_readings=0/5 lidar_topic=/scan lidar_min_range=0.863 lidar_angle=0.336 lidar_age_sec=0.090 lidar_object_readings=0/5 report_reason=inflated_or_non_lethal_local_cost cost=69
[INFO] [1783785072.828414602] [coverage_follow_path_executor_node]: [DYNAMIC_DETECT] rejected: inflated/non-lethal cost; rejected inflated local cost; cost=69 threshold=100
[WARN] [1783785073.619457362] [coverage_follow_path_executor_node]: [ARM_DETECT] rejected inflated local cost promotion: reason=arm_disabled use_robot_arm=false arm_active=false tof_topic=/tof/front/range tof_range=nan tof_age_sec=inf free_readings=0/5 lidar_topic=/scan lidar_min_range=0.855 lidar_angle=0.345 lidar_age_sec=0.093 lidar_object_readings=0/5 report_reason=inflated_or_non_lethal_local_cost cost=69
[INFO] [1783785074.014326242] [coverage_follow_path_executor_node]: [DYNAMIC_DETECT] rejected: inflated/non-lethal cost; rejected inflated local cost; cost=69 threshold=100
[WARN] [1783785074.433230920] [coverage_follow_path_executor_node]: [STUCK_SKIP] not skipping current coverage points because the blockage looks static/inflated: robot_pose in inflated/non-lethal local cost band: max_cost=69 max_allowed_nav_cost=50 dynamic_threshold=100 radius=0.230
[WARN] [1783785074.822256040] [coverage_follow_path_executor_node]: [ARM_DETECT] rejected inflated local cost promotion: reason=arm_disabled use_robot_arm=false arm_active=false tof_topic=/tof/front/range tof_range=nan tof_age_sec=inf free_readings=0/5 lidar_topic=/scan lidar_min_range=0.861 lidar_angle=0.336 lidar_age_sec=0.095 lidar_object_readings=0/5 report_reason=inflated_or_non_lethal_local_cost cost=69
[INFO] [1783785075.215671099] [coverage_follow_path_executor_node]: [DYNAMIC_DETECT] rejected: inflated/non-lethal cost; rejected inflated local cost; cost=69 threshold=100
[WARN] [1783785075.829744873] [coverage_follow_path_executor_node]: [ARM_DETECT] rejected inflated local cost promotion: reason=arm_disabled use_robot_arm=false arm_active=false tof_topic=/tof/front/range tof_range=nan tof_age_sec=inf free_readings=0/5 lidar_topic=/scan lidar_min_range=0.851 lidar_angle=0.345 lidar_age_sec=0.104 lidar_object_readings=0/5 report_reason=inflated_or_non_lethal_local_cost cost=69
[INFO] [1783785076.364288771] [coverage_follow_path_executor_node]: Ignoring /coverage_path update because active coverage path is frozen.
[INFO] [1783785076.413260701] [coverage_follow_path_executor_node]: [DYNAMIC_DETECT] rejected: inflated/non-lethal cost; rejected inflated local cost; cost=69 threshold=100
[WARN] [1783785076.619730186] [coverage_follow_path_executor_node]: [STUCK_SKIP] not skipping current coverage points because the blockage looks static/inflated: robot_pose in inflated/non-lethal local cost band: max_cost=69 max_allowed_nav_cost=50 dynamic_threshold=100 radius=0.230
[WARN] [1783785077.014459159] [coverage_follow_path_executor_node]: [ARM_DETECT] rejected inflated local cost promotion: reason=arm_disabled use_robot_arm=false arm_active=false tof_topic=/tof/front/range tof_range=nan tof_age_sec=inf free_readings=0/5 lidar_topic=/scan lidar_min_range=0.849 lidar_angle=0.345 lidar_age_sec=0.089 lidar_object_readings=0/5 report_reason=inflated_or_non_lethal_local_cost cost=69
[INFO] [1783785077.619141622] [coverage_follow_path_executor_node]: [DYNAMIC_DETECT] rejected: inflated/non-lethal cost; rejected inflated local cost; cost=69 threshold=100
[WARN] [1783785078.016813550] [coverage_follow_path_executor_node]: [ARM_DETECT] rejected inflated local cost promotion: reason=arm_disabled use_robot_arm=false arm_active=false tof_topic=/tof/front/range tof_range=nan tof_age_sec=inf free_readings=0/5 lidar_topic=/scan lidar_min_range=0.855 lidar_angle=0.345 lidar_age_sec=0.096 lidar_object_readings=0/5 report_reason=inflated_or_non_lethal_local_cost cost=69
[WARN] [1783785078.623278099] [coverage_follow_path_executor_node]: [STUCK_SKIP] not skipping current coverage points because the blockage looks static/inflated: robot_pose in inflated/non-lethal local cost band: max_cost=69 max_allowed_nav_cost=50 dynamic_threshold=100 radius=0.230
[INFO] [1783785078.836696586] [coverage_follow_path_executor_node]: [DYNAMIC_DETECT] rejected: inflated/non-lethal cost; rejected inflated local cost; cost=69 threshold=100
[WARN] [1783785079.216412139] [coverage_follow_path_executor_node]: [ARM_DETECT] rejected inflated local cost promotion: reason=arm_disabled use_robot_arm=false arm_active=false tof_topic=/tof/front/range tof_range=nan tof_age_sec=inf free_readings=0/5 lidar_topic=/scan lidar_min_range=0.854 lidar_angle=0.345 lidar_age_sec=0.102 lidar_object_readings=0/5 report_reason=inflated_or_non_lethal_local_cost cost=69
[INFO] [1783785080.031718809] [coverage_follow_path_executor_node]: [DYNAMIC_DETECT] rejected: inflated/non-lethal cost; rejected inflated local cost; cost=69 threshold=100
[WARN] [1783785080.218559929] [coverage_follow_path_executor_node]: [ARM_DETECT] rejected inflated local cost promotion: reason=arm_disabled use_robot_arm=false arm_active=false tof_topic=/tof/front/range tof_range=nan tof_age_sec=inf free_readings=0/5 lidar_topic=/scan lidar_min_range=0.848 lidar_angle=0.345 lidar_age_sec=0.105 lidar_object_readings=0/5 report_reason=inflated_or_non_lethal_local_cost cost=69
[WARN] [1783785080.847149505] [coverage_follow_path_executor_node]: [STUCK_SKIP] not skipping current coverage points because the blockage looks static/inflated: robot_pose in inflated/non-lethal local cost band: max_cost=69 max_allowed_nav_cost=50 dynamic_threshold=100 radius=0.230
