[INFO] [1783779809.160330298] [wavefront_explorer]: ======================================================================
[INFO] [1783779809.162034958] [wavefront_explorer]: 🤖 WAVEFRONT EXPLORER (SMART BLOCKING FIX)
[INFO] [1783779809.163684507] [wavefront_explorer]: ======================================================================
[INFO] [1783779809.165303870] [wavefront_explorer]:    📋 FRONTIER DETECTION:
[INFO] [1783779809.166943901] [wavefront_explorer]:       frontier_min_size: 3
[INFO] [1783779809.168611690] [wavefront_explorer]:       min_unknown_region_area_m2: 0.25
[INFO] [1783779809.170275924] [wavefront_explorer]:       exploration_frequency: 5.0 Hz (timer period: 0.20s)
[INFO] [1783779809.171931232] [wavefront_explorer]:       max_frontier_candidates: 0
[INFO] [1783779809.173606633] [wavefront_explorer]:       no_frontier_finish_count: 10
[INFO] [1783779809.175291533] [wavefront_explorer]:       robot_base_frame: base_footprint
[INFO] [1783779809.176994823] [wavefront_explorer]:       far_goals: 8, far_min_distance: 1.00m
[INFO] [1783779809.178716575] [wavefront_explorer]:       safe_goal_clearance_weight: 250.0
[INFO] [1783779809.180439364] [wavefront_explorer]:    🔧 ATTEMPT LIMITS:
[INFO] [1783779809.182178876] [wavefront_explorer]:       max_attempts_per_frontier: 3
[INFO] [1783779809.183987257] [wavefront_explorer]:       max_consecutive_timeouts: 4
[INFO] [1783779809.185853565] [wavefront_explorer]:       max_total_timeouts: 35
[INFO] [1783779809.187677983] [wavefront_explorer]:    📏 SMART BLOCKING:
[INFO] [1783779809.189525661] [wavefront_explorer]:       unreachable_region_radius: 0.6m
[INFO] [1783779809.191397653] [wavefront_explorer]:       smart_blocking_enabled: True
[INFO] [1783779809.193246497] [wavefront_explorer]:       failed_frontier_retry_sec: 30.0s
[INFO] [1783779809.195112675] [wavefront_explorer]:       completion_retry_cycles: 3
[INFO] [1783779809.196994093] [wavefront_explorer]:       frontier_goal_search_radius: 1.4m
[INFO] [1783779809.198913530] [wavefront_explorer]:       save_map_padding_m: 0.50m
[INFO] [1783779809.200866744] [wavefront_explorer]:       close_saved_map_boundary: True thickness=0.10m
[INFO] [1783779809.202794014] [wavefront_explorer]:    CONTROL:
[INFO] [1783779809.204828173] [wavefront_explorer]:       map_name: dependency_check
[INFO] [1783779809.206841590] [wavefront_explorer]:       start_mode: stopped
[INFO] [1783779809.208829471] [wavefront_explorer]:       cmd_vel_topic: /cmd_vel
[INFO] [1783779809.210845111] [wavefront_explorer]:       source_map_topic: /dependency_check_map
[INFO] [1783779809.212860844] [wavefront_explorer]:       repaired_map_topic: (disabled)
[INFO] [1783779809.214914891] [wavefront_explorer]:       /set_manual_control true=manual false=auto
[INFO] [1783779809.216962642] [wavefront_explorer]:       /stop_exploration_and_save map_url=<name>
[INFO] [1783779809.219196484] [wavefront_explorer]: ======================================================================
[INFO] [1783779809.333027540] [wavefront_explorer]: ⏳ Waiting for map...
[INFO] [1783779812.163280475] [wavefront_explorer]: Stopped
