[INFO] [1783787669.298268730] [coverage_follow_path_executor_node]: Coverage FollowPath executor started: action=/follow_path controller_id=FollowPath smoother_action=/smooth_path smoother_id=simple_smoother path=/coverage_path raw=/coverage_path_raw smoothed=/coverage_smoothed_path active=/coverage_active_path costmap=/global_costmap/costmap. This mode uses FollowPath, not NavigateThroughPoses. dynamic_obstacle_skip=true local_costmap=/local_costmap/costmap static_map=/map
[INFO] [1783787669.300274663] [coverage_follow_path_executor_node]: Loaded dynamic obstacle parameters: dynamic_rejoin_max_search_distance_m=5.00 dynamic_progress_search_forward_m=1.00 dynamic_max_rejoin_candidates=100 dynamic_rejoin_min_clearance_m=0.03 dynamic_collision_check_radius_m=0.23 dynamic_connector_goal_tolerance_m=0.15 dynamic_skip_replan_cooldown_sec=3.00 dynamic_skip_max_consecutive_failures=5
[INFO] [1783787669.380966571] [coverage_follow_path_executor_node]: [COVERAGE_ARM] IDLE use_robot_arm=false inflated_promotion=true front_lidar_threshold_m=0.50 front_tof_clear_threshold_m=0.50
[INFO] [1783787669.385644976] [coverage_follow_path_executor_node]: Static map received for dynamic obstacle reference: topic=/map frame=map size=155x117 resolution=0.050 occupied_threshold=50
[INFO] [1783787672.883817357] [coverage_follow_path_executor_node]: Local costmap received for dynamic obstacle skip: topic=/local_costmap/costmap frame=odom size=100x100 resolution=0.050 threshold=100 detection_radius=0.230m unknown_blocked=true
[INFO] [1783787676.893615029] [coverage_follow_path_executor_node]: Global costmap received for FollowPath validation: topic=/global_costmap/costmap frame=map size=155x117 resolution=0.050 max_allowed_nav_cost=85 unknown_blocked=true
[WARN] [1783787678.793945886] [coverage_follow_path_executor_node]: Coverage path has 8 inflated costmap samples (ratio=0.0268, max_cost=99); tolerating because it is under configured limits.
[INFO] [1783787678.815097864] [coverage_follow_path_executor_node]: Coverage FollowPath status: IDLE
[INFO] [1783787678.816521451] [coverage_follow_path_executor_node]: Coverage path frozen: frame_id=map poses=123 path_length=7.35m first=(x=0.048 y=0.009 yaw=-0.24) last=(x=-0.502 y=-1.041 yaw=0.00)
[INFO] [1783787678.817392371] [coverage_follow_path_executor_node]: Path is frozen from the first executable /coverage_path. Later updates will not replace the active coverage path without reset.
[INFO] [1783787678.827237218] [coverage_follow_path_executor_node]: Ignoring /coverage_path update because the first valid coverage path is already cached. Call /reset_coverage_follow_path to accept a new path.
[INFO] [1783787684.772021393] [coverage_follow_path_executor_node]: Ignoring /coverage_path update because the first valid coverage path is already cached. Call /reset_coverage_follow_path to accept a new path.
[INFO] [1783787689.782135498] [coverage_follow_path_executor_node]: Ignoring /coverage_path update because the first valid coverage path is already cached. Call /reset_coverage_follow_path to accept a new path.
[WARN] [1783787690.023181311] [coverage_follow_path_executor_node]: Coverage path has 8 inflated costmap samples (ratio=0.0268, max_cost=99); tolerating because it is under configured limits.
[INFO] [1783787690.027131731] [coverage_follow_path_executor_node]: Coverage FollowPath validation passed
[INFO] [1783787694.385074997] [coverage_follow_path_executor_node]: Coverage home pose recorded at x=0.041 y=-0.015
[INFO] [1783787694.386657324] [coverage_follow_path_executor_node]: Coverage FollowPath status: VALIDATING
[INFO] [1783787694.404579250] [coverage_follow_path_executor_node]: Coverage FollowPath status: SMOOTHING
[WARN] [1783787694.415014684] [coverage_follow_path_executor_node]: Keeping original sharp turn at index=31; rounded turn was invalid
[INFO] [1783787694.438333451] [coverage_follow_path_executor_node]: Coverage turn smoothing completed: rounded_turns=0 poses_before=123 poses_after=123 preserve_strip_lines=true
[INFO] [1783787694.467629002] [coverage_follow_path_executor_node]: Requesting Nav2 SmoothPath before FollowPath: action=/smooth_path smoother_id=simple_smoother poses=123 raw_length=7.35m custom_length=7.35m
[INFO] [1783787694.493411258] [coverage_follow_path_executor_node]: SmoothPath goal accepted by Nav2
[WARN] [1783787694.504374697] [coverage_follow_path_executor_node]: SmoothPath failed: status=6 error_code=503 SMOOTHED_PATH_IN_COLLISION error_msg=
[WARN] [1783787694.505331403] [coverage_follow_path_executor_node]: Falling back to custom/raw coverage path after smoothing failure
[INFO] [1783787694.506126261] [coverage_follow_path_executor_node]: Coverage FollowPath status: WAITING_FOR_NAV2
[INFO] [1783787694.546512326] [coverage_follow_path_executor_node]: Coverage FollowPath status: EXECUTING
[INFO] [1783787694.547931453] [coverage_follow_path_executor_node]: Sending final frozen path to Nav2 FollowPath: reason=smoothing_fallback action=/follow_path controller_id=FollowPath goal_checker_id=goal_checker poses=123 path_length=7.35m first=(x=0.048 y=0.009 yaw=-0.24) last=(x=-0.502 y=-1.041 yaw=0.00) robot=(x=0.041 y=-0.015 yaw=-0.07) start_index=0. This is FollowPath, not NavigateThroughPoses.
[INFO] [1783787694.560188609] [coverage_follow_path_executor_node]: FollowPath goal accepted by Nav2
[INFO] [1783787694.777267597] [coverage_follow_path_executor_node]: Ignoring /coverage_path update because active coverage path is frozen.
[INFO] [1783787700.772167534] [coverage_follow_path_executor_node]: Ignoring /coverage_path update because active coverage path is frozen.
[INFO] [1783787705.775546102] [coverage_follow_path_executor_node]: Ignoring /coverage_path update because active coverage path is frozen.
[INFO] [1783787708.867161335] [coverage_follow_path_executor_node]: Coverage FollowPath status: SKIPPING_DYNAMIC_OBSTACLE
[WARN] [1783787708.868740684] [coverage_follow_path_executor_node]: [STUCK_SKIP] robot appears stuck; skipping current coverage points nearest_index=0 blocked_end_index=9 no_progress_sec=10.2 moved=0.000m
[INFO] [1783787708.882687101] [coverage_follow_path_executor_node]: [DYNAMIC_REJOIN] searching original path from index=10 max_distance=5.00m
[INFO] [1783787708.887588849] [coverage_follow_path_executor_node]: [DYNAMIC_REJOIN] candidate index=10 distance_from_block=0.050 inside_local_costmap=true static_safe=true global_safe=true planner_allowed=true static_reason=static_reference_free global_reason=global_safe local_reason=local_corridor_clear
[INFO] [1783787708.890585420] [coverage_follow_path_executor_node]: [DYNAMIC_REJOIN] candidate index=11 distance_from_block=0.100 inside_local_costmap=true static_safe=true global_safe=true planner_allowed=true static_reason=static_reference_free global_reason=global_safe local_reason=local_corridor_clear
[INFO] [1783787708.894633984] [coverage_follow_path_executor_node]: [DYNAMIC_REJOIN] candidate index=12 distance_from_block=0.150 inside_local_costmap=true static_safe=true global_safe=true planner_allowed=true static_reason=static_reference_free global_reason=global_safe local_reason=local_corridor_clear
[INFO] [1783787708.897064166] [coverage_follow_path_executor_node]: [DYNAMIC_REJOIN] candidate index=13 distance_from_block=0.200 inside_local_costmap=true static_safe=true global_safe=true planner_allowed=true static_reason=static_reference_free global_reason=global_safe local_reason=local_corridor_clear
[INFO] [1783787708.899404045] [coverage_follow_path_executor_node]: [DYNAMIC_REJOIN] candidate index=14 distance_from_block=0.250 inside_local_costmap=true static_safe=true global_safe=true planner_allowed=true static_reason=static_reference_free global_reason=global_safe local_reason=local_corridor_clear
[INFO] [1783787708.901345810] [coverage_follow_path_executor_node]: [DYNAMIC_REJOIN] candidate index=15 distance_from_block=0.300 inside_local_costmap=true static_safe=true global_safe=true planner_allowed=true static_reason=static_reference_free global_reason=global_safe local_reason=local_corridor_clear
[INFO] [1783787708.903624142] [coverage_follow_path_executor_node]: [DYNAMIC_REJOIN] candidate index=16 distance_from_block=0.350 inside_local_costmap=true static_safe=true global_safe=true planner_allowed=true static_reason=static_reference_free global_reason=global_safe local_reason=local_corridor_clear
[INFO] [1783787708.906888011] [coverage_follow_path_executor_node]: [DYNAMIC_REJOIN] candidate index=17 distance_from_block=0.400 inside_local_costmap=true static_safe=true global_safe=true planner_allowed=true static_reason=static_reference_free global_reason=global_safe local_reason=local_corridor_clear
[INFO] [1783787708.909544997] [coverage_follow_path_executor_node]: [DYNAMIC_REJOIN] candidate index=18 distance_from_block=0.450 inside_local_costmap=true static_safe=true global_safe=true planner_allowed=true static_reason=static_reference_free global_reason=global_safe local_reason=local_corridor_clear
[INFO] [1783787708.912397698] [coverage_follow_path_executor_node]: [DYNAMIC_REJOIN] candidate index=19 distance_from_block=0.500 inside_local_costmap=true static_safe=true global_safe=true planner_allowed=true static_reason=static_reference_free global_reason=global_safe local_reason=local_corridor_clear
[INFO] [1783787708.916782255] [coverage_follow_path_executor_node]: [DYNAMIC_REJOIN] candidate index=20 distance_from_block=0.550 inside_local_costmap=true static_safe=true global_safe=true planner_allowed=true static_reason=static_reference_free global_reason=global_safe local_reason=local_corridor_clear
[INFO] [1783787708.920425093] [coverage_follow_path_executor_node]: [DYNAMIC_REJOIN] candidate index=21 distance_from_block=0.600 inside_local_costmap=true static_safe=true global_safe=true planner_allowed=true static_reason=static_reference_free global_reason=global_safe local_reason=local_corridor_clear
[INFO] [1783787708.922747049] [coverage_follow_path_executor_node]: [DYNAMIC_REJOIN] candidate index=22 distance_from_block=0.650 inside_local_costmap=true static_safe=true global_safe=true planner_allowed=true static_reason=static_reference_free global_reason=global_safe local_reason=local_corridor_clear
[INFO] [1783787708.925831238] [coverage_follow_path_executor_node]: [DYNAMIC_REJOIN] candidate index=23 distance_from_block=0.700 inside_local_costmap=true static_safe=true global_safe=true planner_allowed=true static_reason=static_reference_free global_reason=global_safe local_reason=local_corridor_clear
[INFO] [1783787708.928776687] [coverage_follow_path_executor_node]: [DYNAMIC_REJOIN] candidate index=24 distance_from_block=0.750 inside_local_costmap=true static_safe=true global_safe=true planner_allowed=true static_reason=static_reference_free global_reason=global_safe local_reason=local_corridor_clear
[INFO] [1783787708.931508293] [coverage_follow_path_executor_node]: [DYNAMIC_REJOIN] candidate index=25 distance_from_block=0.800 inside_local_costmap=true static_safe=true global_safe=true planner_allowed=true static_reason=static_reference_free global_reason=global_safe local_reason=local_corridor_clear
[INFO] [1783787708.935197458] [coverage_follow_path_executor_node]: [DYNAMIC_REJOIN] candidate index=26 distance_from_block=0.850 inside_local_costmap=true static_safe=true global_safe=true planner_allowed=true static_reason=static_reference_free global_reason=global_safe local_reason=local_corridor_clear
[INFO] [1783787708.937931342] [coverage_follow_path_executor_node]: [DYNAMIC_REJOIN] candidate index=27 distance_from_block=0.900 inside_local_costmap=true static_safe=true global_safe=true planner_allowed=true static_reason=static_reference_free global_reason=global_safe local_reason=local_corridor_clear
[INFO] [1783787708.940330935] [coverage_follow_path_executor_node]: [DYNAMIC_REJOIN] candidate index=28 distance_from_block=0.950 inside_local_costmap=true static_safe=true global_safe=true planner_allowed=true static_reason=static_reference_free global_reason=global_safe local_reason=local_corridor_clear
[INFO] [1783787708.943774837] [coverage_follow_path_executor_node]: [DYNAMIC_REJOIN] candidate index=29 distance_from_block=1.000 inside_local_costmap=true static_safe=true global_safe=true planner_allowed=false static_reason=static_reference_free global_reason=global_safe local_reason=local_lethal_cell_in_robot_corridor
[INFO] [1783787708.946861267] [coverage_follow_path_executor_node]: [DYNAMIC_REJOIN] candidate index=30 distance_from_block=1.050 inside_local_costmap=true static_safe=true global_safe=true planner_allowed=false static_reason=static_reference_free global_reason=global_safe local_reason=local_lethal_cell_in_robot_corridor
[INFO] [1783787708.949987803] [coverage_follow_path_executor_node]: [DYNAMIC_REJOIN] candidate index=31 distance_from_block=1.100 inside_local_costmap=true static_safe=true global_safe=true planner_allowed=false static_reason=static_reference_free global_reason=global_safe local_reason=local_lethal_cell_in_robot_corridor
[INFO] [1783787708.955589830] [coverage_follow_path_executor_node]: [DYNAMIC_REJOIN] candidate index=32 distance_from_block=1.503 inside_local_costmap=true static_safe=true global_safe=true planner_allowed=true static_reason=static_reference_free global_reason=global_safe local_reason=local_corridor_clear
[INFO] [1783787708.965790200] [coverage_follow_path_executor_node]: [DYNAMIC_REJOIN] candidate index=33 distance_from_block=1.553 inside_local_costmap=true static_safe=true global_safe=true planner_allowed=true static_reason=static_reference_free global_reason=global_safe local_reason=local_corridor_clear
[INFO] [1783787708.968638735] [coverage_follow_path_executor_node]: [DYNAMIC_REJOIN] candidate index=34 distance_from_block=1.603 inside_local_costmap=true static_safe=true global_safe=true planner_allowed=true static_reason=static_reference_free global_reason=global_safe local_reason=local_corridor_clear
[INFO] [1783787708.972091468] [coverage_follow_path_executor_node]: [DYNAMIC_REJOIN] candidate index=35 distance_from_block=1.653 inside_local_costmap=true static_safe=true global_safe=true planner_allowed=true static_reason=static_reference_free global_reason=global_safe local_reason=local_corridor_clear
[INFO] [1783787708.975556664] [coverage_follow_path_executor_node]: [DYNAMIC_REJOIN] candidate index=36 distance_from_block=1.703 inside_local_costmap=true static_safe=true global_safe=true planner_allowed=true static_reason=static_reference_free global_reason=global_safe local_reason=local_corridor_clear
[INFO] [1783787708.978484355] [coverage_follow_path_executor_node]: [DYNAMIC_REJOIN] candidate index=37 distance_from_block=1.753 inside_local_costmap=true static_safe=true global_safe=true planner_allowed=true static_reason=static_reference_free global_reason=global_safe local_reason=local_corridor_clear
[INFO] [1783787708.982264805] [coverage_follow_path_executor_node]: [DYNAMIC_REJOIN] candidate index=38 distance_from_block=1.803 inside_local_costmap=true static_safe=true global_safe=true planner_allowed=true static_reason=static_reference_free global_reason=global_safe local_reason=local_corridor_clear
[INFO] [1783787708.984968507] [coverage_follow_path_executor_node]: [DYNAMIC_REJOIN] candidate index=39 distance_from_block=1.853 inside_local_costmap=true static_safe=true global_safe=true planner_allowed=true static_reason=static_reference_free global_reason=global_safe local_reason=local_corridor_clear
[INFO] [1783787708.989110503] [coverage_follow_path_executor_node]: [DYNAMIC_REJOIN] candidate index=40 distance_from_block=1.903 inside_local_costmap=true static_safe=true global_safe=true planner_allowed=true static_reason=static_reference_free global_reason=global_safe local_reason=local_corridor_clear
[INFO] [1783787708.996201650] [coverage_follow_path_executor_node]: [DYNAMIC_REJOIN] candidate index=41 distance_from_block=1.953 inside_local_costmap=true static_safe=true global_safe=true planner_allowed=true static_reason=static_reference_free global_reason=global_safe local_reason=local_corridor_clear
[INFO] [1783787708.998916073] [coverage_follow_path_executor_node]: [DYNAMIC_REJOIN] candidate index=42 distance_from_block=2.003 inside_local_costmap=true static_safe=true global_safe=true planner_allowed=true static_reason=static_reference_free global_reason=global_safe local_reason=local_corridor_clear
[INFO] [1783787709.000989079] [coverage_follow_path_executor_node]: [DYNAMIC_REJOIN] candidate index=43 distance_from_block=2.053 inside_local_costmap=true static_safe=true global_safe=true planner_allowed=true static_reason=static_reference_free global_reason=global_safe local_reason=local_corridor_clear
[INFO] [1783787709.003263023] [coverage_follow_path_executor_node]: [DYNAMIC_REJOIN] candidate index=44 distance_from_block=2.103 inside_local_costmap=true static_safe=true global_safe=true planner_allowed=true static_reason=static_reference_free global_reason=global_safe local_reason=local_corridor_clear
[INFO] [1783787709.005456829] [coverage_follow_path_executor_node]: [DYNAMIC_REJOIN] candidate index=45 distance_from_block=2.153 inside_local_costmap=true static_safe=true global_safe=true planner_allowed=true static_reason=static_reference_free global_reason=global_safe local_reason=local_corridor_clear
[INFO] [1783787709.009334063] [coverage_follow_path_executor_node]: [DYNAMIC_REJOIN] candidate index=46 distance_from_block=2.203 inside_local_costmap=true static_safe=true global_safe=true planner_allowed=true static_reason=static_reference_free global_reason=global_safe local_reason=local_corridor_clear
[INFO] [1783787709.017274878] [coverage_follow_path_executor_node]: [DYNAMIC_REJOIN] candidate index=47 distance_from_block=2.253 inside_local_costmap=true static_safe=true global_safe=true planner_allowed=true static_reason=static_reference_free global_reason=global_safe local_reason=local_corridor_clear
[INFO] [1783787709.020095176] [coverage_follow_path_executor_node]: [DYNAMIC_REJOIN] candidate index=48 distance_from_block=2.303 inside_local_costmap=true static_safe=true global_safe=true planner_allowed=true static_reason=static_reference_free global_reason=global_safe local_reason=local_corridor_clear
[INFO] [1783787709.023226286] [coverage_follow_path_executor_node]: [DYNAMIC_REJOIN] candidate index=49 distance_from_block=2.353 inside_local_costmap=true static_safe=true global_safe=true planner_allowed=true static_reason=static_reference_free global_reason=global_safe local_reason=local_corridor_clear
[INFO] [1783787709.026238892] [coverage_follow_path_executor_node]: [DYNAMIC_REJOIN] candidate index=50 distance_from_block=2.403 inside_local_costmap=true static_safe=true global_safe=true planner_allowed=true static_reason=static_reference_free global_reason=global_safe local_reason=local_corridor_clear
[INFO] [1783787709.029176249] [coverage_follow_path_executor_node]: [DYNAMIC_REJOIN] candidate index=51 distance_from_block=2.453 inside_local_costmap=true static_safe=true global_safe=true planner_allowed=true static_reason=static_reference_free global_reason=global_safe local_reason=local_corridor_clear
[INFO] [1783787709.033857842] [coverage_follow_path_executor_node]: [DYNAMIC_REJOIN] candidate index=52 distance_from_block=2.503 inside_local_costmap=true static_safe=true global_safe=true planner_allowed=true static_reason=static_reference_free global_reason=global_safe local_reason=local_corridor_clear
[INFO] [1783787709.036445670] [coverage_follow_path_executor_node]: [DYNAMIC_REJOIN] candidate index=53 distance_from_block=2.553 inside_local_costmap=true static_safe=true global_safe=true planner_allowed=true static_reason=static_reference_free global_reason=global_safe local_reason=local_corridor_clear
[INFO] [1783787709.040422206] [coverage_follow_path_executor_node]: [DYNAMIC_REJOIN] candidate index=54 distance_from_block=2.603 inside_local_costmap=true static_safe=true global_safe=true planner_allowed=true static_reason=static_reference_free global_reason=global_safe local_reason=local_corridor_clear
[INFO] [1783787709.050080334] [coverage_follow_path_executor_node]: [DYNAMIC_REJOIN] candidate index=55 distance_from_block=2.653 inside_local_costmap=true static_safe=true global_safe=true planner_allowed=true static_reason=static_reference_free global_reason=global_safe local_reason=local_corridor_clear
[INFO] [1783787709.053620760] [coverage_follow_path_executor_node]: [DYNAMIC_REJOIN] candidate index=56 distance_from_block=2.703 inside_local_costmap=true static_safe=true global_safe=true planner_allowed=true static_reason=static_reference_free global_reason=global_safe local_reason=local_corridor_clear
[INFO] [1783787709.056594797] [coverage_follow_path_executor_node]: [DYNAMIC_REJOIN] candidate index=57 distance_from_block=2.753 inside_local_costmap=true static_safe=true global_safe=true planner_allowed=true static_reason=static_reference_free global_reason=global_safe local_reason=local_corridor_clear
[INFO] [1783787709.063318178] [coverage_follow_path_executor_node]: [DYNAMIC_REJOIN] candidate index=58 distance_from_block=2.803 inside_local_costmap=true static_safe=true global_safe=true planner_allowed=true static_reason=static_reference_free global_reason=global_safe local_reason=local_corridor_clear
[INFO] [1783787709.066733399] [coverage_follow_path_executor_node]: [DYNAMIC_REJOIN] candidate index=59 distance_from_block=2.853 inside_local_costmap=true static_safe=true global_safe=true planner_allowed=true static_reason=static_reference_free global_reason=global_safe local_reason=local_corridor_clear
[INFO] [1783787709.069017101] [coverage_follow_path_executor_node]: [DYNAMIC_REJOIN] candidate index=60 distance_from_block=2.903 inside_local_costmap=true static_safe=true global_safe=true planner_allowed=true static_reason=static_reference_free global_reason=global_safe local_reason=local_corridor_clear
[INFO] [1783787709.071571508] [coverage_follow_path_executor_node]: [DYNAMIC_REJOIN] candidate index=61 distance_from_block=2.953 inside_local_costmap=true static_safe=true global_safe=true planner_allowed=true static_reason=static_reference_free global_reason=global_safe local_reason=local_corridor_clear
[INFO] [1783787709.076228733] [coverage_follow_path_executor_node]: [DYNAMIC_REJOIN] candidate index=62 distance_from_block=3.003 inside_local_costmap=true static_safe=true global_safe=true planner_allowed=true static_reason=static_reference_free global_reason=global_safe local_reason=local_corridor_clear
[INFO] [1783787709.080207380] [coverage_follow_path_executor_node]: [DYNAMIC_REJOIN] candidate index=63 distance_from_block=3.053 inside_local_costmap=true static_safe=true global_safe=true planner_allowed=true static_reason=static_reference_free global_reason=global_safe local_reason=local_corridor_clear
[INFO] [1783787709.083054434] [coverage_follow_path_executor_node]: [DYNAMIC_REJOIN] candidate index=64 distance_from_block=3.103 inside_local_costmap=true static_safe=true global_safe=true planner_allowed=true static_reason=static_reference_free global_reason=global_safe local_reason=local_corridor_clear
[INFO] [1783787709.085088446] [coverage_follow_path_executor_node]: [DYNAMIC_REJOIN] candidate index=65 distance_from_block=3.153 inside_local_costmap=true static_safe=true global_safe=true planner_allowed=true static_reason=static_reference_free global_reason=global_safe local_reason=local_corridor_clear
[INFO] [1783787709.090105716] [coverage_follow_path_executor_node]: [DYNAMIC_REJOIN] candidate index=66 distance_from_block=3.203 inside_local_costmap=true static_safe=true global_safe=true planner_allowed=true static_reason=static_reference_free global_reason=global_safe local_reason=local_corridor_clear
[INFO] [1783787709.094675656] [coverage_follow_path_executor_node]: [DYNAMIC_REJOIN] candidate index=67 distance_from_block=3.253 inside_local_costmap=true static_safe=true global_safe=true planner_allowed=true static_reason=static_reference_free global_reason=global_safe local_reason=local_corridor_clear
[INFO] [1783787709.097218139] [coverage_follow_path_executor_node]: [DYNAMIC_REJOIN] candidate index=68 distance_from_block=3.303 inside_local_costmap=true static_safe=true global_safe=true planner_allowed=true static_reason=static_reference_free global_reason=global_safe local_reason=local_corridor_clear
[INFO] [1783787709.099359582] [coverage_follow_path_executor_node]: [DYNAMIC_REJOIN] candidate index=69 distance_from_block=3.353 inside_local_costmap=true static_safe=true global_safe=true planner_allowed=true static_reason=static_reference_free global_reason=global_safe local_reason=local_corridor_clear
[INFO] [1783787709.101171049] [coverage_follow_path_executor_node]: [DYNAMIC_REJOIN] candidate index=70 distance_from_block=3.403 inside_local_costmap=true static_safe=true global_safe=true planner_allowed=true static_reason=static_reference_free global_reason=global_safe local_reason=local_corridor_clear
[INFO] [1783787709.104721678] [coverage_follow_path_executor_node]: [DYNAMIC_REJOIN] candidate index=71 distance_from_block=3.453 inside_local_costmap=true static_safe=true global_safe=true planner_allowed=true static_reason=static_reference_free global_reason=global_safe local_reason=local_corridor_clear
[INFO] [1783787709.107654276] [coverage_follow_path_executor_node]: [DYNAMIC_REJOIN] candidate index=72 distance_from_block=3.503 inside_local_costmap=true static_safe=true global_safe=true planner_allowed=true static_reason=static_reference_free global_reason=global_safe local_reason=local_corridor_clear
[INFO] [1783787709.111453928] [coverage_follow_path_executor_node]: [DYNAMIC_REJOIN] candidate index=73 distance_from_block=3.553 inside_local_costmap=true static_safe=true global_safe=true planner_allowed=true static_reason=static_reference_free global_reason=global_safe local_reason=local_corridor_clear
[INFO] [1783787709.115335569] [coverage_follow_path_executor_node]: [DYNAMIC_REJOIN] candidate index=74 distance_from_block=3.603 inside_local_costmap=true static_safe=true global_safe=true planner_allowed=true static_reason=static_reference_free global_reason=global_safe local_reason=local_corridor_clear
[INFO] [1783787709.118737347] [coverage_follow_path_executor_node]: [DYNAMIC_REJOIN] candidate index=75 distance_from_block=3.653 inside_local_costmap=true static_safe=true global_safe=true planner_allowed=true static_reason=static_reference_free global_reason=global_safe local_reason=local_corridor_clear
[INFO] [1783787709.121225651] [coverage_follow_path_executor_node]: [DYNAMIC_REJOIN] candidate index=76 distance_from_block=3.703 inside_local_costmap=true static_safe=true global_safe=true planner_allowed=true static_reason=static_reference_free global_reason=global_safe local_reason=local_corridor_clear
[INFO] [1783787709.123517704] [coverage_follow_path_executor_node]: [DYNAMIC_REJOIN] candidate index=77 distance_from_block=3.753 inside_local_costmap=true static_safe=true global_safe=true planner_allowed=false static_reason=static_reference_free global_reason=global_safe local_reason=local_lethal_cell_in_robot_corridor
[INFO] [1783787709.127253401] [coverage_follow_path_executor_node]: [DYNAMIC_REJOIN] candidate index=78 distance_from_block=3.959 inside_local_costmap=true static_safe=true global_safe=true planner_allowed=true static_reason=static_reference_free global_reason=global_safe local_reason=local_corridor_clear
[INFO] [1783787709.130164687] [coverage_follow_path_executor_node]: [DYNAMIC_REJOIN] candidate index=79 distance_from_block=4.009 inside_local_costmap=true static_safe=true global_safe=true planner_allowed=true static_reason=static_reference_free global_reason=global_safe local_reason=local_corridor_clear
[INFO] [1783787709.133843873] [coverage_follow_path_executor_node]: [DYNAMIC_REJOIN] candidate index=80 distance_from_block=4.059 inside_local_costmap=true static_safe=true global_safe=true planner_allowed=true static_reason=static_reference_free global_reason=global_safe local_reason=local_corridor_clear
[INFO] [1783787709.137755029] [coverage_follow_path_executor_node]: [DYNAMIC_REJOIN] candidate index=81 distance_from_block=4.109 inside_local_costmap=true static_safe=true global_safe=true planner_allowed=true static_reason=static_reference_free global_reason=global_safe local_reason=local_corridor_clear
[INFO] [1783787709.144200558] [coverage_follow_path_executor_node]: [DYNAMIC_REJOIN] candidate index=82 distance_from_block=4.159 inside_local_costmap=true static_safe=true global_safe=true planner_allowed=true static_reason=static_reference_free global_reason=global_safe local_reason=local_corridor_clear
[INFO] [1783787709.149738260] [coverage_follow_path_executor_node]: [DYNAMIC_REJOIN] candidate index=83 distance_from_block=4.209 inside_local_costmap=true static_safe=true global_safe=true planner_allowed=true static_reason=static_reference_free global_reason=global_safe local_reason=local_corridor_clear
[INFO] [1783787709.152622402] [coverage_follow_path_executor_node]: [DYNAMIC_REJOIN] candidate index=84 distance_from_block=4.259 inside_local_costmap=true static_safe=true global_safe=true planner_allowed=true static_reason=static_reference_free global_reason=global_safe local_reason=local_corridor_clear
[INFO] [1783787709.155178827] [coverage_follow_path_executor_node]: [DYNAMIC_REJOIN] candidate index=85 distance_from_block=4.309 inside_local_costmap=true static_safe=true global_safe=true planner_allowed=true static_reason=static_reference_free global_reason=global_safe local_reason=local_corridor_clear
[INFO] [1783787709.161572622] [coverage_follow_path_executor_node]: [DYNAMIC_REJOIN] candidate index=86 distance_from_block=4.359 inside_local_costmap=true static_safe=true global_safe=true planner_allowed=true static_reason=static_reference_free global_reason=global_safe local_reason=local_corridor_clear
[INFO] [1783787709.165998692] [coverage_follow_path_executor_node]: [DYNAMIC_REJOIN] candidate index=87 distance_from_block=4.409 inside_local_costmap=true static_safe=true global_safe=true planner_allowed=true static_reason=static_reference_free global_reason=global_safe local_reason=local_corridor_clear
[INFO] [1783787709.168644605] [coverage_follow_path_executor_node]: [DYNAMIC_REJOIN] candidate index=88 distance_from_block=4.459 inside_local_costmap=true static_safe=true global_safe=true planner_allowed=true static_reason=static_reference_free global_reason=global_safe local_reason=local_corridor_clear
[INFO] [1783787709.171169850] [coverage_follow_path_executor_node]: [DYNAMIC_REJOIN] candidate index=89 distance_from_block=4.509 inside_local_costmap=true static_safe=true global_safe=true planner_allowed=true static_reason=static_reference_free global_reason=global_safe local_reason=local_corridor_clear
[INFO] [1783787709.173596014] [coverage_follow_path_executor_node]: [DYNAMIC_REJOIN] candidate index=90 distance_from_block=4.709 inside_local_costmap=true static_safe=true global_safe=true planner_allowed=true static_reason=static_reference_free global_reason=global_safe local_reason=local_corridor_clear
[INFO] [1783787709.176393038] [coverage_follow_path_executor_node]: [DYNAMIC_REJOIN] candidate index=91 distance_from_block=4.759 inside_local_costmap=true static_safe=true global_safe=true planner_allowed=true static_reason=static_reference_free global_reason=global_safe local_reason=local_corridor_clear
[INFO] [1783787709.180147603] [coverage_follow_path_executor_node]: [DYNAMIC_REJOIN] candidate index=92 distance_from_block=4.809 inside_local_costmap=true static_safe=true global_safe=true planner_allowed=true static_reason=static_reference_free global_reason=global_safe local_reason=local_corridor_clear
[INFO] [1783787709.182574249] [coverage_follow_path_executor_node]: [DYNAMIC_REJOIN] candidate index=93 distance_from_block=4.859 inside_local_costmap=true static_safe=true global_safe=true planner_allowed=true static_reason=static_reference_free global_reason=global_safe local_reason=local_corridor_clear
[INFO] [1783787709.184517569] [coverage_follow_path_executor_node]: [DYNAMIC_REJOIN] candidate index=94 distance_from_block=4.909 inside_local_costmap=true static_safe=true global_safe=true planner_allowed=true static_reason=static_reference_free global_reason=global_safe local_reason=local_corridor_clear
[INFO] [1783787709.187521010] [coverage_follow_path_executor_node]: [DYNAMIC_REJOIN] candidate index=95 distance_from_block=4.959 inside_local_costmap=true static_safe=true global_safe=true planner_allowed=true static_reason=static_reference_free global_reason=global_safe local_reason=local_corridor_clear
[INFO] [1783787709.190000279] [coverage_follow_path_executor_node]: [DYNAMIC_CONNECTOR] requesting Nav2 ComputePathToPose connector rejoin_index=10
[INFO] [1783787709.204747482] [coverage_follow_path_executor_node]: [DYNAMIC_CONNECTOR] Nav2 connector result status=4 error_code=0 error_msg=
[INFO] [1783787709.208132669] [coverage_follow_path_executor_node]: [DYNAMIC_CONNECTOR] Nav2 connector poses=26 length=0.685
[INFO] [1783787709.507800414] [coverage_follow_path_executor_node]: [DYNAMIC_VALIDATE] candidate valid before cancel
[INFO] [1783787709.508854702] [coverage_follow_path_executor_node]: [DYNAMIC_CONNECTOR] planner connector accepted poses=26 length=0.685
[WARN] [1783787709.510626397] [coverage_follow_path_executor_node]: [DYNAMIC_SKIP] skipped segment recorded segment_id=1 reason=ROBOT_STUCK_NO_PROGRESS poses=10 distance=0.606 rejoin_index=10 max_cost=0
[INFO] [1783787709.515338855] [coverage_follow_path_executor_node]: [DYNAMIC_SKIP] canceling current FollowPath to send dynamic bypass
[INFO] [1783787709.533915114] [coverage_follow_path_executor_node]: [DYNAMIC_SKIP] sending rejoin FollowPath remaining_poses=138 remaining_distance=7.377
[INFO] [1783787709.536668940] [coverage_follow_path_executor_node]: Coverage FollowPath status: WAITING_FOR_NAV2
[INFO] [1783787709.578156724] [coverage_follow_path_executor_node]: Coverage FollowPath status: EXECUTING
[INFO] [1783787709.579366918] [coverage_follow_path_executor_node]: Sending final frozen path to Nav2 FollowPath: reason=dynamic_obstacle_bypass_rejoin action=/follow_path controller_id=FollowPath goal_checker_id=goal_checker poses=138 path_length=7.38m first=(x=0.023 y=-0.016 yaw=0.00) last=(x=-0.502 y=-1.041 yaw=0.00) robot=(x=0.041 y=-0.015 yaw=-0.07) start_index=0. This is FollowPath, not NavigateThroughPoses.
[INFO] [1783787709.591673032] [coverage_follow_path_executor_node]: FollowPath result: status=5 error_code=0 NONE error_msg=
[INFO] [1783787709.593675234] [coverage_follow_path_executor_node]: [DYNAMIC_SKIP] ignored terminal FollowPath result from pre-skip goal
[INFO] [1783787709.600936767] [coverage_follow_path_executor_node]: FollowPath goal accepted by Nav2
[INFO] [1783787711.776865387] [coverage_follow_path_executor_node]: Ignoring /coverage_path update because active coverage path is frozen.
