[INFO] [1783784947.178855834] [coverage_follow_path_executor_node]: Coverage FollowPath executor started: action=/follow_path controller_id=FollowPath smoother_action=/smooth_path smoother_id=simple_smoother path=/coverage_path raw=/coverage_path_raw smoothed=/coverage_smoothed_path active=/coverage_active_path costmap=/global_costmap/costmap. This mode uses FollowPath, not NavigateThroughPoses. dynamic_obstacle_skip=true local_costmap=/local_costmap/costmap static_map=/map
[INFO] [1783784947.179793881] [coverage_follow_path_executor_node]: Loaded dynamic obstacle parameters: dynamic_rejoin_max_search_distance_m=5.00 dynamic_progress_search_forward_m=1.00 dynamic_max_rejoin_candidates=100 dynamic_rejoin_min_clearance_m=0.03 dynamic_collision_check_radius_m=0.23 dynamic_connector_goal_tolerance_m=0.15 dynamic_skip_replan_cooldown_sec=3.00 dynamic_skip_max_consecutive_failures=5
[INFO] [1783784947.269613620] [coverage_follow_path_executor_node]: [COVERAGE_ARM] IDLE use_robot_arm=false inflated_promotion=true front_lidar_threshold_m=0.50 front_tof_clear_threshold_m=0.50
[INFO] [1783784947.278943244] [coverage_follow_path_executor_node]: Static map received for dynamic obstacle reference: topic=/map frame=map size=161x127 resolution=0.050 occupied_threshold=50
[INFO] [1783784950.634943438] [coverage_follow_path_executor_node]: Local costmap received for dynamic obstacle skip: topic=/local_costmap/costmap frame=odom size=100x100 resolution=0.050 threshold=100 detection_radius=0.230m unknown_blocked=true
[INFO] [1783784953.125433838] [coverage_follow_path_executor_node]: Global costmap received for FollowPath validation: topic=/global_costmap/costmap frame=map size=161x127 resolution=0.050 max_allowed_nav_cost=50 unknown_blocked=true
[INFO] [1783784954.926305138] [coverage_follow_path_executor_node]: Coverage FollowPath status: IDLE
[INFO] [1783784954.927967504] [coverage_follow_path_executor_node]: Coverage path frozen: frame_id=map poses=73 path_length=5.02m first=(x=-0.158 y=-0.113 yaw=2.50) last=(x=0.642 y=0.487 yaw=-1.57)
[INFO] [1783784954.931699571] [coverage_follow_path_executor_node]: Path is frozen from the first executable /coverage_path. Later updates will not replace the active coverage path without reset.
[INFO] [1783784954.949481353] [coverage_follow_path_executor_node]: Ignoring /coverage_path update because the first valid coverage path is already cached. Call /reset_coverage_follow_path to accept a new path.
[INFO] [1783784960.367812421] [coverage_follow_path_executor_node]: Coverage FollowPath validation passed
[INFO] [1783784960.880674966] [coverage_follow_path_executor_node]: Ignoring /coverage_path update because the first valid coverage path is already cached. Call /reset_coverage_follow_path to accept a new path.
[INFO] [1783784965.261110189] [coverage_follow_path_executor_node]: Coverage home pose recorded at x=-0.180 y=-0.110
[INFO] [1783784965.270155476] [coverage_follow_path_executor_node]: Coverage FollowPath status: VALIDATING
[INFO] [1783784965.299469479] [coverage_follow_path_executor_node]: Coverage FollowPath status: SMOOTHING
[WARN] [1783784965.318774373] [coverage_follow_path_executor_node]: Keeping original sharp turn at index=1; rounded turn was invalid
[INFO] [1783784965.366763218] [coverage_follow_path_executor_node]: Coverage turn smoothing completed: rounded_turns=0 poses_before=73 poses_after=73 preserve_strip_lines=true
[INFO] [1783784965.392779377] [coverage_follow_path_executor_node]: Requesting Nav2 SmoothPath before FollowPath: action=/smooth_path smoother_id=simple_smoother poses=73 raw_length=5.02m custom_length=5.02m
[INFO] [1783784965.427923779] [coverage_follow_path_executor_node]: SmoothPath goal accepted by Nav2
[INFO] [1783784965.461202703] [coverage_follow_path_executor_node]: Smoothing result: raw path length=5.02m custom-smoothed path length=5.02m Nav2-smoothed path length=4.98m smoothing_duration=0.04s collision_check=true
[INFO] [1783784965.462287229] [coverage_follow_path_executor_node]: Coverage FollowPath status: WAITING_FOR_NAV2
[INFO] [1783784965.509722019] [coverage_follow_path_executor_node]: Coverage FollowPath status: EXECUTING
[INFO] [1783784965.511293492] [coverage_follow_path_executor_node]: Sending final frozen path to Nav2 FollowPath: reason=smooth_path_done action=/follow_path controller_id=FollowPath goal_checker_id=goal_checker poses=73 path_length=4.98m first=(x=-0.158 y=-0.113 yaw=2.50) last=(x=0.642 y=0.487 yaw=-1.57) robot=(x=-0.180 y=-0.110 yaw=-3.02) start_index=0. This is FollowPath, not NavigateThroughPoses.
[INFO] [1783784965.537962806] [coverage_follow_path_executor_node]: FollowPath goal accepted by Nav2
[INFO] [1783784965.690310994] [coverage_follow_path_executor_node]: [DYNAMIC_DETECT] rejected: inflated/non-lethal cost; rejected inflated local cost; cost=99 threshold=100
[WARN] [1783784965.693664173] [coverage_follow_path_executor_node]: [ARM_DETECT] rejected inflated local cost promotion: reason=arm_disabled use_robot_arm=false arm_active=false tof_topic=/tof/front/range tof_range=nan tof_age_sec=inf free_readings=0/5 lidar_topic=/scan lidar_min_range=0.842 lidar_angle=0.345 lidar_age_sec=0.073 lidar_object_readings=0/5 report_reason=inflated_or_non_lethal_local_cost cost=99
[INFO] [1783784965.872397131] [coverage_follow_path_executor_node]: Ignoring /coverage_path update because active coverage path is frozen.
[INFO] [1783784966.690755576] [coverage_follow_path_executor_node]: [DYNAMIC_DETECT] rejected: inflated/non-lethal cost; rejected inflated local cost; cost=99 threshold=100
[WARN] [1783784966.891294476] [coverage_follow_path_executor_node]: [ARM_DETECT] rejected inflated local cost promotion: reason=arm_disabled use_robot_arm=false arm_active=false tof_topic=/tof/front/range tof_range=nan tof_age_sec=inf free_readings=0/5 lidar_topic=/scan lidar_min_range=0.847 lidar_angle=0.336 lidar_age_sec=0.070 lidar_object_readings=0/5 report_reason=inflated_or_non_lethal_local_cost cost=99
[INFO] [1783784967.692579103] [coverage_follow_path_executor_node]: [DYNAMIC_DETECT] rejected: inflated/non-lethal cost; rejected inflated local cost; cost=99 threshold=100
[WARN] [1783784968.098447855] [coverage_follow_path_executor_node]: [ARM_DETECT] rejected inflated local cost promotion: reason=arm_disabled use_robot_arm=false arm_active=false tof_topic=/tof/front/range tof_range=nan tof_age_sec=inf free_readings=0/5 lidar_topic=/scan lidar_min_range=0.840 lidar_angle=0.345 lidar_age_sec=0.081 lidar_object_readings=0/5 report_reason=inflated_or_non_lethal_local_cost cost=99
[INFO] [1783784968.890117111] [coverage_follow_path_executor_node]: [DYNAMIC_DETECT] rejected: inflated/non-lethal cost; rejected inflated local cost; cost=99 threshold=100
[WARN] [1783784969.106988751] [coverage_follow_path_executor_node]: [ARM_DETECT] rejected inflated local cost promotion: reason=arm_disabled use_robot_arm=false arm_active=false tof_topic=/tof/front/range tof_range=nan tof_age_sec=inf free_readings=0/5 lidar_topic=/scan lidar_min_range=0.843 lidar_angle=0.345 lidar_age_sec=0.085 lidar_object_readings=0/5 report_reason=inflated_or_non_lethal_local_cost cost=99
[INFO] [1783784969.891499845] [coverage_follow_path_executor_node]: [DYNAMIC_DETECT] rejected: inflated/non-lethal cost; rejected inflated local cost; cost=99 threshold=100
[WARN] [1783784970.290997107] [coverage_follow_path_executor_node]: [ARM_DETECT] rejected inflated local cost promotion: reason=arm_disabled use_robot_arm=false arm_active=false tof_topic=/tof/front/range tof_range=nan tof_age_sec=inf free_readings=0/5 lidar_topic=/scan lidar_min_range=0.849 lidar_angle=0.336 lidar_age_sec=0.076 lidar_object_readings=0/5 report_reason=inflated_or_non_lethal_local_cost cost=99
[INFO] [1783784970.880814128] [coverage_follow_path_executor_node]: Ignoring /coverage_path update because active coverage path is frozen.
[INFO] [1783784970.891846444] [coverage_follow_path_executor_node]: [DYNAMIC_DETECT] rejected: inflated/non-lethal cost; rejected inflated local cost; cost=99 threshold=100
[WARN] [1783784971.296960150] [coverage_follow_path_executor_node]: [ARM_DETECT] rejected inflated local cost promotion: reason=arm_disabled use_robot_arm=false arm_active=false tof_topic=/tof/front/range tof_range=nan tof_age_sec=inf free_readings=0/5 lidar_topic=/scan lidar_min_range=0.867 lidar_angle=0.336 lidar_age_sec=0.078 lidar_object_readings=0/5 report_reason=inflated_or_non_lethal_local_cost cost=99
[INFO] [1783784971.893657200] [coverage_follow_path_executor_node]: [DYNAMIC_DETECT] rejected: inflated/non-lethal cost; rejected inflated local cost; cost=99 threshold=100
[WARN] [1783784972.493147559] [coverage_follow_path_executor_node]: [ARM_DETECT] rejected inflated local cost promotion: reason=arm_disabled use_robot_arm=false arm_active=false tof_topic=/tof/front/range tof_range=nan tof_age_sec=inf free_readings=0/5 lidar_topic=/scan lidar_min_range=0.857 lidar_angle=0.345 lidar_age_sec=0.065 lidar_object_readings=0/5 report_reason=inflated_or_non_lethal_local_cost cost=99
[INFO] [1783784973.099803970] [coverage_follow_path_executor_node]: [DYNAMIC_DETECT] rejected: inflated/non-lethal cost; rejected inflated local cost; cost=99 threshold=100
[WARN] [1783784973.697621432] [coverage_follow_path_executor_node]: [ARM_DETECT] rejected inflated local cost promotion: reason=arm_disabled use_robot_arm=false arm_active=false tof_topic=/tof/front/range tof_range=nan tof_age_sec=inf free_readings=0/5 lidar_topic=/scan lidar_min_range=0.866 lidar_angle=0.336 lidar_age_sec=0.085 lidar_object_readings=0/5 report_reason=inflated_or_non_lethal_local_cost cost=99
[INFO] [1783784974.101841515] [coverage_follow_path_executor_node]: [DYNAMIC_DETECT] rejected: inflated/non-lethal cost; rejected inflated local cost; cost=99 threshold=100
[WARN] [1783784974.896714874] [coverage_follow_path_executor_node]: [ARM_DETECT] rejected inflated local cost promotion: reason=arm_disabled use_robot_arm=false arm_active=false tof_topic=/tof/front/range tof_range=nan tof_age_sec=inf free_readings=0/5 lidar_topic=/scan lidar_min_range=0.862 lidar_angle=0.345 lidar_age_sec=0.085 lidar_object_readings=0/5 report_reason=inflated_or_non_lethal_local_cost cost=99
[INFO] [1783784975.297320256] [coverage_follow_path_executor_node]: [DYNAMIC_DETECT] rejected: inflated/non-lethal cost; rejected inflated local cost; cost=99 threshold=100
[WARN] [1783784976.101911988] [coverage_follow_path_executor_node]: [ARM_DETECT] rejected inflated local cost promotion: reason=arm_disabled use_robot_arm=false arm_active=false tof_topic=/tof/front/range tof_range=nan tof_age_sec=inf free_readings=0/5 lidar_topic=/scan lidar_min_range=0.867 lidar_angle=0.336 lidar_age_sec=0.090 lidar_object_readings=0/5 report_reason=inflated_or_non_lethal_local_cost cost=99
[INFO] [1783784976.299092519] [coverage_follow_path_executor_node]: [DYNAMIC_DETECT] rejected: inflated/non-lethal cost; rejected inflated local cost; cost=99 threshold=100
[INFO] [1783784976.876277662] [coverage_follow_path_executor_node]: Ignoring /coverage_path update because active coverage path is frozen.
[WARN] [1783784977.290774984] [coverage_follow_path_executor_node]: [ARM_DETECT] rejected inflated local cost promotion: reason=arm_disabled use_robot_arm=false arm_active=false tof_topic=/tof/front/range tof_range=nan tof_age_sec=inf free_readings=0/5 lidar_topic=/scan lidar_min_range=0.859 lidar_angle=0.345 lidar_age_sec=0.091 lidar_object_readings=0/5 report_reason=inflated_or_non_lethal_local_cost cost=99
[INFO] [1783784977.490825570] [coverage_follow_path_executor_node]: [DYNAMIC_DETECT] rejected: inflated/non-lethal cost; rejected inflated local cost; cost=99 threshold=100
[WARN] [1783784978.293705712] [coverage_follow_path_executor_node]: [ARM_DETECT] rejected inflated local cost promotion: reason=arm_disabled use_robot_arm=false arm_active=false tof_topic=/tof/front/range tof_range=nan tof_age_sec=inf free_readings=0/5 lidar_topic=/scan lidar_min_range=0.868 lidar_angle=0.336 lidar_age_sec=0.087 lidar_object_readings=0/5 report_reason=inflated_or_non_lethal_local_cost cost=99
[INFO] [1783784978.492655764] [coverage_follow_path_executor_node]: [DYNAMIC_DETECT] rejected: inflated/non-lethal cost; rejected inflated local cost; cost=99 threshold=100
[WARN] [1783784979.302130415] [coverage_follow_path_executor_node]: [ARM_DETECT] rejected inflated local cost promotion: reason=arm_disabled use_robot_arm=false arm_active=false tof_topic=/tof/front/range tof_range=nan tof_age_sec=inf free_readings=0/5 lidar_topic=/scan lidar_min_range=0.864 lidar_angle=0.345 lidar_age_sec=0.096 lidar_object_readings=0/5 report_reason=inflated_or_non_lethal_local_cost cost=99
[INFO] [1783784979.690329515] [coverage_follow_path_executor_node]: [DYNAMIC_DETECT] rejected: inflated/non-lethal cost; rejected inflated local cost; cost=99 threshold=100
[WARN] [1783784980.490616059] [coverage_follow_path_executor_node]: [ARM_DETECT] rejected inflated local cost promotion: reason=arm_disabled use_robot_arm=false arm_active=false tof_topic=/tof/front/range tof_range=nan tof_age_sec=inf free_readings=0/5 lidar_topic=/scan lidar_min_range=0.868 lidar_angle=0.336 lidar_age_sec=0.086 lidar_object_readings=0/5 report_reason=inflated_or_non_lethal_local_cost cost=99
[INFO] [1783784980.691746452] [coverage_follow_path_executor_node]: [DYNAMIC_DETECT] rejected: inflated/non-lethal cost; rejected inflated local cost; cost=99 threshold=100
[WARN] [1783784981.498003821] [coverage_follow_path_executor_node]: [ARM_DETECT] rejected inflated local cost promotion: reason=arm_disabled use_robot_arm=false arm_active=false tof_topic=/tof/front/range tof_range=nan tof_age_sec=inf free_readings=0/5 lidar_topic=/scan lidar_min_range=0.861 lidar_angle=0.345 lidar_age_sec=0.093 lidar_object_readings=0/5 report_reason=inflated_or_non_lethal_local_cost cost=99
[WARN] [1783784981.501447277] [coverage_follow_path_executor_node]: [STUCK_SKIP] not skipping current coverage points because the blockage looks static/inflated: robot_pose in inflated/non-lethal local cost band: max_cost=69 max_allowed_nav_cost=50 dynamic_threshold=100 radius=0.230
[INFO] [1783784981.699387114] [coverage_follow_path_executor_node]: [DYNAMIC_DETECT] rejected: inflated/non-lethal cost; rejected inflated local cost; cost=99 threshold=100
[INFO] [1783784981.876701505] [coverage_follow_path_executor_node]: Ignoring /coverage_path update because active coverage path is frozen.
[WARN] [1783784982.691247465] [coverage_follow_path_executor_node]: [ARM_DETECT] rejected inflated local cost promotion: reason=arm_disabled use_robot_arm=false arm_active=false tof_topic=/tof/front/range tof_range=nan tof_age_sec=inf free_readings=0/5 lidar_topic=/scan lidar_min_range=0.856 lidar_angle=0.345 lidar_age_sec=0.080 lidar_object_readings=0/5 report_reason=inflated_or_non_lethal_local_cost cost=99
[INFO] [1783784982.890822665] [coverage_follow_path_executor_node]: [DYNAMIC_DETECT] rejected: inflated/non-lethal cost; rejected inflated local cost; cost=99 threshold=100
[WARN] [1783784983.695121006] [coverage_follow_path_executor_node]: [ARM_DETECT] rejected inflated local cost promotion: reason=arm_disabled use_robot_arm=false arm_active=false tof_topic=/tof/front/range tof_range=nan tof_age_sec=inf free_readings=0/5 lidar_topic=/scan lidar_min_range=0.869 lidar_angle=0.301 lidar_age_sec=0.090 lidar_object_readings=0/5 report_reason=inflated_or_non_lethal_local_cost cost=99
[WARN] [1783784983.699290613] [coverage_follow_path_executor_node]: [STUCK_SKIP] not skipping current coverage points because the blockage looks static/inflated: robot_pose in inflated/non-lethal local cost band: max_cost=69 max_allowed_nav_cost=50 dynamic_threshold=100 radius=0.230
[INFO] [1783784983.897403108] [coverage_follow_path_executor_node]: [DYNAMIC_DETECT] rejected: inflated/non-lethal cost; rejected inflated local cost; cost=99 threshold=100
[WARN] [1783784984.898245561] [coverage_follow_path_executor_node]: [ARM_DETECT] rejected inflated local cost promotion: reason=arm_disabled use_robot_arm=false arm_active=false tof_topic=/tof/front/range tof_range=nan tof_age_sec=inf free_readings=0/5 lidar_topic=/scan lidar_min_range=0.872 lidar_angle=0.301 lidar_age_sec=0.092 lidar_object_readings=0/5 report_reason=inflated_or_non_lethal_local_cost cost=99
[INFO] [1783784985.101498164] [coverage_follow_path_executor_node]: [DYNAMIC_DETECT] rejected: inflated/non-lethal cost; rejected inflated local cost; cost=99 threshold=100
[WARN] [1783784985.895810992] [coverage_follow_path_executor_node]: [STUCK_SKIP] not skipping current coverage points because the blockage looks static/inflated: robot_pose in inflated/non-lethal local cost band: max_cost=69 max_allowed_nav_cost=50 dynamic_threshold=100 radius=0.230
[WARN] [1783784986.098254319] [coverage_follow_path_executor_node]: [ARM_DETECT] rejected inflated local cost promotion: reason=arm_disabled use_robot_arm=false arm_active=false tof_topic=/tof/front/range tof_range=nan tof_age_sec=inf free_readings=0/5 lidar_topic=/scan lidar_min_range=0.868 lidar_angle=0.345 lidar_age_sec=0.101 lidar_object_readings=0/5 report_reason=inflated_or_non_lethal_local_cost cost=99
[INFO] [1783784986.290099831] [coverage_follow_path_executor_node]: [DYNAMIC_DETECT] rejected: inflated/non-lethal cost; rejected inflated local cost; cost=99 threshold=100
[WARN] [1783784987.102174352] [coverage_follow_path_executor_node]: [ARM_DETECT] rejected inflated local cost promotion: reason=arm_disabled use_robot_arm=false arm_active=false tof_topic=/tof/front/range tof_range=nan tof_age_sec=inf free_readings=0/5 lidar_topic=/scan lidar_min_range=0.868 lidar_angle=0.301 lidar_age_sec=0.104 lidar_object_readings=0/5 report_reason=inflated_or_non_lethal_local_cost cost=99
[INFO] [1783784987.291509402] [coverage_follow_path_executor_node]: [DYNAMIC_DETECT] rejected: inflated/non-lethal cost; rejected inflated local cost; cost=99 threshold=100
[INFO] [1783784987.878332163] [coverage_follow_path_executor_node]: Ignoring /coverage_path update because active coverage path is frozen.
[WARN] [1783784988.110886461] [coverage_follow_path_executor_node]: [ARM_DETECT] rejected inflated local cost promotion: reason=arm_disabled use_robot_arm=false arm_active=false tof_topic=/tof/front/range tof_range=nan tof_age_sec=inf free_readings=0/5 lidar_topic=/scan lidar_min_range=0.871 lidar_angle=0.319 lidar_age_sec=0.114 lidar_object_readings=0/5 report_reason=inflated_or_non_lethal_local_cost cost=99
[WARN] [1783784988.113848287] [coverage_follow_path_executor_node]: [STUCK_SKIP] not skipping current coverage points because the blockage looks static/inflated: robot_pose in inflated/non-lethal local cost band: max_cost=69 max_allowed_nav_cost=50 dynamic_threshold=100 radius=0.230
[INFO] [1783784988.301954075] [coverage_follow_path_executor_node]: [DYNAMIC_DETECT] rejected: inflated/non-lethal cost; rejected inflated local cost; cost=99 threshold=100
[WARN] [1783784989.290775121] [coverage_follow_path_executor_node]: [ARM_DETECT] rejected inflated local cost promotion: reason=arm_disabled use_robot_arm=false arm_active=false tof_topic=/tof/front/range tof_range=nan tof_age_sec=inf free_readings=0/5 lidar_topic=/scan lidar_min_range=0.869 lidar_angle=0.301 lidar_age_sec=0.094 lidar_object_readings=0/5 report_reason=inflated_or_non_lethal_local_cost cost=99
[INFO] [1783784989.490870659] [coverage_follow_path_executor_node]: [DYNAMIC_DETECT] rejected: inflated/non-lethal cost; rejected inflated local cost; cost=99 threshold=100
[WARN] [1783784990.294614736] [coverage_follow_path_executor_node]: [ARM_DETECT] rejected inflated local cost promotion: reason=arm_disabled use_robot_arm=false arm_active=false tof_topic=/tof/front/range tof_range=nan tof_age_sec=inf free_readings=0/5 lidar_topic=/scan lidar_min_range=0.869 lidar_angle=0.301 lidar_age_sec=0.103 lidar_object_readings=0/5 report_reason=inflated_or_non_lethal_local_cost cost=99
[WARN] [1783784990.299173840] [coverage_follow_path_executor_node]: [STUCK_SKIP] not skipping current coverage points because the blockage looks static/inflated: robot_pose in inflated/non-lethal local cost band: max_cost=69 max_allowed_nav_cost=50 dynamic_threshold=100 radius=0.230
[INFO] [1783784990.498304613] [coverage_follow_path_executor_node]: [DYNAMIC_DETECT] rejected: inflated/non-lethal cost; rejected inflated local cost; cost=99 threshold=100
[WARN] [1783784991.299624300] [coverage_follow_path_executor_node]: [ARM_DETECT] rejected inflated local cost promotion: reason=arm_disabled use_robot_arm=false arm_active=false tof_topic=/tof/front/range tof_range=nan tof_age_sec=inf free_readings=0/5 lidar_topic=/scan lidar_min_range=0.871 lidar_angle=0.319 lidar_age_sec=0.108 lidar_object_readings=0/5 report_reason=inflated_or_non_lethal_local_cost cost=99
[INFO] [1783784991.503439113] [coverage_follow_path_executor_node]: [DYNAMIC_DETECT] rejected: inflated/non-lethal cost; rejected inflated local cost; cost=99 threshold=100
[WARN] [1783784992.299283530] [coverage_follow_path_executor_node]: [STUCK_SKIP] not skipping current coverage points because the blockage looks static/inflated: robot_pose in inflated/non-lethal local cost band: max_cost=69 max_allowed_nav_cost=50 dynamic_threshold=100 radius=0.230
[WARN] [1783784992.492571541] [coverage_follow_path_executor_node]: [ARM_DETECT] rejected inflated local cost promotion: reason=arm_disabled use_robot_arm=false arm_active=false tof_topic=/tof/front/range tof_range=nan tof_age_sec=inf free_readings=0/5 lidar_topic=/scan lidar_min_range=0.868 lidar_angle=0.301 lidar_age_sec=0.102 lidar_object_readings=0/5 report_reason=inflated_or_non_lethal_local_cost cost=99
[INFO] [1783784992.690040728] [coverage_follow_path_executor_node]: [DYNAMIC_DETECT] rejected: inflated/non-lethal cost; rejected inflated local cost; cost=99 threshold=100
[WARN] [1783784993.493242840] [coverage_follow_path_executor_node]: [ARM_DETECT] rejected inflated local cost promotion: reason=arm_disabled use_robot_arm=false arm_active=false tof_topic=/tof/front/range tof_range=nan tof_age_sec=inf free_readings=0/5 lidar_topic=/scan lidar_min_range=0.867 lidar_angle=0.301 lidar_age_sec=0.007 lidar_object_readings=0/5 report_reason=inflated_or_non_lethal_local_cost cost=99
[INFO] [1783784993.698216173] [coverage_follow_path_executor_node]: [DYNAMIC_DETECT] rejected: inflated/non-lethal cost; rejected inflated local cost; cost=99 threshold=100
[INFO] [1783784993.873789506] [coverage_follow_path_executor_node]: Ignoring /coverage_path update because active coverage path is frozen.
[WARN] [1783784994.496779515] [coverage_follow_path_executor_node]: [ARM_DETECT] rejected inflated local cost promotion: reason=arm_disabled use_robot_arm=false arm_active=false tof_topic=/tof/front/range tof_range=nan tof_age_sec=inf free_readings=0/5 lidar_topic=/scan lidar_min_range=0.870 lidar_angle=0.319 lidar_age_sec=0.012 lidar_object_readings=0/5 report_reason=inflated_or_non_lethal_local_cost cost=99
[WARN] [1783784994.499587500] [coverage_follow_path_executor_node]: [STUCK_SKIP] not skipping current coverage points because the blockage looks static/inflated: robot_pose in inflated/non-lethal local cost band: max_cost=69 max_allowed_nav_cost=50 dynamic_threshold=100 radius=0.230
[INFO] [1783784994.895227941] [coverage_follow_path_executor_node]: [DYNAMIC_DETECT] rejected: inflated/non-lethal cost; rejected inflated local cost; cost=99 threshold=100
[WARN] [1783784995.500592794] [coverage_follow_path_executor_node]: [ARM_DETECT] rejected inflated local cost promotion: reason=arm_disabled use_robot_arm=false arm_active=false tof_topic=/tof/front/range tof_range=nan tof_age_sec=inf free_readings=0/5 lidar_topic=/scan lidar_min_range=0.871 lidar_angle=0.319 lidar_age_sec=0.111 lidar_object_readings=0/5 report_reason=inflated_or_non_lethal_local_cost cost=99
[INFO] [1783784995.535605818] [coverage_follow_path_executor_node]: FollowPath result: status=6 error_code=105 FAILED_TO_MAKE_PROGRESS error_msg=
[WARN] [1783784995.541945846] [coverage_follow_path_executor_node]: [DYNAMIC_SKIP] recoverable FollowPath error 105 FAILED_TO_MAKE_PROGRESS did not match a confirmed local-only obstacle; reason=inflated_or_non_lethal_local_cost local_lethal_count=0 local_inscribed_count=0 dynamic_only_blocked_count=0
[WARN] [1783784995.545653429] [coverage_follow_path_executor_node]: FollowPath failed with FAILED_TO_MAKE_PROGRESS. Likely causes: progress checker too strict, local costmap collision checking, sharp turn, robot not near the selected start pose, or cmd_vel blocked. last_feedback="distance_to_goal=3.556 speed=0.000 elapsed=29.9"
[INFO] [1783784995.548152691] [coverage_follow_path_executor_node]: Coverage FollowPath status: FAILED
[INFO] [1783784995.886747412] [coverage_follow_path_executor_node]: Ignoring /coverage_path update because the first valid coverage path is already cached. Call /reset_coverage_follow_path to accept a new path.
[INFO] [1783784998.244951474] [coverage_follow_path_executor_node]: Coverage FollowPath status: WAITING_FOR_PATH
