[INFO] [1783779946.547110982] [wavefront_explorer]: ======================================================================
[INFO] [1783779946.549137760] [wavefront_explorer]: 🤖 WAVEFRONT EXPLORER (SMART BLOCKING FIX)
[INFO] [1783779946.551074741] [wavefront_explorer]: ======================================================================
[INFO] [1783779946.553069445] [wavefront_explorer]:    📋 FRONTIER DETECTION:
[INFO] [1783779946.555134667] [wavefront_explorer]:       frontier_min_size: 3
[INFO] [1783779946.557361148] [wavefront_explorer]:       min_unknown_region_area_m2: 0.05
[INFO] [1783779946.559272056] [wavefront_explorer]:       exploration_frequency: 1.0 Hz (timer period: 1.00s)
[INFO] [1783779946.561281555] [wavefront_explorer]:       max_frontier_candidates: 0
[INFO] [1783779946.563315333] [wavefront_explorer]:       no_frontier_finish_count: 10
[INFO] [1783779946.565608185] [wavefront_explorer]:       robot_base_frame: base_footprint
[INFO] [1783779946.567895481] [wavefront_explorer]:       far_goals: 8, far_min_distance: 1.00m
[INFO] [1783779946.570130703] [wavefront_explorer]:       safe_goal_clearance_weight: 250.0
[INFO] [1783779946.572261296] [wavefront_explorer]:    🔧 ATTEMPT LIMITS:
[INFO] [1783779946.574672536] [wavefront_explorer]:       max_attempts_per_frontier: 3
[INFO] [1783779946.592009480] [wavefront_explorer]:       max_consecutive_timeouts: 4
[INFO] [1783779946.597465091] [wavefront_explorer]:       max_total_timeouts: 35
[INFO] [1783779946.617317109] [wavefront_explorer]:    📏 SMART BLOCKING:
[INFO] [1783779946.623524349] [wavefront_explorer]:       unreachable_region_radius: 0.4m
[INFO] [1783779946.628090312] [wavefront_explorer]:       smart_blocking_enabled: True
[INFO] [1783779946.632217923] [wavefront_explorer]:       failed_frontier_retry_sec: 30.0s
[INFO] [1783779946.638447348] [wavefront_explorer]:       completion_retry_cycles: 3
[INFO] [1783779946.643005848] [wavefront_explorer]:       frontier_goal_search_radius: 1.4m
[INFO] [1783779946.646184904] [wavefront_explorer]:       save_map_padding_m: 0.50m
[INFO] [1783779946.649134644] [wavefront_explorer]:       close_saved_map_boundary: True thickness=0.10m
[INFO] [1783779946.651519922] [wavefront_explorer]:    CONTROL:
[INFO] [1783779946.658480255] [wavefront_explorer]:       map_name: living_room
[INFO] [1783779946.663133051] [wavefront_explorer]:       start_mode: manual
[INFO] [1783779946.666710162] [wavefront_explorer]:       cmd_vel_topic: /cmd_vel
[INFO] [1783779946.670499977] [wavefront_explorer]:       source_map_topic: /slam_map
[INFO] [1783779946.672766254] [wavefront_explorer]:       repaired_map_topic: /map
[INFO] [1783779946.675202236] [wavefront_explorer]:       /set_manual_control true=manual false=auto
[INFO] [1783779946.677683162] [wavefront_explorer]:       /stop_exploration_and_save map_url=<name>
[INFO] [1783779946.686116717] [wavefront_explorer]: ======================================================================
[INFO] [1783779947.365508066] [wavefront_explorer]: ⏳ Waiting for map...
[INFO] [1783779948.371188516] [wavefront_explorer]: Manual control active; automatic frontier goals are paused.
[INFO] [1783779959.363201921] [wavefront_explorer]: Manual control active; automatic frontier goals are paused.
[INFO] [1783779969.364654744] [wavefront_explorer]: Manual control active; automatic frontier goals are paused.
[INFO] [1783779980.368847288] [wavefront_explorer]: Manual control active; automatic frontier goals are paused.
[INFO] [1783779990.369173415] [wavefront_explorer]: Manual control active; automatic frontier goals are paused.
[INFO] [1783780001.366445952] [wavefront_explorer]: Manual control active; automatic frontier goals are paused.
[INFO] [1783780012.371195555] [wavefront_explorer]: Manual control active; automatic frontier goals are paused.
[INFO] [1783780022.372818937] [wavefront_explorer]: Manual control active; automatic frontier goals are paused.
[INFO] [1783780033.364247612] [wavefront_explorer]: Manual control active; automatic frontier goals are paused.
[INFO] [1783780043.368621094] [wavefront_explorer]: Manual control active; automatic frontier goals are paused.
[INFO] [1783780053.373686524] [wavefront_explorer]: Manual control active; automatic frontier goals are paused.
[INFO] [1783780064.366436346] [wavefront_explorer]: Manual control active; automatic frontier goals are paused.
[INFO] [1783780075.363443201] [wavefront_explorer]: Manual control active; automatic frontier goals are paused.
[INFO] [1783780085.364741754] [wavefront_explorer]: Manual control active; automatic frontier goals are paused.
[INFO] [1783780095.388997728] [wavefront_explorer]: Manual control active; automatic frontier goals are paused.
[INFO] [1783780106.374583362] [wavefront_explorer]: Manual control active; automatic frontier goals are paused.
[INFO] [1783780117.363251826] [wavefront_explorer]: Manual control active; automatic frontier goals are paused.
[INFO] [1783780127.364591027] [wavefront_explorer]: Manual control active; automatic frontier goals are paused.
[INFO] [1783780137.384802471] [wavefront_explorer]: Manual control active; automatic frontier goals are paused.
[INFO] [1783780148.369954765] [wavefront_explorer]: Manual control active; automatic frontier goals are paused.
[INFO] [1783780159.387692693] [wavefront_explorer]: Manual control active; automatic frontier goals are paused.
[INFO] [1783780170.386827158] [wavefront_explorer]: Manual control active; automatic frontier goals are paused.
[INFO] [1783780180.397541324] [wavefront_explorer]: Manual control active; automatic frontier goals are paused.
[INFO] [1783780191.405444970] [wavefront_explorer]: Manual control active; automatic frontier goals are paused.
[INFO] [1783780202.367302725] [wavefront_explorer]: Manual control active; automatic frontier goals are paused.
[INFO] [1783780213.364574070] [wavefront_explorer]: Manual control active; automatic frontier goals are paused.
[INFO] [1783780223.382761854] [wavefront_explorer]: Manual control active; automatic frontier goals are paused.
[INFO] [1783780234.372700812] [wavefront_explorer]: Manual control active; automatic frontier goals are paused.
[INFO] [1783780245.369397499] [wavefront_explorer]: Manual control active; automatic frontier goals are paused.
[INFO] [1783780255.370188764] [wavefront_explorer]: Manual control active; automatic frontier goals are paused.
[INFO] [1783780266.379338173] [wavefront_explorer]: Manual control active; automatic frontier goals are paused.
[INFO] [1783780277.380307411] [wavefront_explorer]: Manual control active; automatic frontier goals are paused.
[INFO] [1783780288.368426183] [wavefront_explorer]: Manual control active; automatic frontier goals are paused.
[INFO] [1783780299.370271124] [wavefront_explorer]: Manual control active; automatic frontier goals are paused.
[INFO] [1783780309.384432717] [wavefront_explorer]: Manual control active; automatic frontier goals are paused.
[INFO] [1783780320.369760685] [wavefront_explorer]: Manual control active; automatic frontier goals are paused.
[INFO] [1783780331.366850473] [wavefront_explorer]: Manual control active; automatic frontier goals are paused.
