[INFO] [1783786436.142295566] [wavefront_explorer]: ======================================================================
[INFO] [1783786436.144447132] [wavefront_explorer]: 🤖 WAVEFRONT EXPLORER (SMART BLOCKING FIX)
[INFO] [1783786436.146568142] [wavefront_explorer]: ======================================================================
[INFO] [1783786436.148661633] [wavefront_explorer]:    📋 FRONTIER DETECTION:
[INFO] [1783786436.151183692] [wavefront_explorer]:       frontier_min_size: 3
[INFO] [1783786436.153498134] [wavefront_explorer]:       min_unknown_region_area_m2: 0.05
[INFO] [1783786436.155832206] [wavefront_explorer]:       exploration_frequency: 1.0 Hz (timer period: 1.00s)
[INFO] [1783786436.158755963] [wavefront_explorer]:       max_frontier_candidates: 0
[INFO] [1783786436.161405915] [wavefront_explorer]:       no_frontier_finish_count: 10
[INFO] [1783786436.164470880] [wavefront_explorer]:       robot_base_frame: base_footprint
[INFO] [1783786436.167053405] [wavefront_explorer]:       far_goals: 8, far_min_distance: 1.00m
[INFO] [1783786436.169460294] [wavefront_explorer]:       safe_goal_clearance_weight: 250.0
[INFO] [1783786436.173789594] [wavefront_explorer]:    🔧 ATTEMPT LIMITS:
[INFO] [1783786436.183986353] [wavefront_explorer]:       max_attempts_per_frontier: 3
[INFO] [1783786436.186960371] [wavefront_explorer]:       max_consecutive_timeouts: 4
[INFO] [1783786436.189563692] [wavefront_explorer]:       max_total_timeouts: 35
[INFO] [1783786436.192736901] [wavefront_explorer]:    📏 SMART BLOCKING:
[INFO] [1783786436.195037065] [wavefront_explorer]:       unreachable_region_radius: 0.4m
[INFO] [1783786436.197108055] [wavefront_explorer]:       smart_blocking_enabled: True
[INFO] [1783786436.199976903] [wavefront_explorer]:       failed_frontier_retry_sec: 30.0s
[INFO] [1783786436.203376786] [wavefront_explorer]:       completion_retry_cycles: 3
[INFO] [1783786436.205802416] [wavefront_explorer]:       frontier_goal_search_radius: 1.4m
[INFO] [1783786436.208386588] [wavefront_explorer]:       save_map_padding_m: 0.50m
[INFO] [1783786436.211254084] [wavefront_explorer]:       close_saved_map_boundary: True thickness=0.10m
[INFO] [1783786436.214008281] [wavefront_explorer]:    CONTROL:
[INFO] [1783786436.217262770] [wavefront_explorer]:       map_name: living_room
[INFO] [1783786436.219719012] [wavefront_explorer]:       start_mode: manual
[INFO] [1783786436.222030417] [wavefront_explorer]:       cmd_vel_topic: /cmd_vel
[INFO] [1783786436.224479271] [wavefront_explorer]:       source_map_topic: /slam_map
[INFO] [1783786436.227105889] [wavefront_explorer]:       repaired_map_topic: /map
[INFO] [1783786436.230239893] [wavefront_explorer]:       /set_manual_control true=manual false=auto
[INFO] [1783786436.233074888] [wavefront_explorer]:       /stop_exploration_and_save map_url=<name>
[INFO] [1783786436.236474993] [wavefront_explorer]: ======================================================================
[INFO] [1783786437.003446881] [wavefront_explorer]: Manual control active; automatic frontier goals are paused.
[INFO] [1783786447.990435008] [wavefront_explorer]: Manual control active; automatic frontier goals are paused.
[INFO] [1783786458.988555066] [wavefront_explorer]: Manual control active; automatic frontier goals are paused.
[INFO] [1783786469.993814783] [wavefront_explorer]: Manual control active; automatic frontier goals are paused.
[INFO] [1783786480.990476507] [wavefront_explorer]: Manual control active; automatic frontier goals are paused.
[INFO] [1783786491.001642846] [wavefront_explorer]: Manual control active; automatic frontier goals are paused.
[INFO] [1783786501.003388275] [wavefront_explorer]: Manual control active; automatic frontier goals are paused.
[INFO] [1783786511.993782808] [wavefront_explorer]: Manual control active; automatic frontier goals are paused.
[INFO] [1783786521.994166070] [wavefront_explorer]: Manual control active; automatic frontier goals are paused.
[INFO] [1783786532.988324503] [wavefront_explorer]: Manual control active; automatic frontier goals are paused.
[INFO] [1783786543.016853159] [wavefront_explorer]: Manual control active; automatic frontier goals are paused.
[INFO] [1783786553.990523994] [wavefront_explorer]: Manual control active; automatic frontier goals are paused.
[INFO] [1783786563.990885610] [wavefront_explorer]: Manual control active; automatic frontier goals are paused.
[INFO] [1783786574.990063467] [wavefront_explorer]: Manual control active; automatic frontier goals are paused.
[INFO] [1783786583.239099918] [wavefront_explorer]: Exploration mode changed: manual -> stopped (stop and save requested)
[INFO] [1783786583.242835458] [wavefront_explorer]: Closed saved map outer boundary: x=[0,134] y=[0,96] thickness=2 cells (0.10m).
[INFO] [1783786583.244205907] [wavefront_explorer]: Adding 10 unknown padding cells (0.50m) around saved map.
[INFO] [1783786583.317620973] [wavefront_explorer]: ======================================================================
[INFO] [1783786583.318934328] [wavefront_explorer]: 💾 MAP SAVED SUCCESSFULLY
[INFO] [1783786583.321290770] [wavefront_explorer]:    📄 PGM: /home/sweepi/SweePi/maps/living_room.pgm
[INFO] [1783786583.323594433] [wavefront_explorer]:    📄 YAML: /home/sweepi/SweePi/maps/living_room.yaml
[INFO] [1783786583.325462897] [wavefront_explorer]: ======================================================================
[INFO] [1783786583.344741039] [wavefront_explorer]: Stopped
