[INFO] [1783786622.203855837] [coverage_follow_path_executor_node]: Coverage FollowPath executor started: action=/follow_path controller_id=FollowPath smoother_action=/smooth_path smoother_id=simple_smoother path=/coverage_path raw=/coverage_path_raw smoothed=/coverage_smoothed_path active=/coverage_active_path costmap=/global_costmap/costmap. This mode uses FollowPath, not NavigateThroughPoses. dynamic_obstacle_skip=true local_costmap=/local_costmap/costmap static_map=/map
[INFO] [1783786622.206381895] [coverage_follow_path_executor_node]: Loaded dynamic obstacle parameters: dynamic_rejoin_max_search_distance_m=5.00 dynamic_progress_search_forward_m=1.00 dynamic_max_rejoin_candidates=100 dynamic_rejoin_min_clearance_m=0.03 dynamic_collision_check_radius_m=0.23 dynamic_connector_goal_tolerance_m=0.15 dynamic_skip_replan_cooldown_sec=3.00 dynamic_skip_max_consecutive_failures=5
[INFO] [1783786622.285379018] [coverage_follow_path_executor_node]: [COVERAGE_ARM] IDLE use_robot_arm=false inflated_promotion=true front_lidar_threshold_m=0.50 front_tof_clear_threshold_m=0.50
[INFO] [1783786622.290376744] [coverage_follow_path_executor_node]: Static map received for dynamic obstacle reference: topic=/map frame=map size=155x117 resolution=0.050 occupied_threshold=50
[INFO] [1783786625.423180345] [coverage_follow_path_executor_node]: Local costmap received for dynamic obstacle skip: topic=/local_costmap/costmap frame=odom size=100x100 resolution=0.050 threshold=100 detection_radius=0.230m unknown_blocked=true
[INFO] [1783786632.421001362] [coverage_follow_path_executor_node]: Global costmap received for FollowPath validation: topic=/global_costmap/costmap frame=map size=155x117 resolution=0.050 max_allowed_nav_cost=50 unknown_blocked=true
[INFO] [1783786633.971414402] [coverage_follow_path_executor_node]: Coverage FollowPath status: IDLE
[INFO] [1783786633.973511836] [coverage_follow_path_executor_node]: Coverage path frozen: frame_id=map poses=150 path_length=10.03m first=(x=-0.002 y=0.009 yaw=-0.24) last=(x=-1.052 y=-0.041 yaw=0.00)
[INFO] [1783786633.975345985] [coverage_follow_path_executor_node]: Path is frozen from the first executable /coverage_path. Later updates will not replace the active coverage path without reset.
[INFO] [1783786634.129498521] [coverage_follow_path_executor_node]: Ignoring /coverage_path update because the first valid coverage path is already cached. Call /reset_coverage_follow_path to accept a new path.
[INFO] [1783786640.115930801] [coverage_follow_path_executor_node]: Ignoring /coverage_path update because the first valid coverage path is already cached. Call /reset_coverage_follow_path to accept a new path.
[INFO] [1783786641.525535022] [coverage_follow_path_executor_node]: Coverage FollowPath validation passed
[INFO] [1783786645.119332775] [coverage_follow_path_executor_node]: Ignoring /coverage_path update because the first valid coverage path is already cached. Call /reset_coverage_follow_path to accept a new path.
[INFO] [1783786645.627289505] [coverage_follow_path_executor_node]: Coverage home pose recorded at x=-0.001 y=0.007
[INFO] [1783786645.628265850] [coverage_follow_path_executor_node]: Coverage FollowPath status: VALIDATING
[INFO] [1783786645.663751039] [coverage_follow_path_executor_node]: Coverage FollowPath status: SMOOTHING
[WARN] [1783786645.678669455] [coverage_follow_path_executor_node]: Keeping original sharp turn at index=59; rounded turn was invalid
[INFO] [1783786645.722082145] [coverage_follow_path_executor_node]: Coverage turn smoothing completed: rounded_turns=0 poses_before=150 poses_after=150 preserve_strip_lines=true
[INFO] [1783786645.769149001] [coverage_follow_path_executor_node]: Requesting Nav2 SmoothPath before FollowPath: action=/smooth_path smoother_id=simple_smoother poses=150 raw_length=10.03m custom_length=10.03m
[INFO] [1783786645.799285305] [coverage_follow_path_executor_node]: SmoothPath goal accepted by Nav2
[INFO] [1783786645.837675046] [coverage_follow_path_executor_node]: Smoothing result: raw path length=10.03m custom-smoothed path length=10.03m Nav2-smoothed path length=9.86m smoothing_duration=0.03s collision_check=true
[INFO] [1783786645.838475885] [coverage_follow_path_executor_node]: Coverage FollowPath status: WAITING_FOR_NAV2
[INFO] [1783786645.876368481] [coverage_follow_path_executor_node]: Coverage FollowPath status: EXECUTING
[INFO] [1783786645.877690503] [coverage_follow_path_executor_node]: Sending final frozen path to Nav2 FollowPath: reason=smooth_path_done action=/follow_path controller_id=FollowPath goal_checker_id=goal_checker poses=150 path_length=9.86m first=(x=-0.002 y=0.009 yaw=-0.24) last=(x=-1.052 y=-0.041 yaw=0.00) robot=(x=-0.001 y=0.007 yaw=0.06) start_index=0. This is FollowPath, not NavigateThroughPoses.
[INFO] [1783786645.890105398] [coverage_follow_path_executor_node]: FollowPath goal accepted by Nav2
[INFO] [1783786645.950888634] [coverage_follow_path_executor_node]: [DYNAMIC_DETECT] rejected: inflated/non-lethal cost; rejected inflated local cost; cost=69 threshold=100
[WARN] [1783786645.952234564] [coverage_follow_path_executor_node]: [ARM_DETECT] rejected inflated local cost promotion: reason=arm_disabled use_robot_arm=false arm_active=false tof_topic=/tof/front/range tof_range=nan tof_age_sec=inf free_readings=0/5 lidar_topic=/scan lidar_min_range=1.334 lidar_angle=-0.310 lidar_age_sec=0.013 lidar_object_readings=0/5 report_reason=inflated_or_non_lethal_local_cost cost=69
[INFO] [1783786646.117443954] [coverage_follow_path_executor_node]: Ignoring /coverage_path update because active coverage path is frozen.
[INFO] [1783786647.156392355] [coverage_follow_path_executor_node]: [DYNAMIC_DETECT] rejected: inflated/non-lethal cost; rejected inflated local cost; cost=69 threshold=100
[WARN] [1783786647.157753359] [coverage_follow_path_executor_node]: [ARM_DETECT] rejected inflated local cost promotion: reason=arm_disabled use_robot_arm=false arm_active=false tof_topic=/tof/front/range tof_range=nan tof_age_sec=inf free_readings=0/5 lidar_topic=/scan lidar_min_range=1.339 lidar_angle=-0.293 lidar_age_sec=0.015 lidar_object_readings=0/5 report_reason=inflated_or_non_lethal_local_cost cost=69
[WARN] [1783786648.160505437] [coverage_follow_path_executor_node]: [ARM_DETECT] rejected inflated local cost promotion: reason=arm_disabled use_robot_arm=false arm_active=false tof_topic=/tof/front/range tof_range=nan tof_age_sec=inf free_readings=0/5 lidar_topic=/scan lidar_min_range=1.338 lidar_angle=-0.293 lidar_age_sec=0.027 lidar_object_readings=0/5 report_reason=inflated_or_non_lethal_local_cost cost=69
[INFO] [1783786648.347758312] [coverage_follow_path_executor_node]: [DYNAMIC_DETECT] rejected: inflated/non-lethal cost; rejected inflated local cost; cost=69 threshold=100
[WARN] [1783786649.173058536] [coverage_follow_path_executor_node]: [ARM_DETECT] rejected inflated local cost promotion: reason=arm_disabled use_robot_arm=false arm_active=false tof_topic=/tof/front/range tof_range=nan tof_age_sec=inf free_readings=0/5 lidar_topic=/scan lidar_min_range=1.342 lidar_angle=-0.301 lidar_age_sec=0.043 lidar_object_readings=0/5 report_reason=inflated_or_non_lethal_local_cost cost=69
[INFO] [1783786649.350607560] [coverage_follow_path_executor_node]: [DYNAMIC_DETECT] rejected: inflated/non-lethal cost; rejected inflated local cost; cost=69 threshold=100
[WARN] [1783786650.348846500] [coverage_follow_path_executor_node]: [ARM_DETECT] rejected inflated local cost promotion: reason=arm_disabled use_robot_arm=false arm_active=false tof_topic=/tof/front/range tof_range=nan tof_age_sec=inf free_readings=0/5 lidar_topic=/scan lidar_min_range=1.340 lidar_angle=-0.293 lidar_age_sec=0.020 lidar_object_readings=0/5 report_reason=inflated_or_non_lethal_local_cost cost=69
[INFO] [1783786650.549634842] [coverage_follow_path_executor_node]: [DYNAMIC_DETECT] rejected: inflated/non-lethal cost; rejected inflated local cost; cost=69 threshold=100
[INFO] [1783786651.122217868] [coverage_follow_path_executor_node]: Ignoring /coverage_path update because active coverage path is frozen.
[WARN] [1783786651.548808292] [coverage_follow_path_executor_node]: [ARM_DETECT] rejected inflated local cost promotion: reason=arm_disabled use_robot_arm=false arm_active=false tof_topic=/tof/front/range tof_range=nan tof_age_sec=inf free_readings=0/5 lidar_topic=/scan lidar_min_range=1.340 lidar_angle=-0.293 lidar_age_sec=0.022 lidar_object_readings=0/5 report_reason=inflated_or_non_lethal_local_cost cost=69
[INFO] [1783786651.752557519] [coverage_follow_path_executor_node]: [DYNAMIC_DETECT] rejected: inflated/non-lethal cost; rejected inflated local cost; cost=69 threshold=100
[WARN] [1783786652.551808580] [coverage_follow_path_executor_node]: [ARM_DETECT] rejected inflated local cost promotion: reason=arm_disabled use_robot_arm=false arm_active=false tof_topic=/tof/front/range tof_range=nan tof_age_sec=inf free_readings=0/5 lidar_topic=/scan lidar_min_range=1.340 lidar_angle=-0.293 lidar_age_sec=0.026 lidar_object_readings=0/5 report_reason=inflated_or_non_lethal_local_cost cost=69
[INFO] [1783786652.947952061] [coverage_follow_path_executor_node]: [DYNAMIC_DETECT] rejected: inflated/non-lethal cost; rejected inflated local cost; cost=69 threshold=100
[WARN] [1783786653.750176563] [coverage_follow_path_executor_node]: [ARM_DETECT] rejected inflated local cost promotion: reason=arm_disabled use_robot_arm=false arm_active=false tof_topic=/tof/front/range tof_range=nan tof_age_sec=inf free_readings=0/5 lidar_topic=/scan lidar_min_range=1.340 lidar_angle=-0.293 lidar_age_sec=0.028 lidar_object_readings=0/5 report_reason=inflated_or_non_lethal_local_cost cost=69
[INFO] [1783786653.948170931] [coverage_follow_path_executor_node]: [DYNAMIC_DETECT] rejected: inflated/non-lethal cost; rejected inflated local cost; cost=69 threshold=100
[INFO] [1783786654.950612516] [coverage_follow_path_executor_node]: [DYNAMIC_DETECT] rejected: inflated/non-lethal cost; rejected inflated local cost; cost=69 threshold=100
[WARN] [1783786654.953572310] [coverage_follow_path_executor_node]: [ARM_DETECT] rejected inflated local cost promotion: reason=arm_disabled use_robot_arm=false arm_active=false tof_topic=/tof/front/range tof_range=nan tof_age_sec=inf free_readings=0/5 lidar_topic=/scan lidar_min_range=1.340 lidar_angle=-0.293 lidar_age_sec=0.026 lidar_object_readings=0/5 report_reason=inflated_or_non_lethal_local_cost cost=69
[INFO] [1783786656.156129123] [coverage_follow_path_executor_node]: [DYNAMIC_DETECT] rejected: inflated/non-lethal cost; rejected inflated local cost; cost=69 threshold=100
[WARN] [1783786656.159919535] [coverage_follow_path_executor_node]: [ARM_DETECT] rejected inflated local cost promotion: reason=arm_disabled use_robot_arm=false arm_active=false tof_topic=/tof/front/range tof_range=nan tof_age_sec=inf free_readings=0/5 lidar_topic=/scan lidar_min_range=1.331 lidar_angle=-0.267 lidar_age_sec=0.036 lidar_object_readings=0/5 report_reason=inflated_or_non_lethal_local_cost cost=69
[INFO] [1783786657.114237769] [coverage_follow_path_executor_node]: Ignoring /coverage_path update because active coverage path is frozen.
[INFO] [1783786657.168404563] [coverage_follow_path_executor_node]: [DYNAMIC_DETECT] rejected: inflated/non-lethal cost; rejected inflated local cost; cost=69 threshold=100
[WARN] [1783786657.171528065] [coverage_follow_path_executor_node]: [ARM_DETECT] rejected inflated local cost promotion: reason=arm_disabled use_robot_arm=false arm_active=false tof_topic=/tof/front/range tof_range=nan tof_age_sec=inf free_readings=0/5 lidar_topic=/scan lidar_min_range=1.331 lidar_angle=-0.267 lidar_age_sec=0.049 lidar_object_readings=0/5 report_reason=inflated_or_non_lethal_local_cost cost=69
[INFO] [1783786658.348114607] [coverage_follow_path_executor_node]: [DYNAMIC_DETECT] rejected: inflated/non-lethal cost; rejected inflated local cost; cost=69 threshold=100
[WARN] [1783786658.349266438] [coverage_follow_path_executor_node]: [ARM_DETECT] rejected inflated local cost promotion: reason=arm_disabled use_robot_arm=false arm_active=false tof_topic=/tof/front/range tof_range=nan tof_age_sec=inf free_readings=0/5 lidar_topic=/scan lidar_min_range=1.330 lidar_angle=-0.275 lidar_age_sec=0.025 lidar_object_readings=0/5 report_reason=inflated_or_non_lethal_local_cost cost=69
[INFO] [1783786659.547571603] [coverage_follow_path_executor_node]: [DYNAMIC_DETECT] rejected: inflated/non-lethal cost; rejected inflated local cost; cost=69 threshold=100
[WARN] [1783786659.548745342] [coverage_follow_path_executor_node]: [ARM_DETECT] rejected inflated local cost promotion: reason=arm_disabled use_robot_arm=false arm_active=false tof_topic=/tof/front/range tof_range=nan tof_age_sec=inf free_readings=0/5 lidar_topic=/scan lidar_min_range=1.331 lidar_angle=-0.267 lidar_age_sec=0.037 lidar_object_readings=0/5 report_reason=inflated_or_non_lethal_local_cost cost=69
[WARN] [1783786659.956656753] [coverage_follow_path_executor_node]: [STUCK_SKIP] not skipping current coverage points because the blockage looks static/inflated: robot_pose in inflated/non-lethal local cost band: max_cost=69 max_allowed_nav_cost=50 dynamic_threshold=100 radius=0.230
[INFO] [1783786660.550224508] [coverage_follow_path_executor_node]: [DYNAMIC_DETECT] rejected: inflated/non-lethal cost; rejected inflated local cost; cost=69 threshold=100
[WARN] [1783786660.551645515] [coverage_follow_path_executor_node]: [ARM_DETECT] rejected inflated local cost promotion: reason=arm_disabled use_robot_arm=false arm_active=false tof_topic=/tof/front/range tof_range=nan tof_age_sec=inf free_readings=0/5 lidar_topic=/scan lidar_min_range=1.332 lidar_angle=-0.267 lidar_age_sec=0.025 lidar_object_readings=0/5 report_reason=inflated_or_non_lethal_local_cost cost=69
[INFO] [1783786661.748240053] [coverage_follow_path_executor_node]: [DYNAMIC_DETECT] rejected: inflated/non-lethal cost; rejected inflated local cost; cost=69 threshold=100
[WARN] [1783786661.749447219] [coverage_follow_path_executor_node]: [ARM_DETECT] rejected inflated local cost promotion: reason=arm_disabled use_robot_arm=false arm_active=false tof_topic=/tof/front/range tof_range=nan tof_age_sec=inf free_readings=0/5 lidar_topic=/scan lidar_min_range=1.331 lidar_angle=-0.267 lidar_age_sec=0.032 lidar_object_readings=0/5 report_reason=inflated_or_non_lethal_local_cost cost=69
[INFO] [1783786662.130073523] [coverage_follow_path_executor_node]: Ignoring /coverage_path update because active coverage path is frozen.
[WARN] [1783786662.176192461] [coverage_follow_path_executor_node]: [STUCK_SKIP] not skipping current coverage points because the blockage looks static/inflated: robot_pose in inflated/non-lethal local cost band: max_cost=69 max_allowed_nav_cost=50 dynamic_threshold=100 radius=0.230
[INFO] [1783786662.748712447] [coverage_follow_path_executor_node]: [DYNAMIC_DETECT] rejected: inflated/non-lethal cost; rejected inflated local cost; cost=69 threshold=100
[WARN] [1783786662.749762553] [coverage_follow_path_executor_node]: [ARM_DETECT] rejected inflated local cost promotion: reason=arm_disabled use_robot_arm=false arm_active=false tof_topic=/tof/front/range tof_range=nan tof_age_sec=inf free_readings=0/5 lidar_topic=/scan lidar_min_range=1.332 lidar_angle=-0.275 lidar_age_sec=0.040 lidar_object_readings=0/5 report_reason=inflated_or_non_lethal_local_cost cost=69
[INFO] [1783786663.750797575] [coverage_follow_path_executor_node]: [DYNAMIC_DETECT] rejected: inflated/non-lethal cost; rejected inflated local cost; cost=69 threshold=100
[WARN] [1783786663.755722669] [coverage_follow_path_executor_node]: [ARM_DETECT] rejected inflated local cost promotion: reason=arm_disabled use_robot_arm=false arm_active=false tof_topic=/tof/front/range tof_range=nan tof_age_sec=inf free_readings=0/5 lidar_topic=/scan lidar_min_range=1.332 lidar_angle=-0.267 lidar_age_sec=0.035 lidar_object_readings=0/5 report_reason=inflated_or_non_lethal_local_cost cost=69
[WARN] [1783786664.351784425] [coverage_follow_path_executor_node]: [STUCK_SKIP] not skipping current coverage points because the blockage looks static/inflated: robot_pose in inflated/non-lethal local cost band: max_cost=69 max_allowed_nav_cost=50 dynamic_threshold=100 radius=0.230
[INFO] [1783786664.948285139] [coverage_follow_path_executor_node]: [DYNAMIC_DETECT] rejected: inflated/non-lethal cost; rejected inflated local cost; cost=69 threshold=100
[WARN] [1783786664.949412822] [coverage_follow_path_executor_node]: [ARM_DETECT] rejected inflated local cost promotion: reason=arm_disabled use_robot_arm=false arm_active=false tof_topic=/tof/front/range tof_range=nan tof_age_sec=inf free_readings=0/5 lidar_topic=/scan lidar_min_range=1.332 lidar_angle=-0.267 lidar_age_sec=0.038 lidar_object_readings=0/5 report_reason=inflated_or_non_lethal_local_cost cost=69
[INFO] [1783786665.948555397] [coverage_follow_path_executor_node]: [DYNAMIC_DETECT] rejected: inflated/non-lethal cost; rejected inflated local cost; cost=69 threshold=100
[WARN] [1783786665.949923938] [coverage_follow_path_executor_node]: [ARM_DETECT] rejected inflated local cost promotion: reason=arm_disabled use_robot_arm=false arm_active=false tof_topic=/tof/front/range tof_range=nan tof_age_sec=inf free_readings=0/5 lidar_topic=/scan lidar_min_range=1.333 lidar_angle=-0.267 lidar_age_sec=0.038 lidar_object_readings=0/5 report_reason=inflated_or_non_lethal_local_cost cost=69
[WARN] [1783786666.553563462] [coverage_follow_path_executor_node]: [STUCK_SKIP] not skipping current coverage points because the blockage looks static/inflated: robot_pose in inflated/non-lethal local cost band: max_cost=69 max_allowed_nav_cost=50 dynamic_threshold=100 radius=0.230
[INFO] [1783786666.951041537] [coverage_follow_path_executor_node]: [DYNAMIC_DETECT] rejected: inflated/non-lethal cost; rejected inflated local cost; cost=69 threshold=100
[WARN] [1783786666.952363169] [coverage_follow_path_executor_node]: [ARM_DETECT] rejected inflated local cost promotion: reason=arm_disabled use_robot_arm=false arm_active=false tof_topic=/tof/front/range tof_range=nan tof_age_sec=inf free_readings=0/5 lidar_topic=/scan lidar_min_range=1.331 lidar_angle=-0.267 lidar_age_sec=0.039 lidar_object_readings=0/5 report_reason=inflated_or_non_lethal_local_cost cost=69
[INFO] [1783786668.121821992] [coverage_follow_path_executor_node]: Ignoring /coverage_path update because active coverage path is frozen.
[INFO] [1783786668.162924759] [coverage_follow_path_executor_node]: [DYNAMIC_DETECT] rejected: inflated/non-lethal cost; rejected inflated local cost; cost=69 threshold=100
[WARN] [1783786668.164224336] [coverage_follow_path_executor_node]: [ARM_DETECT] rejected inflated local cost promotion: reason=arm_disabled use_robot_arm=false arm_active=false tof_topic=/tof/front/range tof_range=nan tof_age_sec=inf free_readings=0/5 lidar_topic=/scan lidar_min_range=1.332 lidar_angle=-0.267 lidar_age_sec=0.050 lidar_object_readings=0/5 report_reason=inflated_or_non_lethal_local_cost cost=69
[WARN] [1783786668.759044480] [coverage_follow_path_executor_node]: [STUCK_SKIP] not skipping current coverage points because the blockage looks static/inflated: robot_pose in inflated/non-lethal local cost band: max_cost=69 max_allowed_nav_cost=50 dynamic_threshold=100 radius=0.230
[INFO] [1783786669.350424649] [coverage_follow_path_executor_node]: [DYNAMIC_DETECT] rejected: inflated/non-lethal cost; rejected inflated local cost; cost=69 threshold=100
[WARN] [1783786669.351692280] [coverage_follow_path_executor_node]: [ARM_DETECT] rejected inflated local cost promotion: reason=arm_disabled use_robot_arm=false arm_active=false tof_topic=/tof/front/range tof_range=nan tof_age_sec=inf free_readings=0/5 lidar_topic=/scan lidar_min_range=1.331 lidar_angle=-0.267 lidar_age_sec=0.043 lidar_object_readings=0/5 report_reason=inflated_or_non_lethal_local_cost cost=69
[INFO] [1783786670.548218054] [coverage_follow_path_executor_node]: [DYNAMIC_DETECT] rejected: inflated/non-lethal cost; rejected inflated local cost; cost=69 threshold=100
[WARN] [1783786670.549264623] [coverage_follow_path_executor_node]: [ARM_DETECT] rejected inflated local cost promotion: reason=arm_disabled use_robot_arm=false arm_active=false tof_topic=/tof/front/range tof_range=nan tof_age_sec=inf free_readings=0/5 lidar_topic=/scan lidar_min_range=1.331 lidar_angle=-0.267 lidar_age_sec=0.045 lidar_object_readings=0/5 report_reason=inflated_or_non_lethal_local_cost cost=69
[WARN] [1783786670.953184078] [coverage_follow_path_executor_node]: [STUCK_SKIP] not skipping current coverage points because the blockage looks static/inflated: robot_pose in inflated/non-lethal local cost band: max_cost=69 max_allowed_nav_cost=50 dynamic_threshold=100 radius=0.230
[INFO] [1783786671.750372925] [coverage_follow_path_executor_node]: [DYNAMIC_DETECT] rejected: inflated/non-lethal cost; rejected inflated local cost; cost=69 threshold=100
[WARN] [1783786671.751487570] [coverage_follow_path_executor_node]: [ARM_DETECT] rejected inflated local cost promotion: reason=arm_disabled use_robot_arm=false arm_active=false tof_topic=/tof/front/range tof_range=nan tof_age_sec=inf free_readings=0/5 lidar_topic=/scan lidar_min_range=1.331 lidar_angle=-0.275 lidar_age_sec=0.042 lidar_object_readings=0/5 report_reason=inflated_or_non_lethal_local_cost cost=69
[INFO] [1783786672.950971267] [coverage_follow_path_executor_node]: [DYNAMIC_DETECT] rejected: inflated/non-lethal cost; rejected inflated local cost; cost=69 threshold=100
[WARN] [1783786672.952287362] [coverage_follow_path_executor_node]: [ARM_DETECT] rejected inflated local cost promotion: reason=arm_disabled use_robot_arm=false arm_active=false tof_topic=/tof/front/range tof_range=nan tof_age_sec=inf free_readings=0/5 lidar_topic=/scan lidar_min_range=1.332 lidar_angle=-0.275 lidar_age_sec=0.046 lidar_object_readings=0/5 report_reason=inflated_or_non_lethal_local_cost cost=69
[WARN] [1783786672.957985072] [coverage_follow_path_executor_node]: [STUCK_SKIP] not skipping current coverage points because the blockage looks static/inflated: robot_pose in inflated/non-lethal local cost band: max_cost=69 max_allowed_nav_cost=50 dynamic_threshold=100 radius=0.230
[INFO] [1783786674.123327084] [coverage_follow_path_executor_node]: Ignoring /coverage_path update because active coverage path is frozen.
[INFO] [1783786674.159668928] [coverage_follow_path_executor_node]: [DYNAMIC_DETECT] rejected: inflated/non-lethal cost; rejected inflated local cost; cost=69 threshold=100
[WARN] [1783786674.160771017] [coverage_follow_path_executor_node]: [ARM_DETECT] rejected inflated local cost promotion: reason=arm_disabled use_robot_arm=false arm_active=false tof_topic=/tof/front/range tof_range=nan tof_age_sec=inf free_readings=0/5 lidar_topic=/scan lidar_min_range=1.333 lidar_angle=-0.267 lidar_age_sec=0.058 lidar_object_readings=0/5 report_reason=inflated_or_non_lethal_local_cost cost=69
[WARN] [1783786675.162862551] [coverage_follow_path_executor_node]: [STUCK_SKIP] not skipping current coverage points because the blockage looks static/inflated: robot_pose in inflated/non-lethal local cost band: max_cost=69 max_allowed_nav_cost=50 dynamic_threshold=100 radius=0.230
[INFO] [1783786675.349712245] [coverage_follow_path_executor_node]: [DYNAMIC_DETECT] rejected: inflated/non-lethal cost; rejected inflated local cost; cost=69 threshold=100
[WARN] [1783786675.351572913] [coverage_follow_path_executor_node]: [ARM_DETECT] rejected inflated local cost promotion: reason=arm_disabled use_robot_arm=false arm_active=false tof_topic=/tof/front/range tof_range=nan tof_age_sec=inf free_readings=0/5 lidar_topic=/scan lidar_min_range=1.331 lidar_angle=-0.267 lidar_age_sec=0.049 lidar_object_readings=0/5 report_reason=inflated_or_non_lethal_local_cost cost=69
[INFO] [1783786675.990829665] [coverage_follow_path_executor_node]: FollowPath result: status=6 error_code=105 FAILED_TO_MAKE_PROGRESS error_msg=
[WARN] [1783786675.997581815] [coverage_follow_path_executor_node]: [DYNAMIC_SKIP] recoverable FollowPath error 105 FAILED_TO_MAKE_PROGRESS did not match a confirmed local-only obstacle; reason=inflated_or_non_lethal_local_cost local_lethal_count=0 local_inscribed_count=0 dynamic_only_blocked_count=0
[WARN] [1783786676.001356152] [coverage_follow_path_executor_node]: FollowPath failed with FAILED_TO_MAKE_PROGRESS. Likely causes: progress checker too strict, local costmap collision checking, sharp turn, robot not near the selected start pose, or cmd_vel blocked. last_feedback="distance_to_goal=9.859 speed=0.100 elapsed=30.0"
[INFO] [1783786676.002428406] [coverage_follow_path_executor_node]: Coverage FollowPath status: FAILED
[INFO] [1783786676.117574330] [coverage_follow_path_executor_node]: Ignoring /coverage_path update because the first valid coverage path is already cached. Call /reset_coverage_follow_path to accept a new path.
