[INFO] [1783779944.127504777] [route_server]: 
	route_server lifecycle node launched. 
	Waiting on external lifecycle transitions to activate
	See https://design.ros2.org/articles/node_lifecycle.html for more information.
[INFO] [1783779948.230341812] [route_server]: Configuring
[INFO] [1783779948.452619238] [route_server]: Created GraphFileLoader GeoJsonGraphFileLoader of type nav2_route::GeoJsonGraphFileLoader
[INFO] [1783779948.452703627] [route_server]: Configuring geojson graph file loader
[INFO] [1783779948.453656683] [route_server]: No graph file provided to load yet.
[INFO] [1783779948.466051350] [route_server]: Created edge cost function plugin DistanceScorer of type nav2_route::DistanceScorer
[INFO] [1783779948.466138072] [route_server]: Configuring distance scorer.
[INFO] [1783779948.471228757] [route_server]: Created edge cost function plugin DynamicEdgesScorer of type nav2_route::DynamicEdgesScorer
[INFO] [1783779948.471330127] [route_server]: Configuring adjust edges scorer.
[INFO] [1783779948.495951683] [route_server]: Created route operation AdjustSpeedLimit of type nav2_route::AdjustSpeedLimit
[INFO] [1783779948.496077294] [route_server]: Configuring Adjust speed limit operation.
[INFO] [1783779948.503758313] [route_server]: Created route operation ReroutingService of type nav2_route::ReroutingService
[INFO] [1783779948.503873535] [route_server]: Configuring Rerouting service operation.
[INFO] [1783779952.460013211] [route_server]: Activating
[INFO] [1783779952.460366045] [route_server]: Creating bond (route_server) to lifecycle manager.
[INFO] [1783780335.695848609] [rclcpp]: signal_handler(SIGINT/SIGTERM)
[INFO] [1783780335.695946128] [route_server]: Running Nav2 LifecycleNode rcl preshutdown (route_server)
[INFO] [1783780335.696031110] [route_server]: Deactivating
[INFO] [1783780335.696055110] [route_server]: Destroying bond (route_server) to lifecycle manager.
[INFO] [1783780335.740175822] [route_server]: Cleaning up
[INFO] [1783780336.449090882] [route_server]: Destroying bond (route_server) to lifecycle manager.
