[INFO] [1783789610.742048533] [route_server]: 
	route_server lifecycle node launched. 
	Waiting on external lifecycle transitions to activate
	See https://design.ros2.org/articles/node_lifecycle.html for more information.
[INFO] [1783789614.924960946] [route_server]: Configuring
[INFO] [1783789615.175440904] [route_server]: Created GraphFileLoader GeoJsonGraphFileLoader of type nav2_route::GeoJsonGraphFileLoader
[INFO] [1783789615.179455398] [route_server]: Configuring geojson graph file loader
[INFO] [1783789615.179677604] [route_server]: No graph file provided to load yet.
[INFO] [1783789615.196587969] [route_server]: Created edge cost function plugin DistanceScorer of type nav2_route::DistanceScorer
[INFO] [1783789615.197319054] [route_server]: Configuring distance scorer.
[INFO] [1783789615.205867981] [route_server]: Created edge cost function plugin DynamicEdgesScorer of type nav2_route::DynamicEdgesScorer
[INFO] [1783789615.205999304] [route_server]: Configuring adjust edges scorer.
[INFO] [1783789615.228281705] [route_server]: Created route operation AdjustSpeedLimit of type nav2_route::AdjustSpeedLimit
[INFO] [1783789615.230015636] [route_server]: Configuring Adjust speed limit operation.
[INFO] [1783789615.238124467] [route_server]: Created route operation ReroutingService of type nav2_route::ReroutingService
[INFO] [1783789615.238267516] [route_server]: Configuring Rerouting service operation.
[INFO] [1783789619.583958131] [route_server]: Activating
[INFO] [1783789619.584659871] [route_server]: Creating bond (route_server) to lifecycle manager.
[INFO] [1783789702.899769365] [rclcpp]: signal_handler(SIGINT/SIGTERM)
[INFO] [1783789702.899968049] [route_server]: Running Nav2 LifecycleNode rcl preshutdown (route_server)
[INFO] [1783789702.900083041] [route_server]: Deactivating
[INFO] [1783789702.900128415] [route_server]: Destroying bond (route_server) to lifecycle manager.
[INFO] [1783789702.983517685] [route_server]: Cleaning up
[INFO] [1783789703.533603986] [route_server]: Destroying bond (route_server) to lifecycle manager.
