[INFO] [1783783677.426480980] [rviz2]: Stereo is NOT SUPPORTED
[INFO] [1783783677.428484443] [rviz2]: OpenGl version: 3.1 (GLSL 1.4)
[INFO] [1783783677.497599427] [rviz2]: Stereo is NOT SUPPORTED
[INFO] [1783783680.683965835] [rviz2]: Message Filter dropping message: frame 'lidar_link' at time 1783783679.433 for reason 'discarding message because the queue is full'
[INFO] [1783783683.210408196] [rviz2]: Message Filter dropping message: frame 'lidar_link' at time 1783783682.089 for reason 'discarding message because the queue is full'
[INFO] [1783783685.802381987] [rviz2]: Message Filter dropping message: frame 'lidar_link' at time 1783783684.683 for reason 'discarding message because the queue is full'
[INFO] [1783783688.394336745] [rviz2]: Message Filter dropping message: frame 'lidar_link' at time 1783783687.280 for reason 'discarding message because the queue is full'
[INFO] [1783783690.986352656] [rviz2]: Message Filter dropping message: frame 'lidar_link' at time 1783783689.874 for reason 'discarding message because the queue is full'
[INFO] [1783783693.578833566] [rviz2]: Message Filter dropping message: frame 'lidar_link' at time 1783783692.470 for reason 'discarding message because the queue is full'
[INFO] [1783783696.170410041] [rviz2]: Message Filter dropping message: frame 'lidar_link' at time 1783783695.065 for reason 'discarding message because the queue is full'
[INFO] [1783783698.763201078] [rviz2]: Message Filter dropping message: frame 'lidar_link' at time 1783783697.661 for reason 'discarding message because the queue is full'
[INFO] [1783783701.355140529] [rviz2]: Message Filter dropping message: frame 'lidar_link' at time 1783783700.256 for reason 'discarding message because the queue is full'
[INFO] [1783783703.978960881] [rviz2]: Message Filter dropping message: frame 'lidar_link' at time 1783783702.851 for reason 'discarding message because the queue is full'
[INFO] [1783783706.571713063] [rviz2]: Message Filter dropping message: frame 'lidar_link' at time 1783783705.443 for reason 'discarding message because the queue is full'
[INFO] [1783783709.164178668] [rviz2]: Message Filter dropping message: frame 'lidar_link' at time 1783783708.045 for reason 'discarding message because the queue is full'
[INFO] [1783783711.195236530] [rviz2]: Trying to create a map of size 161 x 127 using 1 swatches
[ERROR] [1783783711.284718501] [rviz2]: rviz/glsl120/indexed_8bit_image.vert
rviz/glsl120/indexed_8bit_image.frag
 GLSL link result : 
active samplers with a different type refer to the same texture image unit
[INFO] [1783783711.755794198] [rviz2]: Message Filter dropping message: frame 'lidar_link' at time 1783783710.647 for reason 'discarding message because the queue is full'
[INFO] [1783783714.347510975] [rviz2]: Message Filter dropping message: frame 'lidar_link' at time 1783783713.243 for reason 'discarding message because the queue is full'
[INFO] [1783783716.938517213] [rviz2]: Message Filter dropping message: frame 'lidar_link' at time 1783783715.837 for reason 'discarding message because the queue is full'
[INFO] [1783783719.531300699] [rviz2]: Message Filter dropping message: frame 'lidar_link' at time 1783783718.432 for reason 'discarding message because the queue is full'
[INFO] [1783783722.154974534] [rviz2]: Message Filter dropping message: frame 'lidar_link' at time 1783783721.027 for reason 'discarding message because the queue is full'
[INFO] [1783783724.747625404] [rviz2]: Message Filter dropping message: frame 'lidar_link' at time 1783783723.624 for reason 'discarding message because the queue is full'
[INFO] [1783783727.339109225] [rviz2]: Message Filter dropping message: frame 'lidar_link' at time 1783783726.216 for reason 'discarding message because the queue is full'
[INFO] [1783783729.931497222] [rviz2]: Message Filter dropping message: frame 'lidar_link' at time 1783783728.815 for reason 'discarding message because the queue is full'
[INFO] [1783783732.522697384] [rviz2]: Message Filter dropping message: frame 'lidar_link' at time 1783783731.414 for reason 'discarding message because the queue is full'
[INFO] [1783783735.115073399] [rviz2]: Message Filter dropping message: frame 'lidar_link' at time 1783783734.007 for reason 'discarding message because the queue is full'
[INFO] [1783783737.707382578] [rviz2]: Message Filter dropping message: frame 'lidar_link' at time 1783783736.602 for reason 'discarding message because the queue is full'
[INFO] [1783783740.301469723] [rviz2]: Message Filter dropping message: frame 'lidar_link' at time 1783783739.198 for reason 'discarding message because the queue is full'
[INFO] [1783783742.923066427] [rviz2]: Message Filter dropping message: frame 'lidar_link' at time 1783783741.801 for reason 'discarding message because the queue is full'
[INFO] [1783783745.515637427] [rviz2]: Message Filter dropping message: frame 'lidar_link' at time 1783783744.400 for reason 'discarding message because the queue is full'
[INFO] [1783783748.107747459] [rviz2]: Message Filter dropping message: frame 'lidar_link' at time 1783783746.991 for reason 'discarding message because the queue is full'
[INFO] [1783783748.959471773] [rviz2]: Setting estimate pose: Frame:map, Position(-0.0998475, -0.0486303, 0), Orientation(0, 0, 0.844345, 0.5358) = Angle: 2.01068
[INFO] [1783783749.026741555] [rviz2]: Message Filter dropping message: frame 'odom' at time 1783783715.080 for reason 'the timestamp on the message is earlier than all the data in the transform cache'
[ERROR] [1783783749.518473786] [rviz2]: Lookup would require extrapolation into the future.  Requested time 1783783749.494796 but the latest data is at time 1783783749.485466, when looking up transform from frame [lidar_link] to frame [map]
[INFO] [1783784104.876498268] [rclcpp]: signal_handler(SIGINT/SIGTERM)
