[INFO] [1783784384.429391687] [rviz2]: Stereo is NOT SUPPORTED
[INFO] [1783784384.429740086] [rviz2]: OpenGl version: 3.1 (GLSL 1.4)
[INFO] [1783784384.485787561] [rviz2]: Stereo is NOT SUPPORTED
[INFO] [1783784387.686653628] [rviz2]: Message Filter dropping message: frame 'lidar_link' at time 1783784386.751 for reason 'discarding message because the queue is full'
[INFO] [1783784390.214842147] [rviz2]: Message Filter dropping message: frame 'lidar_link' at time 1783784389.104 for reason 'discarding message because the queue is full'
[INFO] [1783784392.806946520] [rviz2]: Message Filter dropping message: frame 'lidar_link' at time 1783784391.693 for reason 'discarding message because the queue is full'
[INFO] [1783784395.399170766] [rviz2]: Message Filter dropping message: frame 'lidar_link' at time 1783784394.299 for reason 'discarding message because the queue is full'
[INFO] [1783784396.753635714] [rviz2]: Trying to create a map of size 161 x 127 using 1 swatches
[ERROR] [1783784396.787839017] [rviz2]: rviz/glsl120/indexed_8bit_image.vert
rviz/glsl120/indexed_8bit_image.frag
 GLSL link result : 
active samplers with a different type refer to the same texture image unit
[INFO] [1783784397.934998973] [rviz2]: Message Filter dropping message: frame 'lidar_link' at time 1783784396.801 for reason 'discarding message because the queue is full'
[INFO] [1783784400.518820969] [rviz2]: Message Filter dropping message: frame 'lidar_link' at time 1783784399.390 for reason 'discarding message because the queue is full'
[INFO] [1783784401.911632512] [rviz2]: Setting estimate pose: Frame:map, Position(-0.184058, 0.0291852, 0), Orientation(0, 0, -0.988033, 0.15424) = Angle: -2.83188
[INFO] [1783784404.547460528] [rviz2]: Trying to create a map of size 161 x 127 using 1 swatches
[INFO] [1783784409.888126989] [rviz2]: Message Filter dropping message: frame 'odom' at time 1783784400.212 for reason 'the timestamp on the message is earlier than all the data in the transform cache'
[ERROR] [1783784416.824680613] [rviz2]: Lookup would require extrapolation into the future.  Requested time 1783784416.796392 but the latest data is at time 1783784416.794919, when looking up transform from frame [lidar_link] to frame [map]
[INFO] [1783784454.550707069] [rviz2]: Message Filter dropping message: frame 'lidar_link' at time 1783784401.481 for reason 'discarding message because the queue is full'
[INFO] [1783784457.142277303] [rviz2]: Message Filter dropping message: frame 'lidar_link' at time 1783784456.046 for reason 'discarding message because the queue is full'
[INFO] [1783784457.877472454] [rclcpp]: signal_handler(SIGINT/SIGTERM)
