[INFO] [1783784935.772908655] [rviz2]: Stereo is NOT SUPPORTED
[INFO] [1783784935.773398889] [rviz2]: OpenGl version: 3.1 (GLSL 1.4)
[INFO] [1783784935.862967829] [rviz2]: Stereo is NOT SUPPORTED
[INFO] [1783784938.833031459] [rviz2]: Message Filter dropping message: frame 'lidar_link' at time 1783784937.580 for reason 'discarding message because the queue is full'
[INFO] [1783784941.361380572] [rviz2]: Message Filter dropping message: frame 'lidar_link' at time 1783784940.248 for reason 'discarding message because the queue is full'
[INFO] [1783784943.957935564] [rviz2]: Message Filter dropping message: frame 'lidar_link' at time 1783784942.843 for reason 'discarding message because the queue is full'
[INFO] [1783784945.924923677] [rviz2]: Trying to create a map of size 161 x 127 using 1 swatches
[ERROR] [1783784946.089997083] [rviz2]: rviz/glsl120/indexed_8bit_image.vert
rviz/glsl120/indexed_8bit_image.frag
 GLSL link result : 
active samplers with a different type refer to the same texture image unit
[INFO] [1783784946.545817178] [rviz2]: Message Filter dropping message: frame 'lidar_link' at time 1783784945.439 for reason 'discarding message because the queue is full'
[INFO] [1783784949.140385174] [rviz2]: Message Filter dropping message: frame 'lidar_link' at time 1783784948.038 for reason 'discarding message because the queue is full'
[INFO] [1783784951.761285500] [rviz2]: Message Filter dropping message: frame 'lidar_link' at time 1783784950.631 for reason 'discarding message because the queue is full'
[INFO] [1783784952.340138044] [rviz2]: Setting estimate pose: Frame:map, Position(-0.004821, 0.0222403, 0), Orientation(0, 0, -0.992681, 0.120769) = Angle: -2.89946
[ERROR] [1783784953.049119913] [rviz2]: Lookup would require extrapolation into the future.  Requested time 1783784953.026037 but the latest data is at time 1783784953.021182, when looking up transform from frame [lidar_link] to frame [map]
[INFO] [1783784954.898458495] [rviz2]: Trying to create a map of size 161 x 127 using 1 swatches
[INFO] [1783784960.328588845] [rviz2]: Message Filter dropping message: frame 'odom' at time 1783784950.631 for reason 'the timestamp on the message is earlier than all the data in the transform cache'
[ERROR] [1783784975.318486652] [rviz2]: Lookup would require extrapolation into the future.  Requested time 1783784975.308512 but the latest data is at time 1783784975.301262, when looking up transform from frame [lidar_link] to frame [map]
[INFO] [1783784975.509915868] [rviz2]: Message Filter dropping message: frame 'lidar_link' at time 1783784952.029 for reason 'discarding message because the queue is full'
[INFO] [1783785002.277446248] [rviz2]: Message Filter dropping message: frame 'lidar_link' at time 1783784952.131 for reason 'discarding message because the queue is full'
[INFO] [1783785004.900784491] [rviz2]: Message Filter dropping message: frame 'lidar_link' at time 1783785003.770 for reason 'discarding message because the queue is full'
[INFO] [1783785007.493111499] [rviz2]: Message Filter dropping message: frame 'lidar_link' at time 1783785006.363 for reason 'discarding message because the queue is full'
[INFO] [1783785008.569277445] [rclcpp]: signal_handler(SIGINT/SIGTERM)
