[INFO] [1783787997.420018534] [rviz2]: Stereo is NOT SUPPORTED
[INFO] [1783787997.420505816] [rviz2]: OpenGl version: 3.1 (GLSL 1.4)
[INFO] [1783787997.522341450] [rviz2]: Stereo is NOT SUPPORTED
[INFO] [1783788001.290159967] [rviz2]: Message Filter dropping message: frame 'lidar_link' at time 1783787999.965 for reason 'discarding message because the queue is full'
[INFO] [1783788003.882508880] [rviz2]: Message Filter dropping message: frame 'lidar_link' at time 1783788002.756 for reason 'discarding message because the queue is full'
[INFO] [1783788006.474032699] [rviz2]: Message Filter dropping message: frame 'lidar_link' at time 1783788005.354 for reason 'discarding message because the queue is full'
[INFO] [1783788009.066176381] [rviz2]: Message Filter dropping message: frame 'lidar_link' at time 1783788007.951 for reason 'discarding message because the queue is full'
[INFO] [1783788011.614374830] [rviz2]: Message Filter dropping message: frame 'lidar_link' at time 1783788010.460 for reason 'discarding message because the queue is full'
[INFO] [1783788012.340876632] [rviz2]: Trying to create a map of size 155 x 117 using 1 swatches
[ERROR] [1783788012.373242775] [rviz2]: rviz/glsl120/indexed_8bit_image.vert
rviz/glsl120/indexed_8bit_image.frag
 GLSL link result : 
active samplers with a different type refer to the same texture image unit
[INFO] [1783788014.169635828] [rviz2]: Message Filter dropping message: frame 'lidar_link' at time 1783788013.050 for reason 'discarding message because the queue is full'
[INFO] [1783788016.778939620] [rviz2]: Message Filter dropping message: frame 'lidar_link' at time 1783788015.650 for reason 'discarding message because the queue is full'
[INFO] [1783788019.282155453] [rviz2]: Message Filter dropping message: frame 'lidar_link' at time 1783788018.141 for reason 'discarding message because the queue is full'
[INFO] [1783788019.352747576] [rviz2]: Setting estimate pose: Frame:map, Position(0.0709421, 0.0174393, 0), Orientation(0, 0, 0.0259241, 0.999664) = Angle: 0.051854
[INFO] [1783788022.624191726] [rviz2]: Trying to create a map of size 155 x 117 using 1 swatches
[INFO] [1783788028.543587755] [rviz2]: Message Filter dropping message: frame 'odom' at time 1783788018.886 for reason 'the timestamp on the message is earlier than all the data in the transform cache'
[ERROR] [1783788056.472702870] [rviz2]: Lookup would require extrapolation into the future.  Requested time 1783788056.418709 but the latest data is at time 1783788056.417235, when looking up transform from frame [lidar_link] to frame [map]
[INFO] [1783788086.028824212] [rclcpp]: signal_handler(SIGINT/SIGTERM)
