[INFO] [1783787323.000162667] [rviz2]: Stereo is NOT SUPPORTED
[INFO] [1783787323.000504313] [rviz2]: OpenGl version: 3.1 (GLSL 1.4)
[INFO] [1783787323.048311670] [rviz2]: Stereo is NOT SUPPORTED
[INFO] [1783787326.285437047] [rviz2]: Message Filter dropping message: frame 'lidar_link' at time 1783787325.169 for reason 'discarding message because the queue is full'
[INFO] [1783787328.813984263] [rviz2]: Message Filter dropping message: frame 'lidar_link' at time 1783787327.717 for reason 'discarding message because the queue is full'
[INFO] [1783787331.405398598] [rviz2]: Message Filter dropping message: frame 'lidar_link' at time 1783787330.307 for reason 'discarding message because the queue is full'
[INFO] [1783787334.029933249] [rviz2]: Message Filter dropping message: frame 'lidar_link' at time 1783787332.903 for reason 'discarding message because the queue is full'
[INFO] [1783787336.621502571] [rviz2]: Message Filter dropping message: frame 'lidar_link' at time 1783787335.498 for reason 'discarding message because the queue is full'
[INFO] [1783787339.214321504] [rviz2]: Message Filter dropping message: frame 'lidar_link' at time 1783787338.098 for reason 'discarding message because the queue is full'
[INFO] [1783787341.806021280] [rviz2]: Message Filter dropping message: frame 'lidar_link' at time 1783787340.693 for reason 'discarding message because the queue is full'
[INFO] [1783787344.399117943] [rviz2]: Message Filter dropping message: frame 'lidar_link' at time 1783787343.291 for reason 'discarding message because the queue is full'
[INFO] [1783787346.988608969] [rviz2]: Trying to create a map of size 155 x 117 using 1 swatches
[INFO] [1783787347.026337961] [rviz2]: Message Filter dropping message: frame 'lidar_link' at time 1783787345.888 for reason 'discarding message because the queue is full'
[ERROR] [1783787347.032584064] [rviz2]: rviz/glsl120/indexed_8bit_image.vert
rviz/glsl120/indexed_8bit_image.frag
 GLSL link result : 
active samplers with a different type refer to the same texture image unit
[INFO] [1783787349.602375745] [rviz2]: Message Filter dropping message: frame 'lidar_link' at time 1783787348.494 for reason 'discarding message because the queue is full'
[INFO] [1783787352.194068599] [rviz2]: Message Filter dropping message: frame 'lidar_link' at time 1783787351.084 for reason 'discarding message because the queue is full'
[INFO] [1783787352.653951174] [rviz2]: Setting estimate pose: Frame:map, Position(0.0095817, 0.00579473, 0), Orientation(0, 0, -0.00446934, 0.99999) = Angle: -0.0089387
[INFO] [1783787355.342990008] [rviz2]: Trying to create a map of size 155 x 117 using 1 swatches
[INFO] [1783787360.477212462] [rviz2]: Message Filter dropping message: frame 'odom' at time 1783787350.822 for reason 'the timestamp on the message is earlier than all the data in the transform cache'
[INFO] [1783787393.557451294] [rviz2]: Message Filter dropping message: frame 'lidar_link' at time 1783787352.185 for reason 'discarding message because the queue is full'
[ERROR] [1783787411.360564981] [rviz2]: Lookup would require extrapolation into the future.  Requested time 1783787411.328118 but the latest data is at time 1783787411.326693, when looking up transform from frame [lidar_link] to frame [map]
[INFO] [1783787461.586435210] [rviz2]: Message Filter dropping message: frame 'lidar_link' at time 1783787352.283 for reason 'discarding message because the queue is full'
[INFO] [1783787462.428902968] [rclcpp]: signal_handler(SIGINT/SIGTERM)
