[INFO] [1783786419.837641698] [rviz2]: Stereo is NOT SUPPORTED
[INFO] [1783786419.838384425] [rviz2]: OpenGl version: 3.1 (GLSL 1.4)
[INFO] [1783786419.910734726] [rviz2]: Stereo is NOT SUPPORTED
[INFO] [1783786422.885560445] [rviz2]: Message Filter dropping message: frame 'lidar_link' at time 1783786421.938 for reason 'discarding message because the queue is full'
[INFO] [1783786425.413339022] [rviz2]: Message Filter dropping message: frame 'lidar_link' at time 1783786424.318 for reason 'discarding message because the queue is full'
[INFO] [1783786428.006166276] [rviz2]: Message Filter dropping message: frame 'lidar_link' at time 1783786426.906 for reason 'discarding message because the queue is full'
[INFO] [1783786430.629396405] [rviz2]: Message Filter dropping message: frame 'lidar_link' at time 1783786429.500 for reason 'discarding message because the queue is full'
[INFO] [1783786433.158240928] [rviz2]: Message Filter dropping message: frame 'lidar_link' at time 1783786431.995 for reason 'discarding message because the queue is full'
[INFO] [1783786436.271826825] [rviz2]: Trying to create a map of size 151 x 115 using 1 swatches
[ERROR] [1783786436.297356299] [rviz2]: rviz/glsl120/indexed_8bit_image.vert
rviz/glsl120/indexed_8bit_image.frag
 GLSL link result : 
active samplers with a different type refer to the same texture image unit
[INFO] [1783786437.682034941] [rviz2]: Trying to create a map of size 80 x 80 using 1 swatches
[INFO] [1783786474.858203080] [rviz2]: Trying to create a map of size 151 x 116 using 1 swatches
[INFO] [1783786481.454227948] [rviz2]: Message Filter dropping message: frame 'lidar_link' at time 1783786434.300 for reason 'discarding message because the queue is full'
[INFO] [1783786482.094649889] [rviz2]: Trying to create a map of size 154 x 116 using 1 swatches
[INFO] [1783786512.169126733] [rviz2]: Trying to create a map of size 154 x 117 using 1 swatches
[INFO] [1783786544.274555691] [rviz2]: Trying to create a map of size 155 x 117 using 1 swatches
[INFO] [1783786584.282471542] [rviz2]: Message Filter dropping message: frame 'lidar_link' at time 1783786434.723 for reason 'discarding message because the queue is full'
[INFO] [1783786586.785506634] [rviz2]: Message Filter dropping message: frame 'lidar_link' at time 1783786585.656 for reason 'discarding message because the queue is full'
[INFO] [1783786589.377546742] [rviz2]: Message Filter dropping message: frame 'lidar_link' at time 1783786588.258 for reason 'discarding message because the queue is full'
[INFO] [1783786591.970054359] [rviz2]: Message Filter dropping message: frame 'lidar_link' at time 1783786590.855 for reason 'discarding message because the queue is full'
[INFO] [1783786594.035900013] [rclcpp]: signal_handler(SIGINT/SIGTERM)
