[INFO] [1783781079.889144762] [rviz2]: Stereo is NOT SUPPORTED
[INFO] [1783781079.889545518] [rviz2]: OpenGl version: 3.1 (GLSL 1.4)
[INFO] [1783781079.964467974] [rviz2]: Stereo is NOT SUPPORTED
[INFO] [1783781083.216615814] [rviz2]: Message Filter dropping message: frame 'lidar_link' at time 1783781082.224 for reason 'discarding message because the queue is full'
[INFO] [1783781085.744235279] [rviz2]: Message Filter dropping message: frame 'lidar_link' at time 1783781084.636 for reason 'discarding message because the queue is full'
[INFO] [1783781088.336552127] [rviz2]: Message Filter dropping message: frame 'lidar_link' at time 1783781087.230 for reason 'discarding message because the queue is full'
[INFO] [1783781090.928568399] [rviz2]: Message Filter dropping message: frame 'lidar_link' at time 1783781089.822 for reason 'discarding message because the queue is full'
[INFO] [1783781093.471149515] [rviz2]: Message Filter dropping message: frame 'lidar_link' at time 1783781092.325 for reason 'discarding message because the queue is full'
[INFO] [1783781096.018500800] [rviz2]: Message Filter dropping message: frame 'lidar_link' at time 1783781094.630 for reason 'discarding message because the queue is full'
[ERROR] [1783781097.184190010] [rviz2]: Lookup would require extrapolation into the future.  Requested time 1783781097.128217 but the latest data is at time 1783781097.118490, when looking up transform from frame [lidar_link] to frame [map]
[INFO] [1783781097.467413479] [rviz2]: Trying to create a map of size 159 x 121 using 1 swatches
[ERROR] [1783781097.504928055] [rviz2]: rviz/glsl120/indexed_8bit_image.vert
rviz/glsl120/indexed_8bit_image.frag
 GLSL link result : 
active samplers with a different type refer to the same texture image unit
[INFO] [1783781099.374593279] [rviz2]: Trying to create a map of size 80 x 80 using 1 swatches
[INFO] [1783781103.440909763] [rviz2]: Message Filter dropping message: frame 'lidar_link' at time 1783781096.137 for reason 'discarding message because the queue is full'
[INFO] [1783781111.548701065] [rviz2]: Trying to create a map of size 160 x 124 using 1 swatches
[INFO] [1783781113.944873364] [rviz2]: Message Filter dropping message: frame 'lidar_link' at time 1783781096.228 for reason 'discarding message because the queue is full'
[INFO] [1783781114.102021903] [rviz2]: Trying to create a map of size 160 x 125 using 1 swatches
[INFO] [1783781115.019675200] [rviz2]: Trying to create a map of size 160 x 126 using 1 swatches
[INFO] [1783781130.712731991] [rviz2]: Message Filter dropping message: frame 'lidar_link' at time 1783781096.535 for reason 'discarding message because the queue is full'
[INFO] [1783781133.682486472] [rviz2]: Trying to create a map of size 161 x 126 using 1 swatches
[INFO] [1783781151.440237396] [rviz2]: Trying to create a map of size 161 x 127 using 1 swatches
[ERROR] [1783781191.840707086] [rviz2]: Lookup would require extrapolation into the future.  Requested time 1783781191.833459 but the latest data is at time 1783781191.807332, when looking up transform from frame [lidar_link] to frame [map]
[INFO] [1783781194.734904857] [rviz2]: Message Filter dropping message: frame 'lidar_link' at time 1783781096.649 for reason 'discarding message because the queue is full'
[INFO] [1783781197.248845195] [rviz2]: Message Filter dropping message: frame 'lidar_link' at time 1783781196.127 for reason 'discarding message because the queue is full'
[INFO] [1783781199.840972498] [rviz2]: Message Filter dropping message: frame 'lidar_link' at time 1783781198.727 for reason 'discarding message because the queue is full'
[INFO] [1783781202.433058475] [rviz2]: Message Filter dropping message: frame 'lidar_link' at time 1783781201.322 for reason 'discarding message because the queue is full'
[INFO] [1783781205.024704069] [rviz2]: Message Filter dropping message: frame 'lidar_link' at time 1783781203.921 for reason 'discarding message because the queue is full'
[INFO] [1783781207.617144130] [rviz2]: Message Filter dropping message: frame 'lidar_link' at time 1783781206.517 for reason 'discarding message because the queue is full'
[INFO] [1783781210.145116259] [rviz2]: Message Filter dropping message: frame 'lidar_link' at time 1783781209.013 for reason 'discarding message because the queue is full'
[INFO] [1783781212.147185121] [rclcpp]: signal_handler(SIGINT/SIGTERM)
