[INFO] [1783784259.121053517] [rviz2]: Stereo is NOT SUPPORTED
[INFO] [1783784259.121320278] [rviz2]: OpenGl version: 3.1 (GLSL 1.4)
[INFO] [1783784259.176417915] [rviz2]: Stereo is NOT SUPPORTED
[INFO] [1783784262.282827347] [rviz2]: Message Filter dropping message: frame 'lidar_link' at time 1783784261.280 for reason 'discarding message because the queue is full'
[INFO] [1783784264.874361582] [rviz2]: Message Filter dropping message: frame 'lidar_link' at time 1783784263.788 for reason 'discarding message because the queue is full'
[INFO] [1783784267.402250515] [rviz2]: Message Filter dropping message: frame 'lidar_link' at time 1783784266.276 for reason 'discarding message because the queue is full'
[INFO] [1783784269.994763137] [rviz2]: Message Filter dropping message: frame 'lidar_link' at time 1783784268.872 for reason 'discarding message because the queue is full'
[INFO] [1783784272.586416097] [rviz2]: Message Filter dropping message: frame 'lidar_link' at time 1783784271.471 for reason 'discarding message because the queue is full'
[INFO] [1783784275.178660178] [rviz2]: Message Filter dropping message: frame 'lidar_link' at time 1783784274.068 for reason 'discarding message because the queue is full'
[INFO] [1783784277.771227458] [rviz2]: Message Filter dropping message: frame 'lidar_link' at time 1783784276.664 for reason 'discarding message because the queue is full'
[INFO] [1783784280.363120632] [rviz2]: Message Filter dropping message: frame 'lidar_link' at time 1783784279.260 for reason 'discarding message because the queue is full'
[INFO] [1783784282.890860629] [rviz2]: Message Filter dropping message: frame 'lidar_link' at time 1783784281.762 for reason 'discarding message because the queue is full'
[INFO] [1783784285.483247445] [rviz2]: Message Filter dropping message: frame 'lidar_link' at time 1783784284.360 for reason 'discarding message because the queue is full'
[INFO] [1783784288.075044717] [rviz2]: Message Filter dropping message: frame 'lidar_link' at time 1783784286.964 for reason 'discarding message because the queue is full'
[INFO] [1783784290.666731661] [rviz2]: Message Filter dropping message: frame 'lidar_link' at time 1783784289.556 for reason 'discarding message because the queue is full'
[INFO] [1783784293.258444167] [rviz2]: Message Filter dropping message: frame 'lidar_link' at time 1783784292.154 for reason 'discarding message because the queue is full'
[INFO] [1783784295.882528425] [rviz2]: Message Filter dropping message: frame 'lidar_link' at time 1783784294.754 for reason 'discarding message because the queue is full'
[INFO] [1783784298.474837082] [rviz2]: Message Filter dropping message: frame 'lidar_link' at time 1783784297.347 for reason 'discarding message because the queue is full'
[INFO] [1783784301.067811160] [rviz2]: Message Filter dropping message: frame 'lidar_link' at time 1783784299.954 for reason 'discarding message because the queue is full'
[INFO] [1783784303.135662122] [rviz2]: Trying to create a map of size 161 x 127 using 1 swatches
[ERROR] [1783784303.277443277] [rviz2]: rviz/glsl120/indexed_8bit_image.vert
rviz/glsl120/indexed_8bit_image.frag
 GLSL link result : 
active samplers with a different type refer to the same texture image unit
[INFO] [1783784303.657224810] [rviz2]: Message Filter dropping message: frame 'lidar_link' at time 1783784302.556 for reason 'discarding message because the queue is full'
[INFO] [1783784306.179978687] [rviz2]: Message Filter dropping message: frame 'lidar_link' at time 1783784305.059 for reason 'discarding message because the queue is full'
[INFO] [1783784308.739698418] [rviz2]: Message Filter dropping message: frame 'lidar_link' at time 1783784307.643 for reason 'discarding message because the queue is full'
[INFO] [1783784311.177075730] [rviz2]: Setting estimate pose: Frame:map, Position(-0.166259, -0.0746697, 0), Orientation(0, 0, 0.798033, 0.602614) = Angle: 1.84805
[INFO] [1783784311.267321583] [rviz2]: Message Filter dropping message: frame 'lidar_link' at time 1783784310.138 for reason 'discarding message because the queue is full'
[ERROR] [1783784311.748626853] [rviz2]: Lookup would require extrapolation into the future.  Requested time 1783784311.738033 but the latest data is at time 1783784311.712025, when looking up transform from frame [lidar_link] to frame [map]
[INFO] [1783784313.238990756] [rviz2]: Trying to create a map of size 161 x 127 using 1 swatches
[INFO] [1783784317.338254959] [rviz2]: Message Filter dropping message: frame 'odom' at time 1783784307.644 for reason 'the timestamp on the message is earlier than all the data in the transform cache'
[INFO] [1783784320.234567172] [rviz2]: Setting estimate pose: Frame:map, Position(-0.139575, -0.0901959, 0), Orientation(0, 0, 0.833242, 0.552908) = Angle: 1.96989
[INFO] [1783784334.129912732] [rclcpp]: signal_handler(SIGINT/SIGTERM)
