[INFO] [1783785386.264984508] [rviz2]: Stereo is NOT SUPPORTED
[INFO] [1783785386.265423479] [rviz2]: OpenGl version: 3.1 (GLSL 1.4)
[INFO] [1783785386.318994049] [rviz2]: Stereo is NOT SUPPORTED
[INFO] [1783785389.377295638] [rviz2]: Message Filter dropping message: frame 'lidar_link' at time 1783785388.437 for reason 'discarding message because the queue is full'
[INFO] [1783785391.968655543] [rviz2]: Message Filter dropping message: frame 'lidar_link' at time 1783785390.882 for reason 'discarding message because the queue is full'
[INFO] [1783785394.497586822] [rviz2]: Message Filter dropping message: frame 'lidar_link' at time 1783785393.370 for reason 'discarding message because the queue is full'
[INFO] [1783785397.089149429] [rviz2]: Message Filter dropping message: frame 'lidar_link' at time 1783785395.963 for reason 'discarding message because the queue is full'
[INFO] [1783785399.681127735] [rviz2]: Message Filter dropping message: frame 'lidar_link' at time 1783785398.560 for reason 'discarding message because the queue is full'
[INFO] [1783785402.273369208] [rviz2]: Message Filter dropping message: frame 'lidar_link' at time 1783785401.156 for reason 'discarding message because the queue is full'
[INFO] [1783785404.865232257] [rviz2]: Message Filter dropping message: frame 'lidar_link' at time 1783785403.754 for reason 'discarding message because the queue is full'
[INFO] [1783785407.456721075] [rviz2]: Message Filter dropping message: frame 'lidar_link' at time 1783785406.258 for reason 'discarding message because the queue is full'
[INFO] [1783785409.299973783] [rviz2]: Trying to create a map of size 161 x 127 using 1 swatches
[ERROR] [1783785409.342440011] [rviz2]: rviz/glsl120/indexed_8bit_image.vert
rviz/glsl120/indexed_8bit_image.frag
 GLSL link result : 
active samplers with a different type refer to the same texture image unit
[INFO] [1783785409.986515470] [rviz2]: Message Filter dropping message: frame 'lidar_link' at time 1783785408.860 for reason 'discarding message because the queue is full'
[INFO] [1783785412.573506425] [rviz2]: Message Filter dropping message: frame 'lidar_link' at time 1783785411.459 for reason 'discarding message because the queue is full'
[INFO] [1783785415.165057385] [rviz2]: Message Filter dropping message: frame 'lidar_link' at time 1783785414.054 for reason 'discarding message because the queue is full'
[INFO] [1783785416.014580157] [rviz2]: Setting estimate pose: Frame:map, Position(-0.199308, -0.0358203, 0), Orientation(0, 0, -0.997391, 0.0721904) = Angle: -2.99709
[INFO] [1783785418.534679194] [rviz2]: Trying to create a map of size 161 x 127 using 1 swatches
[INFO] [1783785423.846918575] [rviz2]: Message Filter dropping message: frame 'odom' at time 1783785414.187 for reason 'the timestamp on the message is earlier than all the data in the transform cache'
[INFO] [1783785455.747643805] [rviz2]: Setting estimate pose: Frame:map, Position(-0.0788479, -0.124416, 0), Orientation(0, 0, -0.984848, 0.173422) = Angle: -2.79299
[INFO] [1783785465.059252230] [rviz2]: Setting estimate pose: Frame:map, Position(-0.00170985, -0.0431928, 0), Orientation(0, 0, -0.989488, 0.144615) = Angle: -2.85134
[INFO] [1783785469.533796308] [rclcpp]: signal_handler(SIGINT/SIGTERM)
