[INFO] [1783789597.645720978] [rviz2]: Stereo is NOT SUPPORTED
[INFO] [1783789597.646161164] [rviz2]: OpenGl version: 3.1 (GLSL 1.4)
[INFO] [1783789597.713077948] [rviz2]: Stereo is NOT SUPPORTED
[INFO] [1783789600.747780469] [rviz2]: Message Filter dropping message: frame 'lidar_link' at time 1783789599.681 for reason 'discarding message because the queue is full'
[INFO] [1783789603.275420084] [rviz2]: Message Filter dropping message: frame 'lidar_link' at time 1783789602.174 for reason 'discarding message because the queue is full'
[INFO] [1783789605.867925875] [rviz2]: Message Filter dropping message: frame 'lidar_link' at time 1783789604.766 for reason 'discarding message because the queue is full'
[INFO] [1783789608.409279166] [rviz2]: Message Filter dropping message: frame 'lidar_link' at time 1783789607.164 for reason 'discarding message because the queue is full'
[INFO] [1783789610.923897169] [rviz2]: Message Filter dropping message: frame 'lidar_link' at time 1783789609.183 for reason 'discarding message because the queue is full'
[INFO] [1783789613.584977525] [rviz2]: Message Filter dropping message: frame 'lidar_link' at time 1783789612.280 for reason 'discarding message because the queue is full'
[ERROR] [1783789613.775976364] [rviz2]: Lookup would require extrapolation into the future.  Requested time 1783789613.769153 but the latest data is at time 1783789613.744761, when looking up transform from frame [lidar_link] to frame [map]
[INFO] [1783789614.437218936] [rviz2]: Trying to create a map of size 202 x 206 using 1 swatches
[ERROR] [1783789614.533082369] [rviz2]: rviz/glsl120/indexed_8bit_image.vert
rviz/glsl120/indexed_8bit_image.frag
 GLSL link result : 
active samplers with a different type refer to the same texture image unit
[INFO] [1783789618.621268791] [rviz2]: Trying to create a map of size 80 x 80 using 1 swatches
[INFO] [1783789632.766994441] [rviz2]: Message Filter dropping message: frame 'lidar_link' at time 1783789612.786 for reason 'discarding message because the queue is full'
[INFO] [1783789642.097598774] [rviz2]: Message Filter dropping message: frame 'lidar_link' at time 1783789613.169 for reason 'discarding message because the queue is full'
[INFO] [1783789645.583994590] [rviz2]: Message Filter dropping message: frame 'lidar_link' at time 1783789613.284 for reason 'discarding message because the queue is full'
[INFO] [1783789702.882760527] [rclcpp]: signal_handler(SIGINT/SIGTERM)
