[INFO] [1783787650.519505599] [rviz2]: Stereo is NOT SUPPORTED
[INFO] [1783787650.519962536] [rviz2]: OpenGl version: 3.1 (GLSL 1.4)
[INFO] [1783787650.579706899] [rviz2]: Stereo is NOT SUPPORTED
[INFO] [1783787653.685837021] [rviz2]: Message Filter dropping message: frame 'lidar_link' at time 1783787652.751 for reason 'discarding message because the queue is full'
[INFO] [1783787656.213251564] [rviz2]: Message Filter dropping message: frame 'lidar_link' at time 1783787655.114 for reason 'discarding message because the queue is full'
[INFO] [1783787658.805286307] [rviz2]: Message Filter dropping message: frame 'lidar_link' at time 1783787657.702 for reason 'discarding message because the queue is full'
[INFO] [1783787661.397941020] [rviz2]: Message Filter dropping message: frame 'lidar_link' at time 1783787660.293 for reason 'discarding message because the queue is full'
[INFO] [1783787664.021897510] [rviz2]: Message Filter dropping message: frame 'lidar_link' at time 1783787662.894 for reason 'discarding message because the queue is full'
[INFO] [1783787666.593475888] [rviz2]: Message Filter dropping message: frame 'lidar_link' at time 1783787665.488 for reason 'discarding message because the queue is full'
[INFO] [1783787669.110670531] [rviz2]: Message Filter dropping message: frame 'lidar_link' at time 1783787667.987 for reason 'discarding message because the queue is full'
[INFO] [1783787669.231997761] [rviz2]: Trying to create a map of size 155 x 117 using 1 swatches
[ERROR] [1783787669.296064602] [rviz2]: rviz/glsl120/indexed_8bit_image.vert
rviz/glsl120/indexed_8bit_image.frag
 GLSL link result : 
active samplers with a different type refer to the same texture image unit
[INFO] [1783787671.694702845] [rviz2]: Message Filter dropping message: frame 'lidar_link' at time 1783787670.588 for reason 'discarding message because the queue is full'
[INFO] [1783787674.289494117] [rviz2]: Message Filter dropping message: frame 'lidar_link' at time 1783787673.178 for reason 'discarding message because the queue is full'
[INFO] [1783787675.750670863] [rviz2]: Setting estimate pose: Frame:map, Position(0.00287315, 0.0281529, 0), Orientation(0, 0, 0.00832283, 0.999965) = Angle: 0.0166458
[INFO] [1783787678.803175630] [rviz2]: Trying to create a map of size 155 x 117 using 1 swatches
[INFO] [1783787682.569255664] [rviz2]: Message Filter dropping message: frame 'odom' at time 1783787672.881 for reason 'the timestamp on the message is earlier than all the data in the transform cache'
[INFO] [1783787693.581840688] [rviz2]: Message Filter dropping message: frame 'lidar_link' at time 1783787675.377 for reason 'discarding message because the queue is full'
[INFO] [1783787716.940207288] [rclcpp]: signal_handler(SIGINT/SIGTERM)
