[INFO] [1783781259.125027453] [rviz2]: Stereo is NOT SUPPORTED
[INFO] [1783781259.125301192] [rviz2]: OpenGl version: 3.1 (GLSL 1.4)
[INFO] [1783781259.172103736] [rviz2]: Stereo is NOT SUPPORTED
[INFO] [1783781262.432892874] [rviz2]: Message Filter dropping message: frame 'lidar_link' at time 1783781261.474 for reason 'discarding message because the queue is full'
[INFO] [1783781264.960700351] [rviz2]: Message Filter dropping message: frame 'lidar_link' at time 1783781263.864 for reason 'discarding message because the queue is full'
[INFO] [1783781267.584074334] [rviz2]: Message Filter dropping message: frame 'lidar_link' at time 1783781266.453 for reason 'discarding message because the queue is full'
[INFO] [1783781270.176426046] [rviz2]: Message Filter dropping message: frame 'lidar_link' at time 1783781269.050 for reason 'discarding message because the queue is full'
[INFO] [1783781272.769003766] [rviz2]: Message Filter dropping message: frame 'lidar_link' at time 1783781271.648 for reason 'discarding message because the queue is full'
[INFO] [1783781275.360940092] [rviz2]: Message Filter dropping message: frame 'lidar_link' at time 1783781274.247 for reason 'discarding message because the queue is full'
[INFO] [1783781277.952692148] [rviz2]: Message Filter dropping message: frame 'lidar_link' at time 1783781276.843 for reason 'discarding message because the queue is full'
[INFO] [1783781280.576479979] [rviz2]: Message Filter dropping message: frame 'lidar_link' at time 1783781279.445 for reason 'discarding message because the queue is full'
[INFO] [1783781283.169081567] [rviz2]: Message Filter dropping message: frame 'lidar_link' at time 1783781282.038 for reason 'discarding message because the queue is full'
[INFO] [1783781285.747168736] [rviz2]: Message Filter dropping message: frame 'lidar_link' at time 1783781284.650 for reason 'discarding message because the queue is full'
[INFO] [1783781288.070288893] [rviz2]: Trying to create a map of size 161 x 127 using 1 swatches
[ERROR] [1783781288.134942981] [rviz2]: rviz/glsl120/indexed_8bit_image.vert
rviz/glsl120/indexed_8bit_image.frag
 GLSL link result : 
active samplers with a different type refer to the same texture image unit
[INFO] [1783781288.254860647] [rviz2]: Message Filter dropping message: frame 'lidar_link' at time 1783781287.149 for reason 'discarding message because the queue is full'
[INFO] [1783781290.844823079] [rviz2]: Message Filter dropping message: frame 'lidar_link' at time 1783781289.735 for reason 'discarding message because the queue is full'
[INFO] [1783781293.436384029] [rviz2]: Message Filter dropping message: frame 'lidar_link' at time 1783781292.328 for reason 'discarding message because the queue is full'
[INFO] [1783781296.028699293] [rviz2]: Message Filter dropping message: frame 'lidar_link' at time 1783781294.930 for reason 'discarding message because the queue is full'
[INFO] [1783781298.652954707] [rviz2]: Message Filter dropping message: frame 'lidar_link' at time 1783781297.524 for reason 'discarding message because the queue is full'
[INFO] [1783781301.244804800] [rviz2]: Message Filter dropping message: frame 'lidar_link' at time 1783781300.122 for reason 'discarding message because the queue is full'
[INFO] [1783781303.570220563] [rviz2]: Setting estimate pose: Frame:map, Position(-0.0117877, -7.78735e-05, 0), Orientation(0, 0, -0.473879, 0.88059) = Angle: -0.98738
[INFO] [1783781303.693531813] [rviz2]: Message Filter dropping message: frame 'odom' at time 1783781291.051 for reason 'the timestamp on the message is earlier than all the data in the transform cache'
[INFO] [1783781303.836671358] [rviz2]: Message Filter dropping message: frame 'lidar_link' at time 1783781302.724 for reason 'discarding message because the queue is full'
[INFO] [1783781328.762677811] [rviz2]: Setting estimate pose: Frame:map, Position(0.0306352, 0.141953, 0), Orientation(0, 0, -0.488133, 0.872769) = Angle: -1.0199
[INFO] [1783781335.989328769] [rviz2]: Setting estimate pose: Frame:map, Position(-0.0186015, 0.0211878, 0), Orientation(0, 0, 0.87649, 0.481419) = Angle: 2.13705
[INFO] [1783781353.480622674] [rclcpp]: signal_handler(SIGINT/SIGTERM)
