1783786617.3347971 [INFO] [launch]: All log files can be found below /home/sweepi/.ros/log/2026-07-11-21-46-57-333069-sweepi-6486
1783786617.3350103 [INFO] [launch]: Default logging verbosity is set to INFO
1783786618.6540949 [INFO] [component_container_isolated-1]: process started with pid [6514]
1783786618.6545126 [INFO] [coverage_tracker_node.py-2]: process started with pid [6515]
1783786618.6546731 [INFO] [coverage_planner_node.py-3]: process started with pid [6516]
1783786618.6547923 [INFO] [coverage_arm_follow_path_executor_node.py-4]: process started with pid [6517]
1783786618.6557586 [INFO] [coverage_manager_node.py-5]: process started with pid [6518]
1783786619.9620795 [INFO] [launch_ros.actions.load_composable_nodes]: Loaded node '/controller_server' in container '/nav2_container'
1783786620.4835277 [INFO] [launch_ros.actions.load_composable_nodes]: Loaded node '/map_server' in container '/nav2_container'
1783786620.7331669 [INFO] [launch_ros.actions.load_composable_nodes]: Loaded node '/amcl' in container '/nav2_container'
1783786620.9059894 [INFO] [launch_ros.actions.load_composable_nodes]: Loaded node '/smoother_server' in container '/nav2_container'
1783786621.0861073 [INFO] [launch_ros.actions.load_composable_nodes]: Loaded node '/lifecycle_manager_localization' in container '/nav2_container'
1783786621.4710264 [INFO] [launch_ros.actions.load_composable_nodes]: Loaded node '/planner_server' in container '/nav2_container'
1783786621.8583946 [INFO] [launch_ros.actions.load_composable_nodes]: Loaded node '/route_server' in container '/nav2_container'
1783786621.9716578 [INFO] [launch_ros.actions.load_composable_nodes]: Loaded node '/behavior_server' in container '/nav2_container'
1783786622.1542134 [INFO] [launch_ros.actions.load_composable_nodes]: Loaded node '/bt_navigator' in container '/nav2_container'
1783786622.3223929 [INFO] [launch_ros.actions.load_composable_nodes]: Loaded node '/waypoint_follower' in container '/nav2_container'
1783786622.4167545 [INFO] [launch_ros.actions.load_composable_nodes]: Loaded node '/velocity_smoother' in container '/nav2_container'
1783786622.5305779 [INFO] [launch_ros.actions.load_composable_nodes]: Loaded node '/collision_monitor' in container '/nav2_container'
1783786622.6317780 [INFO] [launch_ros.actions.load_composable_nodes]: Loaded node '/docking_server' in container '/nav2_container'
1783786622.8369565 [INFO] [launch_ros.actions.load_composable_nodes]: Loaded node '/lifecycle_manager_navigation' in container '/nav2_container'
1783786680.2202096 [WARNING] [launch]: user interrupted with ctrl-c (SIGINT)
1783786681.0613976 [INFO] [coverage_manager_node.py-5]: process has finished cleanly [pid 6518]
1783786681.0664175 [INFO] [coverage_arm_follow_path_executor_node.py-4]: sending signal 'SIGINT' to process[coverage_arm_follow_path_executor_node.py-4]
1783786681.0675492 [INFO] [coverage_planner_node.py-3]: sending signal 'SIGINT' to process[coverage_planner_node.py-3]
1783786681.0743492 [INFO] [coverage_tracker_node.py-2]: sending signal 'SIGINT' to process[coverage_tracker_node.py-2]
1783786681.0753827 [INFO] [coverage_tracker_node.py-2]: process has finished cleanly [pid 6515]
1783786681.0763800 [INFO] [component_container_isolated-1]: sending signal 'SIGINT' to process[component_container_isolated-1]
1783786681.1184618 [ERROR] [coverage_planner_node.py-3]: process has died [pid 6516, exit code -2, cmd '/home/sweepi/SweePi/install/sweepi_coverage/lib/sweepi_coverage/coverage_planner_node.py --ros-args -r __node:=coverage_planner_node --params-file /home/sweepi/SweePi/install/sweepi_coverage/share/sweepi_coverage/config/coverage_follow_path_params.yaml --params-file /tmp/launch_params__eou21o5'].
1783786681.1337676 [ERROR] [coverage_arm_follow_path_executor_node.py-4]: process has died [pid 6517, exit code -2, cmd '/home/sweepi/SweePi/install/sweepi_coverage/lib/sweepi_coverage/coverage_arm_follow_path_executor_node.py --ros-args -r __node:=coverage_follow_path_executor_node --params-file /home/sweepi/SweePi/install/sweepi_coverage/share/sweepi_coverage/config/coverage_follow_path_params.yaml --params-file /tmp/launch_params_h53nkxtn --params-file /tmp/launch_params_jxdatat3'].
1783786685.0277617 [ERROR] [component_container_isolated-1]: process has died [pid 6514, exit code -6, cmd '/opt/ros/jazzy/lib/rclcpp_components/component_container_isolated --ros-args --log-level info --ros-args -r __node:=nav2_container --params-file /tmp/launch_params_1ir2coau --params-file /tmp/launch_params_ln99_toh -r /tf:=tf -r /tf_static:=tf_static'].
