running develop
running egg_info
creating sweepi_temp_rpi_hardware.egg-info
writing sweepi_temp_rpi_hardware.egg-info/PKG-INFO
writing dependency_links to sweepi_temp_rpi_hardware.egg-info/dependency_links.txt
writing entry points to sweepi_temp_rpi_hardware.egg-info/entry_points.txt
writing requirements to sweepi_temp_rpi_hardware.egg-info/requires.txt
writing top-level names to sweepi_temp_rpi_hardware.egg-info/top_level.txt
writing manifest file 'sweepi_temp_rpi_hardware.egg-info/SOURCES.txt'
reading manifest file 'sweepi_temp_rpi_hardware.egg-info/SOURCES.txt'
writing manifest file 'sweepi_temp_rpi_hardware.egg-info/SOURCES.txt'
running build_ext
Creating /home/sweepi/SweePi/install_diagnostic/sweepi_temp_rpi_hardware/lib/python3.12/site-packages/sweepi-temp-rpi-hardware.egg-link (link to .)
Installing mpu6050_imu_node script to /home/sweepi/SweePi/install_diagnostic/sweepi_temp_rpi_hardware/lib/sweepi_temp_rpi_hardware
Installing stepper_driver_node script to /home/sweepi/SweePi/install_diagnostic/sweepi_temp_rpi_hardware/lib/sweepi_temp_rpi_hardware
Installing stepper_ticks_to_odom_node script to /home/sweepi/SweePi/install_diagnostic/sweepi_temp_rpi_hardware/lib/sweepi_temp_rpi_hardware

Installed /home/sweepi/SweePi/build_diagnostic/sweepi_temp_rpi_hardware
running symlink_data
creating /home/sweepi/SweePi/install_diagnostic/sweepi_temp_rpi_hardware/share/ament_index
creating /home/sweepi/SweePi/install_diagnostic/sweepi_temp_rpi_hardware/share/ament_index/resource_index
creating /home/sweepi/SweePi/install_diagnostic/sweepi_temp_rpi_hardware/share/ament_index/resource_index/packages
symbolically linking /home/sweepi/SweePi/build_diagnostic/sweepi_temp_rpi_hardware/resource/sweepi_temp_rpi_hardware -> /home/sweepi/SweePi/install_diagnostic/sweepi_temp_rpi_hardware/share/ament_index/resource_index/packages
symbolically linking /home/sweepi/SweePi/build_diagnostic/sweepi_temp_rpi_hardware/package.xml -> /home/sweepi/SweePi/install_diagnostic/sweepi_temp_rpi_hardware/share/sweepi_temp_rpi_hardware
symbolically linking /home/sweepi/SweePi/build_diagnostic/sweepi_temp_rpi_hardware/README.md -> /home/sweepi/SweePi/install_diagnostic/sweepi_temp_rpi_hardware/share/sweepi_temp_rpi_hardware
creating /home/sweepi/SweePi/install_diagnostic/sweepi_temp_rpi_hardware/share/sweepi_temp_rpi_hardware/launch
symbolically linking /home/sweepi/SweePi/build_diagnostic/sweepi_temp_rpi_hardware/launch/temp_rpi_hardware.launch.py -> /home/sweepi/SweePi/install_diagnostic/sweepi_temp_rpi_hardware/share/sweepi_temp_rpi_hardware/launch
creating /home/sweepi/SweePi/install_diagnostic/sweepi_temp_rpi_hardware/share/sweepi_temp_rpi_hardware/config
symbolically linking /home/sweepi/SweePi/build_diagnostic/sweepi_temp_rpi_hardware/config/temp_rpi_hardware.yaml -> /home/sweepi/SweePi/install_diagnostic/sweepi_temp_rpi_hardware/share/sweepi_temp_rpi_hardware/config
