[3.162s] Invoking command in '/home/sweepi/SweePi/build_diagnostic/sweepi_temp_rpi_hardware': PYTHONPATH=/home/sweepi/SweePi/build_diagnostic/sweepi_temp_rpi_hardware/prefix_override:/usr/lib/python3/dist-packages/colcon_core/task/python/colcon_distutils_commands:/home/sweepi/SweePi/install_diagnostic/sweepi_temp_rpi_hardware/lib/python3.12/site-packages:${PYTHONPATH} /usr/bin/python3 -W ignore:setup.py install is deprecated -W ignore:easy_install command is deprecated setup.py develop --editable --build-directory /home/sweepi/SweePi/build_diagnostic/sweepi_temp_rpi_hardware/build --no-deps symlink_data
[4.121s] running develop
[4.635s] running egg_info
[4.635s] creating sweepi_temp_rpi_hardware.egg-info
[4.682s] writing sweepi_temp_rpi_hardware.egg-info/PKG-INFO
[4.683s] writing dependency_links to sweepi_temp_rpi_hardware.egg-info/dependency_links.txt
[4.683s] writing entry points to sweepi_temp_rpi_hardware.egg-info/entry_points.txt
[4.683s] writing requirements to sweepi_temp_rpi_hardware.egg-info/requires.txt
[4.683s] writing top-level names to sweepi_temp_rpi_hardware.egg-info/top_level.txt
[4.683s] writing manifest file 'sweepi_temp_rpi_hardware.egg-info/SOURCES.txt'
[4.779s] reading manifest file 'sweepi_temp_rpi_hardware.egg-info/SOURCES.txt'
[4.780s] writing manifest file 'sweepi_temp_rpi_hardware.egg-info/SOURCES.txt'
[4.830s] running build_ext
[4.830s] Creating /home/sweepi/SweePi/install_diagnostic/sweepi_temp_rpi_hardware/lib/python3.12/site-packages/sweepi-temp-rpi-hardware.egg-link (link to .)
[4.835s] Installing mpu6050_imu_node script to /home/sweepi/SweePi/install_diagnostic/sweepi_temp_rpi_hardware/lib/sweepi_temp_rpi_hardware
[4.836s] Installing stepper_driver_node script to /home/sweepi/SweePi/install_diagnostic/sweepi_temp_rpi_hardware/lib/sweepi_temp_rpi_hardware
[4.836s] Installing stepper_ticks_to_odom_node script to /home/sweepi/SweePi/install_diagnostic/sweepi_temp_rpi_hardware/lib/sweepi_temp_rpi_hardware
[4.836s] 
[4.836s] Installed /home/sweepi/SweePi/build_diagnostic/sweepi_temp_rpi_hardware
[4.837s] running symlink_data
[4.837s] creating /home/sweepi/SweePi/install_diagnostic/sweepi_temp_rpi_hardware/share/ament_index
[4.837s] creating /home/sweepi/SweePi/install_diagnostic/sweepi_temp_rpi_hardware/share/ament_index/resource_index
[4.837s] creating /home/sweepi/SweePi/install_diagnostic/sweepi_temp_rpi_hardware/share/ament_index/resource_index/packages
[4.837s] symbolically linking /home/sweepi/SweePi/build_diagnostic/sweepi_temp_rpi_hardware/resource/sweepi_temp_rpi_hardware -> /home/sweepi/SweePi/install_diagnostic/sweepi_temp_rpi_hardware/share/ament_index/resource_index/packages
[4.837s] symbolically linking /home/sweepi/SweePi/build_diagnostic/sweepi_temp_rpi_hardware/package.xml -> /home/sweepi/SweePi/install_diagnostic/sweepi_temp_rpi_hardware/share/sweepi_temp_rpi_hardware
[4.837s] symbolically linking /home/sweepi/SweePi/build_diagnostic/sweepi_temp_rpi_hardware/README.md -> /home/sweepi/SweePi/install_diagnostic/sweepi_temp_rpi_hardware/share/sweepi_temp_rpi_hardware
[4.837s] creating /home/sweepi/SweePi/install_diagnostic/sweepi_temp_rpi_hardware/share/sweepi_temp_rpi_hardware/launch
[4.838s] symbolically linking /home/sweepi/SweePi/build_diagnostic/sweepi_temp_rpi_hardware/launch/temp_rpi_hardware.launch.py -> /home/sweepi/SweePi/install_diagnostic/sweepi_temp_rpi_hardware/share/sweepi_temp_rpi_hardware/launch
[4.838s] creating /home/sweepi/SweePi/install_diagnostic/sweepi_temp_rpi_hardware/share/sweepi_temp_rpi_hardware/config
[4.843s] symbolically linking /home/sweepi/SweePi/build_diagnostic/sweepi_temp_rpi_hardware/config/temp_rpi_hardware.yaml -> /home/sweepi/SweePi/install_diagnostic/sweepi_temp_rpi_hardware/share/sweepi_temp_rpi_hardware/config
[5.006s] Invoked command in '/home/sweepi/SweePi/build_diagnostic/sweepi_temp_rpi_hardware' returned '0': PYTHONPATH=/home/sweepi/SweePi/build_diagnostic/sweepi_temp_rpi_hardware/prefix_override:/usr/lib/python3/dist-packages/colcon_core/task/python/colcon_distutils_commands:/home/sweepi/SweePi/install_diagnostic/sweepi_temp_rpi_hardware/lib/python3.12/site-packages:${PYTHONPATH} /usr/bin/python3 -W ignore:setup.py install is deprecated -W ignore:easy_install command is deprecated setup.py develop --editable --build-directory /home/sweepi/SweePi/build_diagnostic/sweepi_temp_rpi_hardware/build --no-deps symlink_data
