Built target ament_cmake_python_symlink_sweepi_robot_manager
running egg_info
writing sweepi_robot_manager.egg-info/PKG-INFO
writing dependency_links to sweepi_robot_manager.egg-info/dependency_links.txt
writing top-level names to sweepi_robot_manager.egg-info/top_level.txt
reading manifest file 'sweepi_robot_manager.egg-info/SOURCES.txt'
writing manifest file 'sweepi_robot_manager.egg-info/SOURCES.txt'
Built target ament_cmake_python_build_sweepi_robot_manager_egg
-- Install configuration: ""
-- Execute custom install script
-- Up-to-date symlink: /home/sweepi/SweePi/install_diagnostic/sweepi_robot_manager/share/sweepi_robot_manager/environment/pythonpath.sh
-- Up-to-date symlink: /home/sweepi/SweePi/install_diagnostic/sweepi_robot_manager/share/sweepi_robot_manager/environment/pythonpath.dsv
-- Up-to-date symlink: /home/sweepi/SweePi/install_diagnostic/sweepi_robot_manager/lib/python3.12/site-packages/sweepi_robot_manager-0.1.0-py3.12.egg-info/PKG-INFO
-- Up-to-date symlink: /home/sweepi/SweePi/install_diagnostic/sweepi_robot_manager/lib/python3.12/site-packages/sweepi_robot_manager-0.1.0-py3.12.egg-info/SOURCES.txt
-- Up-to-date symlink: /home/sweepi/SweePi/install_diagnostic/sweepi_robot_manager/lib/python3.12/site-packages/sweepi_robot_manager-0.1.0-py3.12.egg-info/dependency_links.txt
-- Up-to-date symlink: /home/sweepi/SweePi/install_diagnostic/sweepi_robot_manager/lib/python3.12/site-packages/sweepi_robot_manager-0.1.0-py3.12.egg-info/top_level.txt
-- Up-to-date symlink: /home/sweepi/SweePi/install_diagnostic/sweepi_robot_manager/lib/python3.12/site-packages/sweepi_robot_manager/__init__.py
-- Up-to-date symlink: /home/sweepi/SweePi/install_diagnostic/sweepi_robot_manager/lib/python3.12/site-packages/sweepi_robot_manager/sweepi_robot_manager_node.py
-- Up-to-date symlink: /home/sweepi/SweePi/install_diagnostic/sweepi_robot_manager/share/sweepi_robot_manager/launch/coverage_task.launch.py
-- Up-to-date symlink: /home/sweepi/SweePi/install_diagnostic/sweepi_robot_manager/share/sweepi_robot_manager/launch/exploration_task.launch.py
-- Up-to-date symlink: /home/sweepi/SweePi/install_diagnostic/sweepi_robot_manager/share/sweepi_robot_manager/launch/master.launch.py
-- Up-to-date symlink: /home/sweepi/SweePi/install_diagnostic/sweepi_robot_manager/lib/sweepi_robot_manager/sweepi_robot_manager_node.py
-- Up-to-date symlink: /home/sweepi/SweePi/install_diagnostic/sweepi_robot_manager/share/ament_index/resource_index/package_run_dependencies/sweepi_robot_manager
-- Up-to-date symlink: /home/sweepi/SweePi/install_diagnostic/sweepi_robot_manager/share/ament_index/resource_index/parent_prefix_path/sweepi_robot_manager
-- Up-to-date symlink: /home/sweepi/SweePi/install_diagnostic/sweepi_robot_manager/share/sweepi_robot_manager/environment/ament_prefix_path.sh
-- Up-to-date symlink: /home/sweepi/SweePi/install_diagnostic/sweepi_robot_manager/share/sweepi_robot_manager/environment/ament_prefix_path.dsv
-- Up-to-date symlink: /home/sweepi/SweePi/install_diagnostic/sweepi_robot_manager/share/sweepi_robot_manager/environment/path.sh
-- Up-to-date symlink: /home/sweepi/SweePi/install_diagnostic/sweepi_robot_manager/share/sweepi_robot_manager/environment/path.dsv
-- Up-to-date symlink: /home/sweepi/SweePi/install_diagnostic/sweepi_robot_manager/share/sweepi_robot_manager/local_setup.bash
-- Up-to-date symlink: /home/sweepi/SweePi/install_diagnostic/sweepi_robot_manager/share/sweepi_robot_manager/local_setup.sh
-- Up-to-date symlink: /home/sweepi/SweePi/install_diagnostic/sweepi_robot_manager/share/sweepi_robot_manager/local_setup.zsh
-- Up-to-date symlink: /home/sweepi/SweePi/install_diagnostic/sweepi_robot_manager/share/sweepi_robot_manager/local_setup.dsv
-- Symlinking: /home/sweepi/SweePi/install_diagnostic/sweepi_robot_manager/share/sweepi_robot_manager/package.dsv
-- Up-to-date symlink: /home/sweepi/SweePi/install_diagnostic/sweepi_robot_manager/share/ament_index/resource_index/packages/sweepi_robot_manager
-- Up-to-date symlink: /home/sweepi/SweePi/install_diagnostic/sweepi_robot_manager/share/sweepi_robot_manager/cmake/sweepi_robot_managerConfig.cmake
-- Up-to-date symlink: /home/sweepi/SweePi/install_diagnostic/sweepi_robot_manager/share/sweepi_robot_manager/cmake/sweepi_robot_managerConfig-version.cmake
-- Up-to-date symlink: /home/sweepi/SweePi/install_diagnostic/sweepi_robot_manager/share/sweepi_robot_manager/package.xml
Listing '/home/sweepi/SweePi/install_diagnostic/sweepi_robot_manager/lib/python3.12/site-packages/sweepi_robot_manager'...
Compiling '/home/sweepi/SweePi/install_diagnostic/sweepi_robot_manager/lib/python3.12/site-packages/sweepi_robot_manager/sweepi_robot_manager_node.py'...
