1783779939.6338201 [INFO] [launch]: All log files can be found below /home/sweepi/.ros/log/2026-07-11-19-55-39-632339-sweepi-11636
1783779939.6340268 [INFO] [launch]: Default logging verbosity is set to INFO
1783779939.9684465 [INFO] [launch.user]: 🚀 STARTING SWEEPI AUTONOMOUS EXPLORATION
1783779939.9688342 [INFO] [launch.user]: 💾 Map name: ${map_name}
1783779939.9690330 [INFO] [launch.user]: 📏 Proximity-based blocking: ${unreachable_region_radius}m
1783779939.9692032 [INFO] [launch.user]: 🔁 Completion retry sweeps: ${completion_retry_cycles}
1783779939.9693520 [INFO] [launch.user]: 🎮 Exploration mode: ${start_mode}
1783779940.4436100 [INFO] [controller_server-1]: process started with pid [11662]
1783779940.4568768 [INFO] [smoother_server-2]: process started with pid [11663]
1783779940.4571784 [INFO] [planner_server-3]: process started with pid [11664]
1783779940.4573405 [INFO] [route_server-4]: process started with pid [11665]
1783779940.4574726 [INFO] [behavior_server-5]: process started with pid [11666]
1783779940.4642339 [INFO] [bt_navigator-6]: process started with pid [11667]
1783779940.4644125 [INFO] [waypoint_follower-7]: process started with pid [11668]
1783779940.4645331 [INFO] [velocity_smoother-8]: process started with pid [11669]
1783779940.4646425 [INFO] [collision_monitor-9]: process started with pid [11670]
1783779940.4647415 [INFO] [opennav_docking-10]: process started with pid [11671]
1783779940.4825139 [INFO] [lifecycle_manager-11]: process started with pid [11672]
1783779940.4828115 [INFO] [async_slam_toolbox_node-12]: process started with pid [11673]
1783779940.4829886 [INFO] [wavefront_explorer.py-13]: process started with pid [11674]
1783779945.9116058 [INFO] [launch.user]: [LifecycleLaunch] SweePi SLAM Toolbox is activating.
1783780335.6947098 [WARNING] [launch]: user interrupted with ctrl-c (SIGINT)
1783780336.9158592 [INFO] [wavefront_explorer.py-13]: sending signal 'SIGINT' to process[wavefront_explorer.py-13]
1783780336.9185820 [INFO] [async_slam_toolbox_node-12]: sending signal 'SIGINT' to process[async_slam_toolbox_node-12]
1783780336.9210777 [INFO] [lifecycle_manager-11]: sending signal 'SIGINT' to process[lifecycle_manager-11]
1783780336.9251847 [INFO] [opennav_docking-10]: sending signal 'SIGINT' to process[opennav_docking-10]
1783780336.9279919 [INFO] [collision_monitor-9]: sending signal 'SIGINT' to process[collision_monitor-9]
1783780336.9307199 [INFO] [velocity_smoother-8]: sending signal 'SIGINT' to process[velocity_smoother-8]
1783780336.9334393 [INFO] [waypoint_follower-7]: sending signal 'SIGINT' to process[waypoint_follower-7]
1783780336.9363387 [INFO] [bt_navigator-6]: sending signal 'SIGINT' to process[bt_navigator-6]
1783780336.9427803 [INFO] [behavior_server-5]: sending signal 'SIGINT' to process[behavior_server-5]
1783780336.9473884 [INFO] [route_server-4]: sending signal 'SIGINT' to process[route_server-4]
1783780336.9499891 [INFO] [planner_server-3]: sending signal 'SIGINT' to process[planner_server-3]
1783780336.9527314 [INFO] [smoother_server-2]: sending signal 'SIGINT' to process[smoother_server-2]
1783780336.9566128 [INFO] [controller_server-1]: sending signal 'SIGINT' to process[controller_server-1]
1783780336.9809451 [ERROR] [velocity_smoother-8]: process has died [pid 11669, exit code -2, cmd '/opt/ros/jazzy/lib/nav2_velocity_smoother/velocity_smoother --ros-args --log-level info --ros-args -r __node:=velocity_smoother -p use_sim_time:=False --params-file /tmp/launch_params_mc06ilzu -r /tf:=tf -r /tf_static:=tf_static -r cmd_vel:=cmd_vel_nav'].
1783780336.9882503 [ERROR] [async_slam_toolbox_node-12]: process has died [pid 11673, exit code -2, cmd '/opt/ros/jazzy/lib/slam_toolbox/async_slam_toolbox_node --ros-args -r __node:=slam_toolbox -r __ns:=/ --params-file /tmp/launch_params_aibzfel4 --params-file /tmp/launch_params_prrb1dw3 -r /map:=/slam_map'].
1783780336.9970489 [ERROR] [route_server-4]: process has died [pid 11665, exit code -2, cmd '/opt/ros/jazzy/lib/nav2_route/route_server --ros-args --log-level info --ros-args -r __node:=route_server -p use_sim_time:=False --params-file /tmp/launch_params_mc06ilzu -r /tf:=tf -r /tf_static:=tf_static'].
1783780337.0011604 [ERROR] [collision_monitor-9]: process has died [pid 11670, exit code -2, cmd '/opt/ros/jazzy/lib/nav2_collision_monitor/collision_monitor --ros-args --log-level info --ros-args -r __node:=collision_monitor -p use_sim_time:=False --params-file /tmp/launch_params_mc06ilzu -r /tf:=tf -r /tf_static:=tf_static'].
1783780337.0099638 [ERROR] [smoother_server-2]: process has died [pid 11663, exit code -2, cmd '/opt/ros/jazzy/lib/nav2_smoother/smoother_server --ros-args --log-level info --ros-args -r __node:=smoother_server -p use_sim_time:=False --params-file /tmp/launch_params_mc06ilzu -r /tf:=tf -r /tf_static:=tf_static'].
1783780337.0187688 [ERROR] [waypoint_follower-7]: process has died [pid 11668, exit code -2, cmd '/opt/ros/jazzy/lib/nav2_waypoint_follower/waypoint_follower --ros-args --log-level info --ros-args -r __node:=waypoint_follower -p use_sim_time:=False --params-file /tmp/launch_params_mc06ilzu -r /tf:=tf -r /tf_static:=tf_static'].
1783780337.0227377 [ERROR] [wavefront_explorer.py-13]: process has died [pid 11674, exit code -2, cmd '/home/sweepi/SweePi/install/sweepi_exploration/lib/sweepi_exploration/wavefront_explorer.py --ros-args -r __node:=wavefront_explorer --params-file /tmp/launch_params_zq9pba62'].
1783780339.5199003 [INFO] [planner_server-3]: process has finished cleanly [pid 11664]
1783780341.1274424 [INFO] [lifecycle_manager-11]: process has finished cleanly [pid 11672]
1783780341.2681787 [INFO] [controller_server-1]: process has finished cleanly [pid 11662]
1783780341.4462585 [INFO] [behavior_server-5]: process has finished cleanly [pid 11666]
1783780341.9108903 [ERROR] [opennav_docking-10]: process[opennav_docking-10] failed to terminate '5' seconds after receiving 'SIGINT', escalating to 'SIGTERM'
1783780341.9119146 [INFO] [opennav_docking-10]: sending signal 'SIGTERM' to process[opennav_docking-10]
1783780341.9181724 [ERROR] [bt_navigator-6]: process[bt_navigator-6] failed to terminate '5' seconds after receiving 'SIGINT', escalating to 'SIGTERM'
1783780341.9210715 [INFO] [bt_navigator-6]: sending signal 'SIGTERM' to process[bt_navigator-6]
1783780341.9247630 [ERROR] [opennav_docking-10]: process has died [pid 11671, exit code -15, cmd '/opt/ros/jazzy/lib/opennav_docking/opennav_docking --ros-args --log-level info --ros-args -r __node:=docking_server -p use_sim_time:=False --params-file /tmp/launch_params_mc06ilzu -r /tf:=tf -r /tf_static:=tf_static'].
