1783781258.2016225 [INFO] [launch]: All log files can be found below /home/sweepi/.ros/log/2026-07-11-20-17-38-200142-sweepi-19379
1783781258.2018640 [INFO] [launch]: Default logging verbosity is set to INFO
1783781258.5078635 [INFO] [base_driver_node-1]: process started with pid [19383]
1783781258.5081694 [INFO] [ekf_node-2]: process started with pid [19384]
1783781258.5083263 [INFO] [sllidar_node-3]: process started with pid [19385]
1783781258.5084562 [INFO] [robot_state_publisher-4]: process started with pid [19386]
1783781258.5085676 [INFO] [rviz2-5]: process started with pid [19387]
1783781258.5086648 [INFO] [sweepi_robot_manager_node.py-6]: process started with pid [19388]
1783781353.4801981 [WARNING] [launch]: user interrupted with ctrl-c (SIGINT)
1783781353.7485332 [INFO] [robot_state_publisher-4]: process has finished cleanly [pid 19386]
1783781353.7848313 [INFO] [ekf_node-2]: process has finished cleanly [pid 19384]
1783781353.9869475 [WARNING] [launch]: user interrupted with ctrl-c (SIGINT) again, ignoring...
1783781353.9978392 [INFO] [rviz2-5]: process has finished cleanly [pid 19387]
1783781354.0015028 [ERROR] [base_driver_node-1]: process has died [pid 19383, exit code -2, cmd '/home/sweepi/SweePi/install/sweepi_base_driver/lib/sweepi_base_driver/base_driver_node --ros-args -r __node:=base_driver_node --params-file /home/sweepi/SweePi/install/sweepi_base_driver/share/sweepi_base_driver/config/base_driver_params.yaml --params-file /tmp/launch_params_1q_3n0y0'].
1783781354.2390807 [WARNING] [launch]: user interrupted with ctrl-c (SIGINT) again, ignoring...
1783781354.4282370 [ERROR] [sweepi_robot_manager_node.py-6]: process has died [pid 19388, exit code -2, cmd '/home/sweepi/SweePi/install/sweepi_robot_manager/lib/sweepi_robot_manager/sweepi_robot_manager_node.py --ros-args -r __node:=sweepi_robot_manager --params-file /tmp/launch_params_uv77ejly'].
1783781354.4775598 [WARNING] [launch]: user interrupted with ctrl-c (SIGINT) again, ignoring...
1783781354.6745646 [WARNING] [launch]: user interrupted with ctrl-c (SIGINT) again, ignoring...
1783781355.0971484 [WARNING] [launch]: user interrupted with ctrl-c (SIGINT) again, ignoring...
1783781355.3555033 [WARNING] [launch]: user interrupted with ctrl-c (SIGINT) again, ignoring...
1783781355.6147768 [WARNING] [launch]: user interrupted with ctrl-c (SIGINT) again, ignoring...
1783781355.8249736 [WARNING] [launch]: user interrupted with ctrl-c (SIGINT) again, ignoring...
1783781356.0782063 [WARNING] [launch]: user interrupted with ctrl-c (SIGINT) again, ignoring...
1783781356.3223448 [WARNING] [launch]: user interrupted with ctrl-c (SIGINT) again, ignoring...
1783781356.5459650 [WARNING] [launch]: user interrupted with ctrl-c (SIGINT) again, ignoring...
1783781356.7476335 [WARNING] [launch]: user interrupted with ctrl-c (SIGINT) again, ignoring...
1783781357.0714726 [WARNING] [launch]: user interrupted with ctrl-c (SIGINT) again, ignoring...
1783781357.6776228 [WARNING] [launch]: user interrupted with ctrl-c (SIGINT) again, ignoring...
1783781358.5089443 [ERROR] [sllidar_node-3]: process[sllidar_node-3] failed to terminate '5' seconds after receiving 'SIGINT', escalating to 'SIGTERM'
1783781358.5104277 [INFO] [sllidar_node-3]: sending signal 'SIGTERM' to process[sllidar_node-3]
1783781359.1836295 [INFO] [sllidar_node-3]: process has finished cleanly [pid 19385]
