1783789387.9340594 [INFO] [launch]: All log files can be found below /home/sweepi/.ros/log/2026-07-11-22-33-07-932610-sweepi-5554
1783789387.9342632 [INFO] [launch]: Default logging verbosity is set to INFO
1783789388.3164332 [INFO] [launch.user]: 🚀 STARTING SWEEPI AUTONOMOUS EXPLORATION
1783789388.3167348 [INFO] [launch.user]: 💾 Map name: ${map_name}
1783789388.3168743 [INFO] [launch.user]: 📏 Proximity-based blocking: ${unreachable_region_radius}m
1783789388.3170183 [INFO] [launch.user]: 🔁 Completion retry sweeps: ${completion_retry_cycles}
1783789388.3171618 [INFO] [launch.user]: 🎮 Exploration mode: ${start_mode}
1783789388.7595079 [INFO] [controller_server-1]: process started with pid [5577]
1783789388.7617731 [INFO] [smoother_server-2]: process started with pid [5578]
1783789388.7653182 [INFO] [planner_server-3]: process started with pid [5579]
1783789388.7657042 [INFO] [route_server-4]: process started with pid [5580]
1783789388.7658730 [INFO] [behavior_server-5]: process started with pid [5581]
1783789388.7659879 [INFO] [bt_navigator-6]: process started with pid [5582]
1783789388.7660899 [INFO] [waypoint_follower-7]: process started with pid [5583]
1783789388.7705595 [INFO] [velocity_smoother-8]: process started with pid [5584]
1783789388.7728896 [INFO] [collision_monitor-9]: process started with pid [5585]
1783789388.7730827 [INFO] [opennav_docking-10]: process started with pid [5586]
1783789388.7857668 [INFO] [lifecycle_manager-11]: process started with pid [5587]
1783789388.7860186 [INFO] [async_slam_toolbox_node-12]: process started with pid [5588]
1783789388.7862699 [INFO] [wavefront_explorer.py-13]: process started with pid [5590]
1783789391.2931941 [INFO] [launch.user]: [LifecycleLaunch] SweePi SLAM Toolbox is activating.
1783789397.0253708 [ERROR] [wavefront_explorer.py-13]: process has died [pid 5590, exit code 1, cmd '/home/sweepi/SweePi/install/sweepi_exploration/lib/sweepi_exploration/wavefront_explorer.py --ros-args -r __node:=wavefront_explorer --params-file /tmp/launch_params_22iq269l'].
1783789449.1977422 [WARNING] [launch]: user interrupted with ctrl-c (SIGINT)
1783789450.3692691 [INFO] [velocity_smoother-8]: process has finished cleanly [pid 5584]
1783789450.3696640 [INFO] [collision_monitor-9]: process has finished cleanly [pid 5585]
1783789450.4396780 [INFO] [smoother_server-2]: process has finished cleanly [pid 5578]
1783789450.4600966 [INFO] [async_slam_toolbox_node-12]: sending signal 'SIGINT' to process[async_slam_toolbox_node-12]
1783789450.5154285 [INFO] [lifecycle_manager-11]: sending signal 'SIGINT' to process[lifecycle_manager-11]
1783789450.5309987 [INFO] [waypoint_follower-7]: process has finished cleanly [pid 5583]
1783789450.5434601 [INFO] [opennav_docking-10]: sending signal 'SIGINT' to process[opennav_docking-10]
1783789450.5667727 [ERROR] [async_slam_toolbox_node-12]: process has died [pid 5588, exit code -2, cmd '/opt/ros/jazzy/lib/slam_toolbox/async_slam_toolbox_node --ros-args -r __node:=slam_toolbox -r __ns:=/ --params-file /tmp/launch_params_efh2ox2d --params-file /tmp/launch_params_7kn5t0av -r /map:=/slam_map'].
1783789450.5733984 [ERROR] [opennav_docking-10]: process has died [pid 5586, exit code -2, cmd '/opt/ros/jazzy/lib/opennav_docking/opennav_docking --ros-args --log-level info --ros-args -r __node:=docking_server -p use_sim_time:=False --params-file /tmp/launch_params_hbhrd728 -r /tf:=tf -r /tf_static:=tf_static'].
1783789450.5852838 [INFO] [bt_navigator-6]: sending signal 'SIGINT' to process[bt_navigator-6]
1783789450.6132884 [INFO] [behavior_server-5]: sending signal 'SIGINT' to process[behavior_server-5]
1783789450.6190810 [INFO] [route_server-4]: sending signal 'SIGINT' to process[route_server-4]
1783789450.6242027 [INFO] [planner_server-3]: sending signal 'SIGINT' to process[planner_server-3]
1783789450.6333067 [INFO] [controller_server-1]: sending signal 'SIGINT' to process[controller_server-1]
1783789450.6390436 [ERROR] [behavior_server-5]: process has died [pid 5581, exit code -2, cmd '/opt/ros/jazzy/lib/nav2_behaviors/behavior_server --ros-args --log-level info --ros-args -r __node:=behavior_server -p use_sim_time:=False --params-file /tmp/launch_params_hbhrd728 -r /tf:=tf -r /tf_static:=tf_static -r cmd_vel:=cmd_vel_nav'].
1783789450.6587355 [ERROR] [controller_server-1]: process has died [pid 5577, exit code -2, cmd '/opt/ros/jazzy/lib/nav2_controller/controller_server --ros-args --log-level info --ros-args -p use_sim_time:=False --params-file /tmp/launch_params_hbhrd728 -r /tf:=tf -r /tf_static:=tf_static -r cmd_vel:=cmd_vel_nav'].
1783789450.6638441 [ERROR] [route_server-4]: process has died [pid 5580, exit code -2, cmd '/opt/ros/jazzy/lib/nav2_route/route_server --ros-args --log-level info --ros-args -r __node:=route_server -p use_sim_time:=False --params-file /tmp/launch_params_hbhrd728 -r /tf:=tf -r /tf_static:=tf_static'].
1783789450.8325064 [INFO] [lifecycle_manager-11]: process has finished cleanly [pid 5587]
1783789450.9033589 [INFO] [planner_server-3]: process has finished cleanly [pid 5579]
1783789450.9586875 [INFO] [bt_navigator-6]: process has finished cleanly [pid 5582]
